Proof/Parse.lean:4970:17: warning: Could not generate mvcgen spec for Submission.total_array_get: (kernel) constant has already been declared 'Submission.total_array_get.mvcgen_spec'
Proof/Parse.lean:4970:17: warning: Could not generate mvcgen spec for Submission.total_array_mut: (kernel) constant has already been declared 'Submission.total_array_mut.mvcgen_spec'
Proof/Parse.lean:4970:17: warning: Could not generate mvcgen spec for Submission.total_array_update: (kernel) constant has already been declared 'Submission.total_array_update.mvcgen_spec'
Proof/Parse.lean:5969:17: warning: Could not generate mvcgen spec for Submission.total_array_get: (kernel) constant has already been declared 'Submission.total_array_get.mvcgen_spec'
Proof/Parse.lean:5969:17: warning: Could not generate mvcgen spec for Submission.total_array_mut: (kernel) constant has already been declared 'Submission.total_array_mut.mvcgen_spec'
Proof/Parse.lean:5969:17: warning: Could not generate mvcgen spec for Submission.total_array_update: (kernel) constant has already been declared 'Submission.total_array_update.mvcgen_spec'
Proof/Parse.lean:6094:33: warning: Used `tac1 <;> tac2` where `(tac1; tac2)` would suffice

Note: This linter can be disabled with `set_option linter.unnecessarySeqFocus false`
Proof/Parse.lean:6107:33: warning: Used `tac1 <;> tac2` where `(tac1; tac2)` would suffice

Note: This linter can be disabled with `set_option linter.unnecessarySeqFocus false`
Proof/Parse.lean:6230:76: warning: Used `tac1 <;> tac2` where `(tac1; tac2)` would suffice

Note: This linter can be disabled with `set_option linter.unnecessarySeqFocus false`
Proof/Parse.lean:6250:78: warning: Used `tac1 <;> tac2` where `(tac1; tac2)` would suffice

Note: This linter can be disabled with `set_option linter.unnecessarySeqFocus false`
Proof/Parse.lean:8263:17: warning: Could not generate mvcgen spec for Submission.a_dp_pass_loop1_loop0_spec: (kernel) constant has already been declared 'Submission.a_dp_pass_loop1_loop0_spec.mvcgen_spec'
Proof/Parse.lean:8282:17: warning: Could not generate mvcgen spec for Submission.fast_shr32: (kernel) constant has already been declared 'Submission.fast_shr32.mvcgen_spec'
Proof/Parse.lean:8282:17: warning: Could not generate mvcgen spec for Submission.fast_shl32: (kernel) constant has already been declared 'Submission.fast_shl32.mvcgen_spec'
Proof/Parse.lean:8282:17: warning: Could not generate mvcgen spec for Submission.wrap_add32_total: (kernel) constant has already been declared 'Submission.wrap_add32_total.mvcgen_spec'
Proof/Parse.lean:8282:17: warning: Could not generate mvcgen spec for Submission.wrap_sub32_total: (kernel) constant has already been declared 'Submission.wrap_sub32_total.mvcgen_spec'
Proof/Parse.lean:8282:17: warning: Could not generate mvcgen spec for Submission.wrap_mul32_total: (kernel) constant has already been declared 'Submission.wrap_mul32_total.mvcgen_spec'
Proof/Parse.lean:8343:17: warning: Could not generate mvcgen spec for Submission.a_dp_pass_loop1_spec: (kernel) constant has already been declared 'Submission.a_dp_pass_loop1_spec.mvcgen_spec'
Proof/Parse.lean:9095:17: warning: Could not generate mvcgen spec for Submission.fast_shr32: (kernel) constant has already been declared 'Submission.fast_shr32.mvcgen_spec'
Proof/Parse.lean:9095:17: warning: Could not generate mvcgen spec for Submission.fast_shl32: (kernel) constant has already been declared 'Submission.fast_shl32.mvcgen_spec'
Proof/Parse.lean:9171:17: warning: Could not generate mvcgen spec for Submission.a_find_all_loop_spec: (kernel) constant has already been declared 'Submission.a_find_all_loop_spec.mvcgen_spec'
Proof/Parse.lean:9179:93: warning: Used `tac1 <;> tac2` where `(tac1; tac2)` would suffice

Note: This linter can be disabled with `set_option linter.unnecessarySeqFocus false`
Proof/Parse.lean:9535:17: warning: Could not generate mvcgen spec for Submission.fast_shr32: (kernel) constant has already been declared 'Submission.fast_shr32.mvcgen_spec'
Proof/Parse.lean:9535:17: warning: Could not generate mvcgen spec for Submission.fast_shl32: (kernel) constant has already been declared 'Submission.fast_shl32.mvcgen_spec'
Proof/Parse.lean:9535:17: warning: Could not generate mvcgen spec for Submission.fast_shr64: (kernel) constant has already been declared 'Submission.fast_shr64.mvcgen_spec'
Proof/Parse.lean:9535:17: warning: Could not generate mvcgen spec for Submission.fast_shru32: (kernel) constant has already been declared 'Submission.fast_shru32.mvcgen_spec'
Proof/Parse.lean:9569:17: warning: Could not generate mvcgen spec for Submission.c_rep_rates_loop_spec: (kernel) constant has already been declared 'Submission.c_rep_rates_loop_spec.mvcgen_spec'
Proof/Parse.lean:9665:17: warning: Could not generate mvcgen spec for Submission.total_array_get: (kernel) constant has already been declared 'Submission.total_array_get.mvcgen_spec'
Proof/Parse.lean:9665:17: warning: Could not generate mvcgen spec for Submission.total_array_update: (kernel) constant has already been declared 'Submission.total_array_update.mvcgen_spec'
Proof/Parse.lean:9665:17: warning: Could not generate mvcgen spec for Submission.wrap_add32_total: (kernel) constant has already been declared 'Submission.wrap_add32_total.mvcgen_spec'
Proof/Parse.lean:9687:17: warning: Could not generate mvcgen spec for Submission.c_path_block_loop1_spec: (kernel) constant has already been declared 'Submission.c_path_block_loop1_spec.mvcgen_spec'
Proof/Parse.lean:9780:17: warning: Could not generate mvcgen spec for Submission.total_array_get: (kernel) constant has already been declared 'Submission.total_array_get.mvcgen_spec'
Proof/Parse.lean:9780:17: warning: Could not generate mvcgen spec for Submission.total_array_update: (kernel) constant has already been declared 'Submission.total_array_update.mvcgen_spec'
Proof/Parse.lean:9780:17: warning: Could not generate mvcgen spec for Submission.fast_shru32: (kernel) constant has already been declared 'Submission.fast_shru32.mvcgen_spec'
Proof/Parse.lean:9825:17: warning: Could not generate mvcgen spec for Submission.c_radix_pass_spec: (kernel) constant has already been declared 'Submission.c_radix_pass_spec.mvcgen_spec'
Proof/Parse.lean:10042:17: warning: Could not generate mvcgen spec for Submission.total_array_get: (kernel) constant has already been declared 'Submission.total_array_get.mvcgen_spec'
Proof/Parse.lean:10042:17: warning: Could not generate mvcgen spec for Submission.total_array_update: (kernel) constant has already been declared 'Submission.total_array_update.mvcgen_spec'
Proof/Parse.lean:10042:17: warning: Could not generate mvcgen spec for Submission.wrap_add32_total: (kernel) constant has already been declared 'Submission.wrap_add32_total.mvcgen_spec'
Proof/Parse.lean:10054:17: warning: Could not generate mvcgen spec for Submission.c_plan_blocks_loop0_loop0_spec: (kernel) constant has already been declared 'Submission.c_plan_blocks_loop0_loop0_spec.mvcgen_spec'
Proof/Parse.lean:10920:17: warning: Could not generate mvcgen spec for Submission.fast_shr32: (kernel) constant has already been declared 'Submission.fast_shr32.mvcgen_spec'
Proof/Parse.lean:10920:17: warning: Could not generate mvcgen spec for Submission.fast_shl32: (kernel) constant has already been declared 'Submission.fast_shl32.mvcgen_spec'
Proof/Parse.lean:10920:17: warning: Could not generate mvcgen spec for Submission.wrap_add32_total: (kernel) constant has already been declared 'Submission.wrap_add32_total.mvcgen_spec'
Proof/Parse.lean:10920:17: warning: Could not generate mvcgen spec for Submission.wrap_sub32_total: (kernel) constant has already been declared 'Submission.wrap_sub32_total.mvcgen_spec'
Proof/Parse.lean:10920:17: warning: Could not generate mvcgen spec for Submission.wrap_mul32_total: (kernel) constant has already been declared 'Submission.wrap_mul32_total.mvcgen_spec'
Proof/Parse.lean:10987:17: warning: Could not generate mvcgen spec for Submission.c_find_bin_loop_spec: (kernel) constant has already been declared 'Submission.c_find_bin_loop_spec.mvcgen_spec'
Proof/Parse.lean:11237:17: warning: Could not generate mvcgen spec for Submission.X239.ED.bump_spec: (kernel) constant has already been declared 'Submission.X239.ED.bump_spec.mvcgen_spec'
Proof/Parse.lean:11237:17: warning: Could not generate mvcgen spec for Submission.X239.ED.dslot_spec: (kernel) constant has already been declared 'Submission.X239.ED.dslot_spec.mvcgen_spec'
Proof/Parse.lean:11237:17: warning: Could not generate mvcgen spec for Submission.X239.ED.dextra_spec: (kernel) constant has already been declared 'Submission.X239.ED.dextra_spec.mvcgen_spec'
Proof/Parse.lean:11237:17: warning: Could not generate mvcgen spec for Submission.X239.ED.lcode_spec: (kernel) constant has already been declared 'Submission.X239.ED.lcode_spec.mvcgen_spec'
Proof/Parse.lean:11237:17: warning: Could not generate mvcgen spec for Submission.X239.ED.lextra_spec: (kernel) constant has already been declared 'Submission.X239.ED.lextra_spec.mvcgen_spec'
Proof/Parse.lean:11237:17: warning: Could not generate mvcgen spec for Submission.X239.ED.fixed_len_spec: (kernel) constant has already been declared 'Submission.X239.ED.fixed_len_spec.mvcgen_spec'
Proof/Parse.lean:11237:17: warning: Could not generate mvcgen spec for Submission.X239.ED.clear_spec: (kernel) constant has already been declared 'Submission.X239.ED.clear_spec.mvcgen_spec'
Proof/Parse.lean:11237:17: warning: Could not generate mvcgen spec for Submission.X239.ED.walk_bump_spec: (kernel) constant has already been declared 'Submission.X239.ED.walk_bump_spec.mvcgen_spec'
Proof/Parse.lean:11237:17: warning: Could not generate mvcgen spec for Submission.X239.ED.sort_live_spec: (kernel) constant has already been declared 'Submission.X239.ED.sort_live_spec.mvcgen_spec'
Proof/Parse.lean:11237:17: warning: Could not generate mvcgen spec for Submission.X239.ED.rle_stats_spec: (kernel) constant has already been declared 'Submission.X239.ED.rle_stats_spec.mvcgen_spec'
Proof/Parse.lean:11237:17: warning: Could not generate mvcgen spec for Submission.X239.ED.dot_spec: (kernel) constant has already been declared 'Submission.X239.ED.dot_spec.mvcgen_spec'
Proof/Parse.lean:11237:17: warning: Could not generate mvcgen spec for Submission.X239.ED.fixed_dot_spec: (kernel) constant has already been declared 'Submission.X239.ED.fixed_dot_spec.mvcgen_spec'
Proof/Parse.lean:11237:17: warning: Could not generate mvcgen spec for Submission.X239.ED.sum_range_spec: (kernel) constant has already been declared 'Submission.X239.ED.sum_range_spec.mvcgen_spec'
Proof/Parse.lean:11237:17: warning: Could not generate mvcgen spec for Submission.X239.ED.last_nz_spec: (kernel) constant has already been declared 'Submission.X239.ED.last_nz_spec.mvcgen_spec'
Proof/Parse.lean:11237:17: warning: Could not generate mvcgen spec for Submission.X239.ED.hclen_of_spec: (kernel) constant has already been declared 'Submission.X239.ED.hclen_of_spec.mvcgen_spec'
Proof/Parse.lean:11414:17: warning: Could not generate mvcgen spec for Submission.X239.ED.get_spec: (kernel) constant has already been declared 'Submission.X239.ED.get_spec.mvcgen_spec'
Proof/Parse.lean:11437:17: warning: Could not generate mvcgen spec for Submission.X239.ED.pkg_merge_spec: (kernel) constant has already been declared 'Submission.X239.ED.pkg_merge_spec.mvcgen_spec'
Proof/Parse.lean:11554:17: warning: Could not generate mvcgen spec for Submission.d2_shr32: (kernel) constant has already been declared 'Submission.d2_shr32.mvcgen_spec'
Proof/Parse.lean:11554:17: warning: Could not generate mvcgen spec for Submission.d2_shl32: (kernel) constant has already been declared 'Submission.d2_shl32.mvcgen_spec'
Proof/Parse.lean:11554:17: warning: Could not generate mvcgen spec for Submission.total_array_get: (kernel) constant has already been declared 'Submission.total_array_get.mvcgen_spec'
Proof/Parse.lean:11554:17: warning: Could not generate mvcgen spec for Submission.total_array_mut: (kernel) constant has already been declared 'Submission.total_array_mut.mvcgen_spec'
Proof/Parse.lean:11554:17: warning: Could not generate mvcgen spec for Submission.total_array_update: (kernel) constant has already been declared 'Submission.total_array_update.mvcgen_spec'
Proof/Parse.lean:11667:59: warning: Used `tac1 <;> tac2` where `(tac1; tac2)` would suffice

Note: This linter can be disabled with `set_option linter.unnecessarySeqFocus false`
Proof/Parse.lean:11678:59: warning: Used `tac1 <;> tac2` where `(tac1; tac2)` would suffice

Note: This linter can be disabled with `set_option linter.unnecessarySeqFocus false`
Proof/Parse.lean:11740:17: warning: Could not generate mvcgen spec for Submission.X239.ED.word4_spec: (kernel) constant has already been declared 'Submission.X239.ED.word4_spec.mvcgen_spec'
Proof/Parse.lean:11873:17: warning: Could not generate mvcgen spec for Submission.RF.refine_spec: (kernel) constant has already been declared 'Submission.RF.refine_spec.mvcgen_spec'
Proof/Parse.lean:11937:17: warning: Could not generate mvcgen spec for Submission.RF.rf_byte_spec: (kernel) constant has already been declared 'Submission.RF.rf_byte_spec.mvcgen_spec'
Proof/Parse.lean:11937:17: warning: Could not generate mvcgen spec for Submission.RF.rf_set64_spec: (kernel) constant has already been declared 'Submission.RF.rf_set64_spec.mvcgen_spec'
Proof/Parse.lean:11937:17: warning: Could not generate mvcgen spec for Submission.X239.ED.bump_spec: (kernel) constant has already been declared 'Submission.X239.ED.bump_spec.mvcgen_spec'
Proof/Parse.lean:11937:17: warning: Could not generate mvcgen spec for Submission.X239.ED.byte_at_spec: (kernel) constant has already been declared 'Submission.X239.ED.byte_at_spec.mvcgen_spec'
Proof/Parse.lean:11937:17: warning: Could not generate mvcgen spec for Submission.X239.ED.clamp1_spec: (kernel) constant has already been declared 'Submission.X239.ED.clamp1_spec.mvcgen_spec'
Proof/Parse.lean:11937:17: warning: Could not generate mvcgen spec for Submission.X239.ED.clear_spec: (kernel) constant has already been declared 'Submission.X239.ED.clear_spec.mvcgen_spec'
Proof/Parse.lean:11937:17: warning: Could not generate mvcgen spec for Submission.X239.ED.copy32_spec: (kernel) constant has already been declared 'Submission.X239.ED.copy32_spec.mvcgen_spec'
Proof/Parse.lean:11937:17: warning: Could not generate mvcgen spec for Submission.X239.ED.dextra_spec: (kernel) constant has already been declared 'Submission.X239.ED.dextra_spec.mvcgen_spec'
Proof/Parse.lean:11937:17: warning: Could not generate mvcgen spec for Submission.X239.ED.dot_spec: (kernel) constant has already been declared 'Submission.X239.ED.dot_spec.mvcgen_spec'
Proof/Parse.lean:11937:17: warning: Could not generate mvcgen spec for Submission.X239.ED.dslot_spec: (kernel) constant has already been declared 'Submission.X239.ED.dslot_spec.mvcgen_spec'
Proof/Parse.lean:11937:17: warning: Could not generate mvcgen spec for Submission.X239.ED.eq_spec: (kernel) constant has already been declared 'Submission.X239.ED.eq_spec.mvcgen_spec'
Proof/Parse.lean:11937:17: warning: Could not generate mvcgen spec for Submission.X239.ED.fixed_dot_spec: (kernel) constant has already been declared 'Submission.X239.ED.fixed_dot_spec.mvcgen_spec'
Proof/Parse.lean:11937:17: warning: Could not generate mvcgen spec for Submission.X239.ED.fixed_len_spec: (kernel) constant has already been declared 'Submission.X239.ED.fixed_len_spec.mvcgen_spec'
Proof/Parse.lean:11937:17: warning: Could not generate mvcgen spec for Submission.X239.ED.get_spec: (kernel) constant has already been declared 'Submission.X239.ED.get_spec.mvcgen_spec'
Proof/Parse.lean:11937:17: warning: Could not generate mvcgen spec for Submission.X239.ED.hclen_of_spec: (kernel) constant has already been declared 'Submission.X239.ED.hclen_of_spec.mvcgen_spec'
Proof/Parse.lean:11937:17: warning: Could not generate mvcgen spec for Submission.X239.ED.insert_sorted_spec: (kernel) constant has already been declared 'Submission.X239.ED.insert_sorted_spec.mvcgen_spec'
Proof/Parse.lean:11937:17: warning: Could not generate mvcgen spec for Submission.X239.ED.last_nz_spec: (kernel) constant has already been declared 'Submission.X239.ED.last_nz_spec.mvcgen_spec'
Proof/Parse.lean:11937:17: warning: Could not generate mvcgen spec for Submission.X239.ED.lcode_spec: (kernel) constant has already been declared 'Submission.X239.ED.lcode_spec.mvcgen_spec'
Proof/Parse.lean:11937:17: warning: Could not generate mvcgen spec for Submission.X239.ED.lextra_spec: (kernel) constant has already been declared 'Submission.X239.ED.lextra_spec.mvcgen_spec'
Proof/Parse.lean:11937:17: warning: Could not generate mvcgen spec for Submission.X239.ED.lt32_spec: (kernel) constant has already been declared 'Submission.X239.ED.lt32_spec.mvcgen_spec'
Proof/Parse.lean:11937:17: warning: Could not generate mvcgen spec for Submission.X239.ED.lt64_spec: (kernel) constant has already been declared 'Submission.X239.ED.lt64_spec.mvcgen_spec'
Proof/Parse.lean:11937:17: warning: Could not generate mvcgen spec for Submission.X239.ED.push_guarded_spec: (kernel) constant has already been declared 'Submission.X239.ED.push_guarded_spec.mvcgen_spec'
Proof/Parse.lean:11937:17: warning: Could not generate mvcgen spec for Submission.X239.ED.radix_pass_spec: (kernel) constant has already been declared 'Submission.X239.ED.radix_pass_spec.mvcgen_spec'
Proof/Parse.lean:11937:17: warning: Could not generate mvcgen spec for Submission.X239.ED.rle_stats_spec: (kernel) constant has already been declared 'Submission.X239.ED.rle_stats_spec.mvcgen_spec'
Proof/Parse.lean:11937:17: warning: Could not generate mvcgen spec for Submission.X239.ED.run_len_spec: (kernel) constant has already been declared 'Submission.X239.ED.run_len_spec.mvcgen_spec'
Proof/Parse.lean:11937:17: warning: Could not generate mvcgen spec for Submission.X239.ED.sel32_spec: (kernel) constant has already been declared 'Submission.X239.ED.sel32_spec.mvcgen_spec'
Proof/Parse.lean:11937:17: warning: Could not generate mvcgen spec for Submission.X239.ED.sel64_spec: (kernel) constant has already been declared 'Submission.X239.ED.sel64_spec.mvcgen_spec'
Proof/Parse.lean:11937:17: warning: Could not generate mvcgen spec for Submission.X239.ED.sel_spec: (kernel) constant has already been declared 'Submission.X239.ED.sel_spec.mvcgen_spec'
Proof/Parse.lean:11937:17: warning: Could not generate mvcgen spec for Submission.X239.ED.set_spec: (kernel) constant has already been declared 'Submission.X239.ED.set_spec.mvcgen_spec'
Proof/Parse.lean:11937:17: warning: Could not generate mvcgen spec for Submission.X239.ED.sort_live_spec: (kernel) constant has already been declared 'Submission.X239.ED.sort_live_spec.mvcgen_spec'
Proof/Parse.lean:11937:17: warning: Could not generate mvcgen spec for Submission.X239.ED.sum_range_spec: (kernel) constant has already been declared 'Submission.X239.ED.sum_range_spec.mvcgen_spec'
Proof/Parse.lean:11937:17: warning: Could not generate mvcgen spec for Submission.X239.ED.umax_spec: (kernel) constant has already been declared 'Submission.X239.ED.umax_spec.mvcgen_spec'
Proof/Parse.lean:11937:17: warning: Could not generate mvcgen spec for Submission.X239.ED.umin_spec: (kernel) constant has already been declared 'Submission.X239.ED.umin_spec.mvcgen_spec'
Proof/Parse.lean:11937:17: warning: Could not generate mvcgen spec for Submission.X239.ED.walk_bump_spec: (kernel) constant has already been declared 'Submission.X239.ED.walk_bump_spec.mvcgen_spec'
Proof/Parse.lean:11937:17: warning: Could not generate mvcgen spec for Submission.a_word_at_spec: (kernel) constant has already been declared 'Submission.a_word_at_spec.mvcgen_spec'
Proof/Parse.lean:11937:17: warning: Could not generate mvcgen spec for Submission.zeros_spec: (kernel) constant has already been declared 'Submission.zeros_spec.mvcgen_spec'
Proof/Parse.lean:12206:12: error: scalar_tac failed to prove the goal below.

Note that scalar_tac is almost equivalent to:
  scalar_tac_preprocess; omega

Goal: 
input : Slice U8
⊢ (alloc.vec.Vec.with_capacity U16 input.len).length = ↑0#usize
Proof/Parse.lean:12478:26: warning: Used `tac1 <;> tac2` where `(tac1; tac2)` would suffice

Note: This linter can be disabled with `set_option linter.unnecessarySeqFocus false`
Proof/Parse.lean:12516:26: warning: Used `tac1 <;> tac2` where `(tac1; tac2)` would suffice

Note: This linter can be disabled with `set_option linter.unnecessarySeqFocus false`
Proof/Parse.lean:12670:17: warning: Could not generate mvcgen spec for Submission.R18SF.SFshape_spec: (kernel) constant has already been declared 'Submission.R18SF.SFshape_spec.mvcgen_spec'
