R13_COUNT binary.db.bin 500000 87752 20844 8104 66907 1
R13_COUNT bundle.min.js.txt 1000000 325619 66035 52266 259583 1
R13_COUNT catalog.xml.txt 500000 72363 20818 11596 51544 1
R13_COUNT compressed.bin 300000 0 0 0 0 0
R13_COUNT config.yaml.txt 400000 93031 27847 15516 65183 1
R13_COUNT docs.md.txt 800000 244909 69224 53097 175684 1
R13_COUNT dump.sql.txt 150000 32155 2886 520 29268 1
R13_COUNT genome.fasta 900000 0 0 0 0 0
R13_COUNT images.bin 250000 60559 41671 12387 18887 1
R13_COUNT lean.txt 1000000 275734 67068 52799 208665 1
R13_COUNT machine-code.bin 500000 197341 40326 26538 157014 1
R13_COUNT metrics.csv.txt 1300000 396456 109511 92324 286944 1
R13_COUNT multibyte.txt 1100000 299181 91393 76352 207787 1
R13_COUNT page.html.txt 600000 112108 39792 25552 72315 1
R13_COUNT prose.txt 1500000 622844 108526 96238 514317 1
R13_COUNT records.json.txt 400000 69069 39932 16494 29136 1
R13_COUNT server.log 300000 40166 13480 3674 26685 1
R13_COUNT source.c.txt 1400000 392607 100008 84910 292598 1
R13_COUNT source.py.txt 600000 147283 37112 25484 110170 1
R13_COUNT source.rs.txt 700000 150950 37661 26887 113288 1
R13_COUNT sourcemap.map.txt 350000 80047 18901 8575 61145 1
R13_COUNT sparse.bin 40000 0 0 0 0 0
R13_COUNT tiny-app.log 28000 0 0 0 0 0
R13_COUNT tiny-config.json.txt 12000 0 0 0 0 0
R13_COUNT weights-bf16.bin 450000 0 0 0 0 0
R13_COUNT weights-f16.bin 250000 0 0 0 0 0
R13_COUNT weights-f32.bin 350000 0 0 0 0 0
R13_COUNT weights-q8.bin 250000 0 0 0 0 0
