ENCODER_NATIVE 0 binary.db.bin public514 82894 50441
ENCODER_NATIVE 0 binary.db.bin public561 82894 50441
ENCODER_NATIVE 0 binary.db.bin r14-561-hash32 82990 50405
ENCODER_NATIVE 1 bundle.min.js.txt public514 325697 190824
ENCODER_NATIVE 1 bundle.min.js.txt public561 325697 190824
ENCODER_NATIVE 1 bundle.min.js.txt r14-561-hash32 325650 190440
ENCODER_NATIVE 2 catalog.xml.txt public514 69271 45579
ENCODER_NATIVE 2 catalog.xml.txt public561 69271 45579
ENCODER_NATIVE 2 catalog.xml.txt r14-561-hash32 69339 45624
ENCODER_NATIVE 3 compressed.bin public514 300095 300000
ENCODER_NATIVE 3 compressed.bin public561 300095 300000
ENCODER_NATIVE 3 compressed.bin r14-561-hash32 300095 300000
ENCODER_NATIVE 4 config.yaml.txt public514 90556 59218
ENCODER_NATIVE 4 config.yaml.txt public561 90556 59218
ENCODER_NATIVE 4 config.yaml.txt r14-561-hash32 90545 59187
ENCODER_NATIVE 5 docs.md.txt public514 243632 157463
ENCODER_NATIVE 5 docs.md.txt public561 243632 157463
ENCODER_NATIVE 5 docs.md.txt r14-561-hash32 243665 157362
ENCODER_NATIVE 6 dump.sql.txt public514 19941 15151
ENCODER_NATIVE 6 dump.sql.txt public561 19941 15151
ENCODER_NATIVE 6 dump.sql.txt r14-561-hash32 19945 15165
ENCODER_NATIVE 7 genome.fasta public514 283718 176189
ENCODER_NATIVE 7 genome.fasta public561 283718 176189
ENCODER_NATIVE 7 genome.fasta r14-561-hash32 283718 176189
ENCODER_NATIVE 8 images.bin public514 229171 226885
ENCODER_NATIVE 8 images.bin public561 229155 226850
ENCODER_NATIVE 8 images.bin r14-561-hash32 229197 226885
ENCODER_NATIVE 9 lean.txt public514 264653 161293
ENCODER_NATIVE 9 lean.txt public561 264332 160197
ENCODER_NATIVE 9 lean.txt r14-561-hash32 264209 160184
ENCODER_NATIVE 10 machine-code.bin public514 171918 122482
ENCODER_NATIVE 10 machine-code.bin public561 171918 122482
ENCODER_NATIVE 10 machine-code.bin r14-561-hash32 172191 122085
ENCODER_NATIVE 11 metrics.csv.txt public514 284703 220653
ENCODER_NATIVE 11 metrics.csv.txt public561 284565 219189
ENCODER_NATIVE 11 metrics.csv.txt r14-561-hash32 284526 219589
ENCODER_NATIVE 12 multibyte.txt public514 292855 196725
ENCODER_NATIVE 12 multibyte.txt public561 292855 196725
ENCODER_NATIVE 12 multibyte.txt r14-561-hash32 292849 196509
ENCODER_NATIVE 13 page.html.txt public514 111342 75088
ENCODER_NATIVE 13 page.html.txt public561 111342 75088
ENCODER_NATIVE 13 page.html.txt r14-561-hash32 111447 75124
ENCODER_NATIVE 14 prose.txt public514 620035 365040
ENCODER_NATIVE 14 prose.txt public561 620035 365040
ENCODER_NATIVE 14 prose.txt r14-561-hash32 619920 364409
ENCODER_NATIVE 15 records.json.txt public514 75503 78317
ENCODER_NATIVE 15 records.json.txt public561 75503 78317
ENCODER_NATIVE 15 records.json.txt r14-561-hash32 75631 78455
ENCODER_NATIVE 16 server.log public514 29230 23582
ENCODER_NATIVE 16 server.log public561 29230 23582
ENCODER_NATIVE 16 server.log r14-561-hash32 29271 23610
ENCODER_NATIVE 17 source.c.txt public514 380012 235866
ENCODER_NATIVE 17 source.c.txt public561 380012 235866
ENCODER_NATIVE 17 source.c.txt r14-561-hash32 380235 236131
ENCODER_NATIVE 18 source.py.txt public514 141452 88808
ENCODER_NATIVE 18 source.py.txt public561 141452 88808
ENCODER_NATIVE 18 source.py.txt r14-561-hash32 141345 88731
ENCODER_NATIVE 19 source.rs.txt public514 144447 88318
ENCODER_NATIVE 19 source.rs.txt public561 144447 88318
ENCODER_NATIVE 19 source.rs.txt r14-561-hash32 144353 88208
ENCODER_NATIVE 20 sourcemap.map.txt public514 75873 48664
ENCODER_NATIVE 20 sourcemap.map.txt public561 75873 48664
ENCODER_NATIVE 20 sourcemap.map.txt r14-561-hash32 75883 48705
ENCODER_NATIVE 21 sparse.bin public514 1270 1458
ENCODER_NATIVE 21 sparse.bin public561 1270 1458
ENCODER_NATIVE 21 sparse.bin r14-561-hash32 1270 1458
ENCODER_NATIVE 22 tiny-app.log public514 1270 998
ENCODER_NATIVE 22 tiny-app.log public561 1177 861
ENCODER_NATIVE 22 tiny-app.log r14-561-hash32 1177 861
ENCODER_NATIVE 23 tiny-config.json.txt public514 2487 3094
ENCODER_NATIVE 23 tiny-config.json.txt public561 2482 3081
ENCODER_NATIVE 23 tiny-config.json.txt r14-561-hash32 2482 3081
ENCODER_NATIVE 24 weights-bf16.bin public514 365611 265242
ENCODER_NATIVE 24 weights-bf16.bin public561 365611 265242
ENCODER_NATIVE 24 weights-bf16.bin r14-561-hash32 365611 265242
ENCODER_NATIVE 25 weights-f16.bin public514 212660 250000
ENCODER_NATIVE 25 weights-f16.bin public561 212660 250000
ENCODER_NATIVE 25 weights-f16.bin r14-561-hash32 212660 250000
ENCODER_NATIVE 26 weights-f32.bin public514 284138 285782
ENCODER_NATIVE 26 weights-f32.bin public561 284138 285782
ENCODER_NATIVE 26 weights-f32.bin r14-561-hash32 284138 285782
ENCODER_NATIVE 27 weights-q8.bin public514 235572 250000
ENCODER_NATIVE 27 weights-q8.bin public561 235572 250000
ENCODER_NATIVE 27 weights-q8.bin r14-561-hash32 235572 250000
