TOKEN_CHANGE r21-539-head10 public539 bundle.min.js.txt
TOKEN_CHANGE r21-539-head16 public539 bundle.min.js.txt
TOKEN_CHANGE r21-539-head18 public539 bundle.min.js.txt
TOKEN_CHANGE r21-539-headprev16 public539 bundle.min.js.txt
TOKEN_CHANGE r21-539-head18 public539 catalog.xml.txt
TOKEN_CHANGE r21-539-head10 public539 config.yaml.txt
TOKEN_CHANGE r21-539-head16 public539 docs.md.txt
TOKEN_CHANGE r21-539-head10 public539 lean.txt
TOKEN_CHANGE r21-539-head10 public539 metrics.csv.txt
TOKEN_CHANGE r21-539-head16 public539 metrics.csv.txt
TOKEN_CHANGE r21-539-head18 public539 metrics.csv.txt
TOKEN_CHANGE r21-539-headprev16 public539 metrics.csv.txt
TOKEN_CHANGE r21-539-head16 public539 multibyte.txt
TOKEN_CHANGE r21-539-head10 public539 records.json.txt
TOKEN_CHANGE r21-539-head18 public539 source.c.txt
TOKEN_CHANGE r21-539-head16 public539 source.py.txt
TOKEN_CHANGE r21-539-head18 public539 source.rs.txt
TOKEN_CHANGE r21-539-head10 public539 sourcemap.map.txt
EQUIVALENCE_RESULT r21-539-head10 public539 540 0
EQUIVALENCE_RESULT r21-539-head16 public539 540 0
EQUIVALENCE_RESULT r21-539-head18 public539 540 0
EQUIVALENCE_RESULT r21-539-headprev16 public539 540 0
