ENCODER_NATIVE 0 binary.db.bin public514 82894 50441
ENCODER_NATIVE 0 binary.db.bin public539 83172 50310
ENCODER_NATIVE 0 binary.db.bin r20-539-csv-prev16 83172 50310
ENCODER_NATIVE 0 binary.db.bin r20-539-csv-singlehead 83172 50310
ENCODER_NATIVE 1 bundle.min.js.txt public514 325697 190824
ENCODER_NATIVE 1 bundle.min.js.txt public539 321313 234325
ENCODER_NATIVE 1 bundle.min.js.txt r20-539-csv-prev16 321310 234323
ENCODER_NATIVE 1 bundle.min.js.txt r20-539-csv-singlehead 327071 239345
ENCODER_NATIVE 2 catalog.xml.txt public514 69271 45579
ENCODER_NATIVE 2 catalog.xml.txt public539 69210 45349
ENCODER_NATIVE 2 catalog.xml.txt r20-539-csv-prev16 69210 45349
ENCODER_NATIVE 2 catalog.xml.txt r20-539-csv-singlehead 72292 47244
ENCODER_NATIVE 3 compressed.bin public514 300095 300000
ENCODER_NATIVE 3 compressed.bin public539 300095 300000
ENCODER_NATIVE 3 compressed.bin r20-539-csv-prev16 300095 300000
ENCODER_NATIVE 3 compressed.bin r20-539-csv-singlehead 300095 300000
ENCODER_NATIVE 4 config.yaml.txt public514 90556 59218
ENCODER_NATIVE 4 config.yaml.txt public539 90556 59218
ENCODER_NATIVE 4 config.yaml.txt r20-539-csv-prev16 90556 59218
ENCODER_NATIVE 4 config.yaml.txt r20-539-csv-singlehead 92298 60834
ENCODER_NATIVE 5 docs.md.txt public514 243632 157463
ENCODER_NATIVE 5 docs.md.txt public539 243356 156979
ENCODER_NATIVE 5 docs.md.txt r20-539-csv-prev16 243356 156979
ENCODER_NATIVE 5 docs.md.txt r20-539-csv-singlehead 248368 161736
ENCODER_NATIVE 6 dump.sql.txt public514 19941 15151
ENCODER_NATIVE 6 dump.sql.txt public539 19948 15161
ENCODER_NATIVE 6 dump.sql.txt r20-539-csv-prev16 19948 15161
ENCODER_NATIVE 6 dump.sql.txt r20-539-csv-singlehead 19948 15161
ENCODER_NATIVE 7 genome.fasta public514 283718 176189
ENCODER_NATIVE 7 genome.fasta public539 283718 176189
ENCODER_NATIVE 7 genome.fasta r20-539-csv-prev16 283718 176189
ENCODER_NATIVE 7 genome.fasta r20-539-csv-singlehead 283718 176189
ENCODER_NATIVE 8 images.bin public514 229171 226885
ENCODER_NATIVE 8 images.bin public539 229936 227971
ENCODER_NATIVE 8 images.bin r20-539-csv-prev16 229936 227971
ENCODER_NATIVE 8 images.bin r20-539-csv-singlehead 229936 227971
ENCODER_NATIVE 9 lean.txt public514 264653 161293
ENCODER_NATIVE 9 lean.txt public539 257487 155571
ENCODER_NATIVE 9 lean.txt r20-539-csv-prev16 257487 155571
ENCODER_NATIVE 9 lean.txt r20-539-csv-singlehead 264731 161484
ENCODER_NATIVE 10 machine-code.bin public514 171918 122482
ENCODER_NATIVE 10 machine-code.bin public539 172126 123006
ENCODER_NATIVE 10 machine-code.bin r20-539-csv-prev16 172126 123006
ENCODER_NATIVE 10 machine-code.bin r20-539-csv-singlehead 172126 123006
ENCODER_NATIVE 11 metrics.csv.txt public514 284703 220653
ENCODER_NATIVE 11 metrics.csv.txt public539 310291 164946
ENCODER_NATIVE 11 metrics.csv.txt r20-539-csv-prev16 284703 220653
ENCODER_NATIVE 11 metrics.csv.txt r20-539-csv-singlehead 284703 220653
ENCODER_NATIVE 12 multibyte.txt public514 292855 196725
ENCODER_NATIVE 12 multibyte.txt public539 292468 196100
ENCODER_NATIVE 12 multibyte.txt r20-539-csv-prev16 292468 196100
ENCODER_NATIVE 12 multibyte.txt r20-539-csv-singlehead 301642 202145
ENCODER_NATIVE 13 page.html.txt public514 111342 75088
ENCODER_NATIVE 13 page.html.txt public539 111258 74827
ENCODER_NATIVE 13 page.html.txt r20-539-csv-prev16 111258 74827
ENCODER_NATIVE 13 page.html.txt r20-539-csv-singlehead 111258 74827
ENCODER_NATIVE 14 prose.txt public514 620035 365040
ENCODER_NATIVE 14 prose.txt public539 604061 347914
ENCODER_NATIVE 14 prose.txt r20-539-csv-prev16 604061 347914
ENCODER_NATIVE 14 prose.txt r20-539-csv-singlehead 604061 347914
ENCODER_NATIVE 15 records.json.txt public514 75503 78317
ENCODER_NATIVE 15 records.json.txt public539 75503 78317
ENCODER_NATIVE 15 records.json.txt r20-539-csv-prev16 75503 78317
ENCODER_NATIVE 15 records.json.txt r20-539-csv-singlehead 76576 78703
ENCODER_NATIVE 16 server.log public514 29230 23582
ENCODER_NATIVE 16 server.log public539 29343 24029
ENCODER_NATIVE 16 server.log r20-539-csv-prev16 29343 24029
ENCODER_NATIVE 16 server.log r20-539-csv-singlehead 29343 24029
ENCODER_NATIVE 17 source.c.txt public514 380012 235866
ENCODER_NATIVE 17 source.c.txt public539 379921 235645
ENCODER_NATIVE 17 source.c.txt r20-539-csv-prev16 379921 235645
ENCODER_NATIVE 17 source.c.txt r20-539-csv-singlehead 388892 243571
ENCODER_NATIVE 18 source.py.txt public514 141452 88808
ENCODER_NATIVE 18 source.py.txt public539 141417 88665
ENCODER_NATIVE 18 source.py.txt r20-539-csv-prev16 141417 88665
ENCODER_NATIVE 18 source.py.txt r20-539-csv-singlehead 145201 91808
ENCODER_NATIVE 19 source.rs.txt public514 144447 88318
ENCODER_NATIVE 19 source.rs.txt public539 144386 88175
ENCODER_NATIVE 19 source.rs.txt r20-539-csv-prev16 144386 88175
ENCODER_NATIVE 19 source.rs.txt r20-539-csv-singlehead 148663 91395
ENCODER_NATIVE 20 sourcemap.map.txt public514 75873 48664
ENCODER_NATIVE 20 sourcemap.map.txt public539 75873 48664
ENCODER_NATIVE 20 sourcemap.map.txt r20-539-csv-prev16 75873 48664
ENCODER_NATIVE 20 sourcemap.map.txt r20-539-csv-singlehead 77875 50661
ENCODER_NATIVE 21 sparse.bin public514 1270 1458
ENCODER_NATIVE 21 sparse.bin public539 1270 1458
ENCODER_NATIVE 21 sparse.bin r20-539-csv-prev16 1270 1458
ENCODER_NATIVE 21 sparse.bin r20-539-csv-singlehead 1270 1458
ENCODER_NATIVE 22 tiny-app.log public514 1270 998
ENCODER_NATIVE 22 tiny-app.log public539 1214 976
ENCODER_NATIVE 22 tiny-app.log r20-539-csv-prev16 1214 976
ENCODER_NATIVE 22 tiny-app.log r20-539-csv-singlehead 1214 976
ENCODER_NATIVE 23 tiny-config.json.txt public514 2487 3094
ENCODER_NATIVE 23 tiny-config.json.txt public539 2487 3094
ENCODER_NATIVE 23 tiny-config.json.txt r20-539-csv-prev16 2487 3094
ENCODER_NATIVE 23 tiny-config.json.txt r20-539-csv-singlehead 2487 3094
ENCODER_NATIVE 24 weights-bf16.bin public514 365611 265242
ENCODER_NATIVE 24 weights-bf16.bin public539 365611 265242
ENCODER_NATIVE 24 weights-bf16.bin r20-539-csv-prev16 365611 265242
ENCODER_NATIVE 24 weights-bf16.bin r20-539-csv-singlehead 365611 265242
ENCODER_NATIVE 25 weights-f16.bin public514 212660 250000
ENCODER_NATIVE 25 weights-f16.bin public539 212660 250000
ENCODER_NATIVE 25 weights-f16.bin r20-539-csv-prev16 212660 250000
ENCODER_NATIVE 25 weights-f16.bin r20-539-csv-singlehead 212660 250000
ENCODER_NATIVE 26 weights-f32.bin public514 284138 285782
ENCODER_NATIVE 26 weights-f32.bin public539 284138 285782
ENCODER_NATIVE 26 weights-f32.bin r20-539-csv-prev16 284138 285782
ENCODER_NATIVE 26 weights-f32.bin r20-539-csv-singlehead 284138 285782
ENCODER_NATIVE 27 weights-q8.bin public514 235572 250000
ENCODER_NATIVE 27 weights-q8.bin public539 235572 250000
ENCODER_NATIVE 27 weights-q8.bin r20-539-csv-prev16 235572 250000
ENCODER_NATIVE 27 weights-q8.bin r20-539-csv-singlehead 235572 250000
