TOKEN_CHANGE r16-514-quality-hash32 r16-514-lazy8-depth2 binary.db.bin
TOKEN_CHANGE r16-514-quality-hash32 r16-514-lazy8-depth2 bundle.min.js.txt
TOKEN_CHANGE r16-514-quality-hash32 r16-514-lazy8-depth2 catalog.xml.txt
TOKEN_CHANGE r16-514-quality-slack2 r16-514-lazy8-depth2 catalog.xml.txt
TOKEN_CHANGE r16-514-quality-hash32 r16-514-lazy8-depth2 config.yaml.txt
TOKEN_CHANGE r16-514-quality-slack2 r16-514-lazy8-depth2 config.yaml.txt
TOKEN_CHANGE r16-514-quality-hash32 r16-514-lazy8-depth2 docs.md.txt
TOKEN_CHANGE r16-514-quality-slack2 r16-514-lazy8-depth2 docs.md.txt
TOKEN_CHANGE r16-514-quality-hash32 r16-514-lazy8-depth2 dump.sql.txt
TOKEN_CHANGE r16-514-quality-slack2 r16-514-lazy8-depth2 dump.sql.txt
TOKEN_CHANGE r16-514-quality-hash32 r16-514-lazy8-depth2 images.bin
TOKEN_CHANGE r16-514-quality-hash32 r16-514-lazy8-depth2 lean.txt
TOKEN_CHANGE r16-514-quality-hash32 r16-514-lazy8-depth2 machine-code.bin
TOKEN_CHANGE r16-514-quality-hash32 r16-514-lazy8-depth2 metrics.csv.txt
TOKEN_CHANGE r16-514-quality-slack2 r16-514-lazy8-depth2 metrics.csv.txt
TOKEN_CHANGE r16-514-quality-hash32 r16-514-lazy8-depth2 multibyte.txt
TOKEN_CHANGE r16-514-quality-slack2 r16-514-lazy8-depth2 multibyte.txt
TOKEN_CHANGE r16-514-quality-hash32 r16-514-lazy8-depth2 page.html.txt
TOKEN_CHANGE r16-514-quality-slack2 r16-514-lazy8-depth2 page.html.txt
TOKEN_CHANGE r16-514-quality-hash32 r16-514-lazy8-depth2 prose.txt
TOKEN_CHANGE r16-514-quality-slack2 r16-514-lazy8-depth2 prose.txt
TOKEN_CHANGE r16-514-quality-hash32 r16-514-lazy8-depth2 records.json.txt
TOKEN_CHANGE r16-514-quality-slack2 r16-514-lazy8-depth2 records.json.txt
TOKEN_CHANGE r16-514-quality-hash32 r16-514-lazy8-depth2 server.log
TOKEN_CHANGE r16-514-quality-slack2 r16-514-lazy8-depth2 server.log
TOKEN_CHANGE r16-514-quality-hash32 r16-514-lazy8-depth2 source.c.txt
TOKEN_CHANGE r16-514-quality-slack2 r16-514-lazy8-depth2 source.c.txt
TOKEN_CHANGE r16-514-quality-hash32 r16-514-lazy8-depth2 source.py.txt
TOKEN_CHANGE r16-514-quality-slack2 r16-514-lazy8-depth2 source.py.txt
TOKEN_CHANGE r16-514-quality-hash32 r16-514-lazy8-depth2 source.rs.txt
TOKEN_CHANGE r16-514-quality-slack2 r16-514-lazy8-depth2 source.rs.txt
TOKEN_CHANGE r16-514-quality-hash32 r16-514-lazy8-depth2 sourcemap.map.txt
TOKEN_CHANGE r16-514-quality-slack2 r16-514-lazy8-depth2 sourcemap.map.txt
EQUIVALENCE_RESULT r16-514-quality-hash32 r16-514-lazy8-depth2 540 0
EQUIVALENCE_RESULT r16-514-quality-slack2 r16-514-lazy8-depth2 540 0
