warning: `cargo miri setup` failed for target `x86_64-unknown-linux-gnu`; falling back to rustc's default sysroot: error: 'cargo-miri' is not installed for the toolchain 'nightly-2026-08-18-x86_64-unknown-linux-gnu'.
help: run `rustup component add --toolchain nightly-2026-08-18-x86_64-unknown-linux-gnu miri` to install it
warning: value assigned to `k` is never read
    --> /home/runner/work/_temp/deflate-upstream/data/verification-workspace/verify-_nlmrb8o/slot/generated/parse.rs:4223:29
     |
4223 |                 let mut k = k0;
     |                             ^^ this value is reassigned later and never used
...
4232 |                     k = c_extend(s, c, p, k0, lim);
     |                     ------------------------------ `k` is overwritten here before the previous value is read
     |
     = note: `#[warn(unused_assignments)]` (part of `#[warn(unused)]`) on by default

warning: unused variable: `plan`
    --> /home/runner/work/_temp/deflate-upstream/data/verification-workspace/verify-_nlmrb8o/slot/generated/parse.rs:2689:32
     |
2689 | pub fn d_collect(input: &[u8], plan: &mut Vec<u32>, rs: &mut Vec<u32>, ct: usize, lazyn: usize, d4: usize, d7: usize, skip: usize,...
     |                                ^^^^ help: if this is intentional, prefix it with an underscore: `_plan`
     |
     = note: `#[warn(unused_variables)]` (part of `#[warn(unused)]`) on by default

warning: unused variable: `flen`
    --> /home/runner/work/_temp/deflate-upstream/data/verification-workspace/verify-_nlmrb8o/slot/generated/parse.rs:2689:144
     |
2689 | ..., skip: usize, h3d: usize, flen: usize, tbmax: usize, lz2max: usize, dupmode: usize, fback: usize, d7l: usize, d7e: usize, nice...
     |                               ^^^^ help: if this is intentional, prefix it with an underscore: `_flen`

warning: unused variable: `fback`
    --> /home/runner/work/_temp/deflate-upstream/data/verification-workspace/verify-_nlmrb8o/slot/generated/parse.rs:2689:202
     |
2689 | ...x: usize, dupmode: usize, fback: usize, d7l: usize, d7e: usize, nice: usize) {
     |                              ^^^^^ help: if this is intentional, prefix it with an underscore: `_fback`

warning: 4 warnings emitted

