ENCODER_NATIVE 0 binary.db.bin public514 82894 50441
ENCODER_NATIVE 0 binary.db.bin r13-514-abs15 82894 50441
ENCODER_NATIVE 0 binary.db.bin r16-514-depth2 82894 50441
ENCODER_NATIVE 0 binary.db.bin r16-514-lazy8 82894 50441
ENCODER_NATIVE 0 binary.db.bin r16-514-skip5 82894 50441
ENCODER_NATIVE 1 bundle.min.js.txt public514 325697 190824
ENCODER_NATIVE 1 bundle.min.js.txt r13-514-abs15 325697 190824
ENCODER_NATIVE 1 bundle.min.js.txt r16-514-depth2 325697 190824
ENCODER_NATIVE 1 bundle.min.js.txt r16-514-lazy8 325697 190824
ENCODER_NATIVE 1 bundle.min.js.txt r16-514-skip5 325697 190824
ENCODER_NATIVE 2 catalog.xml.txt public514 69271 45579
ENCODER_NATIVE 2 catalog.xml.txt r13-514-abs15 69271 45579
ENCODER_NATIVE 2 catalog.xml.txt r16-514-depth2 68065 44788
ENCODER_NATIVE 2 catalog.xml.txt r16-514-lazy8 67808 45496
ENCODER_NATIVE 2 catalog.xml.txt r16-514-skip5 69196 45389
ENCODER_NATIVE 3 compressed.bin public514 300095 300000
ENCODER_NATIVE 3 compressed.bin r13-514-abs15 300095 300000
ENCODER_NATIVE 3 compressed.bin r16-514-depth2 300095 300000
ENCODER_NATIVE 3 compressed.bin r16-514-lazy8 300095 300000
ENCODER_NATIVE 3 compressed.bin r16-514-skip5 300095 300000
ENCODER_NATIVE 4 config.yaml.txt public514 90556 59218
ENCODER_NATIVE 4 config.yaml.txt r13-514-abs15 90556 59218
ENCODER_NATIVE 4 config.yaml.txt r16-514-depth2 89960 58583
ENCODER_NATIVE 4 config.yaml.txt r16-514-lazy8 89325 59111
ENCODER_NATIVE 4 config.yaml.txt r16-514-skip5 90539 59144
ENCODER_NATIVE 5 docs.md.txt public514 243632 157463
ENCODER_NATIVE 5 docs.md.txt r13-514-abs15 243632 157463
ENCODER_NATIVE 5 docs.md.txt r16-514-depth2 241638 155540
ENCODER_NATIVE 5 docs.md.txt r16-514-lazy8 238943 157293
ENCODER_NATIVE 5 docs.md.txt r16-514-skip5 243356 156979
ENCODER_NATIVE 6 dump.sql.txt public514 19941 15151
ENCODER_NATIVE 6 dump.sql.txt r13-514-abs15 19941 15151
ENCODER_NATIVE 6 dump.sql.txt r16-514-depth2 19941 15151
ENCODER_NATIVE 6 dump.sql.txt r16-514-lazy8 19941 15151
ENCODER_NATIVE 6 dump.sql.txt r16-514-skip5 19941 15151
ENCODER_NATIVE 7 genome.fasta public514 283718 176189
ENCODER_NATIVE 7 genome.fasta r13-514-abs15 283718 176189
ENCODER_NATIVE 7 genome.fasta r16-514-depth2 283718 176189
ENCODER_NATIVE 7 genome.fasta r16-514-lazy8 283718 176189
ENCODER_NATIVE 7 genome.fasta r16-514-skip5 283718 176189
ENCODER_NATIVE 8 images.bin public514 229171 226885
ENCODER_NATIVE 8 images.bin r13-514-abs15 229171 226885
ENCODER_NATIVE 8 images.bin r16-514-depth2 229171 226885
ENCODER_NATIVE 8 images.bin r16-514-lazy8 229171 226885
ENCODER_NATIVE 8 images.bin r16-514-skip5 229171 226885
ENCODER_NATIVE 9 lean.txt public514 264653 161293
ENCODER_NATIVE 9 lean.txt r13-514-abs15 264653 161293
ENCODER_NATIVE 9 lean.txt r16-514-depth2 264653 161293
ENCODER_NATIVE 9 lean.txt r16-514-lazy8 264653 161293
ENCODER_NATIVE 9 lean.txt r16-514-skip5 264653 161293
ENCODER_NATIVE 10 machine-code.bin public514 171918 122482
ENCODER_NATIVE 10 machine-code.bin r13-514-abs15 171918 122482
ENCODER_NATIVE 10 machine-code.bin r16-514-depth2 171918 122482
ENCODER_NATIVE 10 machine-code.bin r16-514-lazy8 171918 122482
ENCODER_NATIVE 10 machine-code.bin r16-514-skip5 171918 122482
ENCODER_NATIVE 11 metrics.csv.txt public514 284703 220653
ENCODER_NATIVE 11 metrics.csv.txt r13-514-abs15 284703 220653
ENCODER_NATIVE 11 metrics.csv.txt r16-514-depth2 284703 220653
ENCODER_NATIVE 11 metrics.csv.txt r16-514-lazy8 284703 220653
ENCODER_NATIVE 11 metrics.csv.txt r16-514-skip5 284703 220653
ENCODER_NATIVE 12 multibyte.txt public514 292855 196725
ENCODER_NATIVE 12 multibyte.txt r13-514-abs15 292855 196725
ENCODER_NATIVE 12 multibyte.txt r16-514-depth2 290351 194425
ENCODER_NATIVE 12 multibyte.txt r16-514-lazy8 288045 197342
ENCODER_NATIVE 12 multibyte.txt r16-514-skip5 292468 196100
ENCODER_NATIVE 13 page.html.txt public514 111342 75088
ENCODER_NATIVE 13 page.html.txt r13-514-abs15 111342 75088
ENCODER_NATIVE 13 page.html.txt r16-514-depth2 110243 74313
ENCODER_NATIVE 13 page.html.txt r16-514-lazy8 109567 74803
ENCODER_NATIVE 13 page.html.txt r16-514-skip5 111258 74827
ENCODER_NATIVE 14 prose.txt public514 620035 365040
ENCODER_NATIVE 14 prose.txt r13-514-abs15 620035 365040
ENCODER_NATIVE 14 prose.txt r16-514-depth2 613444 358257
ENCODER_NATIVE 14 prose.txt r16-514-lazy8 606219 372644
ENCODER_NATIVE 14 prose.txt r16-514-skip5 620004 364976
ENCODER_NATIVE 15 records.json.txt public514 75503 78317
ENCODER_NATIVE 15 records.json.txt r13-514-abs15 75503 78317
ENCODER_NATIVE 15 records.json.txt r16-514-depth2 74947 77927
ENCODER_NATIVE 15 records.json.txt r16-514-lazy8 74902 78112
ENCODER_NATIVE 15 records.json.txt r16-514-skip5 74826 77157
ENCODER_NATIVE 16 server.log public514 29230 23582
ENCODER_NATIVE 16 server.log r13-514-abs15 29230 23582
ENCODER_NATIVE 16 server.log r16-514-depth2 29230 23582
ENCODER_NATIVE 16 server.log r16-514-lazy8 29230 23582
ENCODER_NATIVE 16 server.log r16-514-skip5 29230 23582
ENCODER_NATIVE 17 source.c.txt public514 380012 235866
ENCODER_NATIVE 17 source.c.txt r13-514-abs15 380012 235866
ENCODER_NATIVE 17 source.c.txt r16-514-depth2 376305 232404
ENCODER_NATIVE 17 source.c.txt r16-514-lazy8 372684 234928
ENCODER_NATIVE 17 source.c.txt r16-514-skip5 379931 235660
ENCODER_NATIVE 18 source.py.txt public514 141452 88808
ENCODER_NATIVE 18 source.py.txt r13-514-abs15 141452 88808
ENCODER_NATIVE 18 source.py.txt r16-514-depth2 140106 87569
ENCODER_NATIVE 18 source.py.txt r16-514-lazy8 139035 88329
ENCODER_NATIVE 18 source.py.txt r16-514-skip5 141417 88665
ENCODER_NATIVE 19 source.rs.txt public514 144447 88318
ENCODER_NATIVE 19 source.rs.txt r13-514-abs15 144447 88318
ENCODER_NATIVE 19 source.rs.txt r16-514-depth2 142889 86998
ENCODER_NATIVE 19 source.rs.txt r16-514-lazy8 141754 87663
ENCODER_NATIVE 19 source.rs.txt r16-514-skip5 144391 88191
ENCODER_NATIVE 20 sourcemap.map.txt public514 75873 48664
ENCODER_NATIVE 20 sourcemap.map.txt r13-514-abs15 75873 48664
ENCODER_NATIVE 20 sourcemap.map.txt r16-514-depth2 74731 47754
ENCODER_NATIVE 20 sourcemap.map.txt r16-514-lazy8 75015 48725
ENCODER_NATIVE 20 sourcemap.map.txt r16-514-skip5 75804 48516
ENCODER_NATIVE 21 sparse.bin public514 1270 1458
ENCODER_NATIVE 21 sparse.bin r13-514-abs15 1270 1458
ENCODER_NATIVE 21 sparse.bin r16-514-depth2 1270 1458
ENCODER_NATIVE 21 sparse.bin r16-514-lazy8 1270 1458
ENCODER_NATIVE 21 sparse.bin r16-514-skip5 1270 1458
ENCODER_NATIVE 22 tiny-app.log public514 1270 998
ENCODER_NATIVE 22 tiny-app.log r13-514-abs15 1270 998
ENCODER_NATIVE 22 tiny-app.log r16-514-depth2 1270 998
ENCODER_NATIVE 22 tiny-app.log r16-514-lazy8 1270 998
ENCODER_NATIVE 22 tiny-app.log r16-514-skip5 1270 998
ENCODER_NATIVE 23 tiny-config.json.txt public514 2487 3094
ENCODER_NATIVE 23 tiny-config.json.txt r13-514-abs15 2487 3094
ENCODER_NATIVE 23 tiny-config.json.txt r16-514-depth2 2487 3094
ENCODER_NATIVE 23 tiny-config.json.txt r16-514-lazy8 2487 3094
ENCODER_NATIVE 23 tiny-config.json.txt r16-514-skip5 2487 3094
ENCODER_NATIVE 24 weights-bf16.bin public514 365611 265242
ENCODER_NATIVE 24 weights-bf16.bin r13-514-abs15 365611 265242
ENCODER_NATIVE 24 weights-bf16.bin r16-514-depth2 365611 265242
ENCODER_NATIVE 24 weights-bf16.bin r16-514-lazy8 365611 265242
ENCODER_NATIVE 24 weights-bf16.bin r16-514-skip5 365611 265242
ENCODER_NATIVE 25 weights-f16.bin public514 212660 250000
ENCODER_NATIVE 25 weights-f16.bin r13-514-abs15 212660 250000
ENCODER_NATIVE 25 weights-f16.bin r16-514-depth2 212660 250000
ENCODER_NATIVE 25 weights-f16.bin r16-514-lazy8 212660 250000
ENCODER_NATIVE 25 weights-f16.bin r16-514-skip5 212660 250000
ENCODER_NATIVE 26 weights-f32.bin public514 284138 285782
ENCODER_NATIVE 26 weights-f32.bin r13-514-abs15 284138 285782
ENCODER_NATIVE 26 weights-f32.bin r16-514-depth2 284138 285782
ENCODER_NATIVE 26 weights-f32.bin r16-514-lazy8 284138 285782
ENCODER_NATIVE 26 weights-f32.bin r16-514-skip5 284138 285782
ENCODER_NATIVE 27 weights-q8.bin public514 235572 250000
ENCODER_NATIVE 27 weights-q8.bin r13-514-abs15 235572 250000
ENCODER_NATIVE 27 weights-q8.bin r16-514-depth2 235572 250000
ENCODER_NATIVE 27 weights-q8.bin r16-514-lazy8 235572 250000
ENCODER_NATIVE 27 weights-q8.bin r16-514-skip5 235572 250000
