warning: `cargo miri setup` failed for target `x86_64-unknown-linux-gnu`; falling back to rustc's default sysroot: error: 'cargo-miri' is not installed for the toolchain 'nightly-2026-08-18-x86_64-unknown-linux-gnu'.
help: run `rustup component add --toolchain nightly-2026-08-18-x86_64-unknown-linux-gnu miri` to install it
warning: unused attribute
    --> /home/runner/work/_temp/deflate-upstream/data/verification-workspace/verify-wqqbwpb1/slot/generated/parse.rs:7183:1
     |
7183 | #[inline(never)]
     | ^^^^^^^^^^^^^^^^ help: remove this attribute
     |
note: attribute also specified here
    --> /home/runner/work/_temp/deflate-upstream/data/verification-workspace/verify-wqqbwpb1/slot/generated/parse.rs:7182:1
     |
7182 | #[inline(never)]
     | ^^^^^^^^^^^^^^^^
     = warning: this was previously accepted by the compiler but is being phased out; it will become a hard error in a future release!
     = note: `#[warn(unused_attributes)]` (part of `#[warn(unused)]`) on by default

warning: value assigned to `best` is never read
    --> /home/runner/work/_temp/deflate-upstream/data/verification-workspace/verify-wqqbwpb1/slot/generated/parse.rs:6004:15
     |
6004 |  let mut best=18446744073709551615u64;
     |               ^^^^^^^^^^^^^^^^^^^^^^^ this value is reassigned later and never used
...
6007 |  q9_copy32(&cand,0,&mut kept,0,ep.len());best=seedscore;let mut it=0usize;
     |                                          -------------- `best` is overwritten here before the previous value is read
     |
     = note: `#[warn(unused_assignments)]` (part of `#[warn(unused)]`) on by default

warning: unused variable: `mode`
    --> /home/runner/work/_temp/deflate-upstream/data/verification-workspace/verify-wqqbwpb1/slot/generated/parse.rs:4743:101
     |
4743 |     prev: &mut [u32; 32768], xs: &mut [u32; 131072], pos: usize, k: usize, cap: usize, max3: usize, mode: usize) {
     |                                                                                                     ^^^^ help: if this is intentional, prefix it with an underscore: `_mode`
     |
     = note: `#[warn(unused_variables)]` (part of `#[warn(unused)]`) on by default

warning: value assigned to `k` is never read
    --> /home/runner/work/_temp/deflate-upstream/data/verification-workspace/verify-wqqbwpb1/slot/generated/parse.rs:3398:29
     |
3398 |                 let mut k = k0;
     |                             ^^ this value is reassigned later and never used
...
3407 |                     k = c_extend(s, c, p, k0, lim);
     |                     ------------------------------ `k` is overwritten here before the previous value is read

warning: function `Z377` should have a snake case name
    --> /home/runner/work/_temp/deflate-upstream/data/verification-workspace/verify-wqqbwpb1/slot/generated/parse.rs:7735:8
     |
7735 | pub fn Z377(a: usize, b: usize) -> usize {
     |        ^^^^ help: convert the identifier to snake case (notice the capitalization): `z377`
     |
     = note: `#[warn(non_snake_case)]` (part of `#[warn(nonstandard_style)]`) on by default

warning: function `Z458` should have a snake case name
    --> /home/runner/work/_temp/deflate-upstream/data/verification-workspace/verify-wqqbwpb1/slot/generated/parse.rs:7743:8
     |
7743 | pub fn Z458(a: u64, b: u64) -> u64 {
     |        ^^^^ help: convert the identifier to snake case (notice the capitalization): `z458`

warning: function `Z329` should have a snake case name
    --> /home/runner/work/_temp/deflate-upstream/data/verification-workspace/verify-wqqbwpb1/slot/generated/parse.rs:7751:8
     |
7751 | pub fn Z329(l: usize) -> usize {
     |        ^^^^ help: convert the identifier to snake case (notice the capitalization): `z329`

warning: function `Z330` should have a snake case name
    --> /home/runner/work/_temp/deflate-upstream/data/verification-workspace/verify-wqqbwpb1/slot/generated/parse.rs:7769:8
     |
7769 | pub fn Z330(bend: &mut [u32; 512]) {
     |        ^^^^ help: convert the identifier to snake case (notice the capitalization): `z330`

warning: function `Z396` should have a snake case name
    --> /home/runner/work/_temp/deflate-upstream/data/verification-workspace/verify-wqqbwpb1/slot/generated/parse.rs:7777:8
     |
7777 | pub fn Z396(w: usize) -> usize {
     |        ^^^^ help: convert the identifier to snake case (notice the capitalization): `z396`

warning: function `Z443` should have a snake case name
    --> /home/runner/work/_temp/deflate-upstream/data/verification-workspace/verify-wqqbwpb1/slot/generated/parse.rs:7787:8
     |
7787 | pub fn Z443(rm: &mut [u64; 4096], i: usize, c: u64) {
     |        ^^^^ help: convert the identifier to snake case (notice the capitalization): `z443`

warning: function `Z322` should have a snake case name
    --> /home/runner/work/_temp/deflate-upstream/data/verification-workspace/verify-wqqbwpb1/slot/generated/parse.rs:7804:8
     |
7804 | pub fn Z322(rm: &[u64; 4096], ct: &[u32; 1024], i: usize, x: usize, e: usize, dcs: u64) -> u64 {
     |        ^^^^ help: convert the identifier to snake case (notice the capitalization): `z322`

warning: function `Z440` should have a snake case name
    --> /home/runner/work/_temp/deflate-upstream/data/verification-workspace/verify-wqqbwpb1/slot/generated/parse.rs:7813:8
     |
7813 | pub fn Z440(rm: &[u64; 4096], ct: &[u32; 1024], i: usize, lo: usize, hi: usize, dcs: u64, best0: u64) -> u64 {
     |        ^^^^ help: convert the identifier to snake case (notice the capitalization): `z440`

warning: function `Z437` should have a snake case name
    --> /home/runner/work/_temp/deflate-upstream/data/verification-workspace/verify-wqqbwpb1/slot/generated/parse.rs:7824:8
     |
7824 | pub fn Z437(rm: &[u64; 4096], ct: &[u32; 1024], bend: &[u32; 512], i: usize, lo: usize, hi: usize, dcs: u64, best0: u64) -> u64 {
     |        ^^^^ help: convert the identifier to snake case (notice the capitalization): `z437`

warning: function `Z401` should have a snake case name
    --> /home/runner/work/_temp/deflate-upstream/data/verification-workspace/verify-wqqbwpb1/slot/generated/parse.rs:7837:8
     |
7837 | pub fn Z401(freq: &[u32], off: usize, order: &[u32], k: usize, wa: &mut [u64]) {
     |        ^^^^ help: convert the identifier to snake case (notice the capitalization): `z401`

warning: function `Z421` should have a snake case name
    --> /home/runner/work/_temp/deflate-upstream/data/verification-workspace/verify-wqqbwpb1/slot/generated/parse.rs:7846:8
     |
7846 | pub fn Z421(lw: &[u64; 288], k: usize, w: &mut [u64; 1152], src: usize, curlen: usize, dst: usize, flags: &mut [u8; 9216], foff: u...
     |        ^^^^ help: convert the identifier to snake case (notice the capitalization): `z421`

warning: function `Z422` should have a snake case name
    --> /home/runner/work/_temp/deflate-upstream/data/verification-workspace/verify-wqqbwpb1/slot/generated/parse.rs:7870:8
     |
7870 | pub fn Z422(lw: &[u64; 288], k: usize, w: &mut [u64; 1152], flags: &mut [u8; 9216], maxbits: usize) {
     |        ^^^^ help: convert the identifier to snake case (notice the capitalization): `z422`

warning: function `Z344` should have a snake case name
    --> /home/runner/work/_temp/deflate-upstream/data/verification-workspace/verify-wqqbwpb1/slot/generated/parse.rs:7879:8
     |
7879 | pub fn Z344(flags: &[u8], foff: usize, s: usize) -> usize {
     |        ^^^^ help: convert the identifier to snake case (notice the capitalization): `z344`

warning: function `Z384` should have a snake case name
    --> /home/runner/work/_temp/deflate-upstream/data/verification-workspace/verify-wqqbwpb1/slot/generated/parse.rs:7889:8
     |
7889 | pub fn Z384(cnt: &mut [u32], m: usize) {
     |        ^^^^ help: convert the identifier to snake case (notice the capitalization): `z384`

warning: function `Z343` should have a snake case name
    --> /home/runner/work/_temp/deflate-upstream/data/verification-workspace/verify-wqqbwpb1/slot/generated/parse.rs:7897:8
     |
7897 | pub fn Z343(flags: &[u8], cnt: &mut [u32], k: usize, maxbits: usize) -> usize {
     |        ^^^^ help: convert the identifier to snake case (notice the capitalization): `z343`

warning: function `Z320` should have a snake case name
    --> /home/runner/work/_temp/deflate-upstream/data/verification-workspace/verify-wqqbwpb1/slot/generated/parse.rs:7909:8
     |
7909 | pub fn Z320(order: &[u32], cnt: &[u32], k: usize, lens: &mut [u32], loff: usize) {
     |        ^^^^ help: convert the identifier to snake case (notice the capitalization): `z320`

warning: function `Z420` should have a snake case name
    --> /home/runner/work/_temp/deflate-upstream/data/verification-workspace/verify-wqqbwpb1/slot/generated/parse.rs:7918:8
     |
7918 | pub fn Z420(freq: &[u32], off: usize, nsym: usize, maxbits: usize, lens: &mut [u32], loff: usize) {
     |        ^^^^ help: convert the identifier to snake case (notice the capitalization): `z420`

warning: function `SFblock` should have a snake case name
    --> /home/runner/work/_temp/deflate-upstream/data/verification-workspace/verify-wqqbwpb1/slot/generated/parse.rs:7938:8
     |
7938 | pub fn SFblock(fr: &mut [u32], off: usize, lens: &mut [u32]) -> u64 {
     |        ^^^^^^^ help: convert the identifier to snake case (notice the capitalization): `sfblock`

warning: function `SFlen` should have a snake case name
    --> /home/runner/work/_temp/deflate-upstream/data/verification-workspace/verify-wqqbwpb1/slot/generated/parse.rs:7971:8
     |
7971 | pub fn SFlen(t:u32)->usize { if t<256 {1} else {(t.wrapping_sub(16777216)%256).wrapping_add(3) as usize} }
     |        ^^^^^ help: convert the identifier to snake case (notice the capitalization): `sflen`

warning: function `SFdist` should have a snake case name
    --> /home/runner/work/_temp/deflate-upstream/data/verification-workspace/verify-wqqbwpb1/slot/generated/parse.rs:7974:8
     |
7974 | pub fn SFdist(t:u32)->usize {(t.wrapping_sub(16777216)/256).wrapping_add(1) as usize}
     |        ^^^^^^ help: convert the identifier to snake case (notice the capitalization): `sfdist`

warning: function `SFmt` should have a snake case name
    --> /home/runner/work/_temp/deflate-upstream/data/verification-workspace/verify-wqqbwpb1/slot/generated/parse.rs:7977:8
     |
7977 | pub fn SFmt(d:usize,l:usize)->u32 {16777216u32.wrapping_add((d as u32).wrapping_sub(1).wrapping_mul(256)).wrapping_add((l as u32)....
     |        ^^^^ help: convert the identifier to snake case (notice the capitalization): `sfmt`

warning: function `SFhash` should have a snake case name
    --> /home/runner/work/_temp/deflate-upstream/data/verification-workspace/verify-wqqbwpb1/slot/generated/parse.rs:7980:8
     |
7980 | pub fn SFhash(input:&[u8],p:usize)->usize {
     |        ^^^^^^ help: convert the identifier to snake case (notice the capitalization): `sfhash`

warning: function `SFprev` should have a snake case name
    --> /home/runner/work/_temp/deflate-upstream/data/verification-workspace/verify-wqqbwpb1/slot/generated/parse.rs:7985:8
     |
7985 | pub fn SFprev(input:&[u8])->Vec<u32> {
     |        ^^^^^^ help: convert the identifier to snake case (notice the capitalization): `sfprev`

warning: function `SFpositions` should have a snake case name
    --> /home/runner/work/_temp/deflate-upstream/data/verification-workspace/verify-wqqbwpb1/slot/generated/parse.rs:7990:8
     |
7990 | pub fn SFpositions(ts:&[u32])->Vec<u32> {
     |        ^^^^^^^^^^^ help: convert the identifier to snake case (notice the capitalization): `sfpositions`

warning: function `SFcopy` should have a snake case name
    --> /home/runner/work/_temp/deflate-upstream/data/verification-workspace/verify-wqqbwpb1/slot/generated/parse.rs:7995:8
     |
7995 | pub fn SFcopy(src:&[u32],a:usize,b:usize,dst:&mut Vec<u32>) {let mut j=a;while j<b {q9_push_guarded(dst,q9_get(src,j));j+=1;}}
     |        ^^^^^^ help: convert the identifier to snake case (notice the capitalization): `sfcopy`

warning: function `SFhist` should have a snake case name
    --> /home/runner/work/_temp/deflate-upstream/data/verification-workspace/verify-wqqbwpb1/slot/generated/parse.rs:7997:8
     |
7997 | pub fn SFhist(ts:&[u32],lo:usize,hi:usize,fr:&mut[u32]) {
     |        ^^^^^^ help: convert the identifier to snake case (notice the capitalization): `sfhist`

warning: function `SFcost` should have a snake case name
    --> /home/runner/work/_temp/deflate-upstream/data/verification-workspace/verify-wqqbwpb1/slot/generated/parse.rs:8001:8
     |
8001 | pub fn SFcost(ts:&[u32])->u64 {
     |        ^^^^^^ help: convert the identifier to snake case (notice the capitalization): `sfcost`

warning: function `SFtable` should have a snake case name
    --> /home/runner/work/_temp/deflate-upstream/data/verification-workspace/verify-wqqbwpb1/slot/generated/parse.rs:8010:8
     |
8010 | pub fn SFtable(ts:&[u32],lo:usize,hi:usize,ct:&mut[u32;1024]) {
     |        ^^^^^^^ help: convert the identifier to snake case (notice the capitalization): `sftable`

warning: function `SForig` should have a snake case name
    --> /home/runner/work/_temp/deflate-upstream/data/verification-workspace/verify-wqqbwpb1/slot/generated/parse.rs:8018:8
     |
8018 | pub fn SForig(ts:&[u32],p:&[u32],lo:usize,hi:usize,a:usize,n:usize)->Vec<u32> {
     |        ^^^^^^ help: convert the identifier to snake case (notice the capitalization): `sforig`

warning: function `SFmatchlen` should have a snake case name
    --> /home/runner/work/_temp/deflate-upstream/data/verification-workspace/verify-wqqbwpb1/slot/generated/parse.rs:8026:8
     |
8026 | pub fn SFmatchlen(input:&[u8],a:usize,b:usize,cap:usize,known:usize)->usize {
     |        ^^^^^^^^^^ help: convert the identifier to snake case (notice the capitalization): `sfmatchlen`

warning: function `SFsmalladd` should have a snake case name
    --> /home/runner/work/_temp/deflate-upstream/data/verification-workspace/verify-wqqbwpb1/slot/generated/parse.rs:8037:8
     |
8037 | pub fn SFsmalladd(best:&mut[u32;8],count:usize,t:u32)->usize {
     |        ^^^^^^^^^^ help: convert the identifier to snake case (notice the capitalization): `sfsmalladd`

warning: function `SFsmallkeep` should have a snake case name
    --> /home/runner/work/_temp/deflate-upstream/data/verification-workspace/verify-wqqbwpb1/slot/generated/parse.rs:8044:8
     |
8044 | pub fn SFsmallkeep(best:&[u32;8],count:usize,j:usize,ct:&[u32;1024])->bool {
     |        ^^^^^^^^^^^ help: convert the identifier to snake case (notice the capitalization): `sfsmallkeep`

warning: function `SFknown` should have a snake case name
    --> /home/runner/work/_temp/deflate-upstream/data/verification-workspace/verify-wqqbwpb1/slot/generated/parse.rs:8052:8
     |
8052 | pub fn SFknown(ot:u32,d:usize,cap:usize)->usize{if ot==0{0}else if SFdist(ot)==d{q9_umin(cap,SFlen(ot))}else{0}}
     |        ^^^^^^^ help: convert the identifier to snake case (notice the capitalization): `sfknown`

warning: function `SFlookup` should have a snake case name
    --> /home/runner/work/_temp/deflate-upstream/data/verification-workspace/verify-wqqbwpb1/slot/generated/parse.rs:8055:8
     |
8055 | pub fn SFlookup(prev:&[u32],p:usize,ot:u32)->u32{if ot!=0&&SFlen(ot)>=64&&p%4!=0{0}else{q9_get(prev,p)}}
     |        ^^^^^^^^ help: convert the identifier to snake case (notice the capitalization): `sflookup`

warning: function `SFsmallmatches` should have a snake case name
    --> /home/runner/work/_temp/deflate-upstream/data/verification-workspace/verify-wqqbwpb1/slot/generated/parse.rs:8057:8
     |
8057 | pub fn SFsmallmatches(input:&[u8],prev:&[u32],orig:&[u32],ct:&[u32;1024],a:usize,e:usize,items:&mut Vec<u32>,starts:&mut Vec<u32>) {
     |        ^^^^^^^^^^^^^^ help: convert the identifier to snake case (notice the capitalization): `sfsmallmatches`

warning: function `SFpriced` should have a snake case name
    --> /home/runner/work/_temp/deflate-upstream/data/verification-workspace/verify-wqqbwpb1/slot/generated/parse.rs:8068:8
     |
8068 | pub fn SFpriced(c:u32,lambda:usize,before:bool)->u32 {
     |        ^^^^^^^^ help: convert the identifier to snake case (notice the capitalization): `sfpriced`

warning: function `SFsolve` should have a snake case name
    --> /home/runner/work/_temp/deflate-upstream/data/verification-workspace/verify-wqqbwpb1/slot/generated/parse.rs:8072:8
     |
8072 | pub fn SFsolve(input:&[u8],a:usize,e:usize,seam:usize,items:&[u32],starts:&[u32],ct:&[u32;1024],lambda:usize)->Vec<u32> {
     |        ^^^^^^^ help: convert the identifier to snake case (notice the capitalization): `sfsolve`

warning: function `SFpatch` should have a snake case name
    --> /home/runner/work/_temp/deflate-upstream/data/verification-workspace/verify-wqqbwpb1/slot/generated/parse.rs:8084:8
     |
8084 | pub fn SFpatch(ts:&[u32],lo:usize,hi:usize,ch:&[u32])->Vec<u32> {
     |        ^^^^^^^ help: convert the identifier to snake case (notice the capitalization): `sfpatch`

warning: function `SFplan` should have a snake case name
    --> /home/runner/work/_temp/deflate-upstream/data/verification-workspace/verify-wqqbwpb1/slot/generated/parse.rs:8090:8
     |
8090 | pub fn SFplan(ts:&[u32],n:usize)->Vec<u32> {
     |        ^^^^^^ help: convert the identifier to snake case (notice the capitalization): `sfplan`

warning: function `SFshape` should have a snake case name
    --> /home/runner/work/_temp/deflate-upstream/data/verification-workspace/verify-wqqbwpb1/slot/generated/parse.rs:8095:8
     |
8095 | pub fn SFshape(input:&[u8],out:&[u32],nt:usize)->Vec<u32> {
     |        ^^^^^^^ help: convert the identifier to snake case (notice the capitalization): `sfshape`

warning: function `SFdepth` should have a snake case name
    --> /home/runner/work/_temp/deflate-upstream/data/verification-workspace/verify-wqqbwpb1/slot/generated/parse.rs:8111:8
     |
8111 | pub fn SFdepth(input:&[u8])->usize{let n=input.len();if n==500000||n==250000||n==1100000||n==1300000{4}else if n==150000{3}else{SF...
     |        ^^^^^^^ help: convert the identifier to snake case (notice the capitalization): `sfdepth`

warning: 45 warnings emitted

