ENCODER_NATIVE 0 binary.db.bin public514 82894 50441
ENCODER_NATIVE 0 binary.db.bin r13-514-rescue-one 82937 50245
ENCODER_NATIVE 0 binary.db.bin r13-514-rescue-gain 82892 50399
ENCODER_NATIVE 1 bundle.min.js.txt public514 325697 190824
ENCODER_NATIVE 1 bundle.min.js.txt r13-514-rescue-one 325679 189428
ENCODER_NATIVE 1 bundle.min.js.txt r13-514-rescue-gain 325570 190570
ENCODER_NATIVE 2 catalog.xml.txt public514 69271 45579
ENCODER_NATIVE 2 catalog.xml.txt r13-514-rescue-one 69144 45147
ENCODER_NATIVE 2 catalog.xml.txt r13-514-rescue-gain 69145 45330
ENCODER_NATIVE 3 compressed.bin public514 300095 300000
ENCODER_NATIVE 3 compressed.bin r13-514-rescue-one 300095 300000
ENCODER_NATIVE 3 compressed.bin r13-514-rescue-gain 300095 300000
ENCODER_NATIVE 4 config.yaml.txt public514 90556 59218
ENCODER_NATIVE 4 config.yaml.txt r13-514-rescue-one 90513 58735
ENCODER_NATIVE 4 config.yaml.txt r13-514-rescue-gain 90509 59037
ENCODER_NATIVE 5 docs.md.txt public514 243632 157463
ENCODER_NATIVE 5 docs.md.txt r13-514-rescue-one 243501 155826
ENCODER_NATIVE 5 docs.md.txt r13-514-rescue-gain 243499 156910
ENCODER_NATIVE 6 dump.sql.txt public514 19941 15151
ENCODER_NATIVE 6 dump.sql.txt r13-514-rescue-one 19941 15151
ENCODER_NATIVE 6 dump.sql.txt r13-514-rescue-gain 19941 15151
ENCODER_NATIVE 7 genome.fasta public514 283718 176189
ENCODER_NATIVE 7 genome.fasta r13-514-rescue-one 283718 176189
ENCODER_NATIVE 7 genome.fasta r13-514-rescue-gain 283718 176189
ENCODER_NATIVE 8 images.bin public514 229171 226885
ENCODER_NATIVE 8 images.bin r13-514-rescue-one 229171 226885
ENCODER_NATIVE 8 images.bin r13-514-rescue-gain 229171 226885
ENCODER_NATIVE 9 lean.txt public514 264653 161293
ENCODER_NATIVE 9 lean.txt r13-514-rescue-one 264653 161293
ENCODER_NATIVE 9 lean.txt r13-514-rescue-gain 264653 161293
ENCODER_NATIVE 10 machine-code.bin public514 171918 122482
ENCODER_NATIVE 10 machine-code.bin r13-514-rescue-one 172307 121660
ENCODER_NATIVE 10 machine-code.bin r13-514-rescue-gain 171870 122326
ENCODER_NATIVE 11 metrics.csv.txt public514 284703 220653
ENCODER_NATIVE 11 metrics.csv.txt r13-514-rescue-one 284703 220653
ENCODER_NATIVE 11 metrics.csv.txt r13-514-rescue-gain 284703 220653
ENCODER_NATIVE 12 multibyte.txt public514 292855 196725
ENCODER_NATIVE 12 multibyte.txt r13-514-rescue-one 292645 194327
ENCODER_NATIVE 12 multibyte.txt r13-514-rescue-gain 292551 196015
ENCODER_NATIVE 13 page.html.txt public514 111342 75088
ENCODER_NATIVE 13 page.html.txt r13-514-rescue-one 111363 74684
ENCODER_NATIVE 13 page.html.txt r13-514-rescue-gain 111327 74940
ENCODER_NATIVE 14 prose.txt public514 620035 365040
ENCODER_NATIVE 14 prose.txt r13-514-rescue-one 618354 357152
ENCODER_NATIVE 14 prose.txt r13-514-rescue-gain 618736 361786
ENCODER_NATIVE 15 records.json.txt public514 75503 78317
ENCODER_NATIVE 15 records.json.txt r13-514-rescue-one 75471 78221
ENCODER_NATIVE 15 records.json.txt r13-514-rescue-gain 75465 78264
ENCODER_NATIVE 16 server.log public514 29230 23582
ENCODER_NATIVE 16 server.log r13-514-rescue-one 29230 23582
ENCODER_NATIVE 16 server.log r13-514-rescue-gain 29230 23582
ENCODER_NATIVE 17 source.c.txt public514 380012 235866
ENCODER_NATIVE 17 source.c.txt r13-514-rescue-one 379950 234093
ENCODER_NATIVE 17 source.c.txt r13-514-rescue-gain 380010 235254
ENCODER_NATIVE 18 source.py.txt public514 141452 88808
ENCODER_NATIVE 18 source.py.txt r13-514-rescue-one 141364 88109
ENCODER_NATIVE 18 source.py.txt r13-514-rescue-gain 141391 88583
ENCODER_NATIVE 19 source.rs.txt public514 144447 88318
ENCODER_NATIVE 19 source.rs.txt r13-514-rescue-one 144399 87700
ENCODER_NATIVE 19 source.rs.txt r13-514-rescue-gain 144439 88130
ENCODER_NATIVE 20 sourcemap.map.txt public514 75873 48664
ENCODER_NATIVE 20 sourcemap.map.txt r13-514-rescue-one 75837 48490
ENCODER_NATIVE 20 sourcemap.map.txt r13-514-rescue-gain 75852 48586
ENCODER_NATIVE 21 sparse.bin public514 1270 1458
ENCODER_NATIVE 21 sparse.bin r13-514-rescue-one 1270 1458
ENCODER_NATIVE 21 sparse.bin r13-514-rescue-gain 1270 1458
ENCODER_NATIVE 22 tiny-app.log public514 1270 998
ENCODER_NATIVE 22 tiny-app.log r13-514-rescue-one 1270 998
ENCODER_NATIVE 22 tiny-app.log r13-514-rescue-gain 1270 998
ENCODER_NATIVE 23 tiny-config.json.txt public514 2487 3094
ENCODER_NATIVE 23 tiny-config.json.txt r13-514-rescue-one 2487 3094
ENCODER_NATIVE 23 tiny-config.json.txt r13-514-rescue-gain 2487 3094
ENCODER_NATIVE 24 weights-bf16.bin public514 365611 265242
ENCODER_NATIVE 24 weights-bf16.bin r13-514-rescue-one 365611 265242
ENCODER_NATIVE 24 weights-bf16.bin r13-514-rescue-gain 365611 265242
ENCODER_NATIVE 25 weights-f16.bin public514 212660 250000
ENCODER_NATIVE 25 weights-f16.bin r13-514-rescue-one 212660 250000
ENCODER_NATIVE 25 weights-f16.bin r13-514-rescue-gain 212660 250000
ENCODER_NATIVE 26 weights-f32.bin public514 284138 285782
ENCODER_NATIVE 26 weights-f32.bin r13-514-rescue-one 284138 285782
ENCODER_NATIVE 26 weights-f32.bin r13-514-rescue-gain 284138 285782
ENCODER_NATIVE 27 weights-q8.bin public514 235572 250000
ENCODER_NATIVE 27 weights-q8.bin r13-514-rescue-one 235572 250000
ENCODER_NATIVE 27 weights-q8.bin r13-514-rescue-gain 235572 250000
