verifying /home/runner/work/_temp/round4-receipts/exact-gate/input
workspace: /home/runner/work/_temp/deflate-upstream/data/verification-workspace/verify-voqjkimb

0 intake      ok — input: parse.rs, Parse.lean
1 policy      ok — source prefilters passed
2 static      ok — resolved operations: core::num::{impl}::leading_zeros, core::num::{impl}::saturating_add, core::num::{impl}::wrapping_add, core::num::{impl}::wrapping_mul, core::num::{impl}::wrapping_sub, core::slice::{impl}::len
3 extract     ok — charon+aeneas re-run by the verifier, no new axioms

REJECTED at stage 4 (statement)
  n_spec'
Proof/Parse.lean:6145:17: warning: Could not generate mvcgen spec for Submission.Q4.lz_spec: (kernel) constant has already been declared 'Submission.Q4.lz_spec.mvcgen_spec'
Proof/Parse.lean:6145:17: warning: Could not generate mvcgen spec for Submission.Q4.lz32_spec: (kernel) constant has already been declared 'Submission.Q4.lz32_spec.mvcgen_spec'
Proof/Parse.lean:6145:17: warning: Could not generate mvcgen spec for Submission.Q4.put_match_spec: (kernel) constant has already been declared 'Submission.Q4.put_match_spec.mvcgen_spec'
Proof/Parse.lean:6145:17: warning: Could not generate mvcgen spec for Submission.U118_MAIN.sat_add_spec: (kernel) constant has already been declared 'Submission.U118_MAIN.sat_add_spec.mvcgen_spec'
Proof/Parse.lean:6712:17: warning: Could not generate mvcgen spec for Submission.Q4.flush_spec: (kernel) constant has already been declared 'Submission.Q4.flush_spec.mvcgen_spec'
Proof/Parse.lean:6733:17: warning: Could not generate mvcgen spec for Submission.ETINY.emit_spec: (kernel) constant has already been declared 'Submission.ETINY.emit_spec.mvcgen_spec'
Proof/Parse.lean:6819:17: warning: Could not generate mvcgen spec for Submission.Q4.be8_spec: (kernel) constant has already been declared 'Submission.Q4.be8_spec.mvcgen_spec'
Proof/Parse.lean:6819:17: warning: Could not generate mvcgen spec for Submission.Q4.lz_spec: (kernel) constant has already been declared 'Submission.Q4.lz_spec.mvcgen_spec'
Proof/Parse.lean:6819:17: warning: Could not generate mvcgen spec for Submission.Q4.put_lit_spec: (kernel) constant has already been declared 'Submission.Q4.put_lit_spec.mvcgen_spec'
Proof/Parse.lean:6819:17: warning: Could not generate mvcgen spec for Submission.Q4.e_pieces_spec: (kernel) constant has already been declared 'Submission.Q4.e_pieces_spec.mvcgen_spec'
Proof/Parse.lean:6819:17: warning: Could not generate mvcgen spec for Submission.Q4.e_lens_spec: (kernel) constant has already been declared 'Submission.Q4.e_lens_spec.mvcgen_spec'
[32m2026-10-09 21:47:13.250[0m | [34m[1mDEBUG   [0m | [36m__main__[0m:[36mmain[0m:[36m649[0m - [34m[1m[gate] benchmark sandbox: bwrap, 300s, 2048 MB, cpus=any[0m
[32m2026-10-09 21:47:13.254[0m | [34m[1mDEBUG   [0m | [36m__main__[0m:[36mstage_intake[0m:[36m261[0m - [34m[1m[gate] parse.rs f5c1437c6e613a5a -> slot/generated/parse.rs[0m
[32m2026-10-09 21:47:13.255[0m | [34m[1mDEBUG   [0m | [36m__main__[0m:[36mstage_intake[0m:[36m261[0m - [34m[1m[gate] Parse.lean cf4b7c1ecc93ee2b -> lean/Proof/Parse.lean[0m
[32m2026-10-09 21:47:13.410[0m | [34m[1mDEBUG   [0m | [36msandbox.bwrap[0m:[36mrun[0m:[36m110[0m - [34m[1m[bwrap] rustup exit=0 in 0.0s[0m
[32m2026-10-09 21:47:14.451[0m | [34m[1mDEBUG   [0m | [36msandbox.bwrap[0m:[36mrun[0m:[36m110[0m - [34m[1m[bwrap] extract.sh exit=0 in 1.0s[0m
[32m2026-10-09 21:47:31.475[0m | [34m[1mDEBUG   [0m | [36msandbox.bwrap[0m:[36mrun[0m:[36m110[0m - [34m[1m[bwrap] extract.sh exit=0 in 16.1s[0m
[32m2026-10-09 21:47:31.476[0m | [34m[1mDEBUG   [0m | [36m__main__[0m:[36mstage_extract[0m:[36m356[0m - [34m[1m[gate] extracted Types.lean c757bbea9ca879e1, Funs.lean 0414de8549bbff3e, Constants.lean e957be9d98b9beb9[0m
[32m2026-10-09 21:47:34.066[0m | [34m[1mDEBUG   [0m | [36msandbox.bwrap[0m:[36mrun[0m:[36m110[0m - [34m[1m[bwrap] lake exit=0 in 2.6s[0m
[32m2026-10-09 21:48:31.563[0m | [34m[1mDEBUG   [0m | [36msandbox.bwrap[0m:[36mrun[0m:[36m110[0m - [34m[1m[bwrap] lake exit=0 in 57.5s[0m
[32m2026-10-09 21:54:51.465[0m | [34m[1mDEBUG   [0m | [36msandbox.bwrap[0m:[36mrun[0m:[36m110[0m - [34m[1m[bwrap] lake exit=1 in 379.9s[0m
[32m2026-10-09 21:54:51.471[0m | [1mINFO    [0m | [36m__main__[0m:[36mfail[0m:[36m116[0m - [1m[gate] rejected at stage 4 (statement)[0m
