R15_FUNCTION binary.db.bin 500000 1 92934849 1 40720365 3 20753269 3 16366323 3 299891 3 141893 2 682206 1 1061576 3 187472 1 234392
R15_FUNCTION bundle.min.js.txt 1000000 1 93287389 1 53878686 13 24182975 13 15961545 13 1263380 13 1903381 2 2905999 1 1674387 13 1990363 1 1253865
R15_FUNCTION catalog.xml.txt 500000 1 98690482 1 42477326 3 22116998 3 17937887 3 247212 3 75413 2 544408 1 571579 3 163615 1 229115
R15_FUNCTION compressed.bin 300000 1 2346948 0 0 0 0 0 0 0 0 0 0 0 0 0 0 0 0 0 0
R15_FUNCTION config.yaml.txt 400000 1 47786618 1 21007020 4 9744929 4 8519227 4 341312 4 128854 2 747294 1 467572 4 196986 1 232740
R15_FUNCTION docs.md.txt 800000 1 78117925 1 44150672 8 21292832 8 15482324 8 898560 8 699782 2 1899926 1 921005 8 754653 1 550708
R15_FUNCTION dump.sql.txt 150000 1 14844236 1 6910418 1 3486842 1 2740240 1 60772 1 11487 2 178608 1 176255 1 44997 1 66179
R15_FUNCTION genome.fasta 900000 1 64006892 0 0 0 0 0 0 0 0 0 0 0 0 0 0 0 0 0 0
R15_FUNCTION images.bin 250000 1 8202952 0 0 0 0 0 0 0 0 0 0 0 0 0 0 0 0 0 0
R15_FUNCTION lean.txt 1000000 1 111455401 1 55055746 8 26505206 8 19049426 8 909318 8 795245 2 1872565 1 1686746 8 908516 1 1208547
R15_FUNCTION machine-code.bin 500000 1 131668278 1 33284444 6 19004902 6 9246843 6 525310 6 482485 2 1606114 1 576517 6 515469 1 380911
R15_FUNCTION metrics.csv.txt 1300000 1 129651134 1 85619832 13 49096266 13 25112728 13 948583 13 1893107 2 2457896 1 1481650 13 1734652 1 827154
R15_FUNCTION multibyte.txt 1100000 1 256354161 0 0 0 0 0 0 0 0 0 0 0 0 0 0 0 0 0 0
R15_FUNCTION page.html.txt 600000 1 28271344 1 32787241 4 14498619 4 14726122 4 411479 4 166929 2 891181 1 685464 4 260181 1 324438
R15_FUNCTION prose.txt 1500000 1 145939386 1 80749864 19 40619736 19 19352565 19 1955734 19 4042536 2 4405379 1 1708831 19 3304033 1 1223701
R15_FUNCTION records.json.txt 400000 1 10891376 1 18457520 3 6370074 3 10172997 3 114473 3 142074 2 461374 1 464889 3 205169 1 164858
R15_FUNCTION server.log 300000 1 11965483 1 16890363 2 6761514 2 8922604 2 103766 2 30907 2 233521 1 342245 2 85088 1 117867
R15_FUNCTION source.c.txt 1400000 1 161269923 1 79297860 13 38311721 13 28282702 13 1426716 13 1686867 2 2757890 1 1605635 13 1541032 1 834475
R15_FUNCTION source.py.txt 600000 1 77065942 1 31410970 5 14874850 5 12274457 5 529948 5 261323 2 1095669 1 691841 5 348435 1 352841
R15_FUNCTION source.rs.txt 700000 1 94444278 1 38791585 5 17370735 5 16991745 5 519460 5 251979 2 1061808 1 814496 5 356748 1 371359
R15_FUNCTION sourcemap.map.txt 350000 1 42606886 1 17797217 3 8502173 3 7120564 3 263235 3 82585 2 555295 1 409887 3 153561 1 186811
R15_FUNCTION sparse.bin 40000 1 38117 0 0 0 0 0 0 0 0 0 0 0 0 0 0 0 0 0 0
R15_FUNCTION tiny-app.log 28000 1 549847 0 0 0 0 0 0 0 0 0 0 0 0 0 0 0 0 0 0
R15_FUNCTION tiny-config.json.txt 12000 1 316617 0 0 0 0 0 0 0 0 0 0 0 0 0 0 0 0 0 0
R15_FUNCTION weights-bf16.bin 450000 1 28913813 0 0 0 0 0 0 0 0 0 0 0 0 0 0 0 0 0 0
R15_FUNCTION weights-f16.bin 250000 1 440302 0 0 0 0 0 0 0 0 0 0 0 0 0 0 0 0 0 0
R15_FUNCTION weights-f32.bin 350000 1 23920671 0 0 0 0 0 0 0 0 0 0 0 0 0 0 0 0 0 0
R15_FUNCTION weights-q8.bin 250000 1 439931 0 0 0 0 0 0 0 0 0 0 0 0 0 0 0 0 0 0
