ENCODER_NATIVE 0 binary.db.bin public514 82894 50441
ENCODER_NATIVE 0 binary.db.bin public576 70987 48587
ENCODER_NATIVE 0 binary.db.bin public579 70789 48571
ENCODER_NATIVE 0 binary.db.bin public583 84046 51456
ENCODER_NATIVE 0 binary.db.bin public584 83172 50310
ENCODER_NATIVE 1 bundle.min.js.txt public514 325697 190824
ENCODER_NATIVE 1 bundle.min.js.txt public576 287432 200874
ENCODER_NATIVE 1 bundle.min.js.txt public579 287331 201058
ENCODER_NATIVE 1 bundle.min.js.txt public583 320713 232799
ENCODER_NATIVE 1 bundle.min.js.txt public584 308916 227299
ENCODER_NATIVE 2 catalog.xml.txt public514 69271 45579
ENCODER_NATIVE 2 catalog.xml.txt public576 58176 38689
ENCODER_NATIVE 2 catalog.xml.txt public579 58082 37777
ENCODER_NATIVE 2 catalog.xml.txt public583 69214 45371
ENCODER_NATIVE 2 catalog.xml.txt public584 65681 43610
ENCODER_NATIVE 3 compressed.bin public514 300095 300000
ENCODER_NATIVE 3 compressed.bin public576 299566 298884
ENCODER_NATIVE 3 compressed.bin public579 299566 298884
ENCODER_NATIVE 3 compressed.bin public583 300095 300000
ENCODER_NATIVE 3 compressed.bin public584 300095 300000
ENCODER_NATIVE 4 config.yaml.txt public514 90556 59218
ENCODER_NATIVE 4 config.yaml.txt public576 81026 49938
ENCODER_NATIVE 4 config.yaml.txt public579 81003 50840
ENCODER_NATIVE 4 config.yaml.txt public583 92304 60736
ENCODER_NATIVE 4 config.yaml.txt public584 87417 57434
ENCODER_NATIVE 5 docs.md.txt public514 243632 157463
ENCODER_NATIVE 5 docs.md.txt public576 215527 126923
ENCODER_NATIVE 5 docs.md.txt public579 215502 127053
ENCODER_NATIVE 5 docs.md.txt public583 248368 161736
ENCODER_NATIVE 5 docs.md.txt public584 233416 151495
ENCODER_NATIVE 6 dump.sql.txt public514 19941 15151
ENCODER_NATIVE 6 dump.sql.txt public576 16417 17618
ENCODER_NATIVE 6 dump.sql.txt public579 16384 17662
ENCODER_NATIVE 6 dump.sql.txt public583 23493 14061
ENCODER_NATIVE 6 dump.sql.txt public584 19704 15012
ENCODER_NATIVE 7 genome.fasta public514 283718 176189
ENCODER_NATIVE 7 genome.fasta public576 256489 589207
ENCODER_NATIVE 7 genome.fasta public579 256489 589207
ENCODER_NATIVE 7 genome.fasta public583 283718 176189
ENCODER_NATIVE 7 genome.fasta public584 283718 176189
ENCODER_NATIVE 8 images.bin public514 229171 226885
ENCODER_NATIVE 8 images.bin public576 223467 214959
ENCODER_NATIVE 8 images.bin public579 223458 214894
ENCODER_NATIVE 8 images.bin public583 228838 226640
ENCODER_NATIVE 8 images.bin public584 230809 228957
ENCODER_NATIVE 9 lean.txt public514 264653 161293
ENCODER_NATIVE 9 lean.txt public576 222926 124023
ENCODER_NATIVE 9 lean.txt public579 222830 124899
ENCODER_NATIVE 9 lean.txt public583 257404 155365
ENCODER_NATIVE 9 lean.txt public584 245107 148886
ENCODER_NATIVE 10 machine-code.bin public514 171918 122482
ENCODER_NATIVE 10 machine-code.bin public576 158779 125874
ENCODER_NATIVE 10 machine-code.bin public579 158779 125874
ENCODER_NATIVE 10 machine-code.bin public583 171918 122482
ENCODER_NATIVE 10 machine-code.bin public584 171327 122895
ENCODER_NATIVE 11 metrics.csv.txt public514 284703 220653
ENCODER_NATIVE 11 metrics.csv.txt public576 251352 232447
ENCODER_NATIVE 11 metrics.csv.txt public579 251352 232447
ENCODER_NATIVE 11 metrics.csv.txt public583 284600 220182
ENCODER_NATIVE 11 metrics.csv.txt public584 274395 215668
ENCODER_NATIVE 12 multibyte.txt public514 292855 196725
ENCODER_NATIVE 12 multibyte.txt public576 254264 153045
ENCODER_NATIVE 12 multibyte.txt public579 254275 153767
ENCODER_NATIVE 12 multibyte.txt public583 292402 195966
ENCODER_NATIVE 12 multibyte.txt public584 282288 189486
ENCODER_NATIVE 13 page.html.txt public514 111342 75088
ENCODER_NATIVE 13 page.html.txt public576 99009 63652
ENCODER_NATIVE 13 page.html.txt public579 98911 63790
ENCODER_NATIVE 13 page.html.txt public583 111253 74822
ENCODER_NATIVE 13 page.html.txt public584 110282 73586
ENCODER_NATIVE 14 prose.txt public514 620035 365040
ENCODER_NATIVE 14 prose.txt public576 540942 305368
ENCODER_NATIVE 14 prose.txt public579 540942 305368
ENCODER_NATIVE 14 prose.txt public583 613444 358257
ENCODER_NATIVE 14 prose.txt public584 584442 343373
ENCODER_NATIVE 15 records.json.txt public514 75503 78317
ENCODER_NATIVE 15 records.json.txt public576 69148 74021
ENCODER_NATIVE 15 records.json.txt public579 69148 74021
ENCODER_NATIVE 15 records.json.txt public583 77110 79622
ENCODER_NATIVE 15 records.json.txt public584 73810 77371
ENCODER_NATIVE 16 server.log public514 29230 23582
ENCODER_NATIVE 16 server.log public576 25870 23297
ENCODER_NATIVE 16 server.log public579 25851 23213
ENCODER_NATIVE 16 server.log public583 29252 23331
ENCODER_NATIVE 16 server.log public584 29058 23461
ENCODER_NATIVE 17 source.c.txt public514 380012 235866
ENCODER_NATIVE 17 source.c.txt public576 333263 188704
ENCODER_NATIVE 17 source.c.txt public579 333068 191328
ENCODER_NATIVE 17 source.c.txt public583 379921 235645
ENCODER_NATIVE 17 source.c.txt public584 364349 227355
ENCODER_NATIVE 18 source.py.txt public514 141452 88808
ENCODER_NATIVE 18 source.py.txt public576 125172 73240
ENCODER_NATIVE 18 source.py.txt public579 125152 72372
ENCODER_NATIVE 18 source.py.txt public583 141412 88658
ENCODER_NATIVE 18 source.py.txt public584 135967 85450
ENCODER_NATIVE 19 source.rs.txt public514 144447 88318
ENCODER_NATIVE 19 source.rs.txt public576 125980 73343
ENCODER_NATIVE 19 source.rs.txt public579 125980 73343
ENCODER_NATIVE 19 source.rs.txt public583 144386 88175
ENCODER_NATIVE 19 source.rs.txt public584 138392 84583
ENCODER_NATIVE 20 sourcemap.map.txt public514 75873 48664
ENCODER_NATIVE 20 sourcemap.map.txt public576 64507 39369
ENCODER_NATIVE 20 sourcemap.map.txt public579 64440 40402
ENCODER_NATIVE 20 sourcemap.map.txt public583 74656 47525
ENCODER_NATIVE 20 sourcemap.map.txt public584 72269 47307
ENCODER_NATIVE 21 sparse.bin public514 1270 1458
ENCODER_NATIVE 21 sparse.bin public576 1193 1236
ENCODER_NATIVE 21 sparse.bin public579 1193 1242
ENCODER_NATIVE 21 sparse.bin public583 1270 1458
ENCODER_NATIVE 21 sparse.bin public584 1270 1458
ENCODER_NATIVE 22 tiny-app.log public514 1270 998
ENCODER_NATIVE 22 tiny-app.log public576 844 613
ENCODER_NATIVE 22 tiny-app.log public579 842 622
ENCODER_NATIVE 22 tiny-app.log public583 1134 865
ENCODER_NATIVE 22 tiny-app.log public584 991 680
ENCODER_NATIVE 23 tiny-config.json.txt public514 2487 3094
ENCODER_NATIVE 23 tiny-config.json.txt public576 2077 2109
ENCODER_NATIVE 23 tiny-config.json.txt public579 2077 2109
ENCODER_NATIVE 23 tiny-config.json.txt public583 2487 3094
ENCODER_NATIVE 23 tiny-config.json.txt public584 2155 2276
ENCODER_NATIVE 24 weights-bf16.bin public514 365611 265242
ENCODER_NATIVE 24 weights-bf16.bin public576 353965 438343
ENCODER_NATIVE 24 weights-bf16.bin public579 353965 438343
ENCODER_NATIVE 24 weights-bf16.bin public583 365611 265242
ENCODER_NATIVE 24 weights-bf16.bin public584 365611 265242
ENCODER_NATIVE 25 weights-f16.bin public514 212660 250000
ENCODER_NATIVE 25 weights-f16.bin public576 212660 250000
ENCODER_NATIVE 25 weights-f16.bin public579 212660 250000
ENCODER_NATIVE 25 weights-f16.bin public583 212660 250000
ENCODER_NATIVE 25 weights-f16.bin public584 212660 250000
ENCODER_NATIVE 26 weights-f32.bin public514 284138 285782
ENCODER_NATIVE 26 weights-f32.bin public576 278966 284351
ENCODER_NATIVE 26 weights-f32.bin public579 278988 284300
ENCODER_NATIVE 26 weights-f32.bin public583 284138 285782
ENCODER_NATIVE 26 weights-f32.bin public584 284138 285782
ENCODER_NATIVE 27 weights-q8.bin public514 235572 250000
ENCODER_NATIVE 27 weights-q8.bin public576 235572 250000
ENCODER_NATIVE 27 weights-q8.bin public579 235572 250000
ENCODER_NATIVE 27 weights-q8.bin public583 235572 250000
ENCODER_NATIVE 27 weights-q8.bin public584 235572 250000
