ENCODER_NATIVE 0 binary.db.bin base603 70756 48828
ENCODER_NATIVE 0 binary.db.bin prefix_prototype 70756 48828
ENCODER_NATIVE 1 bundle.min.js.txt base603 287344 202339
ENCODER_NATIVE 1 bundle.min.js.txt prefix_prototype 287344 202339
ENCODER_NATIVE 2 catalog.xml.txt base603 58065 38884
ENCODER_NATIVE 2 catalog.xml.txt prefix_prototype 58065 38884
ENCODER_NATIVE 3 compressed.bin base603 299610 298918
ENCODER_NATIVE 3 compressed.bin prefix_prototype 299610 298918
ENCODER_NATIVE 4 config.yaml.txt base603 80986 50995
ENCODER_NATIVE 4 config.yaml.txt prefix_prototype 80986 50995
ENCODER_NATIVE 5 docs.md.txt base603 215495 129268
ENCODER_NATIVE 5 docs.md.txt prefix_prototype 215495 129268
ENCODER_NATIVE 6 dump.sql.txt base603 16377 17697
ENCODER_NATIVE 6 dump.sql.txt prefix_prototype 16377 17697
ENCODER_NATIVE 7 genome.fasta base603 256489 589207
ENCODER_NATIVE 7 genome.fasta prefix_prototype 256489 589207
ENCODER_NATIVE 8 images.bin base603 223467 214959
ENCODER_NATIVE 8 images.bin prefix_prototype 223467 214959
ENCODER_NATIVE 9 lean.txt base603 222834 124341
ENCODER_NATIVE 9 lean.txt prefix_prototype 222834 124341
ENCODER_NATIVE 10 machine-code.bin base603 158932 120943
ENCODER_NATIVE 10 machine-code.bin prefix_prototype 158932 120943
ENCODER_NATIVE 11 metrics.csv.txt base603 251318 232386
ENCODER_NATIVE 11 metrics.csv.txt prefix_prototype 251318 232386
ENCODER_NATIVE 12 multibyte.txt base603 254042 149029
ENCODER_NATIVE 12 multibyte.txt prefix_prototype 254042 149029
ENCODER_NATIVE 13 page.html.txt base603 98910 63805
ENCODER_NATIVE 13 page.html.txt prefix_prototype 98910 63805
ENCODER_NATIVE 14 prose.txt base603 540998 311429
ENCODER_NATIVE 14 prose.txt prefix_prototype 540998 311429
ENCODER_NATIVE 15 records.json.txt base603 69148 74002
ENCODER_NATIVE 15 records.json.txt prefix_prototype 69148 74002
ENCODER_NATIVE 16 server.log base603 25830 23197
ENCODER_NATIVE 16 server.log prefix_prototype 25830 23197
ENCODER_NATIVE 17 source.c.txt base603 333068 191328
ENCODER_NATIVE 17 source.c.txt prefix_prototype 333068 191328
ENCODER_NATIVE 18 source.py.txt base603 125154 75325
ENCODER_NATIVE 18 source.py.txt prefix_prototype 125154 75325
ENCODER_NATIVE 19 source.rs.txt base603 125971 74073
ENCODER_NATIVE 19 source.rs.txt prefix_prototype 125971 74073
ENCODER_NATIVE 20 sourcemap.map.txt base603 64432 40223
ENCODER_NATIVE 20 sourcemap.map.txt prefix_prototype 64432 40223
ENCODER_NATIVE 21 sparse.bin base603 1193 1236
ENCODER_NATIVE 21 sparse.bin prefix_prototype 1193 1236
ENCODER_NATIVE 22 tiny-app.log base603 845 613
ENCODER_NATIVE 22 tiny-app.log prefix_prototype 845 613
ENCODER_NATIVE 23 tiny-config.json.txt base603 2077 2109
ENCODER_NATIVE 23 tiny-config.json.txt prefix_prototype 2077 2109
ENCODER_NATIVE 24 weights-bf16.bin base603 353926 438670
ENCODER_NATIVE 24 weights-bf16.bin prefix_prototype 353926 438670
ENCODER_NATIVE 25 weights-f16.bin base603 212660 250000
ENCODER_NATIVE 25 weights-f16.bin prefix_prototype 212660 250000
ENCODER_NATIVE 26 weights-f32.bin base603 278801 284464
ENCODER_NATIVE 26 weights-f32.bin prefix_prototype 278801 284464
ENCODER_NATIVE 27 weights-q8.bin base603 235572 250000
ENCODER_NATIVE 27 weights-q8.bin prefix_prototype 235572 250000
CACHE_PREFIX 23699129 16486877 7069779 60178982
