TOKEN_CHANGE r18-586-selective-rf public586 docs.md.txt
TOKEN_CHANGE r18-dna-base6-proof2 dna582 genome.fasta
TOKEN_CHANGE r18-586-selective-rf public586 genome.fasta
TOKEN_CHANGE r18-586-selective-rf public586 lean.txt
TOKEN_CHANGE r18-586-selective-rf public586 page.html.txt
TOKEN_CHANGE r18-586-selective-rf public586 prose.txt
TOKEN_CHANGE r18-586-selective-rf public586 source.c.txt
TOKEN_CHANGE r18-586-selective-rf public586 tiny-app.log
TOKEN_CHANGE r18-586-selective-rf public586 synthetic-32767-2-987654321
TOKEN_CHANGE r18-586-selective-rf public586 synthetic-32767-5-1
TOKEN_CHANGE r18-586-selective-rf public586 synthetic-32767-5-987654321
TOKEN_CHANGE r18-586-selective-rf public586 synthetic-32768-5-1
TOKEN_CHANGE r18-586-selective-rf public586 synthetic-32768-5-987654321
TOKEN_CHANGE r18-586-selective-rf public586 synthetic-32769-5-1
TOKEN_CHANGE r18-586-selective-rf public586 synthetic-32769-5-987654321
TOKEN_CHANGE r18-586-selective-rf public586 synthetic-65535-5-1
TOKEN_CHANGE r18-586-selective-rf public586 synthetic-65535-5-987654321
TOKEN_CHANGE r18-586-selective-rf public586 synthetic-65536-5-1
TOKEN_CHANGE r18-586-selective-rf public586 synthetic-65536-5-987654321
TOKEN_CHANGE r18-586-selective-rf public586 synthetic-65537-5-1
TOKEN_CHANGE r18-586-selective-rf public586 synthetic-65537-5-987654321
TOKEN_CHANGE r18-586-selective-rf public586 synthetic-98305-5-1
TOKEN_CHANGE r18-586-selective-rf public586 synthetic-98305-5-987654321
TOKEN_CHANGE r18-586-selective-rf public586 synthetic-131073-5-1
TOKEN_CHANGE r18-586-selective-rf public586 synthetic-131073-5-987654321
TOKEN_CHANGE r18-586-selective-rf public586 synthetic-131071-5-1
TOKEN_CHANGE r18-586-selective-rf public586 synthetic-131071-5-987654321
TOKEN_CHANGE r18-586-selective-rf public586 synthetic-131072-5-1
TOKEN_CHANGE r18-586-selective-rf public586 synthetic-131072-5-987654321
EQUIVALENCE_RESULT r18-dna-base6-proof2 dna582 540 0
EQUIVALENCE_RESULT r18-586-selective-rf public586 540 0
