[
  {
    "role": "all_primary_candidate_views",
    "calibration": "primary",
    "blocks": 12,
    "runners": 6,
    "zero_own_count": 5,
    "no_top1_reduction_count": 5,
    "top1_count": 1,
    "own_share_pct": {
      "median": 0.02190354742699824,
      "min": 0,
      "max": 17.766498284503836
    },
    "top1_after_pct": {
      "median": 3.719862885701837,
      "min": 3.077242229842821,
      "max": 23.460162379776165
    },
    "top1_reduction_pp": {
      "median": 19.74029949407433,
      "min": 0.0,
      "max": 20.382920149933344
    }
  },
  {
    "role": "all_primary_candidate_views",
    "calibration": "shadow",
    "blocks": 12,
    "runners": 6,
    "zero_own_count": 2,
    "no_top1_reduction_count": 2,
    "top1_count": 1,
    "own_share_pct": {
      "median": 0.03513011594549668,
      "min": 0,
      "max": 15.109979334832815
    },
    "top1_after_pct": {
      "median": 3.590980482111094,
      "min": 2.9637091157082867,
      "max": 23.460162379776165
    },
    "top1_reduction_pp": {
      "median": 19.869181897665072,
      "min": 0.0,
      "max": 20.496453264067878
    }
  }
]
