{
  "snapshot": {
    "snapshot_id": "29551",
    "computed_at": "2026-10-10T12:38:51.556696+00:00",
    "policy_version": "compression-policy-c255effb7d5afeef",
    "status": "ready",
    "freshness": "unknown",
    "freshness_reason": "Recorded scoring pass; live policy changes require a new pass."
  },
  "current_top1": {
    "id": "595",
    "metrics": {
      "balanced_time_ratio": 0.4318296104699827,
      "mean_file_compression_pct": 36.57814279549815,
      "total_compression_seconds": 0.5958112789999999,
      "lz77_seconds": 0.11120795000000001,
      "byte_weighted_compression_pct": 33.86593534212178
    },
    "payable_share_pct": 23.460162379776165
  },
  "summaries": [
    {
      "candidate": "r20-539-csv-prev16-proof1",
      "calibration": "primary",
      "n": 4,
      "top1_count": 0,
      "top1_dominated_count": 0,
      "zero_count": 1,
      "new_share_pct": {
        "median": 0.11871468521197975,
        "min": 0,
        "max": 0.2284976031027013
      },
      "top1_after_pct": {
        "median": 22.45756730386654,
        "min": 17.145268390721835,
        "max": 23.460162379776165
      },
      "top1_reduction_pp": {
        "median": 1.002595075909623,
        "min": 0.0,
        "max": 6.31489398905433
      }
    },
    {
      "candidate": "r20-539-csv-prev16-proof1",
      "calibration": "shadow",
      "n": 4,
      "top1_count": 0,
      "top1_dominated_count": 0,
      "zero_count": 1,
      "new_share_pct": {
        "median": 0.1579998748367379,
        "min": 0,
        "max": 0.21437724623884863
      },
      "top1_after_pct": {
        "median": 21.014440041357943,
        "min": 18.47565272707049,
        "max": 23.460162379776165
      },
      "top1_reduction_pp": {
        "median": 2.445722338418223,
        "min": 0.0,
        "max": 4.984509652705675
      }
    },
    {
      "candidate": "r20-539-csv-singlehead",
      "calibration": "primary",
      "n": 4,
      "top1_count": 0,
      "top1_dominated_count": 0,
      "zero_count": 0,
      "new_share_pct": {
        "median": 0.02884818169772429,
        "min": 0.019748332680361642,
        "max": 0.04435671823177927
      },
      "top1_after_pct": {
        "median": 3.5722169903676653,
        "min": 3.3213351945297913,
        "max": 3.7732187244227724
      },
      "top1_reduction_pp": {
        "median": 19.8879453894085,
        "min": 19.686943655353392,
        "max": 20.138827185246374
      }
    },
    {
      "candidate": "r20-539-csv-singlehead",
      "calibration": "shadow",
      "n": 4,
      "top1_count": 0,
      "top1_dominated_count": 0,
      "zero_count": 0,
      "new_share_pct": {
        "median": 0.027611823373273187,
        "min": 0.020792356630657982,
        "max": 0.04071115092444755
      },
      "top1_after_pct": {
        "median": 3.590980482111094,
        "min": 3.369577604460399,
        "max": 3.745834324498227
      },
      "top1_reduction_pp": {
        "median": 19.869181897665072,
        "min": 19.71432805527794,
        "max": 20.090584775315765
      }
    }
  ]
}
