{
  "runs": 2,
  "paired_processes": 32,
  "candidates": [
    {
      "candidate": "r20-539-csv-prev16-proof1",
      "summary": {
        "primary": {
          "n": 4,
          "best_pct": 0.2284976031027013,
          "median_pct": 0.11871468521197975,
          "range_pct": [
            0.0,
            0.2284976031027013
          ],
          "zero_count": 1,
          "at_least_5_count": 0,
          "at_least_15_count": 0,
          "runner_count": 2,
          "runner_equal_center_time": 0.4329108019917973,
          "projected_size_pct": 36.56528986733772,
          "score_at_center_NOT_expected_reward_pct": 0.11550425781732596
        },
        "shadow": {
          "n": 4,
          "best_pct": 0.21437724623884863,
          "median_pct": 0.1579998748367379,
          "range_pct": [
            0.0,
            0.21437724623884863
          ],
          "zero_count": 1,
          "at_least_5_count": 0,
          "at_least_15_count": 0,
          "runner_count": 2,
          "runner_equal_center_time": 0.43297380644798056,
          "projected_size_pct": 36.56528986733772,
          "score_at_center_NOT_expected_reward_pct": 0.1098190523265221
        }
      },
      "verified_pairs": [
        {
          "run_id": "38050376062",
          "files": {
            "parse.rs": "555cc1e218af969cc6b153fb79299fc8bcd7e862938932b1a70570eb944dca4f",
            "Parse.lean": "0c5ca36bc2bd7c802d25c0df6b5307909e55621a3df2a713911956369947280d"
          },
          "source_path": "candidates/r20-539-csv-prev16-proof1",
          "receipt": "evidence/round20/38050376062/gate-prev16-1/exact-gate/exact-gate/gate-receipt.json",
          "scope": "exact separate original public gate"
        }
      ]
    },
    {
      "candidate": "r20-539-csv-singlehead",
      "summary": {
        "primary": {
          "n": 4,
          "best_pct": 0.04435671823177927,
          "median_pct": 0.02884818169772429,
          "range_pct": [
            0.019748332680361642,
            0.04435671823177927
          ],
          "zero_count": 0,
          "at_least_5_count": 0,
          "at_least_15_count": 0,
          "runner_count": 2,
          "runner_equal_center_time": 0.4303331954049159,
          "projected_size_pct": 36.80152655724789,
          "score_at_center_NOT_expected_reward_pct": 0.030438458288761707
        },
        "shadow": {
          "n": 4,
          "best_pct": 0.04071115092444755,
          "median_pct": 0.027611823373273187,
          "range_pct": [
            0.020792356630657982,
            0.04071115092444755
          ],
          "zero_count": 0,
          "at_least_5_count": 0,
          "at_least_15_count": 0,
          "runner_count": 2,
          "runner_equal_center_time": 0.4303949206055307,
          "projected_size_pct": 36.80152655724789,
          "score_at_center_NOT_expected_reward_pct": 0.029174431626384258
        }
      },
      "verified_pairs": [
        {
          "run_id": "38050943131",
          "files": {
            "parse.rs": "a2341a458a6344aceac36efa209ea2bd083658fbe105a9f85e7c614cc4cbdfea",
            "Parse.lean": "5238d0258e8c6c2fd72d29a3e03f9b6446305fc7d3211c9b876cfdf6978140aa"
          },
          "source_path": "candidates/r20-539-csv-singlehead",
          "receipt": "evidence/round20/38050943131/gate-singlehead-1/exact-gate/exact-gate/gate-receipt.json",
          "scope": "exact separate original public gate"
        }
      ]
    }
  ],
  "same_source_controls": [
    {
      "run_id": "38051540412",
      "block": 1,
      "shadow": "public539-shadow",
      "parent": "public539",
      "relative_time_gap_pct": 0.0802174549199064,
      "same_binary_sha256": "c95fa99d74c32e257a2f8a2379650525ab695173547d6542377e4b1b78d888a1"
    },
    {
      "run_id": "38051540412",
      "block": 2,
      "shadow": "public539-shadow",
      "parent": "public539",
      "relative_time_gap_pct": 0.11138378190524989,
      "same_binary_sha256": "c95fa99d74c32e257a2f8a2379650525ab695173547d6542377e4b1b78d888a1"
    },
    {
      "run_id": "38051548407",
      "block": 1,
      "shadow": "public539-shadow",
      "parent": "public539",
      "relative_time_gap_pct": -0.2116258505407198,
      "same_binary_sha256": "c95fa99d74c32e257a2f8a2379650525ab695173547d6542377e4b1b78d888a1"
    },
    {
      "run_id": "38051548407",
      "block": 2,
      "shadow": "public539-shadow",
      "parent": "public539",
      "relative_time_gap_pct": -0.037112447432841034,
      "same_binary_sha256": "c95fa99d74c32e257a2f8a2379650525ab695173547d6542377e4b1b78d888a1"
    }
  ],
  "joint_rows": 8
}
