ENCODER_NATIVE 0 binary.db.bin public514 82894 50441
ENCODER_NATIVE 0 binary.db.bin base603 70756 48828
ENCODER_NATIVE 0 binary.db.bin nooverlap 70756 48828
ENCODER_NATIVE 0 binary.db.bin r21-a-packed-cost 70756 48828
ENCODER_NATIVE 1 bundle.min.js.txt public514 325697 190824
ENCODER_NATIVE 1 bundle.min.js.txt base603 287344 202339
ENCODER_NATIVE 1 bundle.min.js.txt nooverlap 287344 202339
ENCODER_NATIVE 1 bundle.min.js.txt r21-a-packed-cost 287344 202339
ENCODER_NATIVE 2 catalog.xml.txt public514 69271 45579
ENCODER_NATIVE 2 catalog.xml.txt base603 58065 38884
ENCODER_NATIVE 2 catalog.xml.txt nooverlap 58065 38884
ENCODER_NATIVE 2 catalog.xml.txt r21-a-packed-cost 58065 38884
ENCODER_NATIVE 3 compressed.bin public514 300095 300000
ENCODER_NATIVE 3 compressed.bin base603 299610 298918
ENCODER_NATIVE 3 compressed.bin nooverlap 299610 298918
ENCODER_NATIVE 3 compressed.bin r21-a-packed-cost 299610 298918
ENCODER_NATIVE 4 config.yaml.txt public514 90556 59218
ENCODER_NATIVE 4 config.yaml.txt base603 80986 50995
ENCODER_NATIVE 4 config.yaml.txt nooverlap 80986 50995
ENCODER_NATIVE 4 config.yaml.txt r21-a-packed-cost 80986 50995
ENCODER_NATIVE 5 docs.md.txt public514 243632 157463
ENCODER_NATIVE 5 docs.md.txt base603 215495 129268
ENCODER_NATIVE 5 docs.md.txt nooverlap 215495 129268
ENCODER_NATIVE 5 docs.md.txt r21-a-packed-cost 215495 129268
ENCODER_NATIVE 6 dump.sql.txt public514 19941 15151
ENCODER_NATIVE 6 dump.sql.txt base603 16377 17697
ENCODER_NATIVE 6 dump.sql.txt nooverlap 16377 17697
ENCODER_NATIVE 6 dump.sql.txt r21-a-packed-cost 16377 17697
ENCODER_NATIVE 7 genome.fasta public514 283718 176189
ENCODER_NATIVE 7 genome.fasta base603 256489 589207
ENCODER_NATIVE 7 genome.fasta nooverlap 256489 589207
ENCODER_NATIVE 7 genome.fasta r21-a-packed-cost 256489 589207
ENCODER_NATIVE 8 images.bin public514 229171 226885
ENCODER_NATIVE 8 images.bin base603 223467 214959
ENCODER_NATIVE 8 images.bin nooverlap 223467 214959
ENCODER_NATIVE 8 images.bin r21-a-packed-cost 223467 214959
ENCODER_NATIVE 9 lean.txt public514 264653 161293
ENCODER_NATIVE 9 lean.txt base603 222834 124341
ENCODER_NATIVE 9 lean.txt nooverlap 222834 124341
ENCODER_NATIVE 9 lean.txt r21-a-packed-cost 222834 124341
ENCODER_NATIVE 10 machine-code.bin public514 171918 122482
ENCODER_NATIVE 10 machine-code.bin base603 158932 120943
ENCODER_NATIVE 10 machine-code.bin nooverlap 158932 120943
ENCODER_NATIVE 10 machine-code.bin r21-a-packed-cost 158932 120943
ENCODER_NATIVE 11 metrics.csv.txt public514 284703 220653
ENCODER_NATIVE 11 metrics.csv.txt base603 251318 232386
ENCODER_NATIVE 11 metrics.csv.txt nooverlap 251318 232386
ENCODER_NATIVE 11 metrics.csv.txt r21-a-packed-cost 251318 232386
ENCODER_NATIVE 12 multibyte.txt public514 292855 196725
ENCODER_NATIVE 12 multibyte.txt base603 254042 149029
ENCODER_NATIVE 12 multibyte.txt nooverlap 254042 149029
ENCODER_NATIVE 12 multibyte.txt r21-a-packed-cost 254042 149029
ENCODER_NATIVE 13 page.html.txt public514 111342 75088
ENCODER_NATIVE 13 page.html.txt base603 98910 63805
ENCODER_NATIVE 13 page.html.txt nooverlap 98910 63805
ENCODER_NATIVE 13 page.html.txt r21-a-packed-cost 98910 63805
ENCODER_NATIVE 14 prose.txt public514 620035 365040
ENCODER_NATIVE 14 prose.txt base603 540998 311429
ENCODER_NATIVE 14 prose.txt nooverlap 540998 311429
ENCODER_NATIVE 14 prose.txt r21-a-packed-cost 540998 311429
ENCODER_NATIVE 15 records.json.txt public514 75503 78317
ENCODER_NATIVE 15 records.json.txt base603 69148 74002
ENCODER_NATIVE 15 records.json.txt nooverlap 69148 74002
ENCODER_NATIVE 15 records.json.txt r21-a-packed-cost 69148 74002
ENCODER_NATIVE 16 server.log public514 29230 23582
ENCODER_NATIVE 16 server.log base603 25830 23197
ENCODER_NATIVE 16 server.log nooverlap 25830 23197
ENCODER_NATIVE 16 server.log r21-a-packed-cost 25830 23197
ENCODER_NATIVE 17 source.c.txt public514 380012 235866
ENCODER_NATIVE 17 source.c.txt base603 333068 191328
ENCODER_NATIVE 17 source.c.txt nooverlap 333068 191328
ENCODER_NATIVE 17 source.c.txt r21-a-packed-cost 333068 191328
ENCODER_NATIVE 18 source.py.txt public514 141452 88808
ENCODER_NATIVE 18 source.py.txt base603 125154 75325
ENCODER_NATIVE 18 source.py.txt nooverlap 125154 75325
ENCODER_NATIVE 18 source.py.txt r21-a-packed-cost 125154 75325
ENCODER_NATIVE 19 source.rs.txt public514 144447 88318
ENCODER_NATIVE 19 source.rs.txt base603 125971 74073
ENCODER_NATIVE 19 source.rs.txt nooverlap 125971 74073
ENCODER_NATIVE 19 source.rs.txt r21-a-packed-cost 125971 74073
ENCODER_NATIVE 20 sourcemap.map.txt public514 75873 48664
ENCODER_NATIVE 20 sourcemap.map.txt base603 64432 40223
ENCODER_NATIVE 20 sourcemap.map.txt nooverlap 64432 40223
ENCODER_NATIVE 20 sourcemap.map.txt r21-a-packed-cost 64432 40223
ENCODER_NATIVE 21 sparse.bin public514 1270 1458
ENCODER_NATIVE 21 sparse.bin base603 1193 1236
ENCODER_NATIVE 21 sparse.bin nooverlap 1193 1236
ENCODER_NATIVE 21 sparse.bin r21-a-packed-cost 1193 1236
ENCODER_NATIVE 22 tiny-app.log public514 1270 998
ENCODER_NATIVE 22 tiny-app.log base603 845 613
ENCODER_NATIVE 22 tiny-app.log nooverlap 845 613
ENCODER_NATIVE 22 tiny-app.log r21-a-packed-cost 845 613
ENCODER_NATIVE 23 tiny-config.json.txt public514 2487 3094
ENCODER_NATIVE 23 tiny-config.json.txt base603 2077 2109
ENCODER_NATIVE 23 tiny-config.json.txt nooverlap 2077 2109
ENCODER_NATIVE 23 tiny-config.json.txt r21-a-packed-cost 2077 2109
ENCODER_NATIVE 24 weights-bf16.bin public514 365611 265242
ENCODER_NATIVE 24 weights-bf16.bin base603 353926 438670
ENCODER_NATIVE 24 weights-bf16.bin nooverlap 353926 438670
ENCODER_NATIVE 24 weights-bf16.bin r21-a-packed-cost 353926 438670
ENCODER_NATIVE 25 weights-f16.bin public514 212660 250000
ENCODER_NATIVE 25 weights-f16.bin base603 212660 250000
ENCODER_NATIVE 25 weights-f16.bin nooverlap 212660 250000
ENCODER_NATIVE 25 weights-f16.bin r21-a-packed-cost 212660 250000
ENCODER_NATIVE 26 weights-f32.bin public514 284138 285782
ENCODER_NATIVE 26 weights-f32.bin base603 278801 284464
ENCODER_NATIVE 26 weights-f32.bin nooverlap 278801 284464
ENCODER_NATIVE 26 weights-f32.bin r21-a-packed-cost 278801 284464
ENCODER_NATIVE 27 weights-q8.bin public514 235572 250000
ENCODER_NATIVE 27 weights-q8.bin base603 235572 250000
ENCODER_NATIVE 27 weights-q8.bin nooverlap 235572 250000
ENCODER_NATIVE 27 weights-q8.bin r21-a-packed-cost 235572 250000
