verifying /home/runner/work/_temp/round4-receipts/exact-gate/input
workspace: /home/runner/work/_temp/deflate-upstream/data/verification-workspace/verify-kjpjrqxy

0 intake      ok — input: parse.rs, Parse.lean
1 policy      ok — source prefilters passed
2 static      ok — resolved operations: alloc::alloc::Global::{impl}::drop_glue, alloc::vec::Vec::{impl}::drop_glue, alloc::vec::{impl}::deref, alloc::vec::{impl}::deref_mut, alloc::vec::{impl}::index, alloc::vec::{impl}::index_mut, alloc::vec::{impl}::len, alloc::vec::{impl}::new, alloc::vec::{impl}::push, alloc::vec::{impl}::with_capacity, core::num::{impl}::leading_zeros, core::num::{impl}::saturating_add, core::num::{impl}::saturating_sub, core::num::{impl}::wrapping_add, core::num::{impl}::wrapping_mul, core::num::{impl}::wrapping_shr, core::num::{impl}::wrapping_sub, core::slice::index::{impl}::get, core::slice::index::{impl}::get_mut, core::slice::index::{impl}::get_unchecked, core::slice::index::{impl}::get_unchecked_mut, core::slice::index::{impl}::index, core::slice::index::{impl}::index_mut, core::slice::{impl}::len
3 extract     ok — charon+aeneas re-run by the verifier, no new axioms

REJECTED at stage 4 (statement)
   Submission.X239.ED.umin_spec: (kernel) constant has already been declared 'Submission.X239.ED.umin_spec.mvcgen_spec'
Proof/Parse.lean:11937:17: warning: Could not generate mvcgen spec for Submission.X239.ED.walk_bump_spec: (kernel) constant has already been declared 'Submission.X239.ED.walk_bump_spec.mvcgen_spec'
Proof/Parse.lean:11937:17: warning: Could not generate mvcgen spec for Submission.a_word_at_spec: (kernel) constant has already been declared 'Submission.a_word_at_spec.mvcgen_spec'
Proof/Parse.lean:11937:17: warning: Could not generate mvcgen spec for Submission.zeros_spec: (kernel) constant has already been declared 'Submission.zeros_spec.mvcgen_spec'
Proof/Parse.lean:12469:26: warning: Used `tac1 <;> tac2` where `(tac1; tac2)` would suffice

Note: This linter can be disabled with `set_option linter.unnecessarySeqFocus false`
Proof/Parse.lean:12507:26: warning: Used `tac1 <;> tac2` where `(tac1; tac2)` would suffice

Note: This linter can be disabled with `set_option linter.unnecessarySeqFocus false`
Proof/Parse.lean:12661:17: warning: Could not generate mvcgen spec for Submission.R18SF.SFshape_spec: (kernel) constant has already been declared 'Submission.R18SF.SFshape_spec.mvcgen_spec'
Proof/Parse.lean:12670:31: error: Tactic `assumption` failed

input : Slice U8
out : Slice U32
hlen : input.length ≤ out.length
nt : Usize
out1 : Slice U32
_✝² : [> let(nt, out1) ← slot.r18_base input out <]
nt_post1 : ↑nt ≤ input.length
nt_post2 : out1.length = out.length
nt_post3 : LZ77.Valid (bytes input) (toks out1 ↑nt)
h✝³ : input.len ≥ 65536#usize
h✝² : input.len < 16777216#usize
cls : Usize
_✝¹ : [> let cls ← slot.classify input <]
h✝¹ : cls ≥ 4#usize
h✝ : cls ≤ 12#usize
plan : alloc.vec.Vec U32
_✝ : [> let plan ← slot.SFshape input out1 nt <]
r : Usize × Slice U32
_ : [> let r ← slot.emit_pos input plan.deref out1 <]
r_post1 : ↑r.1 ≤ input.length
r_post2 : r.2.length = out1.length
r_post3 : LZ77.decode (toks r.2 ↑r.1) = some (bytes input)
⊢ r.2.length = out.length
[32m2026-10-10 02:33:43.698[0m | [34m[1mDEBUG   [0m | [36m__main__[0m:[36mmain[0m:[36m649[0m - [34m[1m[gate] benchmark sandbox: bwrap, 300s, 2048 MB, cpus=any[0m
[32m2026-10-10 02:33:43.701[0m | [34m[1mDEBUG   [0m | [36m__main__[0m:[36mstage_intake[0m:[36m261[0m - [34m[1m[gate] parse.rs 16390a77d6b500f9 -> slot/generated/parse.rs[0m
[32m2026-10-10 02:33:43.702[0m | [34m[1mDEBUG   [0m | [36m__main__[0m:[36mstage_intake[0m:[36m261[0m - [34m[1m[gate] Parse.lean 20ec7cc08262d2ac -> lean/Proof/Parse.lean[0m
[32m2026-10-10 02:33:43.868[0m | [34m[1mDEBUG   [0m | [36msandbox.bwrap[0m:[36mrun[0m:[36m110[0m - [34m[1m[bwrap] rustup exit=0 in 0.0s[0m
[32m2026-10-10 02:33:46.215[0m | [34m[1mDEBUG   [0m | [36msandbox.bwrap[0m:[36mrun[0m:[36m110[0m - [34m[1m[bwrap] extract.sh exit=0 in 2.3s[0m
[32m2026-10-10 02:35:04.025[0m | [34m[1mDEBUG   [0m | [36msandbox.bwrap[0m:[36mrun[0m:[36m110[0m - [34m[1m[bwrap] extract.sh exit=0 in 75.3s[0m
[32m2026-10-10 02:35:04.027[0m | [34m[1mDEBUG   [0m | [36m__main__[0m:[36mstage_extract[0m:[36m356[0m - [34m[1m[gate] extracted Types.lean 276d4089d337e0d7, Funs.lean d289599ce05e74db, Constants.lean 17bbab49961fb586[0m
[32m2026-10-10 02:35:06.093[0m | [34m[1mDEBUG   [0m | [36msandbox.bwrap[0m:[36mrun[0m:[36m110[0m - [34m[1m[bwrap] lake exit=0 in 2.1s[0m
[32m2026-10-10 02:37:47.574[0m | [34m[1mDEBUG   [0m | [36msandbox.bwrap[0m:[36mrun[0m:[36m110[0m - [34m[1m[bwrap] lake exit=0 in 161.5s[0m
[32m2026-10-10 02:43:39.198[0m | [34m[1mDEBUG   [0m | [36msandbox.bwrap[0m:[36mrun[0m:[36m110[0m - [34m[1m[bwrap] lake exit=1 in 351.6s[0m
[32m2026-10-10 02:43:39.199[0m | [1mINFO    [0m | [36m__main__[0m:[36mfail[0m:[36m116[0m - [1m[gate] rejected at stage 4 (statement)[0m
