[32m2026-10-07 06:48:02.442[0m | [34m[1mDEBUG   [0m | [36m__main__[0m:[36mmain[0m:[36m649[0m - [34m[1m[gate] benchmark sandbox: bwrap, 300s, 2048 MB, cpus=any[0m
[32m2026-10-07 06:48:02.445[0m | [34m[1mDEBUG   [0m | [36m__main__[0m:[36mstage_intake[0m:[36m261[0m - [34m[1m[gate] parse.rs d9826bc92ba02f49 -> slot/generated/parse.rs[0m
[32m2026-10-07 06:48:02.446[0m | [34m[1mDEBUG   [0m | [36m__main__[0m:[36mstage_intake[0m:[36m261[0m - [34m[1m[gate] Parse.lean ac2d894b3a4ccacb -> lean/Proof/Parse.lean[0m
[32m2026-10-07 06:48:02.567[0m | [34m[1mDEBUG   [0m | [36msandbox.bwrap[0m:[36mrun[0m:[36m110[0m - [34m[1m[bwrap] rustup exit=0 in 0.0s[0m
[32m2026-10-07 06:48:04.738[0m | [34m[1mDEBUG   [0m | [36msandbox.bwrap[0m:[36mrun[0m:[36m110[0m - [34m[1m[bwrap] extract.sh exit=0 in 2.2s[0m
[32m2026-10-07 06:49:24.904[0m | [34m[1mDEBUG   [0m | [36msandbox.bwrap[0m:[36mrun[0m:[36m110[0m - [34m[1m[bwrap] extract.sh exit=0 in 78.8s[0m
[32m2026-10-07 06:49:24.905[0m | [34m[1mDEBUG   [0m | [36m__main__[0m:[36mstage_extract[0m:[36m356[0m - [34m[1m[gate] extracted Types.lean d791bec2389764d9, Funs.lean 742753bcb97ffafe, Constants.lean 65c8f96c5ecfc643[0m
[32m2026-10-07 06:49:27.585[0m | [34m[1mDEBUG   [0m | [36msandbox.bwrap[0m:[36mrun[0m:[36m110[0m - [34m[1m[bwrap] lake exit=0 in 2.7s[0m
[32m2026-10-07 06:50:27.102[0m | [34m[1mDEBUG   [0m | [36msandbox.bwrap[0m:[36mrun[0m:[36m110[0m - [34m[1m[bwrap] lake exit=0 in 59.5s[0m
[32m2026-10-07 07:01:34.002[0m | [34m[1mDEBUG   [0m | [36msandbox.bwrap[0m:[36mrun[0m:[36m110[0m - [34m[1m[bwrap] lake exit=0 in 666.9s[0m
[32m2026-10-07 07:01:37.698[0m | [34m[1mDEBUG   [0m | [36msandbox.bwrap[0m:[36mrun[0m:[36m110[0m - [34m[1m[bwrap] lake exit=0 in 3.7s[0m
[32m2026-10-07 07:01:40.284[0m | [34m[1mDEBUG   [0m | [36msandbox.bwrap[0m:[36mrun[0m:[36m110[0m - [34m[1m[bwrap] lake exit=0 in 2.6s[0m
[32m2026-10-07 07:01:40.285[0m | [34m[1mDEBUG   [0m | [36m__main__[0m:[36mstage_axioms[0m:[36m423[0m - [34m[1m[gate] axiom query stdout: "'accepted' depends on axioms: [propext, Classical.choice, Quot.sound]"[0m
[32m2026-10-07 07:01:40.290[0m | [1mINFO    [0m | [36m__main__[0m:[36mmain[0m:[36m703[0m - [1m[gate] verification accepted in 817.9s (bwrap, 900s, 16384 MB)[0m
[32m2026-10-07 07:01:40.469[0m | [34m[1mDEBUG   [0m | [36msandbox.bwrap[0m:[36mrun[0m:[36m110[0m - [34m[1m[bwrap] rustc exit=0 in 0.1s[0m
[32m2026-10-07 07:01:42.796[0m | [34m[1mDEBUG   [0m | [36msandbox.bwrap[0m:[36mrun[0m:[36m110[0m - [34m[1m[bwrap] cargo exit=0 in 2.3s[0m
[32m2026-10-07 07:01:42.796[0m | [34m[1mDEBUG   [0m | [36mbench.driver[0m:[36m_build[0m:[36m295[0m - [34m[1m[bench] built incumbent in 2.3s exit=0[0m
[32m2026-10-07 07:01:46.656[0m | [34m[1mDEBUG   [0m | [36msandbox.bwrap[0m:[36mrun[0m:[36m110[0m - [34m[1m[bwrap] cargo exit=0 in 3.9s[0m
[32m2026-10-07 07:01:46.656[0m | [34m[1mDEBUG   [0m | [36mbench.driver[0m:[36m_build[0m:[36m295[0m - [34m[1m[bench] built submission in 3.9s exit=0[0m
[32m2026-10-07 07:02:32.238[0m | [34m[1mDEBUG   [0m | [36msandbox.bwrap[0m:[36mrun[0m:[36m110[0m - [34m[1m[bwrap] measure exit=0 in 45.6s[0m
[32m2026-10-07 07:02:32.239[0m | [34m[1mDEBUG   [0m | [36mbench.driver[0m:[36m_measure[0m:[36m333[0m - [34m[1m[bench] measured submission in 45.6s exit=0[0m
verifying /home/runner/work/_temp/round4-receipts/input-r4-hybrid-h16-small299
workspace: /home/runner/work/_temp/deflate-upstream/data/verification-workspace/verify-755y3ue8

0 intake      ok — input-r4-hybrid-h16-small299: parse.rs, Parse.lean
1 policy      ok — source prefilters passed
2 static      ok — resolved operations: alloc::alloc::Global::{impl}::drop_glue, alloc::vec::Vec::{impl}::drop_glue, alloc::vec::{impl}::deref, alloc::vec::{impl}::deref_mut, alloc::vec::{impl}::index, alloc::vec::{impl}::index_mut, alloc::vec::{impl}::len, alloc::vec::{impl}::new, alloc::vec::{impl}::push, alloc::vec::{impl}::with_capacity, core::num::{impl}::leading_zeros, core::num::{impl}::saturating_add, core::num::{impl}::saturating_sub, core::num::{impl}::wrapping_add, core::num::{impl}::wrapping_mul, core::num::{impl}::wrapping_shl, core::num::{impl}::wrapping_shr, core::num::{impl}::wrapping_sub, core::slice::index::{impl}::get, core::slice::index::{impl}::get_mut, core::slice::index::{impl}::get_unchecked, core::slice::index::{impl}::get_unchecked_mut, core::slice::index::{impl}::index, core::slice::index::{impl}::index_mut, core::slice::{impl}::len
3 extract     ok — charon+aeneas re-run by the verifier, no new axioms
4 statement   ok — `LZ77.Obligation slot.parse` typechecks (bwrap, 900s, 16384 MB)
5 axioms      ok — ['Classical.choice', 'Quot.sound', 'propext']; extraction intact
6 score       running…

Corpus: corpus-stage1
file                       raw  incumbent  submission
-----------------------------------------------------
binary.db.bin           500000      76338       71258
bundle.min.js.txt      1000000     301618      287541
catalog.xml.txt         500000      62314       58414
compressed.bin          300000     300194      299569
config.yaml.txt         400000      85384       81121
docs.md.txt             800000     226973      216052
dump.sql.txt            150000      20817       16439
genome.fasta            900000     292479      256729
images.bin              250000     223767      223489
lean.txt               1000000     235059      223067
machine-code.bin        500000     167357      159658
metrics.csv.txt        1300000     287282      252057
multibyte.txt          1100000     273630      254423
page.html.txt           600000     103618       99002
prose.txt              1500000     579041      541386
records.json.txt        400000      72255       69227
server.log              300000      29404       26025
source.c.txt           1400000     354325      333421
source.py.txt           600000     132748      125270
source.rs.txt           700000     134069      126285
sourcemap.map.txt       350000      68389       64459
sparse.bin               40000       1234        1193
tiny-app.log             28000        965         835
tiny-config.json.txt     12000       2107        2076
weights-bf16.bin        450000     362200      354028
weights-f16.bin         250000     216274      212660
weights-f32.bin         350000     284747      279107
weights-q8.bin          250000     236246      235572
-----------------------------------------------------
TOTAL                 15930000    5130834     4870363

method        bytes     ratio    lz77  encode   total  slowdown
--------------------------------------------------------------------------------------------------------------
incumbent   5130834  1.00000x  0.472s  0.170s  0.643s     1.00x  the incumbent
submission  4870363  0.94923x  2.911s  0.182s  3.094s     4.81x  ACCEPTED — 5.077% smaller than the incumbent.

ACCEPTED — 5.077% smaller than the incumbent.
