[32m2026-10-09 10:34:41.216[0m | [34m[1mDEBUG   [0m | [36m__main__[0m:[36mmain[0m:[36m649[0m - [34m[1m[gate] benchmark sandbox: bwrap, 300s, 2048 MB, cpus=any[0m
[32m2026-10-09 10:34:41.219[0m | [34m[1mDEBUG   [0m | [36m__main__[0m:[36mstage_intake[0m:[36m261[0m - [34m[1m[gate] parse.rs 80a7c705d113694e -> slot/generated/parse.rs[0m
[32m2026-10-09 10:34:41.221[0m | [34m[1mDEBUG   [0m | [36m__main__[0m:[36mstage_intake[0m:[36m261[0m - [34m[1m[gate] Parse.lean 3c1dcba580f6a06f -> lean/Proof/Parse.lean[0m
[32m2026-10-09 10:34:41.415[0m | [34m[1mDEBUG   [0m | [36msandbox.bwrap[0m:[36mrun[0m:[36m110[0m - [34m[1m[bwrap] rustup exit=0 in 0.0s[0m
[32m2026-10-09 10:34:43.241[0m | [34m[1mDEBUG   [0m | [36msandbox.bwrap[0m:[36mrun[0m:[36m110[0m - [34m[1m[bwrap] extract.sh exit=0 in 1.8s[0m
[32m2026-10-09 10:36:14.224[0m | [34m[1mDEBUG   [0m | [36msandbox.bwrap[0m:[36mrun[0m:[36m110[0m - [34m[1m[bwrap] extract.sh exit=0 in 88.2s[0m
[32m2026-10-09 10:36:14.226[0m | [34m[1mDEBUG   [0m | [36m__main__[0m:[36mstage_extract[0m:[36m356[0m - [34m[1m[gate] extracted Types.lean 3e23f2dddf41a84e, Funs.lean 61834955a67c97ec, Constants.lean 64c7df5760f9aad3[0m
[32m2026-10-09 10:36:16.666[0m | [34m[1mDEBUG   [0m | [36msandbox.bwrap[0m:[36mrun[0m:[36m110[0m - [34m[1m[bwrap] lake exit=0 in 2.4s[0m
[32m2026-10-09 10:37:59.262[0m | [34m[1mDEBUG   [0m | [36msandbox.bwrap[0m:[36mrun[0m:[36m110[0m - [34m[1m[bwrap] lake exit=0 in 102.6s[0m
[32m2026-10-09 10:49:11.207[0m | [34m[1mDEBUG   [0m | [36msandbox.bwrap[0m:[36mrun[0m:[36m110[0m - [34m[1m[bwrap] lake exit=0 in 671.9s[0m
[32m2026-10-09 10:49:13.924[0m | [34m[1mDEBUG   [0m | [36msandbox.bwrap[0m:[36mrun[0m:[36m110[0m - [34m[1m[bwrap] lake exit=0 in 2.7s[0m
[32m2026-10-09 10:49:16.534[0m | [34m[1mDEBUG   [0m | [36msandbox.bwrap[0m:[36mrun[0m:[36m110[0m - [34m[1m[bwrap] lake exit=0 in 2.6s[0m
[32m2026-10-09 10:49:16.534[0m | [34m[1mDEBUG   [0m | [36m__main__[0m:[36mstage_axioms[0m:[36m423[0m - [34m[1m[gate] axiom query stdout: "'accepted' depends on axioms: [propext, Classical.choice, Quot.sound]"[0m
[32m2026-10-09 10:49:16.542[0m | [1mINFO    [0m | [36m__main__[0m:[36mmain[0m:[36m703[0m - [1m[gate] verification accepted in 875.4s (bwrap, 900s, 16384 MB)[0m
[32m2026-10-09 10:49:16.598[0m | [34m[1mDEBUG   [0m | [36msandbox.bwrap[0m:[36mrun[0m:[36m110[0m - [34m[1m[bwrap] rustc exit=0 in 0.0s[0m
[32m2026-10-09 10:49:18.796[0m | [34m[1mDEBUG   [0m | [36msandbox.bwrap[0m:[36mrun[0m:[36m110[0m - [34m[1m[bwrap] cargo exit=0 in 2.2s[0m
[32m2026-10-09 10:49:18.796[0m | [34m[1mDEBUG   [0m | [36mbench.driver[0m:[36m_build[0m:[36m295[0m - [34m[1m[bench] built incumbent in 2.2s exit=0[0m
[32m2026-10-09 10:49:24.300[0m | [34m[1mDEBUG   [0m | [36msandbox.bwrap[0m:[36mrun[0m:[36m110[0m - [34m[1m[bwrap] cargo exit=0 in 5.5s[0m
[32m2026-10-09 10:49:24.300[0m | [34m[1mDEBUG   [0m | [36mbench.driver[0m:[36m_build[0m:[36m295[0m - [34m[1m[bench] built submission in 5.5s exit=0[0m
[32m2026-10-09 10:50:06.581[0m | [34m[1mDEBUG   [0m | [36msandbox.bwrap[0m:[36mrun[0m:[36m110[0m - [34m[1m[bwrap] measure exit=0 in 42.3s[0m
[32m2026-10-09 10:50:06.581[0m | [34m[1mDEBUG   [0m | [36mbench.driver[0m:[36m_measure[0m:[36m333[0m - [34m[1m[bench] measured submission in 42.3s exit=0[0m
verifying /home/runner/work/_temp/round4-receipts/input-r15-550-base-only
workspace: /home/runner/work/_temp/deflate-upstream/data/verification-workspace/verify-7le49evd

0 intake      ok — input-r15-550-base-only: parse.rs, Parse.lean
1 policy      ok — source prefilters passed
2 static      ok — resolved operations: alloc::alloc::Global::{impl}::drop_glue, alloc::vec::Vec::{impl}::drop_glue, alloc::vec::{impl}::deref, alloc::vec::{impl}::deref_mut, alloc::vec::{impl}::index, alloc::vec::{impl}::index_mut, alloc::vec::{impl}::len, alloc::vec::{impl}::new, alloc::vec::{impl}::push, alloc::vec::{impl}::with_capacity, core::num::{impl}::leading_zeros, core::num::{impl}::saturating_add, core::num::{impl}::saturating_sub, core::num::{impl}::wrapping_add, core::num::{impl}::wrapping_mul, core::num::{impl}::wrapping_shl, core::num::{impl}::wrapping_shr, core::num::{impl}::wrapping_sub, core::slice::index::{impl}::get, core::slice::index::{impl}::get_mut, core::slice::index::{impl}::get_unchecked, core::slice::index::{impl}::get_unchecked_mut, core::slice::index::{impl}::index, core::slice::index::{impl}::index_mut, core::slice::{impl}::len
3 extract     ok — charon+aeneas re-run by the verifier, no new axioms
4 statement   ok — `LZ77.Obligation slot.parse` typechecks (bwrap, 900s, 16384 MB)
5 axioms      ok — ['Classical.choice', 'Quot.sound', 'propext']; extraction intact
6 score       running…

Corpus: corpus-stage1
file                       raw  incumbent  submission
-----------------------------------------------------
binary.db.bin           500000      76338       70986
bundle.min.js.txt      1000000     301618      287432
catalog.xml.txt         500000      62314       58178
compressed.bin          300000     300194      299566
config.yaml.txt         400000      85384       81026
docs.md.txt             800000     226973      215527
dump.sql.txt            150000      20817       16407
genome.fasta            900000     292479      256489
images.bin              250000     223767      223467
lean.txt               1000000     235059      222926
machine-code.bin        500000     167357      158779
metrics.csv.txt        1300000     287282      251663
multibyte.txt          1100000     273630      254352
page.html.txt           600000     103618       99009
prose.txt              1500000     579041      540942
records.json.txt        400000      72255       69148
server.log              300000      29404       25851
source.c.txt           1400000     354325      333263
source.py.txt           600000     132748      125172
source.rs.txt           700000     134069      125980
sourcemap.map.txt       350000      68389       64440
sparse.bin               40000       1234        1193
tiny-app.log             28000        965         845
tiny-config.json.txt     12000       2107        2077
weights-bf16.bin        450000     362200      353965
weights-f16.bin         250000     216274      212660
weights-f32.bin         350000     284747      278988
weights-q8.bin          250000     236246      235572
-----------------------------------------------------
TOTAL                 15930000    5130834     4865903

method        bytes     ratio    lz77  encode   total  slowdown
--------------------------------------------------------------------------------------------------------------
incumbent   5130834  1.00000x  0.553s  0.201s  0.755s     1.00x  the incumbent
submission  4865903  0.94836x  2.495s  0.212s  2.707s     3.59x  ACCEPTED — 5.164% smaller than the incumbent.

ACCEPTED — 5.164% smaller than the incumbent.
