TOKEN_CHANGE r14-514-hash32 r13-514-abs15 binary.db.bin
TOKEN_CHANGE r14-514-hash32 r13-514-abs15 bundle.min.js.txt
TOKEN_CHANGE r14-514-hash32 r13-514-abs15 catalog.xml.txt
TOKEN_CHANGE r14-514-hash32 r13-514-abs15 config.yaml.txt
TOKEN_CHANGE r14-514-hash32 r13-514-abs15 docs.md.txt
TOKEN_CHANGE r14-514-hash32 r13-514-abs15 dump.sql.txt
TOKEN_CHANGE r14-514-hash32 r13-514-abs15 images.bin
TOKEN_CHANGE r14-514-hash32 r13-514-abs15 lean.txt
TOKEN_CHANGE r14-514-hash32 r13-514-abs15 machine-code.bin
TOKEN_CHANGE r14-514-hash32 r13-514-abs15 metrics.csv.txt
TOKEN_CHANGE r14-514-hash32 r13-514-abs15 multibyte.txt
TOKEN_CHANGE r14-514-hash32 r13-514-abs15 page.html.txt
TOKEN_CHANGE r14-514-hash32 r13-514-abs15 prose.txt
TOKEN_CHANGE r14-514-hash32 r13-514-abs15 records.json.txt
TOKEN_CHANGE r14-514-hash32 r13-514-abs15 server.log
TOKEN_CHANGE r14-514-hash32 r13-514-abs15 source.c.txt
TOKEN_CHANGE r14-514-hash32 r13-514-abs15 source.py.txt
TOKEN_CHANGE r14-514-hash32 r13-514-abs15 source.rs.txt
TOKEN_CHANGE r14-514-hash32 r13-514-abs15 sourcemap.map.txt
EQUIVALENCE_RESULT r14-514-hash32 r13-514-abs15 540 0
