R18_DNA_LENGTH dna582 3 285
R18_DNA_LENGTH dna582 4 4
R18_DNA_LENGTH dna582 5 1
R18_DNA_LENGTH dna582 6 96908
R18_DNA_LENGTH dna582 7 26237
R18_DNA_LENGTH dna582 8 7092
R18_DNA_LENGTH dna582 9 1991
R18_DNA_LENGTH dna582 10 607
R18_DNA_LENGTH dna582 11 179
R18_DNA_LENGTH dna582 12 83
R18_DNA_LENGTH dna582 13 45
R18_DNA_LENGTH dna582 14 23
R18_DNA_LENGTH dna582 15 16
R18_DNA_LENGTH dna582 16 10
R18_DNA_LENGTH dna582 17 12
R18_DNA_LENGTH dna582 18 9
R18_DNA_LENGTH dna582 19 4
R18_DNA_LENGTH dna582 20 6
R18_DNA_LENGTH dna582 21 5
R18_DNA_LENGTH dna582 22 3
R18_DNA_LENGTH dna582 23 2
R18_DNA_LENGTH dna582 24 5
R18_DNA_LENGTH dna582 25 4
R18_DNA_LENGTH dna582 26 5
R18_DNA_LENGTH dna582 27 1
R18_DNA_LENGTH dna582 28 5
R18_DNA_LENGTH dna582 29 2
R18_DNA_LENGTH dna582 30 3
R18_DNA_LENGTH dna582 31 2
R18_DNA_LENGTH dna582 32 3
R18_DNA_LENGTH dna582 33 1
R18_DNA_LENGTH dna582 34 1
R18_DNA_LENGTH dna582 36 5
R18_DNA_LENGTH dna582 38 2
R18_DNA_LENGTH dna582 39 4
R18_DNA_LENGTH dna582 40 2
R18_DNA_LENGTH dna582 41 1
R18_DNA_LENGTH dna582 44 2
R18_DNA_LENGTH dna582 45 1
R18_DNA_LENGTH dna582 46 1
R18_DNA_LENGTH dna582 48 2
R18_DNA_LENGTH dna582 53 1
R18_DNA_LENGTH dna582 56 4
R18_DNA_LENGTH dna582 59 2
R18_DNA_LENGTH dna582 60 1
R18_DNA_LENGTH dna582 61 1
R18_DNA_LENGTH dna582 62 1
R18_DNA_LENGTH dna582 63 2
R18_DNA_LENGTH dna582 65 1
R18_DNA_LENGTH dna582 66 4
R18_DNA_LENGTH dna582 67 2
R18_DNA_LENGTH dna582 69 2
R18_DNA_LENGTH dna582 72 3
R18_DNA_LENGTH dna582 74 2
R18_DNA_LENGTH dna582 75 3
R18_DNA_LENGTH dna582 78 9
R18_DNA_DEMOTE dna582 0 284563 177559 0
R18_DNA_DEMOTE dna582 6 284317 662685 97198
R18_DNA_DEMOTE dna582 8 275828 869751 130527
R18_DNA_DEMOTE dna582 10 276399 891142 133125
R18_DNA_DEMOTE dna582 12 276638 893845 133387
R18_DNA_DEMOTE dna582 16 276855 895058 133481
R18_DNA_DEMOTE dna582 258 277999 900000 133612
R18_DNA_LENGTH split4 3 19
R18_DNA_LENGTH split4 4 4
R18_DNA_LENGTH split4 5 2
R18_DNA_LENGTH split4 6 97745
R18_DNA_LENGTH split4 7 26258
R18_DNA_LENGTH split4 8 7194
R18_DNA_LENGTH split4 9 1996
R18_DNA_LENGTH split4 10 607
R18_DNA_LENGTH split4 11 179
R18_DNA_LENGTH split4 12 83
R18_DNA_LENGTH split4 13 45
R18_DNA_LENGTH split4 14 20
R18_DNA_LENGTH split4 15 17
R18_DNA_LENGTH split4 16 8
R18_DNA_LENGTH split4 17 13
R18_DNA_LENGTH split4 18 11
R18_DNA_LENGTH split4 19 4
R18_DNA_LENGTH split4 20 6
R18_DNA_LENGTH split4 21 5
R18_DNA_LENGTH split4 22 3
R18_DNA_LENGTH split4 23 2
R18_DNA_LENGTH split4 24 5
R18_DNA_LENGTH split4 25 4
R18_DNA_LENGTH split4 26 4
R18_DNA_LENGTH split4 27 1
R18_DNA_LENGTH split4 28 6
R18_DNA_LENGTH split4 29 2
R18_DNA_LENGTH split4 30 3
R18_DNA_LENGTH split4 31 2
R18_DNA_LENGTH split4 32 3
R18_DNA_LENGTH split4 33 1
R18_DNA_LENGTH split4 34 1
R18_DNA_LENGTH split4 36 5
R18_DNA_LENGTH split4 38 2
R18_DNA_LENGTH split4 39 4
R18_DNA_LENGTH split4 40 2
R18_DNA_LENGTH split4 41 1
R18_DNA_LENGTH split4 44 2
R18_DNA_LENGTH split4 45 1
R18_DNA_LENGTH split4 46 1
R18_DNA_LENGTH split4 48 2
R18_DNA_LENGTH split4 53 1
R18_DNA_LENGTH split4 56 4
R18_DNA_LENGTH split4 59 2
R18_DNA_LENGTH split4 60 1
R18_DNA_LENGTH split4 61 1
R18_DNA_LENGTH split4 62 1
R18_DNA_LENGTH split4 63 2
R18_DNA_LENGTH split4 65 1
R18_DNA_LENGTH split4 66 4
R18_DNA_LENGTH split4 67 2
R18_DNA_LENGTH split4 69 2
R18_DNA_LENGTH split4 72 3
R18_DNA_LENGTH split4 74 2
R18_DNA_LENGTH split4 75 3
R18_DNA_LENGTH split4 78 9
R18_DNA_DEMOTE split4 0 282926 173025 0
R18_DNA_DEMOTE split4 6 284356 661808 97770
R18_DNA_DEMOTE split4 8 275838 869714 131222
R18_DNA_DEMOTE split4 10 276413 891145 133825
R18_DNA_DEMOTE split4 12 276637 893848 134087
R18_DNA_DEMOTE split4 16 276849 895006 134177
R18_DNA_DEMOTE split4 258 277999 900000 134311
