[32m2026-10-06 22:24:11.559[0m | [34m[1mDEBUG   [0m | [36m__main__[0m:[36mmain[0m:[36m649[0m - [34m[1m[gate] benchmark sandbox: bwrap, 300s, 2048 MB, cpus=any[0m
[32m2026-10-06 22:24:11.563[0m | [34m[1mDEBUG   [0m | [36m__main__[0m:[36mstage_intake[0m:[36m261[0m - [34m[1m[gate] parse.rs ca41b676a56eb316 -> slot/generated/parse.rs[0m
[32m2026-10-06 22:24:11.564[0m | [34m[1mDEBUG   [0m | [36m__main__[0m:[36mstage_intake[0m:[36m261[0m - [34m[1m[gate] Parse.lean 9b77b3523cbf7044 -> lean/Proof/Parse.lean[0m
[32m2026-10-06 22:24:11.675[0m | [34m[1mDEBUG   [0m | [36msandbox.bwrap[0m:[36mrun[0m:[36m110[0m - [34m[1m[bwrap] rustup exit=0 in 0.0s[0m
[32m2026-10-06 22:24:12.568[0m | [34m[1mDEBUG   [0m | [36msandbox.bwrap[0m:[36mrun[0m:[36m110[0m - [34m[1m[bwrap] extract.sh exit=0 in 0.9s[0m
[32m2026-10-06 22:25:45.811[0m | [34m[1mDEBUG   [0m | [36msandbox.bwrap[0m:[36mrun[0m:[36m110[0m - [34m[1m[bwrap] extract.sh exit=0 in 92.1s[0m
[32m2026-10-06 22:25:45.812[0m | [34m[1mDEBUG   [0m | [36m__main__[0m:[36mstage_extract[0m:[36m356[0m - [34m[1m[gate] extracted Types.lean 81ad3f7b4edd0eb5, Funs.lean 2775be3013842211, Constants.lean 3abcf636cc5a4ad8[0m
[32m2026-10-06 22:25:48.429[0m | [34m[1mDEBUG   [0m | [36msandbox.bwrap[0m:[36mrun[0m:[36m110[0m - [34m[1m[bwrap] lake exit=0 in 2.6s[0m
[32m2026-10-06 22:26:48.005[0m | [34m[1mDEBUG   [0m | [36msandbox.bwrap[0m:[36mrun[0m:[36m110[0m - [34m[1m[bwrap] lake exit=0 in 59.6s[0m
[32m2026-10-06 22:40:04.034[0m | [34m[1mDEBUG   [0m | [36msandbox.bwrap[0m:[36mrun[0m:[36m110[0m - [34m[1m[bwrap] lake exit=0 in 796.0s[0m
[32m2026-10-06 22:40:07.546[0m | [34m[1mDEBUG   [0m | [36msandbox.bwrap[0m:[36mrun[0m:[36m110[0m - [34m[1m[bwrap] lake exit=0 in 3.5s[0m
[32m2026-10-06 22:40:10.236[0m | [34m[1mDEBUG   [0m | [36msandbox.bwrap[0m:[36mrun[0m:[36m110[0m - [34m[1m[bwrap] lake exit=0 in 2.7s[0m
[32m2026-10-06 22:40:10.237[0m | [34m[1mDEBUG   [0m | [36m__main__[0m:[36mstage_axioms[0m:[36m423[0m - [34m[1m[gate] axiom query stdout: "'accepted' depends on axioms: [propext, Classical.choice, Quot.sound]"[0m
[32m2026-10-06 22:40:10.240[0m | [1mINFO    [0m | [36m__main__[0m:[36mmain[0m:[36m703[0m - [1m[gate] verification accepted in 958.7s (bwrap, 900s, 16384 MB)[0m
[32m2026-10-06 22:40:10.316[0m | [34m[1mDEBUG   [0m | [36msandbox.bwrap[0m:[36mrun[0m:[36m110[0m - [34m[1m[bwrap] rustc exit=0 in 0.0s[0m
[32m2026-10-06 22:40:12.627[0m | [34m[1mDEBUG   [0m | [36msandbox.bwrap[0m:[36mrun[0m:[36m110[0m - [34m[1m[bwrap] cargo exit=0 in 2.3s[0m
[32m2026-10-06 22:40:12.627[0m | [34m[1mDEBUG   [0m | [36mbench.driver[0m:[36m_build[0m:[36m295[0m - [34m[1m[bench] built incumbent in 2.3s exit=0[0m
[32m2026-10-06 22:40:15.761[0m | [34m[1mDEBUG   [0m | [36msandbox.bwrap[0m:[36mrun[0m:[36m110[0m - [34m[1m[bwrap] cargo exit=0 in 3.1s[0m
[32m2026-10-06 22:40:15.761[0m | [34m[1mDEBUG   [0m | [36mbench.driver[0m:[36m_build[0m:[36m295[0m - [34m[1m[bench] built submission in 3.1s exit=0[0m
[32m2026-10-06 22:41:24.575[0m | [34m[1mDEBUG   [0m | [36msandbox.bwrap[0m:[36mrun[0m:[36m110[0m - [34m[1m[bwrap] measure exit=0 in 68.8s[0m
[32m2026-10-06 22:41:24.575[0m | [34m[1mDEBUG   [0m | [36mbench.driver[0m:[36m_measure[0m:[36m333[0m - [34m[1m[bench] measured submission in 68.8s exit=0[0m
verifying /home/runner/work/_temp/round4-receipts/input-r4-alt299-tinydepth32
workspace: /home/runner/work/_temp/deflate-upstream/data/verification-workspace/verify-o__alc4e

0 intake      ok — input-r4-alt299-tinydepth32: parse.rs, Parse.lean
1 policy      ok — source prefilters passed
2 static      ok — resolved operations: alloc::alloc::Global::{impl}::drop_glue, alloc::vec::Vec::{impl}::drop_glue, alloc::vec::{impl}::deref, alloc::vec::{impl}::deref_mut, alloc::vec::{impl}::index, alloc::vec::{impl}::index_mut, alloc::vec::{impl}::len, alloc::vec::{impl}::new, alloc::vec::{impl}::push, alloc::vec::{impl}::with_capacity, core::num::{impl}::leading_zeros, core::num::{impl}::saturating_add, core::num::{impl}::wrapping_add, core::num::{impl}::wrapping_mul, core::num::{impl}::wrapping_shr, core::num::{impl}::wrapping_sub, core::slice::index::{impl}::get, core::slice::index::{impl}::get_mut, core::slice::index::{impl}::get_unchecked, core::slice::index::{impl}::get_unchecked_mut, core::slice::index::{impl}::index, core::slice::index::{impl}::index_mut, core::slice::{impl}::len
3 extract     ok — charon+aeneas re-run by the verifier, no new axioms
4 statement   ok — `LZ77.Obligation slot.parse` typechecks (bwrap, 900s, 16384 MB)
5 axioms      ok — ['Classical.choice', 'Quot.sound', 'propext']; extraction intact
6 score       running…

Corpus: corpus-stage1
file                       raw  incumbent  submission
-----------------------------------------------------
binary.db.bin           500000      76338       70957
bundle.min.js.txt      1000000     301618      287432
catalog.xml.txt         500000      62314       58085
compressed.bin          300000     300194      299566
config.yaml.txt         400000      85384       81033
docs.md.txt             800000     226973      215548
dump.sql.txt            150000      20817       16397
genome.fasta            900000     292479      256489
images.bin              250000     223767      223464
lean.txt               1000000     235059      222969
machine-code.bin        500000     167357      159287
metrics.csv.txt        1300000     287282      251759
multibyte.txt          1100000     273630      254418
page.html.txt           600000     103618       98951
prose.txt              1500000     579041      541121
records.json.txt        400000      72255       69102
server.log              300000      29404       25947
source.c.txt           1400000     354325      333235
source.py.txt           600000     132748      125183
source.rs.txt           700000     134069      126017
sourcemap.map.txt       350000      68389       64464
sparse.bin               40000       1234        1193
tiny-app.log             28000        965         835
tiny-config.json.txt     12000       2107        2076
weights-bf16.bin        450000     362200      353965
weights-f16.bin         250000     216274      212660
weights-f32.bin         350000     284747      279059
weights-q8.bin          250000     236246      235572
-----------------------------------------------------
TOTAL                 15930000    5130834     4866784

method        bytes     ratio    lz77  encode   total  slowdown
--------------------------------------------------------------------------------------------------------------
incumbent   5130834  1.00000x  0.551s  0.199s  0.750s     1.00x  the incumbent
submission  4866784  0.94854x  4.697s  0.214s  4.911s     6.55x  ACCEPTED — 5.146% smaller than the incumbent.

ACCEPTED — 5.146% smaller than the incumbent.
