R13_PRICE 0 binary.db.bin parent 82894 50441 0 0 0 0 0 0 0 0 0 0 0 0 0 0 0 0 0 0 0 0 0 0 0 0 0 0 0 0 0 0 0 0 0 0 0 0 0 0 0 0
R13_PRICE 1 bundle.min.js.txt parent 325697 190824 0 0 0 0 0 0 0 0 0 0 0 0 0 0 0 0 0 0 0 0 0 0 0 0 0 0 0 0 0 0 0 0 0 0 0 0 0 0 0 0
R13_PRICE 2 catalog.xml.txt parent 69271 45579 0 0 0 0 0 0 0 0 0 0 0 0 0 0 0 0 0 0 0 0 0 0 0 0 0 0 0 0 0 0 0 0 0 0 0 0 0 0 0 0
R13_PRICE 3 compressed.bin parent 300095 300000 0 0 0 0 0 0 0 0 0 0 0 0 0 0 0 0 0 0 0 0 0 0 0 0 0 0 0 0 0 0 0 0 0 0 0 0 0 0 0 0
R13_PRICE 4 config.yaml.txt parent 90556 59218 0 0 0 0 0 0 0 0 0 0 0 0 0 0 0 0 0 0 0 0 0 0 0 0 0 0 0 0 0 0 0 0 0 0 0 0 0 0 0 0
R13_PRICE 5 docs.md.txt parent 243632 157463 0 0 0 0 0 0 0 0 0 0 0 0 0 0 0 0 0 0 0 0 0 0 0 0 0 0 0 0 0 0 0 0 0 0 0 0 0 0 0 0
R13_PRICE 6 dump.sql.txt parent 19941 15151 0 0 0 0 0 0 0 0 0 0 0 0 0 0 0 0 0 0 0 0 0 0 0 0 0 0 0 0 0 0 0 0 0 0 0 0 0 0 0 0
R13_PRICE 7 genome.fasta parent 283718 176189 0 0 0 0 0 0 0 0 0 0 0 0 0 0 0 0 0 0 0 0 0 0 0 0 0 0 0 0 0 0 0 0 0 0 0 0 0 0 0 0
R13_PRICE 8 images.bin parent 229171 226885 0 0 0 0 0 0 0 0 0 0 0 0 0 0 0 0 0 0 0 0 0 0 0 0 0 0 0 0 0 0 0 0 0 0 0 0 0 0 0 0
R13_PRICE 9 lean.txt parent 264653 161293 0 0 0 0 0 0 0 0 0 0 0 0 0 0 0 0 0 0 0 0 0 0 0 0 0 0 0 0 0 0 0 0 0 0 0 0 0 0 0 0
R13_PRICE 10 machine-code.bin parent 171918 122482 0 0 0 0 0 0 0 0 0 0 0 0 0 0 0 0 0 0 0 0 0 0 0 0 0 0 0 0 0 0 0 0 0 0 0 0 0 0 0 0
R13_PRICE 11 metrics.csv.txt parent 284703 220653 0 0 0 0 0 0 0 0 0 0 0 0 0 0 0 0 0 0 0 0 0 0 0 0 0 0 0 0 0 0 0 0 0 0 0 0 0 0 0 0
R13_PRICE 12 multibyte.txt parent 292855 196725 0 0 0 0 0 0 0 0 0 0 0 0 0 0 0 0 0 0 0 0 0 0 0 0 0 0 0 0 0 0 0 0 0 0 0 0 0 0 0 0
R13_PRICE 13 page.html.txt parent 111342 75088 0 0 0 0 0 0 0 0 0 0 0 0 0 0 0 0 0 0 0 0 0 0 0 0 0 0 0 0 0 0 0 0 0 0 0 0 0 0 0 0
R13_PRICE 14 prose.txt parent 620035 365040 0 0 0 0 0 0 0 0 0 0 0 0 0 0 0 0 0 0 0 0 0 0 0 0 0 0 0 0 0 0 0 0 0 0 0 0 0 0 0 0
R13_PRICE 15 records.json.txt parent 75503 78317 0 0 0 0 0 0 0 0 0 0 0 0 0 0 0 0 0 0 0 0 0 0 0 0 0 0 0 0 0 0 0 0 0 0 0 0 0 0 0 0
R13_PRICE 16 server.log parent 29230 23582 0 0 0 0 0 0 0 0 0 0 0 0 0 0 0 0 0 0 0 0 0 0 0 0 0 0 0 0 0 0 0 0 0 0 0 0 0 0 0 0
R13_PRICE 17 source.c.txt parent 380012 235866 0 0 0 0 0 0 0 0 0 0 0 0 0 0 0 0 0 0 0 0 0 0 0 0 0 0 0 0 0 0 0 0 0 0 0 0 0 0 0 0
R13_PRICE 18 source.py.txt parent 141452 88808 0 0 0 0 0 0 0 0 0 0 0 0 0 0 0 0 0 0 0 0 0 0 0 0 0 0 0 0 0 0 0 0 0 0 0 0 0 0 0 0
R13_PRICE 19 source.rs.txt parent 144447 88318 0 0 0 0 0 0 0 0 0 0 0 0 0 0 0 0 0 0 0 0 0 0 0 0 0 0 0 0 0 0 0 0 0 0 0 0 0 0 0 0
R13_PRICE 20 sourcemap.map.txt parent 75873 48664 0 0 0 0 0 0 0 0 0 0 0 0 0 0 0 0 0 0 0 0 0 0 0 0 0 0 0 0 0 0 0 0 0 0 0 0 0 0 0 0
R13_PRICE 21 sparse.bin parent 1270 1458 0 0 0 0 0 0 0 0 0 0 0 0 0 0 0 0 0 0 0 0 0 0 0 0 0 0 0 0 0 0 0 0 0 0 0 0 0 0 0 0
R13_PRICE 22 tiny-app.log parent 1270 998 0 0 0 0 0 0 0 0 0 0 0 0 0 0 0 0 0 0 0 0 0 0 0 0 0 0 0 0 0 0 0 0 0 0 0 0 0 0 0 0
R13_PRICE 23 tiny-config.json.txt parent 2487 3094 0 0 0 0 0 0 0 0 0 0 0 0 0 0 0 0 0 0 0 0 0 0 0 0 0 0 0 0 0 0 0 0 0 0 0 0 0 0 0 0
R13_PRICE 24 weights-bf16.bin parent 365611 265242 0 0 0 0 0 0 0 0 0 0 0 0 0 0 0 0 0 0 0 0 0 0 0 0 0 0 0 0 0 0 0 0 0 0 0 0 0 0 0 0
R13_PRICE 25 weights-f16.bin parent 212660 250000 0 0 0 0 0 0 0 0 0 0 0 0 0 0 0 0 0 0 0 0 0 0 0 0 0 0 0 0 0 0 0 0 0 0 0 0 0 0 0 0
R13_PRICE 26 weights-f32.bin parent 284138 285782 0 0 0 0 0 0 0 0 0 0 0 0 0 0 0 0 0 0 0 0 0 0 0 0 0 0 0 0 0 0 0 0 0 0 0 0 0 0 0 0
R13_PRICE 26 weights-f32.bin price0 284153 285860 31860 31860 31814 39 7 0 410603 56 0 0 0 740 0 751 745 728 1340 1258 2393 2056 3275 2728 3893 2707 3321 1780 1722 798 707 273 232 127 123 55 49 30 22 7 18 0
R13_PRICE 26 weights-f32.bin price2 284139 285804 31860 31860 31814 39 7 0 410603 56 0 0 0 740 0 751 745 728 1340 1258 2393 2056 3275 2728 3893 2707 3321 1780 1722 798 707 273 232 127 123 55 49 30 22 7 18 0
R13_PRICE 26 weights-f32.bin d32 289643 338378 31860 31860 31814 39 7 0 410603 56 0 0 0 740 0 751 745 728 1340 1258 2393 2056 3275 2728 3893 2707 3321 1780 1722 798 707 273 232 127 123 55 49 30 22 7 18 0
R13_PRICE 26 weights-f32.bin d128 287695 317474 31860 31860 31814 39 7 0 410603 56 0 0 0 740 0 751 745 728 1340 1258 2393 2056 3275 2728 3893 2707 3321 1780 1722 798 707 273 232 127 123 55 49 30 22 7 18 0
R13_PRICE 26 weights-f32.bin d512 286670 294072 31860 31860 31814 39 7 0 410603 56 0 0 0 740 0 751 745 728 1340 1258 2393 2056 3275 2728 3893 2707 3321 1780 1722 798 707 273 232 127 123 55 49 30 22 7 18 0
R13_PRICE 26 weights-f32.bin d2048 284645 287072 31860 31860 31814 39 7 0 410603 56 0 0 0 740 0 751 745 728 1340 1258 2393 2056 3275 2728 3893 2707 3321 1780 1722 798 707 273 232 127 123 55 49 30 22 7 18 0
R13_PRICE 27 weights-q8.bin parent 235572 250000 0 0 0 0 0 0 0 0 0 0 0 0 0 0 0 0 0 0 0 0 0 0 0 0 0 0 0 0 0 0 0 0 0 0 0 0 0 0 0 0
