R15_FUNCTION binary.db.bin 500000 1 116849765 1 115445918 1 114627591 1 40258495 107 72320935 8 19031964 0 0 0 0 0 0 0 0 0 0
R15_FUNCTION bundle.min.js.txt 1000000 1 121734294 1 118623096 1 118058148 1 43622442 270 68984785 44 21350716 0 0 0 0 0 0 0 0 0 0
R15_FUNCTION catalog.xml.txt 500000 1 121922306 1 121277859 1 120998229 1 33580605 166 85573919 18 32955196 0 0 0 0 0 0 0 0 0 0
R15_FUNCTION compressed.bin 300000 1 3567473 0 0 0 0 0 0 0 0 0 0 0 0 0 0 0 0 0 0 0 0
R15_FUNCTION config.yaml.txt 400000 1 60486936 1 59763030 1 59539705 1 21829313 119 36469736 14 12536842 0 0 0 0 0 0 0 0 0 0
R15_FUNCTION docs.md.txt 800000 1 101126443 1 99386662 1 98941184 1 38525064 188 56864702 28 17242751 0 0 0 0 0 0 0 0 0 0
R15_FUNCTION dump.sql.txt 150000 1 19584255 1 19404856 1 19321631 1 6506493 54 12266395 6 4122105 0 0 0 0 0 0 0 0 0 0
R15_FUNCTION genome.fasta 900000 1 82385944 1 80280835 0 0 0 0 0 0 0 0 1 79714015 0 0 1 20768492 12 44294541 13 13564262
R15_FUNCTION images.bin 250000 1 10795869 1 10135708 0 0 0 0 0 0 0 0 1 9996699 1 6393062 0 0 2 1995625 2 706059
R15_FUNCTION lean.txt 1000000 1 142281883 1 139571577 1 138416154 1 50947453 303 83254728 38 31191165 0 0 0 0 0 0 0 0 0 0
R15_FUNCTION machine-code.bin 500000 1 177343471 0 0 0 0 0 0 0 0 0 0 0 0 0 0 0 0 0 0 0 0
R15_FUNCTION metrics.csv.txt 1300000 1 170785542 0 0 0 0 0 0 0 0 0 0 0 0 0 0 0 0 0 0 0 0
R15_FUNCTION multibyte.txt 1100000 1 333726424 1 165189186 1 164569976 1 61353476 360 98863748 42 48824444 0 0 0 0 0 0 0 0 0 0
R15_FUNCTION page.html.txt 600000 1 36322797 0 0 0 0 0 0 0 0 0 0 0 0 0 0 0 0 0 0 0 0
R15_FUNCTION prose.txt 1500000 1 190538018 1 186791782 1 185950939 1 75281313 510 103668678 94 40491277 0 0 0 0 0 0 0 0 0 0
R15_FUNCTION records.json.txt 400000 1 14445984 0 0 0 0 0 0 0 0 0 0 0 0 0 0 0 0 0 0 0 0
R15_FUNCTION server.log 300000 1 15599066 0 0 0 0 0 0 0 0 0 0 0 0 0 0 0 0 0 0 0 0
R15_FUNCTION source.c.txt 1400000 1 203072993 1 200282691 1 199497142 1 77311441 376 117199314 49 39362886 0 0 0 0 0 0 0 0 0 0
R15_FUNCTION source.py.txt 600000 1 97193209 1 96064904 1 95729811 1 36953454 182 56113268 24 20905642 0 0 0 0 0 0 0 0 0 0
R15_FUNCTION source.rs.txt 700000 1 117669709 1 116462617 1 116063777 1 44958847 124 69100996 14 16598415 0 0 0 0 0 0 0 0 0 0
R15_FUNCTION sourcemap.map.txt 350000 1 53496327 1 52929637 1 52734643 1 19805974 119 31883603 16 12634660 0 0 0 0 0 0 0 0 0 0
R15_FUNCTION sparse.bin 40000 1 50817 0 0 0 0 0 0 0 0 0 0 0 0 0 0 0 0 0 0 0 0
R15_FUNCTION tiny-app.log 28000 1 709326 0 0 0 0 0 0 0 0 0 0 0 0 0 0 0 0 0 0 0 0
R15_FUNCTION tiny-config.json.txt 12000 1 421293 0 0 0 0 0 0 0 0 0 0 0 0 0 0 0 0 0 0 0 0
R15_FUNCTION weights-bf16.bin 450000 1 40414542 1 13091840 0 0 0 0 0 0 0 0 1 12842646 1 6299880 0 0 4 1340563 4 2612694
R15_FUNCTION weights-f16.bin 250000 1 815044 0 0 0 0 0 0 0 0 0 0 0 0 0 0 0 0 0 0 0 0
R15_FUNCTION weights-f32.bin 350000 1 32654168 0 0 0 0 0 0 0 0 0 0 0 0 0 0 0 0 0 0 0 0
R15_FUNCTION weights-q8.bin 250000 1 815936 0 0 0 0 0 0 0 0 0 0 0 0 0 0 0 0 0 0 0 0
