R19_COUNT binary.db.bin 500000 36543 300392 142020 21711 651 34276560 31760696
R19_COUNT bundle.min.js.txt 1000000 138622 618919 229420 14201 0 13412067 11738560
R19_COUNT catalog.xml.txt 500000 20525 301133 150607 27030 707 41766037 38892483
R19_COUNT compressed.bin 300000 0 0 0 0 0 0 0
R19_COUNT config.yaml.txt 400000 33348 258475 101983 6243 0 10872309 10023849
R19_COUNT docs.md.txt 800000 76432 499232 210479 13553 0 17484862 15990502
R19_COUNT dump.sql.txt 150000 3069 119887 11315 1015 32 4571218 4496679
R19_COUNT genome.fasta 900000 0 0 0 0 0 0 0
R19_COUNT images.bin 250000 0 0 0 0 0 0 0
R19_COUNT lean.txt 1000000 73212 601351 302847 21749 0 18902675 16556651
R19_COUNT machine-code.bin 500000 74743 339248 81075 7274 81 20278704 19827191
R19_COUNT metrics.csv.txt 1300000 67800 865444 258723 35367 836 31313525 27661980
R19_COUNT multibyte.txt 1100000 0 0 0 0 0 0 0
R19_COUNT page.html.txt 600000 51965 356781 179058 12784 0 20808767 18886312
R19_COUNT prose.txt 1500000 75986 951698 451728 21432 0 9677654 7791281
R19_COUNT records.json.txt 400000 36576 175706 82974 5629 0 23720549 22575478
R19_COUNT server.log 300000 12668 216533 63974 6452 0 15278565 13730158
R19_COUNT source.c.txt 1400000 126833 937399 436415 22471 0 30964578 27776280
R19_COUNT source.py.txt 600000 46244 362127 180263 11847 0 14239968 12793853
R19_COUNT source.rs.txt 700000 43799 413961 228361 14831 0 25061479 23078827
R19_COUNT sourcemap.map.txt 350000 26757 201584 111918 9715 0 7340642 6251330
R19_COUNT sparse.bin 40000 0 0 0 0 0 0 0
R19_COUNT tiny-app.log 28000 0 0 0 0 0 0 0
R19_COUNT tiny-config.json.txt 12000 0 0 0 0 0 0 0
R19_COUNT weights-bf16.bin 450000 0 0 0 0 0 0 0
R19_COUNT weights-f16.bin 250000 0 0 0 0 0 0 0
R19_COUNT weights-f32.bin 350000 0 0 0 0 0 0 0
R19_COUNT weights-q8.bin 250000 0 0 0 0 0 0 0
