ENCODER_NATIVE 0 binary.db.bin public514 82894 50441
ENCODER_NATIVE 0 binary.db.bin r14-514-hash32 82990 50405
ENCODER_NATIVE 0 binary.db.bin r15-hash32-chain-depth2 82990 50405
ENCODER_NATIVE 0 binary.db.bin r15-hash32-depth2-gain 82917 50432
ENCODER_NATIVE 0 binary.db.bin r15-hash32-chain-depth3 82990 50405
ENCODER_NATIVE 1 bundle.min.js.txt public514 325697 190824
ENCODER_NATIVE 1 bundle.min.js.txt r14-514-hash32 325650 190440
ENCODER_NATIVE 1 bundle.min.js.txt r15-hash32-chain-depth2 325650 190440
ENCODER_NATIVE 1 bundle.min.js.txt r15-hash32-depth2-gain 325397 190749
ENCODER_NATIVE 1 bundle.min.js.txt r15-hash32-chain-depth3 325650 190440
ENCODER_NATIVE 2 catalog.xml.txt public514 69271 45579
ENCODER_NATIVE 2 catalog.xml.txt r14-514-hash32 69339 45624
ENCODER_NATIVE 2 catalog.xml.txt r15-hash32-chain-depth2 67970 44718
ENCODER_NATIVE 2 catalog.xml.txt r15-hash32-depth2-gain 67995 44808
ENCODER_NATIVE 2 catalog.xml.txt r15-hash32-chain-depth3 67519 44446
ENCODER_NATIVE 3 compressed.bin public514 300095 300000
ENCODER_NATIVE 3 compressed.bin r14-514-hash32 300095 300000
ENCODER_NATIVE 3 compressed.bin r15-hash32-chain-depth2 300095 300000
ENCODER_NATIVE 3 compressed.bin r15-hash32-depth2-gain 300095 300000
ENCODER_NATIVE 3 compressed.bin r15-hash32-chain-depth3 300095 300000
ENCODER_NATIVE 4 config.yaml.txt public514 90556 59218
ENCODER_NATIVE 4 config.yaml.txt r14-514-hash32 90545 59187
ENCODER_NATIVE 4 config.yaml.txt r15-hash32-chain-depth2 89959 58587
ENCODER_NATIVE 4 config.yaml.txt r15-hash32-depth2-gain 89953 58640
ENCODER_NATIVE 4 config.yaml.txt r15-hash32-chain-depth3 89678 58243
ENCODER_NATIVE 5 docs.md.txt public514 243632 157463
ENCODER_NATIVE 5 docs.md.txt r14-514-hash32 243665 157362
ENCODER_NATIVE 5 docs.md.txt r15-hash32-chain-depth2 241713 155435
ENCODER_NATIVE 5 docs.md.txt r15-hash32-depth2-gain 241523 155545
ENCODER_NATIVE 5 docs.md.txt r15-hash32-chain-depth3 240660 154280
ENCODER_NATIVE 6 dump.sql.txt public514 19941 15151
ENCODER_NATIVE 6 dump.sql.txt r14-514-hash32 19945 15165
ENCODER_NATIVE 6 dump.sql.txt r15-hash32-chain-depth2 19945 15165
ENCODER_NATIVE 6 dump.sql.txt r15-hash32-depth2-gain 19945 15165
ENCODER_NATIVE 6 dump.sql.txt r15-hash32-chain-depth3 19945 15165
ENCODER_NATIVE 7 genome.fasta public514 283718 176189
ENCODER_NATIVE 7 genome.fasta r14-514-hash32 283718 176189
ENCODER_NATIVE 7 genome.fasta r15-hash32-chain-depth2 283718 176189
ENCODER_NATIVE 7 genome.fasta r15-hash32-depth2-gain 283718 176189
ENCODER_NATIVE 7 genome.fasta r15-hash32-chain-depth3 283718 176189
ENCODER_NATIVE 8 images.bin public514 229171 226885
ENCODER_NATIVE 8 images.bin r14-514-hash32 229429 227157
ENCODER_NATIVE 8 images.bin r15-hash32-chain-depth2 229429 227157
ENCODER_NATIVE 8 images.bin r15-hash32-depth2-gain 229429 227157
ENCODER_NATIVE 8 images.bin r15-hash32-chain-depth3 229429 227157
ENCODER_NATIVE 9 lean.txt public514 264653 161293
ENCODER_NATIVE 9 lean.txt r14-514-hash32 264368 161303
ENCODER_NATIVE 9 lean.txt r15-hash32-chain-depth2 264368 161303
ENCODER_NATIVE 9 lean.txt r15-hash32-depth2-gain 264368 161303
ENCODER_NATIVE 9 lean.txt r15-hash32-chain-depth3 264368 161303
ENCODER_NATIVE 10 machine-code.bin public514 171918 122482
ENCODER_NATIVE 10 machine-code.bin r14-514-hash32 172191 122085
ENCODER_NATIVE 10 machine-code.bin r15-hash32-chain-depth2 172191 122085
ENCODER_NATIVE 10 machine-code.bin r15-hash32-depth2-gain 172028 122205
ENCODER_NATIVE 10 machine-code.bin r15-hash32-chain-depth3 172191 122085
ENCODER_NATIVE 11 metrics.csv.txt public514 284703 220653
ENCODER_NATIVE 11 metrics.csv.txt r14-514-hash32 284799 221120
ENCODER_NATIVE 11 metrics.csv.txt r15-hash32-chain-depth2 284799 221120
ENCODER_NATIVE 11 metrics.csv.txt r15-hash32-depth2-gain 284799 221120
ENCODER_NATIVE 11 metrics.csv.txt r15-hash32-chain-depth3 284799 221120
ENCODER_NATIVE 12 multibyte.txt public514 292855 196725
ENCODER_NATIVE 12 multibyte.txt r14-514-hash32 292849 196509
ENCODER_NATIVE 12 multibyte.txt r15-hash32-chain-depth2 290378 194139
ENCODER_NATIVE 12 multibyte.txt r15-hash32-depth2-gain 290184 194177
ENCODER_NATIVE 12 multibyte.txt r15-hash32-chain-depth3 288983 192835
ENCODER_NATIVE 13 page.html.txt public514 111342 75088
ENCODER_NATIVE 13 page.html.txt r14-514-hash32 111447 75124
ENCODER_NATIVE 13 page.html.txt r15-hash32-chain-depth2 110321 74344
ENCODER_NATIVE 13 page.html.txt r15-hash32-depth2-gain 110324 74396
ENCODER_NATIVE 13 page.html.txt r15-hash32-chain-depth3 109904 74012
ENCODER_NATIVE 14 prose.txt public514 620035 365040
ENCODER_NATIVE 14 prose.txt r14-514-hash32 619920 364409
ENCODER_NATIVE 14 prose.txt r15-hash32-chain-depth2 613664 358051
ENCODER_NATIVE 14 prose.txt r15-hash32-depth2-gain 613338 358272
ENCODER_NATIVE 14 prose.txt r15-hash32-chain-depth3 609841 353871
ENCODER_NATIVE 15 records.json.txt public514 75503 78317
ENCODER_NATIVE 15 records.json.txt r14-514-hash32 75631 78455
ENCODER_NATIVE 15 records.json.txt r15-hash32-chain-depth2 75304 78251
ENCODER_NATIVE 15 records.json.txt r15-hash32-depth2-gain 75292 78256
ENCODER_NATIVE 15 records.json.txt r15-hash32-chain-depth3 75203 78162
ENCODER_NATIVE 16 server.log public514 29230 23582
ENCODER_NATIVE 16 server.log r14-514-hash32 29271 23610
ENCODER_NATIVE 16 server.log r15-hash32-chain-depth2 29271 23610
ENCODER_NATIVE 16 server.log r15-hash32-depth2-gain 29271 23610
ENCODER_NATIVE 16 server.log r15-hash32-chain-depth3 29271 23610
ENCODER_NATIVE 17 source.c.txt public514 380012 235866
ENCODER_NATIVE 17 source.c.txt r14-514-hash32 380235 236131
ENCODER_NATIVE 17 source.c.txt r15-hash32-chain-depth2 376391 232520
ENCODER_NATIVE 17 source.c.txt r15-hash32-depth2-gain 376065 232712
ENCODER_NATIVE 17 source.c.txt r15-hash32-chain-depth3 374301 230422
ENCODER_NATIVE 18 source.py.txt public514 141452 88808
ENCODER_NATIVE 18 source.py.txt r14-514-hash32 141345 88731
ENCODER_NATIVE 18 source.py.txt r15-hash32-chain-depth2 140079 87543
ENCODER_NATIVE 18 source.py.txt r15-hash32-depth2-gain 139985 87614
ENCODER_NATIVE 18 source.py.txt r15-hash32-chain-depth3 139238 86738
ENCODER_NATIVE 19 source.rs.txt public514 144447 88318
ENCODER_NATIVE 19 source.rs.txt r14-514-hash32 144353 88208
ENCODER_NATIVE 19 source.rs.txt r15-hash32-chain-depth2 142711 86815
ENCODER_NATIVE 19 source.rs.txt r15-hash32-depth2-gain 142602 86863
ENCODER_NATIVE 19 source.rs.txt r15-hash32-chain-depth3 142034 86163
ENCODER_NATIVE 20 sourcemap.map.txt public514 75873 48664
ENCODER_NATIVE 20 sourcemap.map.txt r14-514-hash32 75883 48705
ENCODER_NATIVE 20 sourcemap.map.txt r15-hash32-chain-depth2 74723 47759
ENCODER_NATIVE 20 sourcemap.map.txt r15-hash32-depth2-gain 74649 47783
ENCODER_NATIVE 20 sourcemap.map.txt r15-hash32-chain-depth3 74054 47147
ENCODER_NATIVE 21 sparse.bin public514 1270 1458
ENCODER_NATIVE 21 sparse.bin r14-514-hash32 1270 1458
ENCODER_NATIVE 21 sparse.bin r15-hash32-chain-depth2 1270 1458
ENCODER_NATIVE 21 sparse.bin r15-hash32-depth2-gain 1270 1458
ENCODER_NATIVE 21 sparse.bin r15-hash32-chain-depth3 1270 1458
ENCODER_NATIVE 22 tiny-app.log public514 1270 998
ENCODER_NATIVE 22 tiny-app.log r14-514-hash32 1270 998
ENCODER_NATIVE 22 tiny-app.log r15-hash32-chain-depth2 1270 998
ENCODER_NATIVE 22 tiny-app.log r15-hash32-depth2-gain 1270 998
ENCODER_NATIVE 22 tiny-app.log r15-hash32-chain-depth3 1270 998
ENCODER_NATIVE 23 tiny-config.json.txt public514 2487 3094
ENCODER_NATIVE 23 tiny-config.json.txt r14-514-hash32 2487 3094
ENCODER_NATIVE 23 tiny-config.json.txt r15-hash32-chain-depth2 2487 3094
ENCODER_NATIVE 23 tiny-config.json.txt r15-hash32-depth2-gain 2487 3094
ENCODER_NATIVE 23 tiny-config.json.txt r15-hash32-chain-depth3 2487 3094
ENCODER_NATIVE 24 weights-bf16.bin public514 365611 265242
ENCODER_NATIVE 24 weights-bf16.bin r14-514-hash32 365611 265242
ENCODER_NATIVE 24 weights-bf16.bin r15-hash32-chain-depth2 365611 265242
ENCODER_NATIVE 24 weights-bf16.bin r15-hash32-depth2-gain 365611 265242
ENCODER_NATIVE 24 weights-bf16.bin r15-hash32-chain-depth3 365611 265242
ENCODER_NATIVE 25 weights-f16.bin public514 212660 250000
ENCODER_NATIVE 25 weights-f16.bin r14-514-hash32 212660 250000
ENCODER_NATIVE 25 weights-f16.bin r15-hash32-chain-depth2 212660 250000
ENCODER_NATIVE 25 weights-f16.bin r15-hash32-depth2-gain 212660 250000
ENCODER_NATIVE 25 weights-f16.bin r15-hash32-chain-depth3 212660 250000
ENCODER_NATIVE 26 weights-f32.bin public514 284138 285782
ENCODER_NATIVE 26 weights-f32.bin r14-514-hash32 284138 285782
ENCODER_NATIVE 26 weights-f32.bin r15-hash32-chain-depth2 284138 285782
ENCODER_NATIVE 26 weights-f32.bin r15-hash32-depth2-gain 284138 285782
ENCODER_NATIVE 26 weights-f32.bin r15-hash32-chain-depth3 284138 285782
ENCODER_NATIVE 27 weights-q8.bin public514 235572 250000
ENCODER_NATIVE 27 weights-q8.bin r14-514-hash32 235572 250000
ENCODER_NATIVE 27 weights-q8.bin r15-hash32-chain-depth2 235572 250000
ENCODER_NATIVE 27 weights-q8.bin r15-hash32-depth2-gain 235572 250000
ENCODER_NATIVE 27 weights-q8.bin r15-hash32-chain-depth3 235572 250000
