TOKEN_CHANGE r18-586-base-only public586 docs.md.txt
TOKEN_CHANGE r18-586-base-only public586 genome.fasta
TOKEN_CHANGE r18-586-base-only public586 lean.txt
TOKEN_CHANGE r18-586-base-only public586 machine-code.bin
TOKEN_CHANGE r18-586-base-only public586 multibyte.txt
TOKEN_CHANGE r18-586-base-only public586 page.html.txt
TOKEN_CHANGE r18-586-base-only public586 prose.txt
TOKEN_CHANGE r18-586-base-only public586 source.c.txt
TOKEN_CHANGE r18-586-base-only public586 tiny-app.log
TOKEN_CHANGE r18-586-base-only public586 weights-bf16.bin
TOKEN_CHANGE r18-586-base-only public586 weights-f32.bin
TOKEN_CHANGE r18-586-base-only public586 synthetic-32767-2-987654321
TOKEN_CHANGE r18-586-base-only public586 synthetic-32767-5-1
TOKEN_CHANGE r18-586-base-only public586 synthetic-32767-5-987654321
TOKEN_CHANGE r18-586-base-only public586 synthetic-32768-5-1
TOKEN_CHANGE r18-586-base-only public586 synthetic-32768-5-987654321
TOKEN_CHANGE r18-586-base-only public586 synthetic-32769-5-1
TOKEN_CHANGE r18-586-base-only public586 synthetic-32769-5-987654321
TOKEN_CHANGE r18-586-base-only public586 synthetic-65535-5-1
TOKEN_CHANGE r18-586-base-only public586 synthetic-65535-5-987654321
TOKEN_CHANGE r18-586-base-only public586 synthetic-65536-5-1
TOKEN_CHANGE r18-586-base-only public586 synthetic-65536-5-987654321
TOKEN_CHANGE r18-586-base-only public586 synthetic-65537-5-1
TOKEN_CHANGE r18-586-base-only public586 synthetic-65537-5-987654321
TOKEN_CHANGE r18-586-base-only public586 synthetic-98305-5-1
TOKEN_CHANGE r18-586-base-only public586 synthetic-98305-5-987654321
TOKEN_CHANGE r18-586-base-only public586 synthetic-131073-5-1
TOKEN_CHANGE r18-586-base-only public586 synthetic-131073-5-987654321
TOKEN_CHANGE r18-586-base-only public586 synthetic-131071-5-1
TOKEN_CHANGE r18-586-base-only public586 synthetic-131071-5-987654321
TOKEN_CHANGE r18-586-base-only public586 synthetic-131072-5-1
TOKEN_CHANGE r18-586-base-only public586 synthetic-131072-5-987654321
EQUIVALENCE_RESULT r18-573-short-range base573 540 0
EQUIVALENCE_RESULT r18-586-base-only public586 540 0
