warning: value assigned to `k` is never read
    --> /home/runner/work/_temp/round10-finder-build/parent.rs:4045:29
     |
4045 |                 let mut k = k0;
     |                             ^^ this value is reassigned later and never used
...
4054 |                     k = c_extend(s, c, p, k0, lim);
     |                     ------------------------------ `k` is overwritten here before the previous value is read
     |
     = note: `#[warn(unused_assignments)]` (part of `#[warn(unused)]`) on by default

warning: value assigned to `k` is never read
    --> /home/runner/work/_temp/round10-finder-build/candidate0.rs:4102:29
     |
4102 |                 let mut k = k0;
     |                             ^^ this value is reassigned later and never used
...
4111 |                     k = c_extend(s, c, p, k0, lim);
     |                     ------------------------------ `k` is overwritten here before the previous value is read

warning: value assigned to `k` is never read
    --> /home/runner/work/_temp/round10-finder-build/observed0.rs:4108:29
     |
4108 |                 let mut k = k0;
     |                             ^^ this value is reassigned later and never used
...
4117 |                     k = c_extend(s, c, p, k0, lim);
     |                     ------------------------------ `k` is overwritten here before the previous value is read

warning: value assigned to `k` is never read
    --> /home/runner/work/_temp/round10-finder-build/candidate1.rs:4095:29
     |
4095 |                 let mut k = k0;
     |                             ^^ this value is reassigned later and never used
...
4104 |                     k = c_extend(s, c, p, k0, lim);
     |                     ------------------------------ `k` is overwritten here before the previous value is read

warning: value assigned to `k` is never read
    --> /home/runner/work/_temp/round10-finder-build/observed1.rs:4101:29
     |
4101 |                 let mut k = k0;
     |                             ^^ this value is reassigned later and never used
...
4110 |                     k = c_extend(s, c, p, k0, lim);
     |                     ------------------------------ `k` is overwritten here before the previous value is read

warning: 5 warnings emitted

