CONTENT_CLASS binary.db.bin 4 4
ENCODER_NATIVE 0 binary.db.bin public514 82894 50441
ENCODER_NATIVE 0 binary.db.bin base603 70756 48828
ENCODER_NATIVE 0 binary.db.bin r19-sf-shared-prefix-draft 70756 48828
CONTENT_CLASS bundle.min.js.txt 11 23
ENCODER_NATIVE 1 bundle.min.js.txt public514 325697 190824
ENCODER_NATIVE 1 bundle.min.js.txt base603 287344 202339
ENCODER_NATIVE 1 bundle.min.js.txt r19-sf-shared-prefix-draft 287344 202339
CONTENT_CLASS catalog.xml.txt 5 5
ENCODER_NATIVE 2 catalog.xml.txt public514 69271 45579
ENCODER_NATIVE 2 catalog.xml.txt base603 58065 38884
ENCODER_NATIVE 2 catalog.xml.txt r19-sf-shared-prefix-draft 58065 38884
CONTENT_CLASS compressed.bin 3 24
ENCODER_NATIVE 3 compressed.bin public514 300095 300000
ENCODER_NATIVE 3 compressed.bin base603 299610 298918
ENCODER_NATIVE 3 compressed.bin r19-sf-shared-prefix-draft 299610 298918
CONTENT_CLASS config.yaml.txt 12 16
ENCODER_NATIVE 4 config.yaml.txt public514 90556 59218
ENCODER_NATIVE 4 config.yaml.txt base603 80986 50995
ENCODER_NATIVE 4 config.yaml.txt r19-sf-shared-prefix-draft 80986 50995
CONTENT_CLASS docs.md.txt 12 19
ENCODER_NATIVE 5 docs.md.txt public514 243632 157463
ENCODER_NATIVE 5 docs.md.txt base603 215495 129268
ENCODER_NATIVE 5 docs.md.txt r19-sf-shared-prefix-draft 215495 129268
CONTENT_CLASS dump.sql.txt 8 8
ENCODER_NATIVE 6 dump.sql.txt public514 19941 15151
ENCODER_NATIVE 6 dump.sql.txt base603 16377 17697
ENCODER_NATIVE 6 dump.sql.txt r19-sf-shared-prefix-draft 16377 17697
CONTENT_CLASS genome.fasta 1 1
ENCODER_NATIVE 7 genome.fasta public514 283718 176189
ENCODER_NATIVE 7 genome.fasta base603 256489 589207
ENCODER_NATIVE 7 genome.fasta r19-sf-shared-prefix-draft 256489 589207
CONTENT_CLASS images.bin 3 3
ENCODER_NATIVE 8 images.bin public514 229171 226885
ENCODER_NATIVE 8 images.bin base603 223467 214959
ENCODER_NATIVE 8 images.bin r19-sf-shared-prefix-draft 223467 214959
CONTENT_CLASS lean.txt 12 20
ENCODER_NATIVE 9 lean.txt public514 264653 161293
ENCODER_NATIVE 9 lean.txt base603 222834 124341
ENCODER_NATIVE 9 lean.txt r19-sf-shared-prefix-draft 222834 124341
CONTENT_CLASS machine-code.bin 4 29
ENCODER_NATIVE 10 machine-code.bin public514 171918 122482
ENCODER_NATIVE 10 machine-code.bin base603 158932 120943
ENCODER_NATIVE 10 machine-code.bin r19-sf-shared-prefix-draft 158932 120943
CONTENT_CLASS metrics.csv.txt 7 7
ENCODER_NATIVE 11 metrics.csv.txt public514 284703 220653
ENCODER_NATIVE 11 metrics.csv.txt base603 251318 232386
ENCODER_NATIVE 11 metrics.csv.txt r19-sf-shared-prefix-draft 251318 232386
CONTENT_CLASS multibyte.txt 13 13
ENCODER_NATIVE 12 multibyte.txt public514 292855 196725
ENCODER_NATIVE 12 multibyte.txt base603 254042 149029
ENCODER_NATIVE 12 multibyte.txt r19-sf-shared-prefix-draft 254042 149029
CONTENT_CLASS page.html.txt 6 6
ENCODER_NATIVE 13 page.html.txt public514 111342 75088
ENCODER_NATIVE 13 page.html.txt base603 98910 63805
ENCODER_NATIVE 13 page.html.txt r19-sf-shared-prefix-draft 98910 63805
CONTENT_CLASS prose.txt 12 15
ENCODER_NATIVE 14 prose.txt public514 620035 365040
ENCODER_NATIVE 14 prose.txt base603 540998 311429
ENCODER_NATIVE 14 prose.txt r19-sf-shared-prefix-draft 540998 311429
CONTENT_CLASS records.json.txt 10 10
ENCODER_NATIVE 15 records.json.txt public514 75503 78317
ENCODER_NATIVE 15 records.json.txt base603 69148 74002
ENCODER_NATIVE 15 records.json.txt r19-sf-shared-prefix-draft 69148 74002
CONTENT_CLASS server.log 9 9
ENCODER_NATIVE 16 server.log public514 29230 23582
ENCODER_NATIVE 16 server.log base603 25830 23197
ENCODER_NATIVE 16 server.log r19-sf-shared-prefix-draft 25830 23197
CONTENT_CLASS source.c.txt 12 21
ENCODER_NATIVE 17 source.c.txt public514 380012 235866
ENCODER_NATIVE 17 source.c.txt base603 333068 191328
ENCODER_NATIVE 17 source.c.txt r19-sf-shared-prefix-draft 333068 191328
CONTENT_CLASS source.py.txt 12 17
ENCODER_NATIVE 18 source.py.txt public514 141452 88808
ENCODER_NATIVE 18 source.py.txt base603 125154 75325
ENCODER_NATIVE 18 source.py.txt r19-sf-shared-prefix-draft 125154 75325
CONTENT_CLASS source.rs.txt 12 18
ENCODER_NATIVE 19 source.rs.txt public514 144447 88318
ENCODER_NATIVE 19 source.rs.txt base603 125971 74073
ENCODER_NATIVE 19 source.rs.txt r19-sf-shared-prefix-draft 125971 74073
CONTENT_CLASS sourcemap.map.txt 11 22
ENCODER_NATIVE 20 sourcemap.map.txt public514 75873 48664
ENCODER_NATIVE 20 sourcemap.map.txt base603 64432 40223
ENCODER_NATIVE 20 sourcemap.map.txt r19-sf-shared-prefix-draft 64432 40223
CONTENT_CLASS sparse.bin 2 2
ENCODER_NATIVE 21 sparse.bin public514 1270 1458
ENCODER_NATIVE 21 sparse.bin base603 1193 1236
ENCODER_NATIVE 21 sparse.bin r19-sf-shared-prefix-draft 1193 1236
CONTENT_CLASS tiny-app.log 0 0
ENCODER_NATIVE 22 tiny-app.log public514 1270 998
ENCODER_NATIVE 22 tiny-app.log base603 845 613
ENCODER_NATIVE 22 tiny-app.log r19-sf-shared-prefix-draft 845 613
CONTENT_CLASS tiny-config.json.txt 0 14
ENCODER_NATIVE 23 tiny-config.json.txt public514 2487 3094
ENCODER_NATIVE 23 tiny-config.json.txt base603 2077 2109
ENCODER_NATIVE 23 tiny-config.json.txt r19-sf-shared-prefix-draft 2077 2109
CONTENT_CLASS weights-bf16.bin 3 26
ENCODER_NATIVE 24 weights-bf16.bin public514 365611 265242
ENCODER_NATIVE 24 weights-bf16.bin base603 353926 438670
ENCODER_NATIVE 24 weights-bf16.bin r19-sf-shared-prefix-draft 353926 438670
CONTENT_CLASS weights-f16.bin 3 28
ENCODER_NATIVE 25 weights-f16.bin public514 212660 250000
ENCODER_NATIVE 25 weights-f16.bin base603 212660 250000
ENCODER_NATIVE 25 weights-f16.bin r19-sf-shared-prefix-draft 212660 250000
CONTENT_CLASS weights-f32.bin 3 25
ENCODER_NATIVE 26 weights-f32.bin public514 284138 285782
ENCODER_NATIVE 26 weights-f32.bin base603 278801 284464
ENCODER_NATIVE 26 weights-f32.bin r19-sf-shared-prefix-draft 278801 284464
CONTENT_CLASS weights-q8.bin 3 27
ENCODER_NATIVE 27 weights-q8.bin public514 235572 250000
ENCODER_NATIVE 27 weights-q8.bin base603 235572 250000
ENCODER_NATIVE 27 weights-q8.bin r19-sf-shared-prefix-draft 235572 250000
