[32m2026-10-07 21:05:20.858[0m | [34m[1mDEBUG   [0m | [36m__main__[0m:[36mmain[0m:[36m649[0m - [34m[1m[gate] benchmark sandbox: bwrap, 300s, 2048 MB, cpus=any[0m
[32m2026-10-07 21:05:20.862[0m | [34m[1mDEBUG   [0m | [36m__main__[0m:[36mstage_intake[0m:[36m261[0m - [34m[1m[gate] parse.rs 7f1c661fd1ce29d1 -> slot/generated/parse.rs[0m
[32m2026-10-07 21:05:20.863[0m | [34m[1mDEBUG   [0m | [36m__main__[0m:[36mstage_intake[0m:[36m261[0m - [34m[1m[gate] Parse.lean 86cfc36adb009970 -> lean/Proof/Parse.lean[0m
[32m2026-10-07 21:05:20.982[0m | [34m[1mDEBUG   [0m | [36msandbox.bwrap[0m:[36mrun[0m:[36m110[0m - [34m[1m[bwrap] rustup exit=0 in 0.0s[0m
[32m2026-10-07 21:05:22.419[0m | [34m[1mDEBUG   [0m | [36msandbox.bwrap[0m:[36mrun[0m:[36m110[0m - [34m[1m[bwrap] extract.sh exit=0 in 1.4s[0m
[32m2026-10-07 21:06:58.586[0m | [34m[1mDEBUG   [0m | [36msandbox.bwrap[0m:[36mrun[0m:[36m110[0m - [34m[1m[bwrap] extract.sh exit=0 in 95.0s[0m
[32m2026-10-07 21:06:58.587[0m | [34m[1mDEBUG   [0m | [36m__main__[0m:[36mstage_extract[0m:[36m356[0m - [34m[1m[gate] extracted Types.lean 276d4089d337e0d7, Funs.lean 57e663788321436b, Constants.lean 4a083c4264c013f4[0m
[32m2026-10-07 21:07:01.778[0m | [34m[1mDEBUG   [0m | [36msandbox.bwrap[0m:[36mrun[0m:[36m110[0m - [34m[1m[bwrap] lake exit=0 in 3.2s[0m
[32m2026-10-07 21:07:57.898[0m | [34m[1mDEBUG   [0m | [36msandbox.bwrap[0m:[36mrun[0m:[36m110[0m - [34m[1m[bwrap] lake exit=0 in 56.1s[0m
[32m2026-10-07 21:14:05.119[0m | [34m[1mDEBUG   [0m | [36msandbox.bwrap[0m:[36mrun[0m:[36m110[0m - [34m[1m[bwrap] lake exit=0 in 367.2s[0m
[32m2026-10-07 21:14:14.048[0m | [34m[1mDEBUG   [0m | [36msandbox.bwrap[0m:[36mrun[0m:[36m110[0m - [34m[1m[bwrap] lake exit=0 in 8.9s[0m
[32m2026-10-07 21:14:16.735[0m | [34m[1mDEBUG   [0m | [36msandbox.bwrap[0m:[36mrun[0m:[36m110[0m - [34m[1m[bwrap] lake exit=0 in 2.7s[0m
[32m2026-10-07 21:14:16.736[0m | [34m[1mDEBUG   [0m | [36m__main__[0m:[36mstage_axioms[0m:[36m423[0m - [34m[1m[gate] axiom query stdout: "'accepted' depends on axioms: [propext, Classical.choice, Quot.sound]"[0m
[32m2026-10-07 21:14:16.766[0m | [1mINFO    [0m | [36m__main__[0m:[36mmain[0m:[36m703[0m - [1m[gate] verification accepted in 535.9s (bwrap, 900s, 16384 MB)[0m
[32m2026-10-07 21:14:17.366[0m | [34m[1mDEBUG   [0m | [36msandbox.bwrap[0m:[36mrun[0m:[36m110[0m - [34m[1m[bwrap] rustc exit=0 in 0.6s[0m
[32m2026-10-07 21:14:19.251[0m | [34m[1mDEBUG   [0m | [36msandbox.bwrap[0m:[36mrun[0m:[36m110[0m - [34m[1m[bwrap] cargo exit=0 in 1.9s[0m
[32m2026-10-07 21:14:19.251[0m | [34m[1mDEBUG   [0m | [36mbench.driver[0m:[36m_build[0m:[36m295[0m - [34m[1m[bench] built incumbent in 1.9s exit=0[0m
[32m2026-10-07 21:14:23.127[0m | [34m[1mDEBUG   [0m | [36msandbox.bwrap[0m:[36mrun[0m:[36m110[0m - [34m[1m[bwrap] cargo exit=0 in 3.9s[0m
[32m2026-10-07 21:14:23.127[0m | [34m[1mDEBUG   [0m | [36mbench.driver[0m:[36m_build[0m:[36m295[0m - [34m[1m[bench] built submission in 3.9s exit=0[0m
[32m2026-10-07 21:14:42.455[0m | [34m[1mDEBUG   [0m | [36msandbox.bwrap[0m:[36mrun[0m:[36m110[0m - [34m[1m[bwrap] measure exit=0 in 19.3s[0m
[32m2026-10-07 21:14:42.455[0m | [34m[1mDEBUG   [0m | [36mbench.driver[0m:[36m_measure[0m:[36m333[0m - [34m[1m[bench] measured submission in 19.3s exit=0[0m
verifying /home/runner/work/_temp/round4-receipts/input-r10-record-nonempty
workspace: /home/runner/work/_temp/deflate-upstream/data/verification-workspace/verify-9lpql07v

0 intake      ok — input-r10-record-nonempty: parse.rs, Parse.lean
1 policy      ok — source prefilters passed
2 static      ok — resolved operations: alloc::alloc::Global::{impl}::drop_glue, alloc::vec::Vec::{impl}::drop_glue, alloc::vec::{impl}::deref, alloc::vec::{impl}::deref_mut, alloc::vec::{impl}::index, alloc::vec::{impl}::len, alloc::vec::{impl}::new, alloc::vec::{impl}::push, alloc::vec::{impl}::with_capacity, core::num::{impl}::leading_zeros, core::num::{impl}::saturating_add, core::num::{impl}::saturating_sub, core::num::{impl}::wrapping_add, core::num::{impl}::wrapping_mul, core::num::{impl}::wrapping_sub, core::slice::index::{impl}::get, core::slice::index::{impl}::get_mut, core::slice::index::{impl}::get_unchecked, core::slice::index::{impl}::get_unchecked_mut, core::slice::index::{impl}::index, core::slice::index::{impl}::index_mut, core::slice::{impl}::len
3 extract     ok — charon+aeneas re-run by the verifier, no new axioms
4 statement   ok — `LZ77.Obligation slot.parse` typechecks (bwrap, 900s, 16384 MB)
5 axioms      ok — ['Classical.choice', 'Quot.sound', 'propext']; extraction intact
6 score       running…

Corpus: corpus-stage1
file                       raw  incumbent  submission
-----------------------------------------------------
binary.db.bin           500000      76338       71753
bundle.min.js.txt      1000000     301618      288479
catalog.xml.txt         500000      62314       58680
compressed.bin          300000     300194      299566
config.yaml.txt         400000      85384       81343
docs.md.txt             800000     226973      216986
dump.sql.txt            150000      20817       16584
genome.fasta            900000     292479      256667
images.bin              250000     223767      223477
lean.txt               1000000     235059      223519
machine-code.bin        500000     167357      160512
metrics.csv.txt        1300000     287282      253113
multibyte.txt          1100000     273630      255735
page.html.txt           600000     103618       99440
prose.txt              1500000     579041      542463
records.json.txt        400000      72255       69293
server.log              300000      29404       26758
source.c.txt           1400000     354325      334645
source.py.txt           600000     132748      125718
source.rs.txt           700000     134069      126535
sourcemap.map.txt       350000      68389       64878
sparse.bin               40000       1234        1219
tiny-app.log             28000        965         880
tiny-config.json.txt     12000       2107        2079
weights-bf16.bin        450000     362200      354317
weights-f16.bin         250000     216274      212660
weights-f32.bin         350000     284747      279231
weights-q8.bin          250000     236246      235572
-----------------------------------------------------
TOTAL                 15930000    5130834     4882102

method        bytes     ratio    lz77  encode   total  slowdown
--------------------------------------------------------------------------------------------------------------
incumbent   5130834  1.00000x  0.474s  0.170s  0.644s     1.00x  the incumbent
submission  4882102  0.95152x  0.739s  0.177s  0.915s     1.42x  ACCEPTED — 4.848% smaller than the incumbent.

ACCEPTED — 4.848% smaller than the incumbent.
