ENCODER_NATIVE 0 binary.db.bin public514 82894 50441
ENCODER_NATIVE 0 binary.db.bin public361 71753 48351
ENCODER_NATIVE 0 binary.db.bin public586 70930 48677
ENCODER_NATIVE 0 binary.db.bin r18-361-rf-text 71753 48351
ENCODER_NATIVE 1 bundle.min.js.txt public514 325697 190824
ENCODER_NATIVE 1 bundle.min.js.txt public361 289435 201066
ENCODER_NATIVE 1 bundle.min.js.txt public586 287443 202006
ENCODER_NATIVE 1 bundle.min.js.txt r18-361-rf-text 288474 196715
ENCODER_NATIVE 2 catalog.xml.txt public514 69271 45579
ENCODER_NATIVE 2 catalog.xml.txt public361 59054 39365
ENCODER_NATIVE 2 catalog.xml.txt public586 58093 38826
ENCODER_NATIVE 2 catalog.xml.txt r18-361-rf-text 58400 38269
ENCODER_NATIVE 3 compressed.bin public514 300095 300000
ENCODER_NATIVE 3 compressed.bin public361 299566 298884
ENCODER_NATIVE 3 compressed.bin public586 299610 298918
ENCODER_NATIVE 3 compressed.bin r18-361-rf-text 299566 298884
ENCODER_NATIVE 4 config.yaml.txt public514 90556 59218
ENCODER_NATIVE 4 config.yaml.txt public361 81512 52977
ENCODER_NATIVE 4 config.yaml.txt public586 81029 50950
ENCODER_NATIVE 4 config.yaml.txt r18-361-rf-text 81207 51667
ENCODER_NATIVE 5 docs.md.txt public514 243632 157463
ENCODER_NATIVE 5 docs.md.txt public361 217612 131788
ENCODER_NATIVE 5 docs.md.txt public586 215492 127379
ENCODER_NATIVE 5 docs.md.txt r18-361-rf-text 216130 128573
ENCODER_NATIVE 6 dump.sql.txt public514 19941 15151
ENCODER_NATIVE 6 dump.sql.txt public361 16584 17023
ENCODER_NATIVE 6 dump.sql.txt public586 16397 17711
ENCODER_NATIVE 6 dump.sql.txt r18-361-rf-text 16492 17205
ENCODER_NATIVE 7 genome.fasta public514 283718 176189
ENCODER_NATIVE 7 genome.fasta public361 256667 588316
ENCODER_NATIVE 7 genome.fasta public586 256348 588470
ENCODER_NATIVE 7 genome.fasta r18-361-rf-text 256667 588316
ENCODER_NATIVE 8 images.bin public514 229171 226885
ENCODER_NATIVE 8 images.bin public361 223477 214989
ENCODER_NATIVE 8 images.bin public586 223467 214959
ENCODER_NATIVE 8 images.bin r18-361-rf-text 223477 214989
ENCODER_NATIVE 9 lean.txt public514 264653 161293
ENCODER_NATIVE 9 lean.txt public361 223805 127885
ENCODER_NATIVE 9 lean.txt public586 222817 124771
ENCODER_NATIVE 9 lean.txt r18-361-rf-text 223141 125356
ENCODER_NATIVE 10 machine-code.bin public514 171918 122482
ENCODER_NATIVE 10 machine-code.bin public361 160512 119678
ENCODER_NATIVE 10 machine-code.bin public586 158932 120943
ENCODER_NATIVE 10 machine-code.bin r18-361-rf-text 160512 119678
ENCODER_NATIVE 11 metrics.csv.txt public514 284703 220653
ENCODER_NATIVE 11 metrics.csv.txt public361 253113 232054
ENCODER_NATIVE 11 metrics.csv.txt public586 251652 231587
ENCODER_NATIVE 11 metrics.csv.txt r18-361-rf-text 253113 232054
ENCODER_NATIVE 12 multibyte.txt public514 292855 196725
ENCODER_NATIVE 12 multibyte.txt public361 256469 150405
ENCODER_NATIVE 12 multibyte.txt public586 254042 149029
ENCODER_NATIVE 12 multibyte.txt r18-361-rf-text 254732 147884
ENCODER_NATIVE 13 page.html.txt public514 111342 75088
ENCODER_NATIVE 13 page.html.txt public361 99723 64286
ENCODER_NATIVE 13 page.html.txt public586 98913 63943
ENCODER_NATIVE 13 page.html.txt r18-361-rf-text 99094 62724
ENCODER_NATIVE 14 prose.txt public514 620035 365040
ENCODER_NATIVE 14 prose.txt public361 543391 315967
ENCODER_NATIVE 14 prose.txt public586 540898 310295
ENCODER_NATIVE 14 prose.txt r18-361-rf-text 542110 312318
ENCODER_NATIVE 15 records.json.txt public514 75503 78317
ENCODER_NATIVE 15 records.json.txt public361 69375 73826
ENCODER_NATIVE 15 records.json.txt public586 69148 74002
ENCODER_NATIVE 15 records.json.txt r18-361-rf-text 69163 73726
ENCODER_NATIVE 16 server.log public514 29230 23582
ENCODER_NATIVE 16 server.log public361 26758 22256
ENCODER_NATIVE 16 server.log public586 25854 23220
ENCODER_NATIVE 16 server.log r18-361-rf-text 26144 23140
ENCODER_NATIVE 17 source.c.txt public514 380012 235866
ENCODER_NATIVE 17 source.c.txt public361 335103 195707
ENCODER_NATIVE 17 source.c.txt public586 333088 190250
ENCODER_NATIVE 17 source.c.txt r18-361-rf-text 333968 190639
ENCODER_NATIVE 18 source.py.txt public514 141452 88808
ENCODER_NATIVE 18 source.py.txt public361 125927 77204
ENCODER_NATIVE 18 source.py.txt public586 125180 75209
ENCODER_NATIVE 18 source.py.txt r18-361-rf-text 125556 75273
ENCODER_NATIVE 19 source.rs.txt public514 144447 88318
ENCODER_NATIVE 19 source.rs.txt public361 126867 75484
ENCODER_NATIVE 19 source.rs.txt public586 126002 73939
ENCODER_NATIVE 19 source.rs.txt r18-361-rf-text 126316 73685
ENCODER_NATIVE 20 sourcemap.map.txt public514 75873 48664
ENCODER_NATIVE 20 sourcemap.map.txt public361 65048 40831
ENCODER_NATIVE 20 sourcemap.map.txt public586 64456 40199
ENCODER_NATIVE 20 sourcemap.map.txt r18-361-rf-text 64638 40095
ENCODER_NATIVE 21 sparse.bin public514 1270 1458
ENCODER_NATIVE 21 sparse.bin public361 1219 1190
ENCODER_NATIVE 21 sparse.bin public586 1193 1236
ENCODER_NATIVE 21 sparse.bin r18-361-rf-text 1219 1190
ENCODER_NATIVE 22 tiny-app.log public514 1270 998
ENCODER_NATIVE 22 tiny-app.log public361 880 622
ENCODER_NATIVE 22 tiny-app.log public586 835 613
ENCODER_NATIVE 22 tiny-app.log r18-361-rf-text 880 622
ENCODER_NATIVE 23 tiny-config.json.txt public514 2487 3094
ENCODER_NATIVE 23 tiny-config.json.txt public361 2079 2143
ENCODER_NATIVE 23 tiny-config.json.txt public586 2077 2109
ENCODER_NATIVE 23 tiny-config.json.txt r18-361-rf-text 2079 2143
ENCODER_NATIVE 24 weights-bf16.bin public514 365611 265242
ENCODER_NATIVE 24 weights-bf16.bin public361 354317 450000
ENCODER_NATIVE 24 weights-bf16.bin public586 353926 438670
ENCODER_NATIVE 24 weights-bf16.bin r18-361-rf-text 354317 450000
ENCODER_NATIVE 25 weights-f16.bin public514 212660 250000
ENCODER_NATIVE 25 weights-f16.bin public361 212660 250000
ENCODER_NATIVE 25 weights-f16.bin public586 212660 250000
ENCODER_NATIVE 25 weights-f16.bin r18-361-rf-text 212660 250000
ENCODER_NATIVE 26 weights-f32.bin public514 284138 285782
ENCODER_NATIVE 26 weights-f32.bin public361 279231 284542
ENCODER_NATIVE 26 weights-f32.bin public586 278801 284464
ENCODER_NATIVE 26 weights-f32.bin r18-361-rf-text 279231 284542
ENCODER_NATIVE 27 weights-q8.bin public514 235572 250000
ENCODER_NATIVE 27 weights-q8.bin public361 235572 250000
ENCODER_NATIVE 27 weights-q8.bin public586 235572 250000
ENCODER_NATIVE 27 weights-q8.bin r18-361-rf-text 235572 250000
