{
  "snapshot": {
    "snapshot_id": "29361",
    "computed_at": "2026-10-09T14:52:00.178921+00:00",
    "policy_version": "compression-policy-c255effb7d5afeef",
    "status": "ready",
    "freshness": "unknown",
    "freshness_reason": "Recorded scoring pass; live policy changes require a new pass."
  },
  "candidates": 74,
  "skipped": 0,
  "ranking": [
    {
      "candidate": "r13-514-abs15",
      "best_pct": 22.85532841368787,
      "median_block_pct": 0,
      "p25_pct": 0.0,
      "p75_pct": 0.03898657276167154,
      "min_pct": 0,
      "pooled_center_pct": 0,
      "runs": 19,
      "blocks": 51,
      "positive_blocks": 23,
      "blocks_ge1pct": 3,
      "blocks_ge1_7pct": 3,
      "verified_pairs": [
        "r13-514-abs15"
      ]
    },
    {
      "candidate": "r14-514-dna-nofold",
      "best_pct": 22.839967505719855,
      "median_block_pct": 22.268838274153172,
      "p25_pct": 21.98327365836983,
      "p75_pct": 22.55440288993651,
      "min_pct": 21.69770904258649,
      "pooled_center_pct": 22.272986484183164,
      "runs": 1,
      "blocks": 2,
      "positive_blocks": 2,
      "blocks_ge1pct": 2,
      "blocks_ge1_7pct": 2,
      "verified_pairs": []
    },
    {
      "candidate": "r14-514-hash32",
      "best_pct": 19.978534327542967,
      "median_block_pct": 0.022801371064590376,
      "p25_pct": 0.0,
      "p75_pct": 0.04104656701769834,
      "min_pct": 0,
      "pooled_center_pct": 20.33693848573277,
      "runs": 6,
      "blocks": 16,
      "positive_blocks": 10,
      "blocks_ge1pct": 2,
      "blocks_ge1_7pct": 2,
      "verified_pairs": [
        "r14-514-hash32"
      ]
    },
    {
      "candidate": "r13-514-pair64",
      "best_pct": 19.73089138549094,
      "median_block_pct": 9.86544569274547,
      "p25_pct": 4.932722846372735,
      "p75_pct": 14.798168539118205,
      "min_pct": 0,
      "pooled_center_pct": 0,
      "runs": 1,
      "blocks": 2,
      "positive_blocks": 1,
      "blocks_ge1pct": 1,
      "blocks_ge1_7pct": 1,
      "verified_pairs": []
    },
    {
      "candidate": "r14-514-dna-direct",
      "best_pct": 17.2466896521782,
      "median_block_pct": 0.0,
      "p25_pct": 0.0,
      "p75_pct": 4.31167241304455,
      "min_pct": 0,
      "pooled_center_pct": 0,
      "runs": 2,
      "blocks": 4,
      "positive_blocks": 1,
      "blocks_ge1pct": 1,
      "blocks_ge1_7pct": 1,
      "verified_pairs": []
    },
    {
      "candidate": "r12-fast-pc507-abs15",
      "best_pct": 13.082914949127952,
      "median_block_pct": 0.0,
      "p25_pct": 0.0,
      "p75_pct": 0.0,
      "min_pct": 0,
      "pooled_center_pct": 0,
      "runs": 3,
      "blocks": 8,
      "positive_blocks": 1,
      "blocks_ge1pct": 1,
      "blocks_ge1_7pct": 1,
      "verified_pairs": [
        "r12-fast-pc507-abs15"
      ]
    },
    {
      "candidate": "r16-514-lazy8-depth2",
      "best_pct": 1.0506889917900937,
      "median_block_pct": 0.24812569944707613,
      "p25_pct": 0.0,
      "p75_pct": 0.6732366020654248,
      "min_pct": 0,
      "pooled_center_pct": 0,
      "runs": 3,
      "blocks": 6,
      "positive_blocks": 3,
      "blocks_ge1pct": 1,
      "blocks_ge1_7pct": 0,
      "verified_pairs": []
    },
    {
      "candidate": "r16-514-lazy8-binary",
      "best_pct": 1.0491300144314926,
      "median_block_pct": 0.5924564917261412,
      "p25_pct": 0.12432971130768258,
      "p75_pct": 0.8121568360049245,
      "min_pct": 0,
      "pooled_center_pct": 0.5603278100489918,
      "runs": 2,
      "blocks": 6,
      "positive_blocks": 4,
      "blocks_ge1pct": 1,
      "blocks_ge1_7pct": 0,
      "verified_pairs": []
    },
    {
      "candidate": "r16-514-lazy16",
      "best_pct": 0.9255569103621966,
      "median_block_pct": 0.6372434931571671,
      "p25_pct": 0.588002650574804,
      "p75_pct": 0.721098555297085,
      "min_pct": 0.2186873282496469,
      "pooled_center_pct": 0.6010726290196318,
      "runs": 2,
      "blocks": 6,
      "positive_blocks": 6,
      "blocks_ge1pct": 0,
      "blocks_ge1_7pct": 0,
      "verified_pairs": []
    },
    {
      "candidate": "r15-hash32-chain-depth3",
      "best_pct": 0.8444883336018005,
      "median_block_pct": 0.6757653528248342,
      "p25_pct": 0.3474010459011641,
      "p75_pct": 0.7484511308959889,
      "min_pct": 0.1845069795709215,
      "pooled_center_pct": 0.6647085458155151,
      "runs": 2,
      "blocks": 6,
      "positive_blocks": 6,
      "blocks_ge1pct": 0,
      "blocks_ge1_7pct": 0,
      "verified_pairs": []
    },
    {
      "candidate": "r16-514-lazy8",
      "best_pct": 0.6602213075293597,
      "median_block_pct": 0.1437633807557405,
      "p25_pct": 0.0,
      "p75_pct": 0.37484297317676274,
      "min_pct": 0,
      "pooled_center_pct": 0.1347566089921471,
      "runs": 6,
      "blocks": 16,
      "positive_blocks": 10,
      "blocks_ge1pct": 0,
      "blocks_ge1_7pct": 0,
      "verified_pairs": []
    },
    {
      "candidate": "r16-514-text-minlazy",
      "best_pct": 0.3235430584256493,
      "median_block_pct": 0.16177152921282464,
      "p25_pct": 0.08088576460641232,
      "p75_pct": 0.24265729381923695,
      "min_pct": 0,
      "pooled_center_pct": 0.20109102879854907,
      "runs": 1,
      "blocks": 2,
      "positive_blocks": 1,
      "blocks_ge1pct": 0,
      "blocks_ge1_7pct": 0,
      "verified_pairs": []
    },
    {
      "candidate": "r16-514-depth2",
      "best_pct": 0.26560934171419054,
      "median_block_pct": 0.2581648056386274,
      "p25_pct": 0.25444253760084584,
      "p75_pct": 0.26188707367640895,
      "min_pct": 0.25072026956306426,
      "pooled_center_pct": 0.25811133460127156,
      "runs": 1,
      "blocks": 2,
      "positive_blocks": 2,
      "blocks_ge1pct": 0,
      "blocks_ge1_7pct": 0,
      "verified_pairs": []
    },
    {
      "candidate": "r15-hash32-depth2-gain",
      "best_pct": 0.26497418176605736,
      "median_block_pct": 0.1792747571430524,
      "p25_pct": 0.13642504483154994,
      "p75_pct": 0.22212446945455488,
      "min_pct": 0.09357533252004746,
      "pooled_center_pct": 0.16865123131776696,
      "runs": 1,
      "blocks": 2,
      "positive_blocks": 2,
      "blocks_ge1pct": 0,
      "blocks_ge1_7pct": 0,
      "verified_pairs": []
    },
    {
      "candidate": "r15-hash32-chain-depth2",
      "best_pct": 0.24217040677503537,
      "median_block_pct": 0.19332320029687636,
      "p25_pct": 0.16310106967516763,
      "p75_pct": 0.21708727018903137,
      "min_pct": 0.1335739461969463,
      "pooled_center_pct": 0.1913362902913029,
      "runs": 3,
      "blocks": 8,
      "positive_blocks": 8,
      "blocks_ge1pct": 0,
      "blocks_ge1_7pct": 0,
      "verified_pairs": []
    },
    {
      "candidate": "r15-550-base-only",
      "best_pct": 0.07828572627998942,
      "median_block_pct": 0.0,
      "p25_pct": 0.0,
      "p75_pct": 0.010798860139587124,
      "min_pct": 0,
      "pooled_center_pct": 0,
      "runs": 4,
      "blocks": 10,
      "positive_blocks": 3,
      "blocks_ge1pct": 0,
      "blocks_ge1_7pct": 0,
      "verified_pairs": [
        "r15-550-base-only"
      ]
    },
    {
      "candidate": "r13-514-abs15-rescue",
      "best_pct": 0.05876094945777782,
      "median_block_pct": 0.0,
      "p25_pct": 0.0,
      "p75_pct": 0.012058813712469037,
      "min_pct": 0,
      "pooled_center_pct": 0,
      "runs": 2,
      "blocks": 6,
      "positive_blocks": 2,
      "blocks_ge1pct": 0,
      "blocks_ge1_7pct": 0,
      "verified_pairs": []
    },
    {
      "candidate": "r14-514-chain-gain",
      "best_pct": 0.04979496009864231,
      "median_block_pct": 0.024897480049321154,
      "p25_pct": 0.012448740024660577,
      "p75_pct": 0.03734622007398173,
      "min_pct": 0,
      "pooled_center_pct": 0,
      "runs": 1,
      "blocks": 2,
      "positive_blocks": 1,
      "blocks_ge1pct": 0,
      "blocks_ge1_7pct": 0,
      "verified_pairs": []
    },
    {
      "candidate": "r16-514-binary-minlazy",
      "best_pct": 0.04616973430955381,
      "median_block_pct": 0.023084867154776905,
      "p25_pct": 0.011542433577388453,
      "p75_pct": 0.034627300732165356,
      "min_pct": 0,
      "pooled_center_pct": 0.05522620845486953,
      "runs": 1,
      "blocks": 2,
      "positive_blocks": 1,
      "blocks_ge1pct": 0,
      "blocks_ge1_7pct": 0,
      "verified_pairs": []
    },
    {
      "candidate": "r15-hash32-text-head16",
      "best_pct": 0.04393668073960451,
      "median_block_pct": 0.021968340369802254,
      "p25_pct": 0.010984170184901127,
      "p75_pct": 0.032952510554703385,
      "min_pct": 0,
      "pooled_center_pct": 0,
      "runs": 1,
      "blocks": 2,
      "positive_blocks": 1,
      "blocks_ge1pct": 0,
      "blocks_ge1_7pct": 0,
      "verified_pairs": []
    },
    {
      "candidate": "r14-514-head14",
      "best_pct": 0.032225104694423565,
      "median_block_pct": 0.016112552347211782,
      "p25_pct": 0.008056276173605891,
      "p75_pct": 0.024168828520817674,
      "min_pct": 0,
      "pooled_center_pct": 0,
      "runs": 1,
      "blocks": 2,
      "positive_blocks": 1,
      "blocks_ge1pct": 0,
      "blocks_ge1_7pct": 0,
      "verified_pairs": []
    },
    {
      "candidate": "r13-514-abs15-pad64",
      "best_pct": 0.031699312377932845,
      "median_block_pct": 0.0,
      "p25_pct": 0.0,
      "p75_pct": 0.013217487692764311,
      "min_pct": 0,
      "pooled_center_pct": 0,
      "runs": 2,
      "blocks": 6,
      "positive_blocks": 2,
      "blocks_ge1pct": 0,
      "blocks_ge1_7pct": 0,
      "verified_pairs": []
    },
    {
      "candidate": "r16-514-skip5",
      "best_pct": 0.014075534812547464,
      "median_block_pct": 0.007037767406273732,
      "p25_pct": 0.003518883703136866,
      "p75_pct": 0.010556651109410599,
      "min_pct": 0,
      "pooled_center_pct": 0,
      "runs": 1,
      "blocks": 2,
      "positive_blocks": 1,
      "blocks_ge1pct": 0,
      "blocks_ge1_7pct": 0,
      "verified_pairs": []
    },
    {
      "candidate": "r15-hash32-chain-gain",
      "best_pct": 0.012957779400203071,
      "median_block_pct": 0.006478889700101536,
      "p25_pct": 0.003239444850050768,
      "p75_pct": 0.009718334550152304,
      "min_pct": 0,
      "pooled_center_pct": 0,
      "runs": 1,
      "blocks": 2,
      "positive_blocks": 1,
      "blocks_ge1pct": 0,
      "blocks_ge1_7pct": 0,
      "verified_pairs": []
    }
  ]
}
