{
  "runs": 4,
  "paired_processes": 78,
  "candidates": [
    {
      "name": "r16-514-depth2",
      "time_change_pct_vs_parent": 0.5789314542978374,
      "size_change_pp": -0.09523675788496888,
      "family_point": {
        "name": "__round10_hypothetical_future__",
        "time_ratio": 0.43502573871197636,
        "compressed_pct": 36.55417210365865,
        "within_published_scoring_bounds": true,
        "on_updated_geometric_frontier": true,
        "dominating_existing_frontier_ids": [],
        "existing_frontier_ids_dominated_by_candidate": [
          "481"
        ],
        "geometric_share_fraction_of_competition_pareto_pool": 0.0037387060536733735,
        "geometric_share_pct_of_competition_pareto_pool": 0.37387060536733735
      },
      "stress_point": {
        "name": "__round10_hypothetical_future__",
        "time_ratio": 0.439482728679439,
        "compressed_pct": 36.56417210365865,
        "within_published_scoring_bounds": true,
        "on_updated_geometric_frontier": false,
        "dominating_existing_frontier_ids": [
          "481",
          "511",
          "555"
        ],
        "existing_frontier_ids_dominated_by_candidate": [],
        "geometric_share_fraction_of_competition_pareto_pool": 0.0,
        "geometric_share_pct_of_competition_pareto_pool": 0.0
      },
      "gate": false
    },
    {
      "name": "r16-514-lazy8",
      "time_change_pct_vs_parent": 1.774132535746853,
      "size_change_pp": -0.16239345624613577,
      "family_point": {
        "name": "__round10_hypothetical_future__",
        "time_ratio": 0.4401802004061217,
        "compressed_pct": 36.486185405008435,
        "within_published_scoring_bounds": true,
        "on_updated_geometric_frontier": true,
        "dominating_existing_frontier_ids": [],
        "existing_frontier_ids_dominated_by_candidate": [],
        "geometric_share_fraction_of_competition_pareto_pool": 0.0014856687571465055,
        "geometric_share_pct_of_competition_pareto_pool": 0.14856687571465055
      },
      "stress_point": {
        "name": "__round10_hypothetical_future__",
        "time_ratio": 0.4471117086475635,
        "compressed_pct": 36.49618540500843,
        "within_published_scoring_bounds": true,
        "on_updated_geometric_frontier": false,
        "dominating_existing_frontier_ids": [
          "543",
          "546"
        ],
        "existing_frontier_ids_dominated_by_candidate": [],
        "geometric_share_fraction_of_competition_pareto_pool": 0.0,
        "geometric_share_pct_of_competition_pareto_pool": 0.0
      },
      "gate": false
    },
    {
      "name": "r16-514-skip5",
      "time_change_pct_vs_parent": -0.0889335124784063,
      "size_change_pp": -0.011199350649349071,
      "family_point": {
        "name": "__round10_hypothetical_future__",
        "time_ratio": 0.4321336477282434,
        "compressed_pct": 36.639248142542314,
        "within_published_scoring_bounds": true,
        "on_updated_geometric_frontier": false,
        "dominating_existing_frontier_ids": [
          "539"
        ],
        "existing_frontier_ids_dominated_by_candidate": [],
        "geometric_share_fraction_of_competition_pareto_pool": 0.0,
        "geometric_share_pct_of_competition_pareto_pool": 0.0
      },
      "stress_point": {
        "name": "__round10_hypothetical_future__",
        "time_ratio": 0.4373622726177001,
        "compressed_pct": 36.64924814254231,
        "within_published_scoring_bounds": true,
        "on_updated_geometric_frontier": false,
        "dominating_existing_frontier_ids": [
          "535",
          "539"
        ],
        "existing_frontier_ids_dominated_by_candidate": [],
        "geometric_share_fraction_of_competition_pareto_pool": 0.0,
        "geometric_share_pct_of_competition_pareto_pool": 0.0
      },
      "gate": false
    },
    {
      "name": "r16-514-lazy16",
      "time_change_pct_vs_parent": -0.2306012667474766,
      "size_change_pp": -0.029590657854051017,
      "family_point": {
        "name": "__round10_hypothetical_future__",
        "time_ratio": 0.43793936323326443,
        "compressed_pct": 36.45622903151959,
        "within_published_scoring_bounds": true,
        "on_updated_geometric_frontier": true,
        "dominating_existing_frontier_ids": [],
        "existing_frontier_ids_dominated_by_candidate": [
          "481",
          "511",
          "555"
        ],
        "geometric_share_fraction_of_competition_pareto_pool": 0.008119834450525373,
        "geometric_share_pct_of_competition_pareto_pool": 0.8119834450525374
      },
      "stress_point": {
        "name": "__round10_hypothetical_future__",
        "time_ratio": 0.44367181954673973,
        "compressed_pct": 36.46622903151959,
        "within_published_scoring_bounds": true,
        "on_updated_geometric_frontier": false,
        "dominating_existing_frontier_ids": [
          "546"
        ],
        "existing_frontier_ids_dominated_by_candidate": [],
        "geometric_share_fraction_of_competition_pareto_pool": 0.0,
        "geometric_share_pct_of_competition_pareto_pool": 0.0
      },
      "gate": false
    },
    {
      "name": "r16-514-lazy8-depth2",
      "time_change_pct_vs_parent": 0.12781422848393564,
      "size_change_pp": -0.058083692795300124,
      "family_point": {
        "name": "__round10_hypothetical_future__",
        "time_ratio": 0.44102365426129503,
        "compressed_pct": 36.42738384663925,
        "within_published_scoring_bounds": true,
        "on_updated_geometric_frontier": false,
        "dominating_existing_frontier_ids": [
          "546"
        ],
        "existing_frontier_ids_dominated_by_candidate": [],
        "geometric_share_fraction_of_competition_pareto_pool": 0.0,
        "geometric_share_pct_of_competition_pareto_pool": 0.0
      },
      "stress_point": {
        "name": "__round10_hypothetical_future__",
        "time_ratio": 0.4492353776066483,
        "compressed_pct": 36.43738384663925,
        "within_published_scoring_bounds": true,
        "on_updated_geometric_frontier": false,
        "dominating_existing_frontier_ids": [
          "543",
          "546"
        ],
        "existing_frontier_ids_dominated_by_candidate": [],
        "geometric_share_fraction_of_competition_pareto_pool": 0.0,
        "geometric_share_pct_of_competition_pareto_pool": 0.0
      },
      "gate": false
    },
    {
      "name": "r16-514-lazy8-binary",
      "time_change_pct_vs_parent": 0.04112264023976575,
      "size_change_pp": -0.04458928571428089,
      "family_point": {
        "name": "__round10_hypothetical_future__",
        "time_ratio": 0.43913022811311897,
        "compressed_pct": 36.44104503323819,
        "within_published_scoring_bounds": true,
        "on_updated_geometric_frontier": true,
        "dominating_existing_frontier_ids": [],
        "existing_frontier_ids_dominated_by_candidate": [
          "555"
        ],
        "geometric_share_fraction_of_competition_pareto_pool": 0.009709428722808083,
        "geometric_share_pct_of_competition_pareto_pool": 0.9709428722808083
      },
      "stress_point": {
        "name": "__round10_hypothetical_future__",
        "time_ratio": 0.4437995091164034,
        "compressed_pct": 36.45104503323819,
        "within_published_scoring_bounds": true,
        "on_updated_geometric_frontier": false,
        "dominating_existing_frontier_ids": [
          "546"
        ],
        "existing_frontier_ids_dominated_by_candidate": [],
        "geometric_share_fraction_of_competition_pareto_pool": 0.0,
        "geometric_share_pct_of_competition_pareto_pool": 0.0
      },
      "gate": false
    },
    {
      "name": "r16-514-quality-hash32",
      "time_change_pct_vs_parent": 0.1564597469871032,
      "size_change_pp": 0.00479521817468509,
      "family_point": {
        "name": "__round10_hypothetical_future__",
        "time_ratio": 0.44249232365048136,
        "compressed_pct": 36.432238329676096,
        "within_published_scoring_bounds": true,
        "on_updated_geometric_frontier": false,
        "dominating_existing_frontier_ids": [
          "546"
        ],
        "existing_frontier_ids_dominated_by_candidate": [],
        "geometric_share_fraction_of_competition_pareto_pool": 0.0,
        "geometric_share_pct_of_competition_pareto_pool": 0.0
      },
      "stress_point": {
        "name": "__round10_hypothetical_future__",
        "time_ratio": 0.4471131680041014,
        "compressed_pct": 36.442238329676094,
        "within_published_scoring_bounds": true,
        "on_updated_geometric_frontier": false,
        "dominating_existing_frontier_ids": [
          "543",
          "546"
        ],
        "existing_frontier_ids_dominated_by_candidate": [],
        "geometric_share_fraction_of_competition_pareto_pool": 0.0,
        "geometric_share_pct_of_competition_pareto_pool": 0.0
      },
      "gate": false
    },
    {
      "name": "r16-514-quality-slack2",
      "time_change_pct_vs_parent": 0.9764719333560601,
      "size_change_pp": -0.007147722812895552,
      "family_point": {
        "name": "__round10_hypothetical_future__",
        "time_ratio": 0.44611445474866235,
        "compressed_pct": 36.42014778398617,
        "within_published_scoring_bounds": true,
        "on_updated_geometric_frontier": false,
        "dominating_existing_frontier_ids": [
          "543",
          "546"
        ],
        "existing_frontier_ids_dominated_by_candidate": [],
        "geometric_share_fraction_of_competition_pareto_pool": 0.0,
        "geometric_share_pct_of_competition_pareto_pool": 0.0
      },
      "stress_point": {
        "name": "__round10_hypothetical_future__",
        "time_ratio": 0.4513698556157048,
        "compressed_pct": 36.430147783986165,
        "within_published_scoring_bounds": true,
        "on_updated_geometric_frontier": false,
        "dominating_existing_frontier_ids": [
          "543",
          "546"
        ],
        "existing_frontier_ids_dominated_by_candidate": [],
        "geometric_share_fraction_of_competition_pareto_pool": 0.0,
        "geometric_share_pct_of_competition_pareto_pool": 0.0
      },
      "gate": false
    },
    {
      "name": "r16-514-demand",
      "time_change_pct_vs_parent": 0.5156732104332651,
      "size_change_pp": 0.0,
      "family_point": {
        "name": "__round10_hypothetical_future__",
        "time_ratio": 0.44407868684759616,
        "compressed_pct": 36.42738384663925,
        "within_published_scoring_bounds": true,
        "on_updated_geometric_frontier": false,
        "dominating_existing_frontier_ids": [
          "546"
        ],
        "existing_frontier_ids_dominated_by_candidate": [],
        "geometric_share_fraction_of_competition_pareto_pool": 0.0,
        "geometric_share_pct_of_competition_pareto_pool": 0.0
      },
      "stress_point": {
        "name": "__round10_hypothetical_future__",
        "time_ratio": 0.44924888794841156,
        "compressed_pct": 36.43738384663925,
        "within_published_scoring_bounds": true,
        "on_updated_geometric_frontier": false,
        "dominating_existing_frontier_ids": [
          "543",
          "546"
        ],
        "existing_frontier_ids_dominated_by_candidate": [],
        "geometric_share_fraction_of_competition_pareto_pool": 0.0,
        "geometric_share_pct_of_competition_pareto_pool": 0.0
      },
      "gate": false
    },
    {
      "name": "r16-514-both",
      "time_change_pct_vs_parent": 0.13643436033579093,
      "size_change_pp": -0.04458928571428089,
      "family_point": {
        "name": "__round10_hypothetical_future__",
        "time_ratio": 0.4431602819890031,
        "compressed_pct": 36.382243474869014,
        "within_published_scoring_bounds": true,
        "on_updated_geometric_frontier": false,
        "dominating_existing_frontier_ids": [
          "546"
        ],
        "existing_frontier_ids_dominated_by_candidate": [],
        "geometric_share_fraction_of_competition_pareto_pool": 0.0,
        "geometric_share_pct_of_competition_pareto_pool": 0.0
      },
      "stress_point": {
        "name": "__round10_hypothetical_future__",
        "time_ratio": 0.4493296184960673,
        "compressed_pct": 36.39224347486901,
        "within_published_scoring_bounds": true,
        "on_updated_geometric_frontier": false,
        "dominating_existing_frontier_ids": [
          "543",
          "546"
        ],
        "existing_frontier_ids_dominated_by_candidate": [],
        "geometric_share_fraction_of_competition_pareto_pool": 0.0,
        "geometric_share_pct_of_competition_pareto_pool": 0.0
      },
      "gate": false
    }
  ]
}
