{
  "runs": 7,
  "paired_processes": 158,
  "candidates": [
    {
      "name": "r16-514-depth2",
      "time_change_pct_vs_parent": 0.5789314542978374,
      "size_change_pp": -0.09523675788496888,
      "family_point": {
        "name": "__round10_hypothetical_future__",
        "time_ratio": 0.43502573871197636,
        "compressed_pct": 36.55417210365865,
        "within_published_scoring_bounds": true,
        "on_updated_geometric_frontier": true,
        "dominating_existing_frontier_ids": [],
        "existing_frontier_ids_dominated_by_candidate": [
          "481"
        ],
        "geometric_share_fraction_of_competition_pareto_pool": 0.0025811133460127943,
        "geometric_share_pct_of_competition_pareto_pool": 0.25811133460127944
      },
      "stress_point": {
        "name": "__round10_hypothetical_future__",
        "time_ratio": 0.439482728679439,
        "compressed_pct": 36.56417210365865,
        "within_published_scoring_bounds": true,
        "on_updated_geometric_frontier": false,
        "dominating_existing_frontier_ids": [
          "481",
          "511",
          "555"
        ],
        "existing_frontier_ids_dominated_by_candidate": [],
        "geometric_share_fraction_of_competition_pareto_pool": 0.0,
        "geometric_share_pct_of_competition_pareto_pool": 0.0
      },
      "gate": false
    },
    {
      "name": "r16-514-lazy8",
      "time_change_pct_vs_parent": 1.7739799990894145,
      "size_change_pp": -0.16239345624613577,
      "family_point": {
        "name": "__round10_hypothetical_future__",
        "time_ratio": 0.44026322173043336,
        "compressed_pct": 36.486185405008435,
        "within_published_scoring_bounds": true,
        "on_updated_geometric_frontier": true,
        "dominating_existing_frontier_ids": [],
        "existing_frontier_ids_dominated_by_candidate": [],
        "geometric_share_fraction_of_competition_pareto_pool": 0.0013475660899214708,
        "geometric_share_pct_of_competition_pareto_pool": 0.1347566089921471
      },
      "stress_point": {
        "name": "__round10_hypothetical_future__",
        "time_ratio": 0.44780216600482375,
        "compressed_pct": 36.49618540500843,
        "within_published_scoring_bounds": true,
        "on_updated_geometric_frontier": false,
        "dominating_existing_frontier_ids": [
          "543",
          "546"
        ],
        "existing_frontier_ids_dominated_by_candidate": [],
        "geometric_share_fraction_of_competition_pareto_pool": 0.0,
        "geometric_share_pct_of_competition_pareto_pool": 0.0
      },
      "gate": false
    },
    {
      "name": "r16-514-skip5",
      "time_change_pct_vs_parent": -0.0889335124784063,
      "size_change_pp": -0.011199350649349071,
      "family_point": {
        "name": "__round10_hypothetical_future__",
        "time_ratio": 0.4321336477282434,
        "compressed_pct": 36.639248142542314,
        "within_published_scoring_bounds": true,
        "on_updated_geometric_frontier": false,
        "dominating_existing_frontier_ids": [
          "539"
        ],
        "existing_frontier_ids_dominated_by_candidate": [],
        "geometric_share_fraction_of_competition_pareto_pool": 0.0,
        "geometric_share_pct_of_competition_pareto_pool": 0.0
      },
      "stress_point": {
        "name": "__round10_hypothetical_future__",
        "time_ratio": 0.4373622726177001,
        "compressed_pct": 36.64924814254231,
        "within_published_scoring_bounds": true,
        "on_updated_geometric_frontier": false,
        "dominating_existing_frontier_ids": [
          "539",
          "575"
        ],
        "existing_frontier_ids_dominated_by_candidate": [],
        "geometric_share_fraction_of_competition_pareto_pool": 0.0,
        "geometric_share_pct_of_competition_pareto_pool": 0.0
      },
      "gate": false
    },
    {
      "name": "r16-514-lazy16",
      "time_change_pct_vs_parent": -0.329893408212234,
      "size_change_pp": -0.029590657854051017,
      "family_point": {
        "name": "__round10_hypothetical_future__",
        "time_ratio": 0.43864413868612373,
        "compressed_pct": 36.45622903151959,
        "within_published_scoring_bounds": true,
        "on_updated_geometric_frontier": true,
        "dominating_existing_frontier_ids": [],
        "existing_frontier_ids_dominated_by_candidate": [
          "481",
          "511",
          "555"
        ],
        "geometric_share_fraction_of_competition_pareto_pool": 0.0060107262901962335,
        "geometric_share_pct_of_competition_pareto_pool": 0.6010726290196233
      },
      "stress_point": {
        "name": "__round10_hypothetical_future__",
        "time_ratio": 0.4449478897616834,
        "compressed_pct": 36.46622903151959,
        "within_published_scoring_bounds": true,
        "on_updated_geometric_frontier": false,
        "dominating_existing_frontier_ids": [
          "546"
        ],
        "existing_frontier_ids_dominated_by_candidate": [],
        "geometric_share_fraction_of_competition_pareto_pool": 0.0,
        "geometric_share_pct_of_competition_pareto_pool": 0.0
      },
      "gate": false
    },
    {
      "name": "r16-514-lazy8-depth2",
      "time_change_pct_vs_parent": 0.12781422848393564,
      "size_change_pp": -0.058083692795300124,
      "family_point": {
        "name": "__round10_hypothetical_future__",
        "time_ratio": 0.44102365426129503,
        "compressed_pct": 36.42738384663925,
        "within_published_scoring_bounds": true,
        "on_updated_geometric_frontier": false,
        "dominating_existing_frontier_ids": [
          "546"
        ],
        "existing_frontier_ids_dominated_by_candidate": [],
        "geometric_share_fraction_of_competition_pareto_pool": 0.0,
        "geometric_share_pct_of_competition_pareto_pool": 0.0
      },
      "stress_point": {
        "name": "__round10_hypothetical_future__",
        "time_ratio": 0.4492353776066483,
        "compressed_pct": 36.43738384663925,
        "within_published_scoring_bounds": true,
        "on_updated_geometric_frontier": false,
        "dominating_existing_frontier_ids": [
          "543",
          "546"
        ],
        "existing_frontier_ids_dominated_by_candidate": [],
        "geometric_share_fraction_of_competition_pareto_pool": 0.0,
        "geometric_share_pct_of_competition_pareto_pool": 0.0
      },
      "gate": false
    },
    {
      "name": "r16-514-lazy8-binary",
      "time_change_pct_vs_parent": 0.1514120170113209,
      "size_change_pp": -0.04458928571428089,
      "family_point": {
        "name": "__round10_hypothetical_future__",
        "time_ratio": 0.43994643325491184,
        "compressed_pct": 36.44104503323819,
        "within_published_scoring_bounds": true,
        "on_updated_geometric_frontier": true,
        "dominating_existing_frontier_ids": [],
        "existing_frontier_ids_dominated_by_candidate": [],
        "geometric_share_fraction_of_competition_pareto_pool": 0.005603278100489673,
        "geometric_share_pct_of_competition_pareto_pool": 0.5603278100489673
      },
      "stress_point": {
        "name": "__round10_hypothetical_future__",
        "time_ratio": 0.4475348999657684,
        "compressed_pct": 36.45104503323819,
        "within_published_scoring_bounds": true,
        "on_updated_geometric_frontier": false,
        "dominating_existing_frontier_ids": [
          "543",
          "546"
        ],
        "existing_frontier_ids_dominated_by_candidate": [],
        "geometric_share_fraction_of_competition_pareto_pool": 0.0,
        "geometric_share_pct_of_competition_pareto_pool": 0.0
      },
      "gate": false
    },
    {
      "name": "r16-514-quality-hash32",
      "time_change_pct_vs_parent": 0.1564597469871032,
      "size_change_pp": 0.00479521817468509,
      "family_point": {
        "name": "__round10_hypothetical_future__",
        "time_ratio": 0.44249232365048136,
        "compressed_pct": 36.432238329676096,
        "within_published_scoring_bounds": true,
        "on_updated_geometric_frontier": false,
        "dominating_existing_frontier_ids": [
          "546"
        ],
        "existing_frontier_ids_dominated_by_candidate": [],
        "geometric_share_fraction_of_competition_pareto_pool": 0.0,
        "geometric_share_pct_of_competition_pareto_pool": 0.0
      },
      "stress_point": {
        "name": "__round10_hypothetical_future__",
        "time_ratio": 0.4471131680041014,
        "compressed_pct": 36.442238329676094,
        "within_published_scoring_bounds": true,
        "on_updated_geometric_frontier": false,
        "dominating_existing_frontier_ids": [
          "543",
          "546"
        ],
        "existing_frontier_ids_dominated_by_candidate": [],
        "geometric_share_fraction_of_competition_pareto_pool": 0.0,
        "geometric_share_pct_of_competition_pareto_pool": 0.0
      },
      "gate": false
    },
    {
      "name": "r16-514-quality-slack2",
      "time_change_pct_vs_parent": 0.9764719333560601,
      "size_change_pp": -0.007147722812895552,
      "family_point": {
        "name": "__round10_hypothetical_future__",
        "time_ratio": 0.44611445474866235,
        "compressed_pct": 36.42014778398617,
        "within_published_scoring_bounds": true,
        "on_updated_geometric_frontier": false,
        "dominating_existing_frontier_ids": [
          "543",
          "546"
        ],
        "existing_frontier_ids_dominated_by_candidate": [],
        "geometric_share_fraction_of_competition_pareto_pool": 0.0,
        "geometric_share_pct_of_competition_pareto_pool": 0.0
      },
      "stress_point": {
        "name": "__round10_hypothetical_future__",
        "time_ratio": 0.4513698556157048,
        "compressed_pct": 36.430147783986165,
        "within_published_scoring_bounds": true,
        "on_updated_geometric_frontier": false,
        "dominating_existing_frontier_ids": [
          "543",
          "546"
        ],
        "existing_frontier_ids_dominated_by_candidate": [],
        "geometric_share_fraction_of_competition_pareto_pool": 0.0,
        "geometric_share_pct_of_competition_pareto_pool": 0.0
      },
      "gate": false
    },
    {
      "name": "r16-514-demand",
      "time_change_pct_vs_parent": 0.5156732104332651,
      "size_change_pp": 0.0,
      "family_point": {
        "name": "__round10_hypothetical_future__",
        "time_ratio": 0.44407868684759616,
        "compressed_pct": 36.42738384663925,
        "within_published_scoring_bounds": true,
        "on_updated_geometric_frontier": false,
        "dominating_existing_frontier_ids": [
          "546"
        ],
        "existing_frontier_ids_dominated_by_candidate": [],
        "geometric_share_fraction_of_competition_pareto_pool": 0.0,
        "geometric_share_pct_of_competition_pareto_pool": 0.0
      },
      "stress_point": {
        "name": "__round10_hypothetical_future__",
        "time_ratio": 0.44924888794841156,
        "compressed_pct": 36.43738384663925,
        "within_published_scoring_bounds": true,
        "on_updated_geometric_frontier": false,
        "dominating_existing_frontier_ids": [
          "543",
          "546"
        ],
        "existing_frontier_ids_dominated_by_candidate": [],
        "geometric_share_fraction_of_competition_pareto_pool": 0.0,
        "geometric_share_pct_of_competition_pareto_pool": 0.0
      },
      "gate": false
    },
    {
      "name": "r16-514-both",
      "time_change_pct_vs_parent": 0.13643436033579093,
      "size_change_pp": -0.04458928571428089,
      "family_point": {
        "name": "__round10_hypothetical_future__",
        "time_ratio": 0.4431602819890031,
        "compressed_pct": 36.382243474869014,
        "within_published_scoring_bounds": true,
        "on_updated_geometric_frontier": false,
        "dominating_existing_frontier_ids": [
          "546"
        ],
        "existing_frontier_ids_dominated_by_candidate": [],
        "geometric_share_fraction_of_competition_pareto_pool": 0.0,
        "geometric_share_pct_of_competition_pareto_pool": 0.0
      },
      "stress_point": {
        "name": "__round10_hypothetical_future__",
        "time_ratio": 0.4493296184960673,
        "compressed_pct": 36.39224347486901,
        "within_published_scoring_bounds": true,
        "on_updated_geometric_frontier": false,
        "dominating_existing_frontier_ids": [
          "543",
          "546"
        ],
        "existing_frontier_ids_dominated_by_candidate": [],
        "geometric_share_fraction_of_competition_pareto_pool": 0.0,
        "geometric_share_pct_of_competition_pareto_pool": 0.0
      },
      "gate": false
    },
    {
      "name": "r16-514-text-minlazy",
      "time_change_pct_vs_parent": 2.066474483916747,
      "size_change_pp": -0.10527151747061936,
      "family_point": {
        "name": "__round10_hypothetical_future__",
        "time_ratio": 0.4380308349020007,
        "compressed_pct": 36.544013322887324,
        "within_published_scoring_bounds": true,
        "on_updated_geometric_frontier": true,
        "dominating_existing_frontier_ids": [],
        "existing_frontier_ids_dominated_by_candidate": [
          "481"
        ],
        "geometric_share_fraction_of_competition_pareto_pool": 0.002010910287985491,
        "geometric_share_pct_of_competition_pareto_pool": 0.20109102879854907
      },
      "stress_point": {
        "name": "__round10_hypothetical_future__",
        "time_ratio": 0.4441282320854325,
        "compressed_pct": 36.55401332288732,
        "within_published_scoring_bounds": true,
        "on_updated_geometric_frontier": false,
        "dominating_existing_frontier_ids": [
          "511",
          "546",
          "555"
        ],
        "existing_frontier_ids_dominated_by_candidate": [],
        "geometric_share_fraction_of_competition_pareto_pool": 0.0,
        "geometric_share_pct_of_competition_pareto_pool": 0.0
      },
      "gate": false
    },
    {
      "name": "r16-514-binary-minlazy",
      "time_change_pct_vs_parent": 0.8308294478122535,
      "size_change_pp": -0.022810714285711242,
      "family_point": {
        "name": "__round10_hypothetical_future__",
        "time_ratio": 0.43274780352523706,
        "compressed_pct": 36.627493272220704,
        "within_published_scoring_bounds": true,
        "on_updated_geometric_frontier": true,
        "dominating_existing_frontier_ids": [],
        "existing_frontier_ids_dominated_by_candidate": [],
        "geometric_share_fraction_of_competition_pareto_pool": 0.0005522620845486532,
        "geometric_share_pct_of_competition_pareto_pool": 0.055226208454865325
      },
      "stress_point": {
        "name": "__round10_hypothetical_future__",
        "time_ratio": 0.4385966798241932,
        "compressed_pct": 36.6374932722207,
        "within_published_scoring_bounds": true,
        "on_updated_geometric_frontier": false,
        "dominating_existing_frontier_ids": [
          "539",
          "575"
        ],
        "existing_frontier_ids_dominated_by_candidate": [],
        "geometric_share_fraction_of_competition_pareto_pool": 0.0,
        "geometric_share_pct_of_competition_pareto_pool": 0.0
      },
      "gate": false
    }
  ]
}
