R15_FUNCTION binary.db.bin 500000 1 1530508 1 1530357 1 1529877 0 0 0 0 0 0 0 0 0 0 0 0 0 0 0 0 0 0 0 0 0 0 0 0 0 0 0 0 0 0 0 0
R15_FUNCTION bundle.min.js.txt 1000000 1 5188154 1 5188034 1 5187494 0 0 0 0 0 0 0 0 0 0 0 0 0 0 0 0 0 0 0 0 0 0 0 0 0 0 0 0 0 0 0 0
R15_FUNCTION catalog.xml.txt 500000 1 994460 1 994380 0 0 1 993939 0 0 0 0 0 0 0 0 0 0 0 0 0 0 0 0 0 0 0 0 0 0 0 0 0 0 0 0 0 0
R15_FUNCTION compressed.bin 300000 1 41527 1 41417 0 0 0 0 1 40896 0 0 0 0 0 0 0 0 0 0 0 0 0 0 0 0 0 0 0 0 0 0 0 0 0 0 0 0
R15_FUNCTION config.yaml.txt 400000 1 1183391 1 1183322 0 0 1 1182831 0 0 0 0 0 0 0 0 0 0 0 0 0 0 0 0 0 0 0 0 0 0 0 0 0 0 0 0 0 0
R15_FUNCTION docs.md.txt 800000 1 2859892 1 2859812 0 0 1 2859642 0 0 0 0 0 0 0 0 0 0 0 0 0 0 0 0 0 0 0 0 0 0 0 0 0 0 0 0 0 0
R15_FUNCTION dump.sql.txt 150000 1 311570 1 311500 0 0 0 0 0 0 1 311360 0 0 0 0 0 0 0 0 0 0 0 0 0 0 0 0 0 0 0 0 0 0 0 0 0 0
R15_FUNCTION genome.fasta 900000 1 3573750 1 3573670 0 0 0 0 0 0 0 0 1 3573540 0 0 0 0 0 0 0 0 0 0 0 0 0 0 0 0 0 0 0 0 0 0 0 0
R15_FUNCTION images.bin 250000 1 604044 1 603973 0 0 0 0 0 0 0 0 0 0 1 603473 0 0 0 0 0 0 0 0 0 0 0 0 0 0 0 0 0 0 0 0 0 0
R15_FUNCTION lean.txt 1000000 1 3168877 1 3168787 0 0 0 0 0 0 0 0 0 0 0 0 1 3168286 0 0 0 0 0 0 0 0 0 0 0 0 0 0 0 0 0 0 0 0
R15_FUNCTION machine-code.bin 500000 1 2668827 1 2668736 1 2668295 0 0 0 0 0 0 0 0 0 0 0 0 0 0 0 0 0 0 0 0 0 0 0 0 0 0 0 0 0 0 0 0
R15_FUNCTION metrics.csv.txt 1300000 1 4648090 1 4648000 0 0 0 0 0 0 0 0 0 0 0 0 0 0 1 4647829 0 0 0 0 0 0 0 0 0 0 0 0 0 0 0 0 0 0
R15_FUNCTION multibyte.txt 1100000 1 3952495 1 3952404 0 0 1 3952264 0 0 0 0 0 0 0 0 0 0 0 0 0 0 0 0 0 0 0 0 0 0 0 0 0 0 0 0 0 0
R15_FUNCTION page.html.txt 600000 1 1515550 1 1515460 0 0 1 1515019 0 0 0 0 0 0 0 0 0 0 0 0 0 0 0 0 0 0 0 0 0 0 0 0 0 0 0 0 0 0
R15_FUNCTION prose.txt 1500000 1 7459201 1 7459101 0 0 1 7458900 0 0 0 0 0 0 0 0 0 0 0 0 0 0 0 0 0 0 0 0 0 0 0 0 0 0 0 0 0 0
R15_FUNCTION records.json.txt 400000 1 605978 1 605888 0 0 1 605407 0 0 0 0 0 0 0 0 0 0 0 0 0 0 0 0 0 0 0 0 0 0 0 0 0 0 0 0 0 0
R15_FUNCTION server.log 300000 1 492987 1 492907 0 0 0 0 0 0 0 0 0 0 0 0 0 0 0 0 0 0 1 492386 0 0 0 0 0 0 0 0 0 0 0 0 0 0
R15_FUNCTION source.c.txt 1400000 1 5107865 1 5107785 0 0 1 5107645 0 0 0 0 0 0 0 0 0 0 0 0 0 0 0 0 0 0 0 0 0 0 0 0 0 0 0 0 0 0
R15_FUNCTION source.py.txt 600000 1 1965467 1 1965387 0 0 1 1964916 0 0 0 0 0 0 0 0 0 0 0 0 0 0 0 0 0 0 0 0 0 0 0 0 0 0 0 0 0 0
R15_FUNCTION source.rs.txt 700000 1 1973012 1 1972932 0 0 1 1972780 0 0 0 0 0 0 0 0 0 0 0 0 0 0 0 0 0 0 0 0 0 0 0 0 0 0 0 0 0 0
R15_FUNCTION sourcemap.map.txt 350000 1 976657 1 976597 0 0 1 976106 0 0 0 0 0 0 0 0 0 0 0 0 0 0 0 0 0 0 0 0 0 0 0 0 0 0 0 0 0 0
R15_FUNCTION sparse.bin 40000 1 6623 1 6553 0 0 0 0 0 0 0 0 0 0 0 0 0 0 0 0 0 0 0 0 1 6382 0 0 0 0 0 0 0 0 0 0 0 0
R15_FUNCTION tiny-app.log 28000 1 32360 1 32290 0 0 0 0 0 0 0 0 0 0 0 0 0 0 0 0 0 0 0 0 0 0 1 32210 0 0 0 0 0 0 0 0 0 0
R15_FUNCTION tiny-config.json.txt 12000 1 13605 1 13535 0 0 0 0 0 0 0 0 0 0 0 0 0 0 0 0 0 0 0 0 0 0 0 0 1 13445 0 0 0 0 0 0 0 0
R15_FUNCTION weights-bf16.bin 450000 1 971758 1 971688 0 0 0 0 0 0 0 0 0 0 0 0 0 0 0 0 0 0 0 0 0 0 0 0 0 0 1 971568 0 0 0 0 0 0
R15_FUNCTION weights-f16.bin 250000 1 31759 1 31639 0 0 0 0 0 0 0 0 0 0 0 0 0 0 0 0 0 0 0 0 0 0 0 0 0 0 0 0 1 31187 0 0 0 0
R15_FUNCTION weights-f32.bin 350000 1 248142 1 248072 0 0 0 0 0 0 0 0 0 0 0 0 0 0 0 0 0 0 0 0 0 0 0 0 0 0 0 0 0 0 1 247521 0 0
R15_FUNCTION weights-q8.bin 250000 1 34655 1 34555 0 0 0 0 0 0 0 0 0 0 0 0 0 0 0 0 0 0 0 0 0 0 0 0 0 0 0 0 0 0 0 0 1 34053
