warning: value assigned to `lt` is never read
    --> /home/runner/work/Miner/Miner/candidates/r5-opt-small-select/parse.rs:1230:26
     |
1230 |             let mut lt = 0usize;
     |                          ^^^^^^ this value is reassigned later and never used
...
1256 |                 lt = if wc < wi { 1 } else { 0 };
     |                 -------------------------------- `lt` is overwritten here before the previous value is read
     |
     = note: `#[warn(unused_assignments)]` (part of `#[warn(unused)]`) on by default

warning: value assigned to `k` is never read
    --> /home/runner/work/Miner/Miner/candidates/r5-opt-small-select/parse.rs:2051:29
     |
2051 |                 let mut k = k0;
     |                             ^^ this value is reassigned later and never used
...
2060 |                     k = c_extend(s, c, p, k0, lim);
     |                     ------------------------------ `k` is overwritten here before the previous value is read

warning: unused variable: `cmode`
    --> /home/runner/work/Miner/Miner/candidates/r5-opt-small-select/parse.rs:5079:9
     |
5079 |     let cmode = mode;
     |         ^^^^^ help: if this is intentional, prefix it with an underscore: `_cmode`
     |
     = note: `#[warn(unused_variables)]` (part of `#[warn(unused)]`) on by default

warning: unused variable: `kend`
    --> /home/runner/work/Miner/Miner/candidates/r5-opt-small-select/parse.rs:5087:9
     |
5087 |     let kend = H_H_KENDS[fc % 4].wrapping_add(fc.wrapping_mul(32));
     |         ^^^^ help: if this is intentional, prefix it with an underscore: `_kend`

warning: unused variable: `force`
    --> /home/runner/work/Miner/Miner/candidates/r5-opt-small-select/parse.rs:5091:9
     |
5091 |     let force = high & h_eq(route, 1) & h_ge(n, H_D_SMALL);
     |         ^^^^^ help: if this is intentional, prefix it with an underscore: `_force`

warning: unused variable: `ew`
    --> /home/runner/work/Miner/Miner/candidates/r5-opt-small-select/parse.rs:5151:102
     |
5151 | pub fn h_eval_mode(mode: usize, fr: &mut [u32], tbl: &mut [u32], nb: usize, nbmax: usize, damp: u32, ew: u32) -> u64 {
     |                                                                                                      ^^ help: if this is intentional, prefix it with an underscore: `_ew`

warning: 6 warnings emitted

