ENCODER_NATIVE 0 binary.db.bin public514 82894 50441
ENCODER_NATIVE 0 binary.db.bin r13-514-abs15 82894 50441
ENCODER_NATIVE 0 binary.db.bin r16-514-lazy8 82894 50441
ENCODER_NATIVE 0 binary.db.bin r16-514-lazy16 82894 50441
ENCODER_NATIVE 0 binary.db.bin r16-514-lazy8-depth2 82894 50441
ENCODER_NATIVE 0 binary.db.bin r16-514-lazy8-binary 82232 50683
ENCODER_NATIVE 1 bundle.min.js.txt public514 325697 190824
ENCODER_NATIVE 1 bundle.min.js.txt r13-514-abs15 325697 190824
ENCODER_NATIVE 1 bundle.min.js.txt r16-514-lazy8 325697 190824
ENCODER_NATIVE 1 bundle.min.js.txt r16-514-lazy16 325697 190824
ENCODER_NATIVE 1 bundle.min.js.txt r16-514-lazy8-depth2 325697 190824
ENCODER_NATIVE 1 bundle.min.js.txt r16-514-lazy8-binary 317118 193222
ENCODER_NATIVE 2 catalog.xml.txt public514 69271 45579
ENCODER_NATIVE 2 catalog.xml.txt r13-514-abs15 69271 45579
ENCODER_NATIVE 2 catalog.xml.txt r16-514-lazy8 67808 45496
ENCODER_NATIVE 2 catalog.xml.txt r16-514-lazy16 67560 45419
ENCODER_NATIVE 2 catalog.xml.txt r16-514-lazy8-depth2 67435 45214
ENCODER_NATIVE 2 catalog.xml.txt r16-514-lazy8-binary 67808 45496
ENCODER_NATIVE 3 compressed.bin public514 300095 300000
ENCODER_NATIVE 3 compressed.bin r13-514-abs15 300095 300000
ENCODER_NATIVE 3 compressed.bin r16-514-lazy8 300095 300000
ENCODER_NATIVE 3 compressed.bin r16-514-lazy16 300095 300000
ENCODER_NATIVE 3 compressed.bin r16-514-lazy8-depth2 300095 300000
ENCODER_NATIVE 3 compressed.bin r16-514-lazy8-binary 300095 300000
ENCODER_NATIVE 4 config.yaml.txt public514 90556 59218
ENCODER_NATIVE 4 config.yaml.txt r13-514-abs15 90556 59218
ENCODER_NATIVE 4 config.yaml.txt r16-514-lazy8 89325 59111
ENCODER_NATIVE 4 config.yaml.txt r16-514-lazy16 89010 59182
ENCODER_NATIVE 4 config.yaml.txt r16-514-lazy8-depth2 89033 58614
ENCODER_NATIVE 4 config.yaml.txt r16-514-lazy8-binary 89325 59111
ENCODER_NATIVE 5 docs.md.txt public514 243632 157463
ENCODER_NATIVE 5 docs.md.txt r13-514-abs15 243632 157463
ENCODER_NATIVE 5 docs.md.txt r16-514-lazy8 238943 157293
ENCODER_NATIVE 5 docs.md.txt r16-514-lazy16 238356 157189
ENCODER_NATIVE 5 docs.md.txt r16-514-lazy8-depth2 237572 155429
ENCODER_NATIVE 5 docs.md.txt r16-514-lazy8-binary 238943 157293
ENCODER_NATIVE 6 dump.sql.txt public514 19941 15151
ENCODER_NATIVE 6 dump.sql.txt r13-514-abs15 19941 15151
ENCODER_NATIVE 6 dump.sql.txt r16-514-lazy8 19941 15151
ENCODER_NATIVE 6 dump.sql.txt r16-514-lazy16 19941 15151
ENCODER_NATIVE 6 dump.sql.txt r16-514-lazy8-depth2 19941 15151
ENCODER_NATIVE 6 dump.sql.txt r16-514-lazy8-binary 19941 15151
ENCODER_NATIVE 7 genome.fasta public514 283718 176189
ENCODER_NATIVE 7 genome.fasta r13-514-abs15 283718 176189
ENCODER_NATIVE 7 genome.fasta r16-514-lazy8 283718 176189
ENCODER_NATIVE 7 genome.fasta r16-514-lazy16 283718 176189
ENCODER_NATIVE 7 genome.fasta r16-514-lazy8-depth2 283718 176189
ENCODER_NATIVE 7 genome.fasta r16-514-lazy8-binary 283718 176189
ENCODER_NATIVE 8 images.bin public514 229171 226885
ENCODER_NATIVE 8 images.bin r13-514-abs15 229171 226885
ENCODER_NATIVE 8 images.bin r16-514-lazy8 229171 226885
ENCODER_NATIVE 8 images.bin r16-514-lazy16 229171 226885
ENCODER_NATIVE 8 images.bin r16-514-lazy8-depth2 229171 226885
ENCODER_NATIVE 8 images.bin r16-514-lazy8-binary 229171 226885
ENCODER_NATIVE 9 lean.txt public514 264653 161293
ENCODER_NATIVE 9 lean.txt r13-514-abs15 264653 161293
ENCODER_NATIVE 9 lean.txt r16-514-lazy8 264653 161293
ENCODER_NATIVE 9 lean.txt r16-514-lazy16 264653 161293
ENCODER_NATIVE 9 lean.txt r16-514-lazy8-depth2 264653 161293
ENCODER_NATIVE 9 lean.txt r16-514-lazy8-binary 264653 161293
ENCODER_NATIVE 10 machine-code.bin public514 171918 122482
ENCODER_NATIVE 10 machine-code.bin r13-514-abs15 171918 122482
ENCODER_NATIVE 10 machine-code.bin r16-514-lazy8 171918 122482
ENCODER_NATIVE 10 machine-code.bin r16-514-lazy16 171918 122482
ENCODER_NATIVE 10 machine-code.bin r16-514-lazy8-depth2 171918 122482
ENCODER_NATIVE 10 machine-code.bin r16-514-lazy8-binary 170627 123480
ENCODER_NATIVE 11 metrics.csv.txt public514 284703 220653
ENCODER_NATIVE 11 metrics.csv.txt r13-514-abs15 284703 220653
ENCODER_NATIVE 11 metrics.csv.txt r16-514-lazy8 284703 220653
ENCODER_NATIVE 11 metrics.csv.txt r16-514-lazy16 284703 220653
ENCODER_NATIVE 11 metrics.csv.txt r16-514-lazy8-depth2 284703 220653
ENCODER_NATIVE 11 metrics.csv.txt r16-514-lazy8-binary 284703 220653
ENCODER_NATIVE 12 multibyte.txt public514 292855 196725
ENCODER_NATIVE 12 multibyte.txt r13-514-abs15 292855 196725
ENCODER_NATIVE 12 multibyte.txt r16-514-lazy8 288045 197342
ENCODER_NATIVE 12 multibyte.txt r16-514-lazy16 287321 197282
ENCODER_NATIVE 12 multibyte.txt r16-514-lazy8-depth2 286248 195379
ENCODER_NATIVE 12 multibyte.txt r16-514-lazy8-binary 288045 197342
ENCODER_NATIVE 13 page.html.txt public514 111342 75088
ENCODER_NATIVE 13 page.html.txt r13-514-abs15 111342 75088
ENCODER_NATIVE 13 page.html.txt r16-514-lazy8 109567 74803
ENCODER_NATIVE 13 page.html.txt r16-514-lazy16 109099 74775
ENCODER_NATIVE 13 page.html.txt r16-514-lazy8-depth2 109037 74341
ENCODER_NATIVE 13 page.html.txt r16-514-lazy8-binary 109567 74803
ENCODER_NATIVE 14 prose.txt public514 620035 365040
ENCODER_NATIVE 14 prose.txt r13-514-abs15 620035 365040
ENCODER_NATIVE 14 prose.txt r16-514-lazy8 606219 372644
ENCODER_NATIVE 14 prose.txt r16-514-lazy16 605203 372462
ENCODER_NATIVE 14 prose.txt r16-514-lazy8-depth2 601675 365864
ENCODER_NATIVE 14 prose.txt r16-514-lazy8-binary 606219 372644
ENCODER_NATIVE 15 records.json.txt public514 75503 78317
ENCODER_NATIVE 15 records.json.txt r13-514-abs15 75503 78317
ENCODER_NATIVE 15 records.json.txt r16-514-lazy8 74902 78112
ENCODER_NATIVE 15 records.json.txt r16-514-lazy16 74938 78155
ENCODER_NATIVE 15 records.json.txt r16-514-lazy8-depth2 74750 78008
ENCODER_NATIVE 15 records.json.txt r16-514-lazy8-binary 74902 78112
ENCODER_NATIVE 16 server.log public514 29230 23582
ENCODER_NATIVE 16 server.log r13-514-abs15 29230 23582
ENCODER_NATIVE 16 server.log r16-514-lazy8 29230 23582
ENCODER_NATIVE 16 server.log r16-514-lazy16 29230 23582
ENCODER_NATIVE 16 server.log r16-514-lazy8-depth2 29230 23582
ENCODER_NATIVE 16 server.log r16-514-lazy8-binary 29230 23582
ENCODER_NATIVE 17 source.c.txt public514 380012 235866
ENCODER_NATIVE 17 source.c.txt r13-514-abs15 380012 235866
ENCODER_NATIVE 17 source.c.txt r16-514-lazy8 372684 234928
ENCODER_NATIVE 17 source.c.txt r16-514-lazy16 371482 235100
ENCODER_NATIVE 17 source.c.txt r16-514-lazy8-depth2 370487 232014
ENCODER_NATIVE 17 source.c.txt r16-514-lazy8-binary 372684 234928
ENCODER_NATIVE 18 source.py.txt public514 141452 88808
ENCODER_NATIVE 18 source.py.txt r13-514-abs15 141452 88808
ENCODER_NATIVE 18 source.py.txt r16-514-lazy8 139035 88329
ENCODER_NATIVE 18 source.py.txt r16-514-lazy16 138460 88476
ENCODER_NATIVE 18 source.py.txt r16-514-lazy8-depth2 138167 87299
ENCODER_NATIVE 18 source.py.txt r16-514-lazy8-binary 139035 88329
ENCODER_NATIVE 19 source.rs.txt public514 144447 88318
ENCODER_NATIVE 19 source.rs.txt r13-514-abs15 144447 88318
ENCODER_NATIVE 19 source.rs.txt r16-514-lazy8 141754 87663
ENCODER_NATIVE 19 source.rs.txt r16-514-lazy16 141248 87711
ENCODER_NATIVE 19 source.rs.txt r16-514-lazy8-depth2 140754 86535
ENCODER_NATIVE 19 source.rs.txt r16-514-lazy8-binary 141754 87663
ENCODER_NATIVE 20 sourcemap.map.txt public514 75873 48664
ENCODER_NATIVE 20 sourcemap.map.txt r13-514-abs15 75873 48664
ENCODER_NATIVE 20 sourcemap.map.txt r16-514-lazy8 75015 48725
ENCODER_NATIVE 20 sourcemap.map.txt r16-514-lazy16 74419 48820
ENCODER_NATIVE 20 sourcemap.map.txt r16-514-lazy8-depth2 74069 47859
ENCODER_NATIVE 20 sourcemap.map.txt r16-514-lazy8-binary 75015 48725
ENCODER_NATIVE 21 sparse.bin public514 1270 1458
ENCODER_NATIVE 21 sparse.bin r13-514-abs15 1270 1458
ENCODER_NATIVE 21 sparse.bin r16-514-lazy8 1270 1458
ENCODER_NATIVE 21 sparse.bin r16-514-lazy16 1270 1458
ENCODER_NATIVE 21 sparse.bin r16-514-lazy8-depth2 1270 1458
ENCODER_NATIVE 21 sparse.bin r16-514-lazy8-binary 1270 1458
ENCODER_NATIVE 22 tiny-app.log public514 1270 998
ENCODER_NATIVE 22 tiny-app.log r13-514-abs15 1270 998
ENCODER_NATIVE 22 tiny-app.log r16-514-lazy8 1270 998
ENCODER_NATIVE 22 tiny-app.log r16-514-lazy16 1270 998
ENCODER_NATIVE 22 tiny-app.log r16-514-lazy8-depth2 1270 998
ENCODER_NATIVE 22 tiny-app.log r16-514-lazy8-binary 1270 998
ENCODER_NATIVE 23 tiny-config.json.txt public514 2487 3094
ENCODER_NATIVE 23 tiny-config.json.txt r13-514-abs15 2487 3094
ENCODER_NATIVE 23 tiny-config.json.txt r16-514-lazy8 2487 3094
ENCODER_NATIVE 23 tiny-config.json.txt r16-514-lazy16 2487 3094
ENCODER_NATIVE 23 tiny-config.json.txt r16-514-lazy8-depth2 2487 3094
ENCODER_NATIVE 23 tiny-config.json.txt r16-514-lazy8-binary 2487 3094
ENCODER_NATIVE 24 weights-bf16.bin public514 365611 265242
ENCODER_NATIVE 24 weights-bf16.bin r13-514-abs15 365611 265242
ENCODER_NATIVE 24 weights-bf16.bin r16-514-lazy8 365611 265242
ENCODER_NATIVE 24 weights-bf16.bin r16-514-lazy16 365611 265242
ENCODER_NATIVE 24 weights-bf16.bin r16-514-lazy8-depth2 365611 265242
ENCODER_NATIVE 24 weights-bf16.bin r16-514-lazy8-binary 365611 265242
ENCODER_NATIVE 25 weights-f16.bin public514 212660 250000
ENCODER_NATIVE 25 weights-f16.bin r13-514-abs15 212660 250000
ENCODER_NATIVE 25 weights-f16.bin r16-514-lazy8 212660 250000
ENCODER_NATIVE 25 weights-f16.bin r16-514-lazy16 212660 250000
ENCODER_NATIVE 25 weights-f16.bin r16-514-lazy8-depth2 212660 250000
ENCODER_NATIVE 25 weights-f16.bin r16-514-lazy8-binary 212660 250000
ENCODER_NATIVE 26 weights-f32.bin public514 284138 285782
ENCODER_NATIVE 26 weights-f32.bin r13-514-abs15 284138 285782
ENCODER_NATIVE 26 weights-f32.bin r16-514-lazy8 284138 285782
ENCODER_NATIVE 26 weights-f32.bin r16-514-lazy16 284138 285782
ENCODER_NATIVE 26 weights-f32.bin r16-514-lazy8-depth2 284138 285782
ENCODER_NATIVE 26 weights-f32.bin r16-514-lazy8-binary 284138 285782
ENCODER_NATIVE 27 weights-q8.bin public514 235572 250000
ENCODER_NATIVE 27 weights-q8.bin r13-514-abs15 235572 250000
ENCODER_NATIVE 27 weights-q8.bin r16-514-lazy8 235572 250000
ENCODER_NATIVE 27 weights-q8.bin r16-514-lazy16 235572 250000
ENCODER_NATIVE 27 weights-q8.bin r16-514-lazy8-depth2 235572 250000
ENCODER_NATIVE 27 weights-q8.bin r16-514-lazy8-binary 235572 250000
