[32m2026-10-07 20:46:16.809[0m | [34m[1mDEBUG   [0m | [36m__main__[0m:[36mmain[0m:[36m649[0m - [34m[1m[gate] benchmark sandbox: bwrap, 300s, 2048 MB, cpus=any[0m
[32m2026-10-07 20:46:16.814[0m | [34m[1mDEBUG   [0m | [36m__main__[0m:[36mstage_intake[0m:[36m261[0m - [34m[1m[gate] parse.rs 0641cc845c21b684 -> slot/generated/parse.rs[0m
[32m2026-10-07 20:46:16.816[0m | [34m[1mDEBUG   [0m | [36m__main__[0m:[36mstage_intake[0m:[36m261[0m - [34m[1m[gate] Parse.lean b41316b50ffee2a7 -> lean/Proof/Parse.lean[0m
[32m2026-10-07 20:46:16.968[0m | [34m[1mDEBUG   [0m | [36msandbox.bwrap[0m:[36mrun[0m:[36m110[0m - [34m[1m[bwrap] rustup exit=0 in 0.0s[0m
[32m2026-10-07 20:46:18.365[0m | [34m[1mDEBUG   [0m | [36msandbox.bwrap[0m:[36mrun[0m:[36m110[0m - [34m[1m[bwrap] extract.sh exit=0 in 1.4s[0m
[32m2026-10-07 20:48:32.643[0m | [34m[1mDEBUG   [0m | [36msandbox.bwrap[0m:[36mrun[0m:[36m110[0m - [34m[1m[bwrap] extract.sh exit=0 in 132.7s[0m
[32m2026-10-07 20:48:32.692[0m | [34m[1mDEBUG   [0m | [36m__main__[0m:[36mstage_extract[0m:[36m356[0m - [34m[1m[gate] extracted Types.lean 276d4089d337e0d7, Funs.lean 37742ce509a8483e, Constants.lean 55b03aceef833fb1[0m
[32m2026-10-07 20:48:35.846[0m | [34m[1mDEBUG   [0m | [36msandbox.bwrap[0m:[36mrun[0m:[36m110[0m - [34m[1m[bwrap] lake exit=0 in 3.1s[0m
[32m2026-10-07 20:49:51.181[0m | [34m[1mDEBUG   [0m | [36msandbox.bwrap[0m:[36mrun[0m:[36m110[0m - [34m[1m[bwrap] lake exit=0 in 75.3s[0m
[32m2026-10-07 20:58:08.803[0m | [34m[1mDEBUG   [0m | [36msandbox.bwrap[0m:[36mrun[0m:[36m110[0m - [34m[1m[bwrap] lake exit=1 in 497.6s[0m
[32m2026-10-07 20:58:08.809[0m | [1mINFO    [0m | [36m__main__[0m:[36mfail[0m:[36m116[0m - [1m[gate] rejected at stage 4 (statement)[0m
verifying /home/runner/work/_temp/round4-receipts/input-r10-forward-seed-proof
workspace: /home/runner/work/_temp/deflate-upstream/data/verification-workspace/verify-9eski7_d

0 intake      ok — input-r10-forward-seed-proof: parse.rs, Parse.lean
1 policy      ok — source prefilters passed
2 static      ok — resolved operations: alloc::alloc::Global::{impl}::drop_glue, alloc::vec::Vec::{impl}::drop_glue, alloc::vec::{impl}::deref, alloc::vec::{impl}::deref_mut, alloc::vec::{impl}::index, alloc::vec::{impl}::len, alloc::vec::{impl}::new, alloc::vec::{impl}::push, alloc::vec::{impl}::with_capacity, core::num::{impl}::leading_zeros, core::num::{impl}::saturating_add, core::num::{impl}::saturating_sub, core::num::{impl}::wrapping_add, core::num::{impl}::wrapping_mul, core::num::{impl}::wrapping_sub, core::slice::index::{impl}::get, core::slice::index::{impl}::get_mut, core::slice::index::{impl}::get_unchecked, core::slice::index::{impl}::get_unchecked_mut, core::slice::index::{impl}::index, core::slice::index::{impl}::index_mut, core::slice::{impl}::len
3 extract     ok — charon+aeneas re-run by the verifier, no new axioms

REJECTED at stage 4 (statement)
  17: warning: Could not generate mvcgen spec for Submission.a_sat_sub_spec: (kernel) constant has already been declared 'Submission.a_sat_sub_spec.mvcgen_spec'
Proof/Parse.lean:5996:17: warning: Could not generate mvcgen spec for Submission.a_cnt_index_spec: (kernel) constant has already been declared 'Submission.a_cnt_index_spec.mvcgen_spec'
Proof/Parse.lean:6033:17: warning: Could not generate mvcgen spec for Submission.a_cnt_index_spec: (kernel) constant has already been declared 'Submission.a_cnt_index_spec.mvcgen_spec'
Proof/Parse.lean:6051:17: warning: Could not generate mvcgen spec for Submission.a_cnt_index_spec: (kernel) constant has already been declared 'Submission.a_cnt_index_spec.mvcgen_spec'
Proof/Parse.lean:6069:17: warning: Could not generate mvcgen spec for Submission.a_cnt_index_spec: (kernel) constant has already been declared 'Submission.a_cnt_index_spec.mvcgen_spec'
Proof/Parse.lean:6087:17: warning: Could not generate mvcgen spec for Submission.a_cnt_index_spec: (kernel) constant has already been declared 'Submission.a_cnt_index_spec.mvcgen_spec'
Proof/Parse.lean:6121:17: warning: Could not generate mvcgen spec for Submission.a_hcast_I32_spec: (kernel) constant has already been declared 'Submission.a_hcast_I32_spec.mvcgen_spec'
Proof/Parse.lean:6121:17: warning: Could not generate mvcgen spec for Submission.a_sat_add_spec: (kernel) constant has already been declared 'Submission.a_sat_add_spec.mvcgen_spec'
Proof/Parse.lean:6172:17: warning: Could not generate mvcgen spec for Submission.a_hcast_I32_spec: (kernel) constant has already been declared 'Submission.a_hcast_I32_spec.mvcgen_spec'
Proof/Parse.lean:6172:17: warning: Could not generate mvcgen spec for Submission.a_sat_add_spec: (kernel) constant has already been declared 'Submission.a_sat_add_spec.mvcgen_spec'
Proof/Parse.lean:6308:17: warning: Could not generate mvcgen spec for Submission.a_cnt_index_spec: (kernel) constant has already been declared 'Submission.a_cnt_index_spec.mvcgen_spec'
