Proof/Parse.lean:3676:68: error: omega could not prove the goal:
a possible counterexample may satisfy the constraints
  d ≥ 0
  c ≥ 1
  b ≥ 0
  b - c ≥ 0
  b - c + d ≥ 0
  b ≥ 0
  b + d ≥ 0
  a ≥ 0
  a - b + c - d ≥ 1
where
 a := ↑↑i4
 b := ↑(↑lim -
    ↑(rs', head31, head41, prev41, head71, prev71, cands', pc', pn', ppos', cl2, cd', i4, anc',
                                  alen').2.2.2.2.2.2.2.2.2.2.2.2.1)
 c := ↑(↑lim - ↑i')
 d := ↑↑(rs', head31, head41, prev41, head71, prev71, cands', pc', pn', ppos', cl2, cd', i4, anc',
                                alen').2.2.2.2.2.2.2.2.2.2.2.2.1
Proof/Parse.lean:3815:39: error: omega could not prove the goal:
a possible counterexample may satisfy the constraints
  d ≥ 0
  c ≥ 1
  b ≥ 0
  b - c ≥ 0
  b - c + d ≥ 0
  b ≥ 0
  b + d ≥ 0
  a ≥ 0
  a - b + c - d ≥ 2
where
 a := ↑↑«end»
 b := ↑(↑lim -
    ↑(rs2, head33, head43, prev43, head73, prev73, cands6, cands6, nc3, i', 0#usize, cd2, «end», anchor2,
                                  alen2).2.2.2.2.2.2.2.2.2.2.2.2.1)
 c := ↑(↑lim - ↑i')
 d := ↑↑(rs2, head33, head43, prev43, head73, prev73, cands6, cands6, nc3, i', 0#usize, cd2, «end», anchor2,
                                alen2).2.2.2.2.2.2.2.2.2.2.2.2.1
Proof/Parse.lean:3821:34: error: omega could not prove the goal:
a possible counterexample may satisfy the constraints
  d ≥ 0
  c ≥ 1
  b ≥ 0
  b - c ≥ 0
  b - c + d ≥ 0
  b ≥ 0
  b + d ≥ 0
  a ≥ 0
  a - b + c - d ≥ 1
where
 a := ↑↑i4
 b := ↑(↑lim -
    ↑(rs2, head31, head41, prev41, head71, prev71, cands6, cands6, nc3, i', cl2, cd2, i4, anchor2,
                                  alen2).2.2.2.2.2.2.2.2.2.2.2.2.1)
 c := ↑(↑lim - ↑i')
 d := ↑↑(rs2, head31, head41, prev41, head71, prev71, cands6, cands6, nc3, i', cl2, cd2, i4, anchor2,
                                alen2).2.2.2.2.2.2.2.2.2.2.2.2.1
Proof/Parse.lean:3945:49: error: omega could not prove the goal:
a possible counterexample may satisfy the constraints
  c ≥ 0
  b ≥ 1
  a ≥ 0
  a - b ≥ 0
  a - b + c ≥ 0
  a ≥ 0
  a + c ≥ 0
where
 a := ↑(↑n - ↑(plan1, q1, end1, dist1, next1).2.1)
 b := ↑(↑n - ↑q')
 c := ↑↑(plan1, q1, end1, dist1, next1).2.1
Proof/Parse.lean:5868:17: warning: Could not generate mvcgen spec for Submission.a_sat_add_spec: (kernel) constant has already been declared 'Submission.a_sat_add_spec.mvcgen_spec'
Proof/Parse.lean:5868:17: warning: Could not generate mvcgen spec for Submission.a_sat_sub_spec: (kernel) constant has already been declared 'Submission.a_sat_sub_spec.mvcgen_spec'
Proof/Parse.lean:5996:17: warning: Could not generate mvcgen spec for Submission.a_cnt_index_spec: (kernel) constant has already been declared 'Submission.a_cnt_index_spec.mvcgen_spec'
Proof/Parse.lean:6033:17: warning: Could not generate mvcgen spec for Submission.a_cnt_index_spec: (kernel) constant has already been declared 'Submission.a_cnt_index_spec.mvcgen_spec'
Proof/Parse.lean:6051:17: warning: Could not generate mvcgen spec for Submission.a_cnt_index_spec: (kernel) constant has already been declared 'Submission.a_cnt_index_spec.mvcgen_spec'
Proof/Parse.lean:6069:17: warning: Could not generate mvcgen spec for Submission.a_cnt_index_spec: (kernel) constant has already been declared 'Submission.a_cnt_index_spec.mvcgen_spec'
Proof/Parse.lean:6087:17: warning: Could not generate mvcgen spec for Submission.a_cnt_index_spec: (kernel) constant has already been declared 'Submission.a_cnt_index_spec.mvcgen_spec'
Proof/Parse.lean:6121:17: warning: Could not generate mvcgen spec for Submission.a_hcast_I32_spec: (kernel) constant has already been declared 'Submission.a_hcast_I32_spec.mvcgen_spec'
Proof/Parse.lean:6121:17: warning: Could not generate mvcgen spec for Submission.a_sat_add_spec: (kernel) constant has already been declared 'Submission.a_sat_add_spec.mvcgen_spec'
Proof/Parse.lean:6172:17: warning: Could not generate mvcgen spec for Submission.a_hcast_I32_spec: (kernel) constant has already been declared 'Submission.a_hcast_I32_spec.mvcgen_spec'
Proof/Parse.lean:6172:17: warning: Could not generate mvcgen spec for Submission.a_sat_add_spec: (kernel) constant has already been declared 'Submission.a_sat_add_spec.mvcgen_spec'
Proof/Parse.lean:6308:17: warning: Could not generate mvcgen spec for Submission.a_cnt_index_spec: (kernel) constant has already been declared 'Submission.a_cnt_index_spec.mvcgen_spec'
