TOKEN_CHANGE r20-539-csv-nofold public539 binary.db.bin
TOKEN_CHANGE r20-539-csv-head-nofold public539 binary.db.bin
TOKEN_CHANGE r20-539-csv-nofold public539 bundle.min.js.txt
TOKEN_CHANGE r20-539-csv-head-nofold public539 bundle.min.js.txt
TOKEN_CHANGE r20-539-csv-nofold public539 catalog.xml.txt
TOKEN_CHANGE r20-539-csv-head-nofold public539 catalog.xml.txt
TOKEN_CHANGE r20-539-csv-nofold public539 config.yaml.txt
TOKEN_CHANGE r20-539-csv-head-nofold public539 config.yaml.txt
TOKEN_CHANGE r20-539-csv-nofold public539 docs.md.txt
TOKEN_CHANGE r20-539-csv-head-nofold public539 docs.md.txt
TOKEN_CHANGE r20-539-csv-nofold public539 dump.sql.txt
TOKEN_CHANGE r20-539-csv-head-nofold public539 dump.sql.txt
TOKEN_CHANGE r20-539-csv-nofold public539 images.bin
TOKEN_CHANGE r20-539-csv-head-nofold public539 images.bin
TOKEN_CHANGE r20-539-csv-nofold public539 lean.txt
TOKEN_CHANGE r20-539-csv-head-nofold public539 lean.txt
TOKEN_CHANGE r20-539-csv-nofold public539 machine-code.bin
TOKEN_CHANGE r20-539-csv-head-nofold public539 machine-code.bin
TOKEN_CHANGE r20-539-csv-nofold public539 metrics.csv.txt
TOKEN_CHANGE r20-539-csv-head-nofold public539 metrics.csv.txt
TOKEN_CHANGE r20-539-csv-nofold public539 multibyte.txt
TOKEN_CHANGE r20-539-csv-head-nofold public539 multibyte.txt
TOKEN_CHANGE r20-539-csv-nofold public539 page.html.txt
TOKEN_CHANGE r20-539-csv-head-nofold public539 page.html.txt
TOKEN_CHANGE r20-539-csv-nofold public539 records.json.txt
TOKEN_CHANGE r20-539-csv-head-nofold public539 records.json.txt
TOKEN_CHANGE r20-539-csv-nofold public539 server.log
TOKEN_CHANGE r20-539-csv-head-nofold public539 server.log
TOKEN_CHANGE r20-539-csv-nofold public539 source.c.txt
TOKEN_CHANGE r20-539-csv-head-nofold public539 source.c.txt
TOKEN_CHANGE r20-539-csv-nofold public539 source.py.txt
TOKEN_CHANGE r20-539-csv-head-nofold public539 source.py.txt
TOKEN_CHANGE r20-539-csv-nofold public539 source.rs.txt
TOKEN_CHANGE r20-539-csv-head-nofold public539 source.rs.txt
TOKEN_CHANGE r20-539-csv-nofold public539 sourcemap.map.txt
TOKEN_CHANGE r20-539-csv-head-nofold public539 sourcemap.map.txt
EQUIVALENCE_RESULT r20-539-csv-nofold public539 540 0
EQUIVALENCE_RESULT r20-539-csv-head-nofold public539 540 0
