R15_FUNCTION binary.db.bin 500000 1 986674 1 986534 1 986374 0 0 0 0 0 0 0 0 0 0 0 0 0 0 1 985853 0 0 0 0 0 0 0 0 0 0 0 0 0 0 0 0 0 0 0 0 0 0 0 0
R15_FUNCTION bundle.min.js.txt 1000000 1 3091259 1 3091169 0 0 0 0 0 0 0 0 0 0 0 0 0 0 0 0 0 0 0 0 0 0 1 3091009 0 0 0 0 0 0 0 0 0 0 0 0 0 0 0 0 0 0
R15_FUNCTION catalog.xml.txt 500000 1 677453 1 677403 1 677252 0 0 0 0 0 0 0 0 0 0 0 0 0 0 0 0 0 0 0 0 0 0 0 0 0 0 0 0 0 0 0 0 0 0 0 0 1 677022 0 0
R15_FUNCTION compressed.bin 300000 1 32188 1 32138 1 32058 0 0 0 0 0 0 0 0 0 0 1 31838 0 0 0 0 0 0 0 0 0 0 0 0 0 0 0 0 0 0 0 0 0 0 0 0 0 0 0 0
R15_FUNCTION config.yaml.txt 400000 1 815959 1 815899 0 0 0 0 0 0 0 0 0 0 0 0 0 0 0 0 0 0 0 0 0 0 1 815829 0 0 0 0 0 0 0 0 0 0 0 0 0 0 0 0 0 0
R15_FUNCTION docs.md.txt 800000 1 1946058 1 1946008 0 0 0 0 0 0 0 0 0 0 0 0 0 0 0 0 0 0 0 0 0 0 0 0 0 0 0 0 0 0 0 0 0 0 1 1945868 0 0 0 0 0 0
R15_FUNCTION dump.sql.txt 150000 1 193679 1 193629 0 0 0 0 0 0 0 0 0 0 0 0 0 0 0 0 0 0 0 0 0 0 0 0 0 0 1 193529 0 0 0 0 0 0 0 0 0 0 0 0 0 0
R15_FUNCTION genome.fasta 900000 1 2375970 1 2375910 0 0 0 0 0 0 1 2375780 0 0 0 0 0 0 0 0 0 0 0 0 0 0 0 0 0 0 0 0 0 0 0 0 0 0 0 0 0 0 0 0 0 0
R15_FUNCTION images.bin 250000 1 331496 1 331425 1 331305 0 0 0 0 0 0 0 0 0 0 0 0 0 0 0 0 0 0 0 0 0 0 0 0 0 0 1 330854 0 0 0 0 0 0 0 0 0 0 0 0
R15_FUNCTION lean.txt 1000000 1 2142863 1 2142813 0 0 0 0 0 0 0 0 0 0 0 0 0 0 0 0 0 0 0 0 0 0 1 2142702 0 0 0 0 0 0 0 0 0 0 0 0 0 0 0 0 0 0
R15_FUNCTION machine-code.bin 500000 1 1681983 1 1681923 1 1681843 0 0 0 0 0 0 0 0 0 0 0 0 0 0 0 0 0 0 0 0 0 0 0 0 0 0 0 0 0 0 0 0 0 0 0 0 0 0 1 1681352
R15_FUNCTION metrics.csv.txt 1300000 1 3147504 1 3147443 0 0 0 0 0 0 0 0 0 0 0 0 0 0 0 0 0 0 0 0 0 0 0 0 0 0 0 0 0 0 1 3147323 0 0 0 0 0 0 0 0 0 0
R15_FUNCTION multibyte.txt 1100000 1 2677171 1 2677121 0 0 0 0 0 0 0 0 0 0 0 0 0 0 0 0 0 0 0 0 0 0 0 0 0 0 0 0 0 0 0 0 0 0 1 2677030 0 0 0 0 0 0
R15_FUNCTION page.html.txt 600000 1 1124691 1 1124630 1 1124510 1 1124290 0 0 0 0 0 0 0 0 0 0 0 0 0 0 0 0 0 0 0 0 0 0 0 0 0 0 0 0 0 0 0 0 0 0 0 0 0 0
R15_FUNCTION prose.txt 1500000 1 6181187 1 6181126 0 0 0 0 0 0 0 0 0 0 0 0 0 0 0 0 0 0 0 0 0 0 0 0 0 0 0 0 0 0 0 0 1 6181026 0 0 0 0 0 0 0 0
R15_FUNCTION records.json.txt 400000 1 423102 1 423052 0 0 0 0 0 0 0 0 0 0 0 0 0 0 0 0 0 0 0 0 0 0 1 422942 0 0 0 0 0 0 0 0 0 0 0 0 0 0 0 0 0 0
R15_FUNCTION server.log 300000 1 314159 1 314019 1 313919 0 0 0 0 0 0 0 0 0 0 0 0 1 313699 0 0 0 0 0 0 0 0 0 0 0 0 0 0 0 0 0 0 0 0 0 0 0 0 0 0
R15_FUNCTION source.c.txt 1400000 1 3261564 1 3261514 0 0 0 0 0 0 0 0 0 0 0 0 0 0 0 0 0 0 0 0 0 0 0 0 0 0 0 0 0 0 0 0 0 0 0 0 0 0 1 3261404 0 0
R15_FUNCTION source.py.txt 600000 1 1300954 1 1300904 1 1300764 0 0 0 0 0 0 0 0 0 0 0 0 0 0 0 0 0 0 0 0 0 0 0 0 0 0 0 0 0 0 0 0 1 1300553 0 0 0 0 0 0
R15_FUNCTION source.rs.txt 700000 1 1327053 1 1326993 0 0 0 0 0 0 0 0 0 0 0 0 0 0 0 0 0 0 0 0 0 0 0 0 0 0 0 0 0 0 0 0 0 0 0 0 0 0 1 1326923 0 0
R15_FUNCTION sourcemap.map.txt 350000 1 636761 1 636611 1 636521 0 0 0 0 0 0 0 0 0 0 0 0 0 0 0 0 0 0 0 0 1 636140 0 0 0 0 0 0 0 0 0 0 0 0 0 0 0 0 0 0
R15_FUNCTION sparse.bin 40000 1 4998 1 4938 0 0 0 0 0 0 0 0 0 0 0 0 0 0 0 0 0 0 0 0 1 4877 0 0 0 0 0 0 0 0 0 0 0 0 0 0 0 0 0 0 0 0
R15_FUNCTION tiny-app.log 28000 1 24566 1 24506 0 0 0 0 0 0 0 0 0 0 0 0 0 0 0 0 0 0 0 0 0 0 0 0 0 0 0 0 0 0 0 0 0 0 0 0 1 24446 0 0 0 0
R15_FUNCTION tiny-config.json.txt 12000 1 10165 1 10115 0 0 0 0 0 0 0 0 1 10035 0 0 0 0 0 0 0 0 0 0 0 0 0 0 0 0 0 0 0 0 0 0 0 0 0 0 0 0 0 0 0 0
R15_FUNCTION weights-bf16.bin 450000 1 656932 1 656871 0 0 0 0 1 656771 0 0 0 0 0 0 0 0 0 0 0 0 0 0 0 0 0 0 0 0 0 0 0 0 0 0 0 0 0 0 0 0 0 0 0 0
R15_FUNCTION weights-f16.bin 250000 1 14902 1 14852 1 14752 0 0 0 0 0 0 0 0 0 0 0 0 0 0 0 0 1 14211 0 0 0 0 0 0 0 0 0 0 0 0 0 0 0 0 0 0 0 0 0 0
R15_FUNCTION weights-f32.bin 350000 1 148452 1 148392 1 148332 0 0 0 0 0 0 0 0 1 148112 0 0 0 0 0 0 0 0 0 0 0 0 0 0 0 0 0 0 0 0 0 0 0 0 0 0 0 0 0 0
R15_FUNCTION weights-q8.bin 250000 1 17617 1 17567 1 17497 0 0 0 0 0 0 0 0 0 0 0 0 0 0 0 0 0 0 0 0 0 0 1 17155 0 0 0 0 0 0 0 0 0 0 0 0 0 0 0 0
