ENCODER_NATIVE 0 binary.db.bin public514 82894 50441
ENCODER_NATIVE 0 binary.db.bin public553 83172 50310
ENCODER_NATIVE 0 binary.db.bin r15-553-compact-hash32 83197 50261
ENCODER_NATIVE 1 bundle.min.js.txt public514 325697 190824
ENCODER_NATIVE 1 bundle.min.js.txt public553 319077 232198
ENCODER_NATIVE 1 bundle.min.js.txt r15-553-compact-hash32 319108 232444
ENCODER_NATIVE 2 catalog.xml.txt public514 69271 45579
ENCODER_NATIVE 2 catalog.xml.txt public553 68027 44596
ENCODER_NATIVE 2 catalog.xml.txt r15-553-compact-hash32 67930 44539
ENCODER_NATIVE 3 compressed.bin public514 300095 300000
ENCODER_NATIVE 3 compressed.bin public553 300095 300000
ENCODER_NATIVE 3 compressed.bin r15-553-compact-hash32 300095 300000
ENCODER_NATIVE 4 config.yaml.txt public514 90556 59218
ENCODER_NATIVE 4 config.yaml.txt public553 89960 58583
ENCODER_NATIVE 4 config.yaml.txt r15-553-compact-hash32 89959 58587
ENCODER_NATIVE 5 docs.md.txt public514 243632 157463
ENCODER_NATIVE 5 docs.md.txt public553 241354 155020
ENCODER_NATIVE 5 docs.md.txt r15-553-compact-hash32 241436 154950
ENCODER_NATIVE 6 dump.sql.txt public514 19941 15151
ENCODER_NATIVE 6 dump.sql.txt public553 19948 15161
ENCODER_NATIVE 6 dump.sql.txt r15-553-compact-hash32 19954 15175
ENCODER_NATIVE 7 genome.fasta public514 283718 176189
ENCODER_NATIVE 7 genome.fasta public553 283718 176189
ENCODER_NATIVE 7 genome.fasta r15-553-compact-hash32 283718 176189
ENCODER_NATIVE 8 images.bin public514 229171 226885
ENCODER_NATIVE 8 images.bin public553 229936 227971
ENCODER_NATIVE 8 images.bin r15-553-compact-hash32 229935 227970
ENCODER_NATIVE 9 lean.txt public514 264653 161293
ENCODER_NATIVE 9 lean.txt public553 254417 152895
ENCODER_NATIVE 9 lean.txt r15-553-compact-hash32 254381 153100
ENCODER_NATIVE 10 machine-code.bin public514 171918 122482
ENCODER_NATIVE 10 machine-code.bin public553 172126 123006
ENCODER_NATIVE 10 machine-code.bin r15-553-compact-hash32 172275 122572
ENCODER_NATIVE 11 metrics.csv.txt public514 284703 220653
ENCODER_NATIVE 11 metrics.csv.txt public553 284703 220653
ENCODER_NATIVE 11 metrics.csv.txt r15-553-compact-hash32 284799 221120
ENCODER_NATIVE 12 multibyte.txt public514 292855 196725
ENCODER_NATIVE 12 multibyte.txt public553 290286 193788
ENCODER_NATIVE 12 multibyte.txt r15-553-compact-hash32 290284 193470
ENCODER_NATIVE 13 page.html.txt public514 111342 75088
ENCODER_NATIVE 13 page.html.txt public553 111258 74827
ENCODER_NATIVE 13 page.html.txt r15-553-compact-hash32 111332 74811
ENCODER_NATIVE 14 prose.txt public514 620035 365040
ENCODER_NATIVE 14 prose.txt public553 584442 343373
ENCODER_NATIVE 14 prose.txt r15-553-compact-hash32 584442 343373
ENCODER_NATIVE 15 records.json.txt public514 75503 78317
ENCODER_NATIVE 15 records.json.txt public553 74947 77927
ENCODER_NATIVE 15 records.json.txt r15-553-compact-hash32 75304 78251
ENCODER_NATIVE 16 server.log public514 29230 23582
ENCODER_NATIVE 16 server.log public553 29230 23582
ENCODER_NATIVE 16 server.log r15-553-compact-hash32 29271 23610
ENCODER_NATIVE 17 source.c.txt public514 380012 235866
ENCODER_NATIVE 17 source.c.txt public553 376209 232182
ENCODER_NATIVE 17 source.c.txt r15-553-compact-hash32 376297 232292
ENCODER_NATIVE 18 source.py.txt public514 141452 88808
ENCODER_NATIVE 18 source.py.txt public553 140065 87424
ENCODER_NATIVE 18 source.py.txt r15-553-compact-hash32 140044 87406
ENCODER_NATIVE 19 source.rs.txt public514 144447 88318
ENCODER_NATIVE 19 source.rs.txt public553 142829 86853
ENCODER_NATIVE 19 source.rs.txt r15-553-compact-hash32 142668 86684
ENCODER_NATIVE 20 sourcemap.map.txt public514 75873 48664
ENCODER_NATIVE 20 sourcemap.map.txt public553 74731 47754
ENCODER_NATIVE 20 sourcemap.map.txt r15-553-compact-hash32 74723 47759
ENCODER_NATIVE 21 sparse.bin public514 1270 1458
ENCODER_NATIVE 21 sparse.bin public553 1270 1458
ENCODER_NATIVE 21 sparse.bin r15-553-compact-hash32 1270 1458
ENCODER_NATIVE 22 tiny-app.log public514 1270 998
ENCODER_NATIVE 22 tiny-app.log public553 1270 998
ENCODER_NATIVE 22 tiny-app.log r15-553-compact-hash32 1270 998
ENCODER_NATIVE 23 tiny-config.json.txt public514 2487 3094
ENCODER_NATIVE 23 tiny-config.json.txt public553 2540 3069
ENCODER_NATIVE 23 tiny-config.json.txt r15-553-compact-hash32 2540 3069
ENCODER_NATIVE 24 weights-bf16.bin public514 365611 265242
ENCODER_NATIVE 24 weights-bf16.bin public553 354317 450000
ENCODER_NATIVE 24 weights-bf16.bin r15-553-compact-hash32 354317 450000
ENCODER_NATIVE 25 weights-f16.bin public514 212660 250000
ENCODER_NATIVE 25 weights-f16.bin public553 212660 250000
ENCODER_NATIVE 25 weights-f16.bin r15-553-compact-hash32 212660 250000
ENCODER_NATIVE 26 weights-f32.bin public514 284138 285782
ENCODER_NATIVE 26 weights-f32.bin public553 284138 285782
ENCODER_NATIVE 26 weights-f32.bin r15-553-compact-hash32 284138 285782
ENCODER_NATIVE 27 weights-q8.bin public514 235572 250000
ENCODER_NATIVE 27 weights-q8.bin public553 235572 250000
ENCODER_NATIVE 27 weights-q8.bin r15-553-compact-hash32 235572 250000
