R10_PREFIXMASK {"file_index":0,"file":"/home/runner/work/_temp/deflate-upstream/data/benchmark/corpus-stage1/binary.db.bin","bytes":500000,"tokens":48351,"counts":[500001, 0, 0, 1319112, 376766, 104366, 104366, 607934, 54538, 63322, 0, 1382434, 199809],"tokens_equal":true,"decode":true}
R10_PREFIXMASK {"file_index":1,"file":"/home/runner/work/_temp/deflate-upstream/data/benchmark/corpus-stage1/bundle.min.js.txt","bytes":1000000,"tokens":203167,"counts":[1000001, 0, 0, 2476329, 480477, 492583, 492583, 2127922, 199401, 488252, 0, 2964581, 708499],"tokens_equal":true,"decode":true}
R10_PREFIXMASK {"file_index":2,"file":"/home/runner/work/_temp/deflate-upstream/data/benchmark/corpus-stage1/catalog.xml.txt","bytes":500000,"tokens":39478,"counts":[500001, 0, 0, 1325525, 385350, 100256, 100256, 683987, 51350, 103422, 0, 1428947, 180432],"tokens_equal":true,"decode":true}
R10_PREFIXMASK {"file_index":3,"file":"/home/runner/work/_temp/deflate-upstream/data/benchmark/corpus-stage1/compressed.bin","bytes":300000,"tokens":298884,"counts":[0, 0, 0, 0, 0, 0, 0, 0, 0, 0, 0, 0, 0],"tokens_equal":true,"decode":true}
R10_PREFIXMASK {"file_index":4,"file":"/home/runner/work/_temp/deflate-upstream/data/benchmark/corpus-stage1/config.yaml.txt","bytes":400000,"tokens":52690,"counts":[400001, 0, 0, 1045538, 253503, 156001, 156001, 887262, 61015, 180909, 0, 1226447, 306767],"tokens_equal":true,"decode":true}
R10_PREFIXMASK {"file_index":5,"file":"/home/runner/work/_temp/deflate-upstream/data/benchmark/corpus-stage1/docs.md.txt","bytes":800000,"tokens":131287,"counts":[800001, 0, 0, 2007314, 420321, 445058, 445058, 1700387, 192102, 192569, 0, 2199883, 1048326],"tokens_equal":true,"decode":true}
R10_PREFIXMASK {"file_index":6,"file":"/home/runner/work/_temp/deflate-upstream/data/benchmark/corpus-stage1/dump.sql.txt","bytes":150000,"tokens":17023,"counts":[150001, 0, 0, 397328, 116089, 50781, 50781, 342066, 21518, 75290, 0, 472618, 101690],"tokens_equal":true,"decode":true}
R10_PREFIXMASK {"file_index":7,"file":"/home/runner/work/_temp/deflate-upstream/data/benchmark/corpus-stage1/genome.fasta","bytes":900000,"tokens":588316,"counts":[0, 0, 0, 0, 0, 0, 0, 0, 0, 0, 0, 0, 0],"tokens_equal":true,"decode":true}
R10_PREFIXMASK {"file_index":8,"file":"/home/runner/work/_temp/deflate-upstream/data/benchmark/corpus-stage1/images.bin","bytes":250000,"tokens":214989,"counts":[0, 0, 0, 0, 0, 0, 0, 0, 0, 0, 0, 0, 0],"tokens_equal":true,"decode":true}
R10_PREFIXMASK {"file_index":9,"file":"/home/runner/work/_temp/deflate-upstream/data/benchmark/corpus-stage1/lean.txt","bytes":1000000,"tokens":127858,"counts":[1000001, 0, 0, 2592824, 599592, 477459, 477459, 2308841, 180179, 257312, 0, 2850136, 1365982],"tokens_equal":true,"decode":true}
R10_PREFIXMASK {"file_index":10,"file":"/home/runner/work/_temp/deflate-upstream/data/benchmark/corpus-stage1/machine-code.bin","bytes":500000,"tokens":119678,"counts":[500001, 0, 0, 1243009, 255993, 263460, 263460, 696240, 167063, 106384, 0, 1349393, 384873],"tokens_equal":true,"decode":true}
R10_PREFIXMASK {"file_index":11,"file":"/home/runner/work/_temp/deflate-upstream/data/benchmark/corpus-stage1/metrics.csv.txt","bytes":1300000,"tokens":232054,"counts":[1300001, 0, 0, 3352406, 775545, 523121, 523121, 2557482, 287364, 373027, 0, 3725433, 1368591],"tokens_equal":true,"decode":true}
R10_PREFIXMASK {"file_index":12,"file":"/home/runner/work/_temp/deflate-upstream/data/benchmark/corpus-stage1/multibyte.txt","bytes":1100000,"tokens":151663,"counts":[1100001, 0, 0, 2803579, 659039, 678019, 678019, 3132263, 327197, 459391, 0, 3262970, 1319759],"tokens_equal":true,"decode":true}
R10_PREFIXMASK {"file_index":13,"file":"/home/runner/work/_temp/deflate-upstream/data/benchmark/corpus-stage1/page.html.txt","bytes":600000,"tokens":64296,"counts":[600001, 0, 0, 1612441, 425757, 136683, 136683, 937653, 63809, 186289, 0, 1798730, 182629],"tokens_equal":true,"decode":true}
R10_PREFIXMASK {"file_index":14,"file":"/home/runner/work/_temp/deflate-upstream/data/benchmark/corpus-stage1/prose.txt","bytes":1500000,"tokens":316095,"counts":[1500001, 0, 0, 3505585, 505586, 2101793, 2101793, 4487638, 1125292, 411006, 0, 3916591, 3596116],"tokens_equal":true,"decode":true}
R10_PREFIXMASK {"file_index":15,"file":"/home/runner/work/_temp/deflate-upstream/data/benchmark/corpus-stage1/records.json.txt","bytes":400000,"tokens":74197,"counts":[400001, 0, 0, 1024023, 296193, 50856, 50856, 737543, 19025, 107149, 0, 1131172, 121894],"tokens_equal":true,"decode":true}
R10_PREFIXMASK {"file_index":16,"file":"/home/runner/work/_temp/deflate-upstream/data/benchmark/corpus-stage1/server.log","bytes":300000,"tokens":22256,"counts":[0, 0, 0, 0, 0, 0, 0, 0, 0, 0, 0, 0, 0],"tokens_equal":true,"decode":true}
R10_PREFIXMASK {"file_index":17,"file":"/home/runner/work/_temp/deflate-upstream/data/benchmark/corpus-stage1/source.c.txt","bytes":1400000,"tokens":195230,"counts":[1400001, 0, 0, 3582178, 804955, 722398, 722398, 3193022, 268728, 384944, 0, 3967122, 1956007],"tokens_equal":true,"decode":true}
R10_PREFIXMASK {"file_index":18,"file":"/home/runner/work/_temp/deflate-upstream/data/benchmark/corpus-stage1/source.py.txt","bytes":600000,"tokens":76950,"counts":[600001, 0, 0, 1562176, 371044, 268000, 268000, 1347554, 105424, 195367, 0, 1757543, 663118],"tokens_equal":true,"decode":true}
R10_PREFIXMASK {"file_index":19,"file":"/home/runner/work/_temp/deflate-upstream/data/benchmark/corpus-stage1/source.rs.txt","bytes":700000,"tokens":74968,"counts":[700001, 0, 0, 1844103, 464234, 264538, 264538, 1441061, 98960, 269567, 0, 2113670, 527881],"tokens_equal":true,"decode":true}
R10_PREFIXMASK {"file_index":20,"file":"/home/runner/work/_temp/deflate-upstream/data/benchmark/corpus-stage1/sourcemap.map.txt","bytes":350000,"tokens":40804,"counts":[350001, 0, 0, 937038, 238597, 130833, 130833, 838938, 35138, 188607, 0, 1125645, 286060],"tokens_equal":true,"decode":true}
R10_PREFIXMASK {"file_index":21,"file":"/home/runner/work/_temp/deflate-upstream/data/benchmark/corpus-stage1/sparse.bin","bytes":40000,"tokens":1190,"counts":[0, 0, 0, 0, 0, 0, 0, 0, 0, 0, 0, 0, 0],"tokens_equal":true,"decode":true}
R10_PREFIXMASK {"file_index":22,"file":"/home/runner/work/_temp/deflate-upstream/data/benchmark/corpus-stage1/tiny-app.log","bytes":28000,"tokens":622,"counts":[0, 0, 0, 0, 0, 0, 0, 0, 0, 0, 0, 0, 0],"tokens_equal":true,"decode":true}
R10_PREFIXMASK {"file_index":23,"file":"/home/runner/work/_temp/deflate-upstream/data/benchmark/corpus-stage1/tiny-config.json.txt","bytes":12000,"tokens":2143,"counts":[12001, 0, 0, 29916, 8753, 828, 828, 10855, 405, 1265, 0, 31181, 727],"tokens_equal":true,"decode":true}
R10_PREFIXMASK {"file_index":24,"file":"/home/runner/work/_temp/deflate-upstream/data/benchmark/corpus-stage1/weights-bf16.bin","bytes":450000,"tokens":450000,"counts":[0, 0, 0, 0, 0, 0, 0, 0, 0, 0, 0, 0, 0],"tokens_equal":true,"decode":true}
R10_PREFIXMASK {"file_index":25,"file":"/home/runner/work/_temp/deflate-upstream/data/benchmark/corpus-stage1/weights-f16.bin","bytes":250000,"tokens":250000,"counts":[0, 0, 0, 0, 0, 0, 0, 0, 0, 0, 0, 0, 0],"tokens_equal":true,"decode":true}
R10_PREFIXMASK {"file_index":26,"file":"/home/runner/work/_temp/deflate-upstream/data/benchmark/corpus-stage1/weights-f32.bin","bytes":350000,"tokens":284542,"counts":[0, 0, 0, 0, 0, 0, 0, 0, 0, 0, 0, 0, 0],"tokens_equal":true,"decode":true}
R10_PREFIXMASK {"file_index":27,"file":"/home/runner/work/_temp/deflate-upstream/data/benchmark/corpus-stage1/weights-q8.bin","bytes":250000,"tokens":250000,"counts":[0, 0, 0, 0, 0, 0, 0, 0, 0, 0, 0, 0, 0],"tokens_equal":true,"decode":true}
