Proof/Parse.lean:2338:26: warning: 'scalar_tac' tactic does nothing

Note: This linter can be disabled with `set_option linter.unusedTactic false`
Proof/Parse.lean:2338:26: warning: this tactic is never executed

Note: This linter can be disabled with `set_option linter.unreachableTactic false`
Proof/Parse.lean:2387:6: warning: 'all_goals
  first
  | exact ⟨hdec, hm, rfl, le_refl _⟩
  | scalar_tac' tactic does nothing

Note: This linter can be disabled with `set_option linter.unusedTactic false`
Proof/Parse.lean:2387:16: warning: this tactic is never executed

Note: This linter can be disabled with `set_option linter.unreachableTactic false`
Proof/Parse.lean:2542:4: warning: 'all_goals
  first
  | exact ⟨hB, hie', hins⟩
  | exact ⟨by assumption, by scalar_tac, by scalar_tac, by scalar_tac⟩' tactic does nothing

Note: This linter can be disabled with `set_option linter.unusedTactic false`
Proof/Parse.lean:2542:14: warning: this tactic is never executed

Note: This linter can be disabled with `set_option linter.unreachableTactic false`
Proof/Parse.lean:3626:16: error: Invalid `⟨...⟩` notation: The expected type
  (match do
      let (p1, head2, pre_slot2, pre_c2, pre_w2, l1, d1, ins) ←
        slot.run1_loop0_loop1 input lazy km p head1 lim pre_slot1 pre_c1 pre_w1 l d i 1#u32
      let e ← p1 + l1
      let ae ← slot.ahead_if_m input head2 e lim pre_slot2 pre_c2 pre_w2 km
      let (nt1, out1) ← slot.flush4 input out nt ls p1
      let (i1, i2, i3) ← slot.fold_w input out1 nt1 p1 l1 d1
      let ((nt2, «end»), out2) ← slot.put_match input out1 i1 i2 d1 i3
      let head3 ← slot.record3_m input head2 ins pre_slot2 «end» lim km
      let (i4, i5, i6) := ae
        do
        let (pre_slot3, pre_c3, pre_w3) ← slot.ahead_fix_m input head3 «end» lim e i4 i5 i6 pre_slot2 pre_c2 pre_w2 km
        ok (cont (out2, nt2, «end», «end», head3, 0#usize, fuel1, pre_slot3, pre_c3, pre_w3)) with
    | ok x => WP.wp_return x
    | fail e => fun x => False
    | div => fun x => False)
    fun r =>
    match r with
    | done y => Dec input y.1 ↑y.2.1 ↑y.2.2 ∧ y.1.length = L
    | cont x' =>
      MainInv1 input L x'.1 (↑x'.2.1) (↑x'.2.2.1) (↑x'.2.2.2.1) x'.2.2.2.2.1 ↑x'.2.2.2.2.2.1 ↑x'.2.2.2.2.2.2.2.1
          ↑x'.2.2.2.2.2.2.2.2.1 ↑x'.2.2.2.2.2.2.2.2.2 ∧
        ↑x'.2.2.2.2.2.2.1 < ↑fuel
is not an inductive type

Note: This notation can only be used when the expected type is an inductive type with a single constructor
Proof/Parse.lean:3626:16: error: Invalid `⟨...⟩` notation: The expected type
  (match do
      let (p1, head2, pre_slot2, pre_c2, pre_w2, l1, d1, ins) ←
        slot.run1_loop0_loop2 input lazy km p head1 lim pre_slot1 pre_c1 pre_w1 l d i 1#u32
      let e ← p1 + l1
      let ae ← slot.ahead_if_m input head2 e lim pre_slot2 pre_c2 pre_w2 km
      let (nt1, out1) ← slot.flush4 input out nt ls p1
      let (i1, i2, i3) ← slot.fold_w input out1 nt1 p1 l1 d1
      let ((nt2, «end»), out2) ← slot.put_match input out1 i1 i2 d1 i3
      let head3 ← slot.record3_m input head2 ins pre_slot2 «end» lim km
      let (i4, i5, i6) := ae
        do
        let (pre_slot3, pre_c3, pre_w3) ← slot.ahead_fix_m input head3 «end» lim e i4 i5 i6 pre_slot2 pre_c2 pre_w2 km
        ok (cont (out2, nt2, «end», «end», head3, 0#usize, fuel1, pre_slot3, pre_c3, pre_w3)) with
    | ok x => WP.wp_return x
    | fail e => fun x => False
    | div => fun x => False)
    fun r =>
    match r with
    | done y => Dec input y.1 ↑y.2.1 ↑y.2.2 ∧ y.1.length = L
    | cont x' =>
      MainInv1 input L x'.1 (↑x'.2.1) (↑x'.2.2.1) (↑x'.2.2.2.1) x'.2.2.2.2.1 ↑x'.2.2.2.2.2.1 ↑x'.2.2.2.2.2.2.2.1
          ↑x'.2.2.2.2.2.2.2.2.1 ↑x'.2.2.2.2.2.2.2.2.2 ∧
        ↑x'.2.2.2.2.2.2.1 < ↑fuel
is not an inductive type

Note: This notation can only be used when the expected type is an inductive type with a single constructor
Proof/Parse.lean:3671:17: warning: Could not generate mvcgen spec for Submission.mlen_spec: (kernel) constant has already been declared 'Submission.mlen_spec.mvcgen_spec'
Proof/Parse.lean:3760:2: warning: 'step*' tactic does nothing

Note: This linter can be disabled with `set_option linter.unusedTactic false`
Proof/Parse.lean:3785:26: warning: 'scalar_tac' tactic does nothing

Note: This linter can be disabled with `set_option linter.unusedTactic false`
Proof/Parse.lean:3785:26: warning: this tactic is never executed

Note: This linter can be disabled with `set_option linter.unreachableTactic false`
Proof/Parse.lean:3856:51: warning: 'scalar_tac' tactic does nothing

Note: This linter can be disabled with `set_option linter.unusedTactic false`
Proof/Parse.lean:3856:51: warning: this tactic is never executed

Note: This linter can be disabled with `set_option linter.unreachableTactic false`
Proof/Parse.lean:3893:6: warning: 'scalar_tac' tactic does nothing

Note: This linter can be disabled with `set_option linter.unusedTactic false`
Proof/Parse.lean:3894:6: warning: '(refine ⟨by assumption, by scalar_tac, by scalar_tac⟩)' tactic does nothing

Note: This linter can be disabled with `set_option linter.unusedTactic false`
Proof/Parse.lean:3893:6: warning: this tactic is never executed

Note: This linter can be disabled with `set_option linter.unreachableTactic false`
Proof/Parse.lean:3894:6: warning: this tactic is never executed

Note: This linter can be disabled with `set_option linter.unreachableTactic false`
Proof/Parse.lean:4057:35: warning: 'scalar_tac' tactic does nothing

Note: This linter can be disabled with `set_option linter.unusedTactic false`
Proof/Parse.lean:4057:50: warning: 'scalar_tac' tactic does nothing

Note: This linter can be disabled with `set_option linter.unusedTactic false`
Proof/Parse.lean:4057:35: warning: this tactic is never executed

Note: This linter can be disabled with `set_option linter.unreachableTactic false`
Proof/Parse.lean:4057:50: warning: this tactic is never executed

Note: This linter can be disabled with `set_option linter.unreachableTactic false`
Proof/Parse.lean:4101:4: warning: 'all_goals scalar_tac' tactic does nothing

Note: This linter can be disabled with `set_option linter.unusedTactic false`
Proof/Parse.lean:4101:14: warning: this tactic is never executed

Note: This linter can be disabled with `set_option linter.unreachableTactic false`
Proof/Parse.lean:4238:4: warning: 'all_goals scalar_tac' tactic does nothing

Note: This linter can be disabled with `set_option linter.unusedTactic false`
Proof/Parse.lean:4238:14: warning: this tactic is never executed

Note: This linter can be disabled with `set_option linter.unreachableTactic false`
