R15_CHAIN binary.db.bin 500000 0 0 0 0 0 0 0 0 0 0 0 0 0 0 0 0 0 0 0 0 0 0 0 0 0 0 0 0 0 0 0 0 0 0 0 0 0 0 0 0 0 0 0 0 0 0 0 0
R15_CHAIN bundle.min.js.txt 1000000 0 0 0 0 0 0 0 0 0 0 0 0 0 0 0 0 0 0 0 0 0 0 0 0 0 0 0 0 0 0 0 0 0 0 0 0 0 0 0 0 0 0 0 0 0 0 0 0
R15_CHAIN catalog.xml.txt 500000 0 0 0 0 0 0 11902 1127 2644 6956 525 9820 4775 216 679 3316 259 6593 1884 94 250 1363 83 2787 1461 69 201 1056 36 993 659 49 118 451 9 772 347 21 51 255 2 93 478 43 118 278 0 0
R15_CHAIN compressed.bin 300000 0 0 0 0 0 0 0 0 0 0 0 0 0 0 0 0 0 0 0 0 0 0 0 0 0 0 0 0 0 0 0 0 0 0 0 0 0 0 0 0 0 0 0 0 0 0 0 0
R15_CHAIN config.yaml.txt 400000 0 0 0 0 0 0 15613 1404 3256 10358 669 5786 7669 252 867 5917 257 2594 3410 82 334 2724 41 921 1526 16 99 1259 13 428 338 8 36 248 4 79 104 3 12 83 2 15 46 0 2 39 0 0
R15_CHAIN docs.md.txt 800000 0 0 0 0 0 0 54033 4203 9999 36904 2348 10416 17050 681 2230 12619 495 4458 3749 120 454 2837 68 599 1915 86 277 1370 32 921 534 25 67 415 14 732 123 15 30 80 3 49 111 13 30 66 0 0
R15_CHAIN dump.sql.txt 150000 0 0 0 0 0 0 0 0 0 0 0 0 0 0 0 0 0 0 0 0 0 0 0 0 0 0 0 0 0 0 0 0 0 0 0 0 0 0 0 0 0 0 0 0 0 0 0 0
R15_CHAIN genome.fasta 900000 0 0 0 0 0 0 0 0 0 0 0 0 0 0 0 0 0 0 0 0 0 0 0 0 0 0 0 0 0 0 0 0 0 0 0 0 0 0 0 0 0 0 0 0 0 0 0 0
R15_CHAIN images.bin 250000 0 0 0 0 0 0 0 0 0 0 0 0 0 0 0 0 0 0 0 0 0 0 0 0 0 0 0 0 0 0 0 0 0 0 0 0 0 0 0 0 0 0 0 0 0 0 0 0
R15_CHAIN lean.txt 1000000 0 0 0 0 0 0 0 0 0 0 0 0 0 0 0 0 0 0 0 0 0 0 0 0 0 0 0 0 0 0 0 0 0 0 0 0 0 0 0 0 0 0 0 0 0 0 0 0
R15_CHAIN machine-code.bin 500000 0 0 0 0 0 0 0 0 0 0 0 0 0 0 0 0 0 0 0 0 0 0 0 0 0 0 0 0 0 0 0 0 0 0 0 0 0 0 0 0 0 0 0 0 0 0 0 0
R15_CHAIN metrics.csv.txt 1300000 0 0 0 0 0 0 0 0 0 0 0 0 0 0 0 0 0 0 0 0 0 0 0 0 0 0 0 0 0 0 0 0 0 0 0 0 0 0 0 0 0 0 0 0 0 0 0 0
R15_CHAIN multibyte.txt 1100000 0 0 0 0 0 0 59379 4936 12503 38080 2546 17584 17504 802 2478 12902 643 8866 6036 359 978 4389 227 6322 2797 170 486 1986 81 2450 1423 153 328 934 28 1665 342 34 88 207 4 123 119 10 30 74 0 0
R15_CHAIN page.html.txt 600000 0 0 0 0 0 0 13928 1370 3694 8054 559 10498 8486 387 1427 5895 284 5431 3906 175 622 2778 84 1551 3028 217 541 2063 58 1704 1053 39 156 782 26 614 359 37 89 216 5 170 29 0 2 21 0 0
R15_CHAIN prose.txt 1500000 0 0 0 0 0 0 197622 18528 39983 137113 9999 23197 33913 1872 5268 24649 832 2285 2122 62 207 1708 38 98 57 1 5 49 0 0 1 0 0 0 0 0 0 0 0 0 0 0 0 0 0 0 0 0
R15_CHAIN records.json.txt 400000 0 0 0 0 0 0 2612 258 652 1399 89 2810 1607 62 169 1218 116 2506 1387 47 144 1096 64 1469 1111 42 127 830 36 1063 445 14 42 335 11 597 305 14 49 215 5 107 437 7 30 350 0 0
R15_CHAIN server.log 300000 0 0 0 0 0 0 0 0 0 0 0 0 0 0 0 0 0 0 0 0 0 0 0 0 0 0 0 0 0 0 0 0 0 0 0 0 0 0 0 0 0 0 0 0 0 0 0 0
R15_CHAIN source.c.txt 1400000 0 0 0 0 0 0 81794 6750 15209 58579 4174 21037 35242 1306 4034 27867 1263 9758 10584 221 889 8818 230 1971 2917 55 230 2462 35 570 722 15 61 608 10 261 163 8 17 122 2 2 172 23 40 107 0 0
R15_CHAIN source.py.txt 600000 0 0 0 0 0 0 26463 2243 5040 18242 1232 6889 14098 463 1544 11030 569 6551 5526 145 549 4352 143 1846 1535 24 123 1232 21 585 496 9 51 397 2 41 145 4 15 109 2 75 32 4 4 28 0 0
R15_CHAIN source.rs.txt 700000 0 0 0 0 0 0 28535 2460 5517 19562 1396 10596 13678 579 1661 10614 544 6918 5065 132 498 4059 102 2237 1775 44 194 1347 27 1340 858 27 89 655 11 422 318 11 44 232 4 106 138 5 24 101 0 0
R15_CHAIN sourcemap.map.txt 350000 0 0 0 0 0 0 12284 568 1361 8908 673 3919 8810 187 581 6920 312 3239 4090 48 159 3500 82 963 1157 13 49 981 19 414 264 5 28 175 2 10 29 0 1 20 0 0 6 0 2 3 0 0
R15_CHAIN sparse.bin 40000 0 0 0 0 0 0 0 0 0 0 0 0 0 0 0 0 0 0 0 0 0 0 0 0 0 0 0 0 0 0 0 0 0 0 0 0 0 0 0 0 0 0 0 0 0 0 0 0
R15_CHAIN tiny-app.log 28000 0 0 0 0 0 0 0 0 0 0 0 0 0 0 0 0 0 0 0 0 0 0 0 0 0 0 0 0 0 0 0 0 0 0 0 0 0 0 0 0 0 0 0 0 0 0 0 0
R15_CHAIN tiny-config.json.txt 12000 0 0 0 0 0 0 0 0 0 0 0 0 0 0 0 0 0 0 0 0 0 0 0 0 0 0 0 0 0 0 0 0 0 0 0 0 0 0 0 0 0 0 0 0 0 0 0 0
R15_CHAIN weights-bf16.bin 450000 0 0 0 0 0 0 0 0 0 0 0 0 0 0 0 0 0 0 0 0 0 0 0 0 0 0 0 0 0 0 0 0 0 0 0 0 0 0 0 0 0 0 0 0 0 0 0 0
R15_CHAIN weights-f16.bin 250000 0 0 0 0 0 0 0 0 0 0 0 0 0 0 0 0 0 0 0 0 0 0 0 0 0 0 0 0 0 0 0 0 0 0 0 0 0 0 0 0 0 0 0 0 0 0 0 0
R15_CHAIN weights-f32.bin 350000 0 0 0 0 0 0 0 0 0 0 0 0 0 0 0 0 0 0 0 0 0 0 0 0 0 0 0 0 0 0 0 0 0 0 0 0 0 0 0 0 0 0 0 0 0 0 0 0
R15_CHAIN weights-q8.bin 250000 0 0 0 0 0 0 0 0 0 0 0 0 0 0 0 0 0 0 0 0 0 0 0 0 0 0 0 0 0 0 0 0 0 0 0 0 0 0 0 0 0 0 0 0 0 0 0 0
