ENCODER_NATIVE 0 binary.db.bin public514 82894 50441
ENCODER_NATIVE 0 binary.db.bin public595 82894 50441
ENCODER_NATIVE 0 binary.db.bin r22-595-row6-chain 82894 50441
ENCODER_NATIVE 0 binary.db.bin r22-595-nofold 88037 53722
ENCODER_NATIVE 1 bundle.min.js.txt public514 325697 190824
ENCODER_NATIVE 1 bundle.min.js.txt public595 325697 190824
ENCODER_NATIVE 1 bundle.min.js.txt r22-595-row6-chain 325697 190824
ENCODER_NATIVE 1 bundle.min.js.txt r22-595-nofold 336238 197625
ENCODER_NATIVE 2 catalog.xml.txt public514 69271 45579
ENCODER_NATIVE 2 catalog.xml.txt public595 69271 45579
ENCODER_NATIVE 2 catalog.xml.txt r22-595-row6-chain 69271 45579
ENCODER_NATIVE 2 catalog.xml.txt r22-595-nofold 75033 48846
ENCODER_NATIVE 3 compressed.bin public514 300095 300000
ENCODER_NATIVE 3 compressed.bin public595 300095 300000
ENCODER_NATIVE 3 compressed.bin r22-595-row6-chain 300095 300000
ENCODER_NATIVE 3 compressed.bin r22-595-nofold 300095 300000
ENCODER_NATIVE 4 config.yaml.txt public514 90556 59218
ENCODER_NATIVE 4 config.yaml.txt public595 90556 59218
ENCODER_NATIVE 4 config.yaml.txt r22-595-row6-chain 90556 59218
ENCODER_NATIVE 4 config.yaml.txt r22-595-nofold 95500 62461
ENCODER_NATIVE 5 docs.md.txt public514 243632 157463
ENCODER_NATIVE 5 docs.md.txt public595 243632 157463
ENCODER_NATIVE 5 docs.md.txt r22-595-row6-chain 243632 157463
ENCODER_NATIVE 5 docs.md.txt r22-595-nofold 251956 163781
ENCODER_NATIVE 6 dump.sql.txt public514 19941 15151
ENCODER_NATIVE 6 dump.sql.txt public595 19941 15151
ENCODER_NATIVE 6 dump.sql.txt r22-595-row6-chain 19941 15151
ENCODER_NATIVE 6 dump.sql.txt r22-595-nofold 20529 15639
ENCODER_NATIVE 7 genome.fasta public514 283718 176189
ENCODER_NATIVE 7 genome.fasta public595 283718 176189
ENCODER_NATIVE 7 genome.fasta r22-595-row6-chain 283718 176189
ENCODER_NATIVE 7 genome.fasta r22-595-nofold 283718 176189
ENCODER_NATIVE 8 images.bin public514 229171 226885
ENCODER_NATIVE 8 images.bin public595 229171 226885
ENCODER_NATIVE 8 images.bin r22-595-row6-chain 229171 226885
ENCODER_NATIVE 8 images.bin r22-595-nofold 230078 227659
ENCODER_NATIVE 9 lean.txt public514 264653 161293
ENCODER_NATIVE 9 lean.txt public595 264642 161269
ENCODER_NATIVE 9 lean.txt r22-595-row6-chain 257404 155365
ENCODER_NATIVE 9 lean.txt r22-595-nofold 285074 174376
ENCODER_NATIVE 10 machine-code.bin public514 171918 122482
ENCODER_NATIVE 10 machine-code.bin public595 171918 122482
ENCODER_NATIVE 10 machine-code.bin r22-595-row6-chain 171918 122482
ENCODER_NATIVE 10 machine-code.bin r22-595-nofold 179069 126878
ENCODER_NATIVE 11 metrics.csv.txt public514 284703 220653
ENCODER_NATIVE 11 metrics.csv.txt public595 284703 220653
ENCODER_NATIVE 11 metrics.csv.txt r22-595-row6-chain 284703 220653
ENCODER_NATIVE 11 metrics.csv.txt r22-595-nofold 293001 225982
ENCODER_NATIVE 12 multibyte.txt public514 292855 196725
ENCODER_NATIVE 12 multibyte.txt public595 292855 196725
ENCODER_NATIVE 12 multibyte.txt r22-595-row6-chain 292855 196725
ENCODER_NATIVE 12 multibyte.txt r22-595-nofold 310387 206740
ENCODER_NATIVE 13 page.html.txt public514 111342 75088
ENCODER_NATIVE 13 page.html.txt public595 111342 75088
ENCODER_NATIVE 13 page.html.txt r22-595-row6-chain 111342 75088
ENCODER_NATIVE 13 page.html.txt r22-595-nofold 118914 79371
ENCODER_NATIVE 14 prose.txt public514 620035 365040
ENCODER_NATIVE 14 prose.txt public595 620035 365040
ENCODER_NATIVE 14 prose.txt r22-595-row6-chain 620035 365040
ENCODER_NATIVE 14 prose.txt r22-595-nofold 633495 378062
ENCODER_NATIVE 15 records.json.txt public514 75503 78317
ENCODER_NATIVE 15 records.json.txt public595 75503 78317
ENCODER_NATIVE 15 records.json.txt r22-595-row6-chain 75503 78317
ENCODER_NATIVE 15 records.json.txt r22-595-nofold 79130 80273
ENCODER_NATIVE 16 server.log public514 29230 23582
ENCODER_NATIVE 16 server.log public595 29230 23582
ENCODER_NATIVE 16 server.log r22-595-row6-chain 29230 23582
ENCODER_NATIVE 16 server.log r22-595-nofold 31313 24856
ENCODER_NATIVE 17 source.c.txt public514 380012 235866
ENCODER_NATIVE 17 source.c.txt public595 380012 235866
ENCODER_NATIVE 17 source.c.txt r22-595-row6-chain 380012 235866
ENCODER_NATIVE 17 source.c.txt r22-595-nofold 401457 250532
ENCODER_NATIVE 18 source.py.txt public514 141452 88808
ENCODER_NATIVE 18 source.py.txt public595 141452 88808
ENCODER_NATIVE 18 source.py.txt r22-595-row6-chain 141452 88808
ENCODER_NATIVE 18 source.py.txt r22-595-nofold 150096 94487
ENCODER_NATIVE 19 source.rs.txt public514 144447 88318
ENCODER_NATIVE 19 source.rs.txt public595 144447 88318
ENCODER_NATIVE 19 source.rs.txt r22-595-row6-chain 144447 88318
ENCODER_NATIVE 19 source.rs.txt r22-595-nofold 155272 95205
ENCODER_NATIVE 20 sourcemap.map.txt public514 75873 48664
ENCODER_NATIVE 20 sourcemap.map.txt public595 75873 48664
ENCODER_NATIVE 20 sourcemap.map.txt r22-595-row6-chain 75873 48664
ENCODER_NATIVE 20 sourcemap.map.txt r22-595-nofold 80079 51472
ENCODER_NATIVE 21 sparse.bin public514 1270 1458
ENCODER_NATIVE 21 sparse.bin public595 1270 1458
ENCODER_NATIVE 21 sparse.bin r22-595-row6-chain 1270 1458
ENCODER_NATIVE 21 sparse.bin r22-595-nofold 1270 1458
ENCODER_NATIVE 22 tiny-app.log public514 1270 998
ENCODER_NATIVE 22 tiny-app.log public595 1134 865
ENCODER_NATIVE 22 tiny-app.log r22-595-row6-chain 1134 865
ENCODER_NATIVE 22 tiny-app.log r22-595-nofold 1134 865
ENCODER_NATIVE 23 tiny-config.json.txt public514 2487 3094
ENCODER_NATIVE 23 tiny-config.json.txt public595 2487 3094
ENCODER_NATIVE 23 tiny-config.json.txt r22-595-row6-chain 2487 3094
ENCODER_NATIVE 23 tiny-config.json.txt r22-595-nofold 2487 3094
ENCODER_NATIVE 24 weights-bf16.bin public514 365611 265242
ENCODER_NATIVE 24 weights-bf16.bin public595 365611 265242
ENCODER_NATIVE 24 weights-bf16.bin r22-595-row6-chain 365611 265242
ENCODER_NATIVE 24 weights-bf16.bin r22-595-nofold 365611 265242
ENCODER_NATIVE 25 weights-f16.bin public514 212660 250000
ENCODER_NATIVE 25 weights-f16.bin public595 212660 250000
ENCODER_NATIVE 25 weights-f16.bin r22-595-row6-chain 212660 250000
ENCODER_NATIVE 25 weights-f16.bin r22-595-nofold 212660 250000
ENCODER_NATIVE 26 weights-f32.bin public514 284138 285782
ENCODER_NATIVE 26 weights-f32.bin public595 284138 285782
ENCODER_NATIVE 26 weights-f32.bin r22-595-row6-chain 284138 285782
ENCODER_NATIVE 26 weights-f32.bin r22-595-nofold 284138 285782
ENCODER_NATIVE 27 weights-q8.bin public514 235572 250000
ENCODER_NATIVE 27 weights-q8.bin public595 235572 250000
ENCODER_NATIVE 27 weights-q8.bin r22-595-row6-chain 235572 250000
ENCODER_NATIVE 27 weights-q8.bin r22-595-nofold 235572 250000
