{
  "snapshot": {
    "snapshot_id": "29481",
    "computed_at": "2026-10-10T04:23:14.843636+00:00",
    "policy_version": "compression-policy-c255effb7d5afeef",
    "status": "ready",
    "freshness": "unknown",
    "freshness_reason": "Recorded scoring pass; live policy changes require a new pass."
  },
  "scenarios": [
    {
      "candidate": "r18-rf-sf-content-proof1",
      "hypothetical_hotkey_is_the_public_hotkey_of_submission": "453",
      "all_candidate_additional_shares_zero": false
    },
    {
      "candidate": "r18-rf-sf-content-proof1",
      "hypothetical_hotkey_is_the_public_hotkey_of_submission": "573",
      "all_candidate_additional_shares_zero": true
    },
    {
      "candidate": "r18-586-selective-rf",
      "hypothetical_hotkey_is_the_public_hotkey_of_submission": "453",
      "all_candidate_additional_shares_zero": false
    },
    {
      "candidate": "r18-586-selective-rf",
      "hypothetical_hotkey_is_the_public_hotkey_of_submission": "573",
      "all_candidate_additional_shares_zero": true
    },
    {
      "candidate": "r18-539-csv-lazy-content",
      "hypothetical_hotkey_is_the_public_hotkey_of_submission": "453",
      "all_candidate_additional_shares_zero": false
    },
    {
      "candidate": "r18-539-csv-lazy-content",
      "hypothetical_hotkey_is_the_public_hotkey_of_submission": "573",
      "all_candidate_additional_shares_zero": true
    }
  ]
}
