{
  "runs": 2,
  "paired_processes": 78,
  "candidates": [
    {
      "candidate": "r18-rf-sf-content-proof1",
      "summary": {
        "primary": {
          "n": 6,
          "best_pct": 7.908964724082944,
          "median_pct": 7.60008482187573,
          "range_pct": [
            7.496243205643062,
            7.908964724082944
          ],
          "zero_count": 0,
          "at_least_5_count": 6,
          "at_least_15_count": 0,
          "runner_count": 2,
          "runner_equal_center_time": 6.183890338948586,
          "projected_size_pct": 34.09281823173152,
          "score_at_center_NOT_expected_reward_pct": 7.6375324595844845
        },
        "shadow": {
          "n": 6,
          "best_pct": 7.921471833008466,
          "median_pct": 7.596488539704248,
          "range_pct": [
            7.4671112806589095,
            7.921471833008466
          ],
          "zero_count": 0,
          "at_least_5_count": 6,
          "at_least_15_count": 0,
          "runner_count": 2,
          "runner_equal_center_time": 6.186296646978095,
          "projected_size_pct": 34.09281823173152,
          "score_at_center_NOT_expected_reward_pct": 7.626661479137107
        }
      },
      "verified_pairs": [
        {
          "run_id": "38018217854",
          "files": {
            "parse.rs": "16390a77d6b500f96b37441027512b89ba2d62b5091435e0527d9aa07b9834ef",
            "Parse.lean": "0a0171ac0dda3f6c06e574145e6b89b6b90fed45bd2d1d22be0ad199d18bacc7"
          },
          "source_path": "candidates/r18-rf-sf-content-proof1",
          "receipt": "evidence/round18/38018217854/gate-rfsf-2/exact-gate/exact-gate/gate-receipt.json",
          "scope": "exact separate original public gate"
        }
      ]
    },
    {
      "candidate": "r18-586-selective-rf",
      "summary": {
        "primary": {
          "n": 6,
          "best_pct": 1.7993818958378476,
          "median_pct": 1.6767289627197632,
          "range_pct": [
            1.6641631884961539,
            1.7993818958378476
          ],
          "zero_count": 0,
          "at_least_5_count": 0,
          "at_least_15_count": 0,
          "runner_count": 2,
          "runner_equal_center_time": 4.196647328324916,
          "projected_size_pct": 34.09894646185279,
          "score_at_center_NOT_expected_reward_pct": 1.707502662579882
        },
        "shadow": {
          "n": 6,
          "best_pct": 1.867616540218326,
          "median_pct": 1.6859137749067603,
          "range_pct": [
            1.5389917609045975,
            1.867616540218326
          ],
          "zero_count": 0,
          "at_least_5_count": 0,
          "at_least_15_count": 0,
          "runner_count": 2,
          "runner_equal_center_time": 4.198291304761801,
          "projected_size_pct": 34.09894646185279,
          "score_at_center_NOT_expected_reward_pct": 1.6960037641060355
        }
      },
      "verified_pairs": [
        {
          "run_id": "37982026752",
          "files": {
            "parse.rs": "b03af48fe3916b5b82dd563a4a69dbcc6e3e424579bd98ed0a11add6ef8b1bc6",
            "Parse.lean": "8c5d3ebbcf0f681f7005cc86a5d4a3045778af7165ffd145439b4d9b125ca9f2"
          },
          "source_path": "candidates/r18-586-selective-rf",
          "receipt": "evidence/round18/37982026752/gate-selective-1/exact-gate/exact-gate/gate-receipt.json",
          "scope": "exact separate original public gate"
        }
      ]
    },
    {
      "candidate": "r18-539-csv-lazy-content",
      "summary": {
        "primary": {
          "n": 6,
          "best_pct": 0.05565478995173662,
          "median_pct": 0.0,
          "range_pct": [
            0.0,
            0.05565478995173662
          ],
          "zero_count": 5,
          "at_least_5_count": 0,
          "at_least_15_count": 0,
          "runner_count": 2,
          "runner_equal_center_time": 0.43449523787559075,
          "projected_size_pct": 36.56530071117473,
          "score_at_center_NOT_expected_reward_pct": 0.0
        },
        "shadow": {
          "n": 6,
          "best_pct": 0.13897614570491992,
          "median_pct": 0.0,
          "range_pct": [
            0.0,
            0.13897614570491992
          ],
          "zero_count": 4,
          "at_least_5_count": 0,
          "at_least_15_count": 0,
          "runner_count": 2,
          "runner_equal_center_time": 0.43461781692982737,
          "projected_size_pct": 36.56530071117473,
          "score_at_center_NOT_expected_reward_pct": 0.0
        }
      },
      "verified_pairs": [
        {
          "run_id": "38016038976",
          "files": {
            "parse.rs": "b83d5bd410c23171be87f13012e5dbc0d1de087c8a2375d50cf87d4247e6b500",
            "Parse.lean": "5719a7fd7c02f879887e98ff0ed5bb11cdbc9472220a50f502a0a9580b4c9bb4"
          },
          "source_path": "candidates/r18-539-csv-lazy-content",
          "receipt": "evidence/round18/38016038976/gate-539csv-1/exact-gate/exact-gate/gate-receipt.json",
          "scope": "exact separate original public gate"
        }
      ]
    }
  ],
  "same_source_controls": [
    {
      "run_id": "38020805122",
      "block": 1,
      "shadow": "public586-shadow",
      "parent": "public586",
      "relative_time_gap_pct": 0.34825888725820153,
      "same_binary_sha256": "bbe0d814b74827589b240945a5beccfc3f2123ee25ce32e77d9d5cd40f73b720"
    },
    {
      "run_id": "38020805122",
      "block": 2,
      "shadow": "public586-shadow",
      "parent": "public586",
      "relative_time_gap_pct": -0.4475100327957837,
      "same_binary_sha256": "bbe0d814b74827589b240945a5beccfc3f2123ee25ce32e77d9d5cd40f73b720"
    },
    {
      "run_id": "38020805122",
      "block": 3,
      "shadow": "public586-shadow",
      "parent": "public586",
      "relative_time_gap_pct": 0.0849780148070911,
      "same_binary_sha256": "bbe0d814b74827589b240945a5beccfc3f2123ee25ce32e77d9d5cd40f73b720"
    },
    {
      "run_id": "38020805122",
      "block": 1,
      "shadow": "public591-shadow",
      "parent": "public591",
      "relative_time_gap_pct": 0.0039036620015808765,
      "same_binary_sha256": "66a9e6e18c176de3e78c92c4511233311d12ea1244ba64ee68ca6cf3e7ca8ec9"
    },
    {
      "run_id": "38020805122",
      "block": 2,
      "shadow": "public591-shadow",
      "parent": "public591",
      "relative_time_gap_pct": 0.17261055179114138,
      "same_binary_sha256": "66a9e6e18c176de3e78c92c4511233311d12ea1244ba64ee68ca6cf3e7ca8ec9"
    },
    {
      "run_id": "38020805122",
      "block": 3,
      "shadow": "public591-shadow",
      "parent": "public591",
      "relative_time_gap_pct": 0.3422487428157428,
      "same_binary_sha256": "66a9e6e18c176de3e78c92c4511233311d12ea1244ba64ee68ca6cf3e7ca8ec9"
    },
    {
      "run_id": "38020805122",
      "block": 1,
      "shadow": "public539-shadow",
      "parent": "public539",
      "relative_time_gap_pct": -0.9400137939027609,
      "same_binary_sha256": "c95fa99d74c32e257a2f8a2379650525ab695173547d6542377e4b1b78d888a1"
    },
    {
      "run_id": "38020805122",
      "block": 2,
      "shadow": "public539-shadow",
      "parent": "public539",
      "relative_time_gap_pct": -0.26703132381726835,
      "same_binary_sha256": "c95fa99d74c32e257a2f8a2379650525ab695173547d6542377e4b1b78d888a1"
    },
    {
      "run_id": "38020805122",
      "block": 3,
      "shadow": "public539-shadow",
      "parent": "public539",
      "relative_time_gap_pct": 0.6655544539100999,
      "same_binary_sha256": "c95fa99d74c32e257a2f8a2379650525ab695173547d6542377e4b1b78d888a1"
    },
    {
      "run_id": "38020818700",
      "block": 1,
      "shadow": "public586-shadow",
      "parent": "public586",
      "relative_time_gap_pct": 0.04424304355148401,
      "same_binary_sha256": "bbe0d814b74827589b240945a5beccfc3f2123ee25ce32e77d9d5cd40f73b720"
    },
    {
      "run_id": "38020818700",
      "block": 2,
      "shadow": "public586-shadow",
      "parent": "public586",
      "relative_time_gap_pct": -0.11348469026308816,
      "same_binary_sha256": "bbe0d814b74827589b240945a5beccfc3f2123ee25ce32e77d9d5cd40f73b720"
    },
    {
      "run_id": "38020818700",
      "block": 3,
      "shadow": "public586-shadow",
      "parent": "public586",
      "relative_time_gap_pct": -0.14701043948421866,
      "same_binary_sha256": "bbe0d814b74827589b240945a5beccfc3f2123ee25ce32e77d9d5cd40f73b720"
    },
    {
      "run_id": "38020818700",
      "block": 1,
      "shadow": "public591-shadow",
      "parent": "public591",
      "relative_time_gap_pct": -0.26802611998926196,
      "same_binary_sha256": "66a9e6e18c176de3e78c92c4511233311d12ea1244ba64ee68ca6cf3e7ca8ec9"
    },
    {
      "run_id": "38020818700",
      "block": 2,
      "shadow": "public591-shadow",
      "parent": "public591",
      "relative_time_gap_pct": 0.1445718606432278,
      "same_binary_sha256": "66a9e6e18c176de3e78c92c4511233311d12ea1244ba64ee68ca6cf3e7ca8ec9"
    },
    {
      "run_id": "38020818700",
      "block": 3,
      "shadow": "public591-shadow",
      "parent": "public591",
      "relative_time_gap_pct": -0.05594029812970858,
      "same_binary_sha256": "66a9e6e18c176de3e78c92c4511233311d12ea1244ba64ee68ca6cf3e7ca8ec9"
    },
    {
      "run_id": "38020818700",
      "block": 1,
      "shadow": "public539-shadow",
      "parent": "public539",
      "relative_time_gap_pct": 0.16993066611101781,
      "same_binary_sha256": "c95fa99d74c32e257a2f8a2379650525ab695173547d6542377e4b1b78d888a1"
    },
    {
      "run_id": "38020818700",
      "block": 2,
      "shadow": "public539-shadow",
      "parent": "public539",
      "relative_time_gap_pct": 0.38768226985164134,
      "same_binary_sha256": "c95fa99d74c32e257a2f8a2379650525ab695173547d6542377e4b1b78d888a1"
    },
    {
      "run_id": "38020818700",
      "block": 3,
      "shadow": "public539-shadow",
      "parent": "public539",
      "relative_time_gap_pct": -0.18064053433516358,
      "same_binary_sha256": "c95fa99d74c32e257a2f8a2379650525ab695173547d6542377e4b1b78d888a1"
    }
  ],
  "joint_rows": 36
}
