[
  {
    "candidate": "r18-rf-sf-content-proof1",
    "rust_sha256": "16390a77d6b500f96b37441027512b89ba2d62b5091435e0527d9aa07b9834ef",
    "reference_time_median_of_observed_control_variants": 6.192188751267555,
    "reference_size_pct": 34.09281823173152,
    "observed_projected_time_range": [
      6.121756516504395,
      6.221854158260374
    ],
    "observed_time_span_pct_of_reference": 1.6165147054906668,
    "observation_control_variants": 12,
    "observed_runner_count": 2,
    "observed_block_count": 6,
    "reference_time_is_a_descriptive_center_not_expected_score": true,
    "time_grid_range": [
      3.0960943756337773,
      9.288283126901332
    ],
    "size_grid_range": [
      33.99281823173152,
      34.09281823173152
    ],
    "targets": {
      "5": {
        "closest_sample_time": {
          "time": 6.192188751267555,
          "time_change_pct": 0.0,
          "share_pct": 7.600082145405235
        },
        "closest_sample_size": {
          "size_pct": 34.09281823173152,
          "size_delta_pp": 0.0,
          "share_pct": 7.600082145405235
        },
        "sampled_passing_time_segments": [
          {
            "time_range": [
              3.0960943756337773,
              6.842987789025774
            ],
            "width_pct_of_reference_time": 60.51,
            "sample_count": 6582,
            "share_range_pct": [
              5.000439333986409,
              25.83931848005338
            ]
          }
        ]
      },
      "15": {
        "closest_sample_time": {
          "time": 4.698013605586693,
          "time_change_pct": -24.130000000000006,
          "share_pct": 15.004084955206471
        },
        "closest_sample_size": null,
        "sampled_passing_time_segments": [
          {
            "time_range": [
              3.0960943756337773,
              4.698013605586693
            ],
            "width_pct_of_reference_time": 25.86999999999999,
            "sample_count": 2606,
            "share_range_pct": [
              15.004084955206471,
              25.83931848005338
            ]
          }
        ]
      }
    }
  },
  {
    "candidate": "r18-586-selective-rf",
    "rust_sha256": "b03af48fe3916b5b82dd563a4a69dbcc6e3e424579bd98ed0a11add6ef8b1bc6",
    "reference_time_median_of_observed_control_variants": 4.200548220165553,
    "reference_size_pct": 34.09894646185279,
    "observed_projected_time_range": [
      4.1742717871760755,
      4.221282495412303
    ],
    "observed_time_span_pct_of_reference": 1.119156495110403,
    "observation_control_variants": 12,
    "observed_runner_count": 2,
    "observed_block_count": 6,
    "reference_time_is_a_descriptive_center_not_expected_score": true,
    "time_grid_range": [
      2.1002741100827764,
      6.300822330248329
    ],
    "size_grid_range": [
      33.99894646185279,
      34.09894646185279
    ],
    "targets": {
      "5": {
        "closest_sample_time": {
          "time": 3.680100295687041,
          "time_change_pct": -12.39,
          "share_pct": 5.00088876689289
        },
        "closest_sample_size": {
          "size_pct": 34.09714646185279,
          "size_delta_pp": -0.0018000000000029104,
          "share_pct": 5.005306949604065
        },
        "sampled_passing_time_segments": [
          {
            "time_range": [
              2.1002741100827764,
              3.680100295687041
            ],
            "width_pct_of_reference_time": 37.61000000000001,
            "sample_count": 3782,
            "share_range_pct": [
              5.00088876689289,
              20.403418234623327
            ]
          }
        ]
      },
      "15": {
        "closest_sample_time": {
          "time": 2.566534962521153,
          "time_change_pct": -38.9,
          "share_pct": 15.004604480315246
        },
        "closest_sample_size": {
          "size_pct": 34.094310513553765,
          "size_delta_pp": -0.004635948299025472,
          "share_pct": 16.61923047494423
        },
        "sampled_passing_time_segments": [
          {
            "time_range": [
              2.1002741100827764,
              2.5589739757248546
            ],
            "width_pct_of_reference_time": 10.919999999999996,
            "sample_count": 1103,
            "share_range_pct": [
              15.001880522600356,
              20.403418234623327
            ]
          },
          {
            "time_range": [
              2.562474085465171,
              2.566534962521153
            ],
            "width_pct_of_reference_time": 0.09667493010762217,
            "sample_count": 11,
            "share_range_pct": [
              15.004604480315246,
              15.05612243599153
            ]
          }
        ]
      }
    }
  },
  {
    "candidate": "r18-539-csv-lazy-content",
    "rust_sha256": "b83d5bd410c23171be87f13012e5dbc0d1de087c8a2375d50cf87d4247e6b500",
    "reference_time_median_of_observed_control_variants": 0.43464662543565474,
    "reference_size_pct": 36.56530071117473,
    "observed_projected_time_range": [
      0.4311005556096255,
      0.4376090115663308
    ],
    "observed_time_span_pct_of_reference": 1.4974132032387788,
    "observation_control_variants": 12,
    "observed_runner_count": 2,
    "observed_block_count": 6,
    "reference_time_is_a_descriptive_center_not_expected_score": true,
    "time_grid_range": [
      0.21732331271782737,
      0.6519699381534821
    ],
    "size_grid_range": [
      36.46530071117473,
      36.56530071117473
    ],
    "targets": {
      "5": {
        "closest_sample_time": {
          "time": 0.4318296104699827,
          "time_change_pct": -0.6481161478818609,
          "share_pct": 24.16674369145006
        },
        "closest_sample_size": null,
        "sampled_passing_time_segments": [
          {
            "time_range": [
              0.21732331271782737,
              0.23014538816817917
            ],
            "width_pct_of_reference_time": 2.9499999999999966,
            "sample_count": 296,
            "share_range_pct": [
              5.0004504565211265,
              5.390128635419287
            ]
          },
          {
            "time_range": [
              0.43145385103031403,
              0.4318296104699827
            ],
            "width_pct_of_reference_time": 0.08645170989008252,
            "sample_count": 1011,
            "share_range_pct": [
              24.16674369145006,
              25.773194087341505
            ]
          }
        ]
      },
      "15": {
        "closest_sample_time": {
          "time": 0.4318296104699827,
          "time_change_pct": -0.6481161478818609,
          "share_pct": 24.16674369145006
        },
        "closest_sample_size": null,
        "sampled_passing_time_segments": [
          {
            "time_range": [
              0.43145385103031403,
              0.4318296104699827
            ],
            "width_pct_of_reference_time": 0.08645170989008252,
            "sample_count": 1011,
            "share_range_pct": [
              24.16674369145006,
              25.773194087341505
            ]
          }
        ]
      }
    }
  }
]
