[
  {
    "candidate": "r18-rf-sf-content-proof1",
    "run_id": "38020805122",
    "block": 1,
    "alternative_anchor": "public591",
    "alternative_family": "591",
    "projected_time": 6.4471939347552,
    "projected_size_pct": 34.09490430920602,
    "alternative_conditional_pool_pct": 0.8412284337206147,
    "declared_primary_family_pool_pct": 7.5288004463763185
  },
  {
    "candidate": "r18-rf-sf-content-proof1",
    "run_id": "38020805122",
    "block": 1,
    "alternative_anchor": "public591-shadow",
    "alternative_family": "591",
    "projected_time": 6.446942267919623,
    "projected_size_pct": 34.09490430920602,
    "alternative_conditional_pool_pct": 0.8416890080848388,
    "declared_primary_family_pool_pct": 7.5288004463763185
  },
  {
    "candidate": "r18-rf-sf-content-proof1",
    "run_id": "38020805122",
    "block": 2,
    "alternative_anchor": "public591",
    "alternative_family": "591",
    "projected_time": 6.481857171615622,
    "projected_size_pct": 34.09490430920602,
    "alternative_conditional_pool_pct": 0.7791691247118785,
    "declared_primary_family_pool_pct": 7.591874486123455
  },
  {
    "candidate": "r18-rf-sf-content-proof1",
    "run_id": "38020805122",
    "block": 2,
    "alternative_anchor": "public591-shadow",
    "alternative_family": "591",
    "projected_time": 6.470688081213955,
    "projected_size_pct": 34.09490430920602,
    "alternative_conditional_pool_pct": 0.7988679734376688,
    "declared_primary_family_pool_pct": 7.591874486123455
  },
  {
    "candidate": "r18-rf-sf-content-proof1",
    "run_id": "38020805122",
    "block": 3,
    "alternative_anchor": "public591",
    "alternative_family": "591",
    "projected_time": 6.486681642239141,
    "projected_size_pct": 34.09490430920602,
    "alternative_conditional_pool_pct": 0.7707473000723233,
    "declared_primary_family_pool_pct": 7.496243205643062
  },
  {
    "candidate": "r18-rf-sf-content-proof1",
    "run_id": "38020805122",
    "block": 3,
    "alternative_anchor": "public591-shadow",
    "alternative_family": "591",
    "projected_time": 6.4645567779380375,
    "projected_size_pct": 34.09490430920602,
    "alternative_conditional_pool_pct": 0.8098017692962662,
    "declared_primary_family_pool_pct": 7.496243205643062
  },
  {
    "candidate": "r18-586-selective-rf",
    "run_id": "38020805122",
    "block": 1,
    "alternative_anchor": "public591",
    "alternative_family": "591",
    "projected_time": 4.3501671287840935,
    "projected_size_pct": 34.10103291430253,
    "alternative_conditional_pool_pct": 0.0,
    "declared_primary_family_pool_pct": 1.7628268058558643
  },
  {
    "candidate": "r18-586-selective-rf",
    "run_id": "38020805122",
    "block": 1,
    "alternative_anchor": "public591-shadow",
    "alternative_family": "591",
    "projected_time": 4.349997319591659,
    "projected_size_pct": 34.10103291430253,
    "alternative_conditional_pool_pct": 0.0,
    "declared_primary_family_pool_pct": 1.7628268058558643
  },
  {
    "candidate": "r18-586-selective-rf",
    "run_id": "38020805122",
    "block": 2,
    "alternative_anchor": "public591",
    "alternative_family": "591",
    "projected_time": 4.397684278725371,
    "projected_size_pct": 34.10103291430253,
    "alternative_conditional_pool_pct": 0.0,
    "declared_primary_family_pool_pct": 1.6674804719597967
  },
  {
    "candidate": "r18-586-selective-rf",
    "run_id": "38020805122",
    "block": 2,
    "alternative_anchor": "public591-shadow",
    "alternative_family": "591",
    "projected_time": 4.390106491685853,
    "projected_size_pct": 34.10103291430253,
    "alternative_conditional_pool_pct": 0.0,
    "declared_primary_family_pool_pct": 1.6674804719597967
  },
  {
    "candidate": "r18-586-selective-rf",
    "run_id": "38020805122",
    "block": 3,
    "alternative_anchor": "public591",
    "alternative_family": "591",
    "projected_time": 4.385490874252372,
    "projected_size_pct": 34.10103291430253,
    "alternative_conditional_pool_pct": 0.0,
    "declared_primary_family_pool_pct": 1.6699536790033154
  },
  {
    "candidate": "r18-586-selective-rf",
    "run_id": "38020805122",
    "block": 3,
    "alternative_anchor": "public591-shadow",
    "alternative_family": "591",
    "projected_time": 4.370532780755885,
    "projected_size_pct": 34.10103291430253,
    "alternative_conditional_pool_pct": 0.0,
    "declared_primary_family_pool_pct": 1.6699536790033154
  },
  {
    "candidate": "r18-rf-sf-content-proof1",
    "run_id": "38020818700",
    "block": 1,
    "alternative_anchor": "public591",
    "alternative_family": "591",
    "projected_time": 6.348550434131494,
    "projected_size_pct": 34.09490430920602,
    "alternative_conditional_pool_pct": 1.0330099444774274,
    "declared_primary_family_pool_pct": 7.908964724082944
  },
  {
    "candidate": "r18-rf-sf-content-proof1",
    "run_id": "38020818700",
    "block": 1,
    "alternative_anchor": "public591-shadow",
    "alternative_family": "591",
    "projected_time": 6.365611936819324,
    "projected_size_pct": 34.09490430920602,
    "alternative_conditional_pool_pct": 0.9982071541287307,
    "declared_primary_family_pool_pct": 7.908964724082944
  },
  {
    "candidate": "r18-rf-sf-content-proof1",
    "run_id": "38020818700",
    "block": 2,
    "alternative_anchor": "public591",
    "alternative_family": "591",
    "projected_time": 6.4344215314176525,
    "projected_size_pct": 34.09490430920602,
    "alternative_conditional_pool_pct": 0.8647864071768044,
    "declared_primary_family_pool_pct": 7.6953830171532775
  },
  {
    "candidate": "r18-rf-sf-content-proof1",
    "run_id": "38020818700",
    "block": 2,
    "alternative_anchor": "public591-shadow",
    "alternative_family": "591",
    "projected_time": 6.425132597672403,
    "projected_size_pct": 34.09490430920602,
    "alternative_conditional_pool_pct": 0.8821548575236529,
    "declared_primary_family_pool_pct": 7.6953830171532775
  },
  {
    "candidate": "r18-rf-sf-content-proof1",
    "run_id": "38020818700",
    "block": 3,
    "alternative_anchor": "public591",
    "alternative_family": "591",
    "projected_time": 6.449187552091547,
    "projected_size_pct": 34.09490430920602,
    "alternative_conditional_pool_pct": 0.8375850423103838,
    "declared_primary_family_pool_pct": 7.608295157628005
  },
  {
    "candidate": "r18-rf-sf-content-proof1",
    "run_id": "38020818700",
    "block": 3,
    "alternative_anchor": "public591-shadow",
    "alternative_family": "591",
    "projected_time": 6.45279726611992,
    "projected_size_pct": 34.09490430920602,
    "alternative_conditional_pool_pct": 0.8310113004282154,
    "declared_primary_family_pool_pct": 7.608295157628005
  },
  {
    "candidate": "r18-586-selective-rf",
    "run_id": "38020818700",
    "block": 1,
    "alternative_anchor": "public591",
    "alternative_family": "591",
    "projected_time": 4.356647913591941,
    "projected_size_pct": 34.10103291430253,
    "alternative_conditional_pool_pct": 0.0,
    "declared_primary_family_pool_pct": 1.6641631884961539
  },
  {
    "candidate": "r18-586-selective-rf",
    "run_id": "38020818700",
    "block": 1,
    "alternative_anchor": "public591-shadow",
    "alternative_family": "591",
    "projected_time": 4.368356249354395,
    "projected_size_pct": 34.10103291430253,
    "alternative_conditional_pool_pct": 0.0,
    "declared_primary_family_pool_pct": 1.6641631884961539
  },
  {
    "candidate": "r18-586-selective-rf",
    "run_id": "38020818700",
    "block": 2,
    "alternative_anchor": "public591",
    "alternative_family": "591",
    "projected_time": 4.36219775379036,
    "projected_size_pct": 34.10103291430253,
    "alternative_conditional_pool_pct": 0.0,
    "declared_primary_family_pool_pct": 1.7993818958378476
  },
  {
    "candidate": "r18-586-selective-rf",
    "run_id": "38020818700",
    "block": 2,
    "alternative_anchor": "public591-shadow",
    "alternative_family": "591",
    "projected_time": 4.3559003476100555,
    "projected_size_pct": 34.10103291430253,
    "alternative_conditional_pool_pct": 0.0,
    "declared_primary_family_pool_pct": 1.7993818958378476
  },
  {
    "candidate": "r18-586-selective-rf",
    "run_id": "38020818700",
    "block": 3,
    "alternative_anchor": "public591",
    "alternative_family": "591",
    "projected_time": 4.375690826907058,
    "projected_size_pct": 34.10103291430253,
    "alternative_conditional_pool_pct": 0.0,
    "declared_primary_family_pool_pct": 1.6835042464362113
  },
  {
    "candidate": "r18-586-selective-rf",
    "run_id": "38020818700",
    "block": 3,
    "alternative_anchor": "public591-shadow",
    "alternative_family": "591",
    "projected_time": 4.378139971459628,
    "projected_size_pct": 34.10103291430253,
    "alternative_conditional_pool_pct": 0.0,
    "declared_primary_family_pool_pct": 1.6835042464362113
  }
]
