R13_COUNT binary.db.bin 500000 21006 3219 1443 400 2728 470 3522 89 34
R13_COUNT bundle.min.js.txt 1000000 69801 17230 9328 2259 10861 2913 14700 533 79
R13_COUNT catalog.xml.txt 500000 24680 6833 1918 422 6599 422 6599 122 45
R13_COUNT compressed.bin 300000 0 0 0 0 0 0 0 0 0
R13_COUNT config.yaml.txt 400000 31056 7340 2789 651 5245 651 5245 217 55
R13_COUNT docs.md.txt 800000 80709 22164 10100 2297 15818 2297 15818 591 96
R13_COUNT dump.sql.txt 150000 0 0 0 0 0 0 0 0 0
R13_COUNT genome.fasta 900000 0 0 0 0 0 0 0 0 0
R13_COUNT images.bin 250000 0 0 0 0 0 0 0 0 0
R13_COUNT lean.txt 1000000 0 0 0 0 0 0 0 0 0
R13_COUNT machine-code.bin 500000 58383 22957 8426 1416 7710 1738 9590 243 73
R13_COUNT metrics.csv.txt 1300000 0 0 0 0 0 0 0 0 0
R13_COUNT multibyte.txt 1100000 110957 33182 14459 3153 21910 3153 21910 623 140
R13_COUNT page.html.txt 600000 44536 9263 3045 652 9182 652 9182 328 150
R13_COUNT prose.txt 1500000 132818 50144 33324 11986 61315 11986 61315 1703 39
R13_COUNT records.json.txt 400000 34885 8122 1066 97 2567 97 2567 42 23
R13_COUNT server.log 300000 0 0 0 0 0 0 0 0 0
R13_COUNT source.c.txt 1400000 110115 25957 12025 2904 19743 2904 19743 834 104
R13_COUNT source.py.txt 600000 42706 11032 4201 961 7085 961 7085 322 71
R13_COUNT source.rs.txt 700000 41098 9422 3726 921 8756 921 8756 324 71
R13_COUNT sourcemap.map.txt 350000 22225 5840 1585 263 1923 263 1923 105 17
R13_COUNT sparse.bin 40000 0 0 0 0 0 0 0 0 0
R13_COUNT tiny-app.log 28000 0 0 0 0 0 0 0 0 0
R13_COUNT tiny-config.json.txt 12000 0 0 0 0 0 0 0 0 0
R13_COUNT weights-bf16.bin 450000 0 0 0 0 0 0 0 0 0
R13_COUNT weights-f16.bin 250000 0 0 0 0 0 0 0 0 0
R13_COUNT weights-f32.bin 350000 0 0 0 0 0 0 0 0 0
R13_COUNT weights-q8.bin 250000 0 0 0 0 0 0 0 0 0
