ENCODER_NATIVE 0 binary.db.bin public514 82894 50441
ENCODER_NATIVE 0 binary.db.bin base603 70756 48828
ENCODER_NATIVE 0 binary.db.bin r19-sf-local1024 70930 48677
ENCODER_NATIVE 0 binary.db.bin r19-sf-existing 70930 48679
ENCODER_NATIVE 0 binary.db.bin r19-sf-selective 70756 48828
ENCODER_NATIVE 1 bundle.min.js.txt public514 325697 190824
ENCODER_NATIVE 1 bundle.min.js.txt base603 287344 202339
ENCODER_NATIVE 1 bundle.min.js.txt r19-sf-local1024 287443 202006
ENCODER_NATIVE 1 bundle.min.js.txt r19-sf-existing 287443 202006
ENCODER_NATIVE 1 bundle.min.js.txt r19-sf-selective 287344 202339
ENCODER_NATIVE 2 catalog.xml.txt public514 69271 45579
ENCODER_NATIVE 2 catalog.xml.txt base603 58065 38884
ENCODER_NATIVE 2 catalog.xml.txt r19-sf-local1024 58093 38826
ENCODER_NATIVE 2 catalog.xml.txt r19-sf-existing 58090 38915
ENCODER_NATIVE 2 catalog.xml.txt r19-sf-selective 58093 38826
ENCODER_NATIVE 3 compressed.bin public514 300095 300000
ENCODER_NATIVE 3 compressed.bin base603 299610 298918
ENCODER_NATIVE 3 compressed.bin r19-sf-local1024 299610 298918
ENCODER_NATIVE 3 compressed.bin r19-sf-existing 299610 298918
ENCODER_NATIVE 3 compressed.bin r19-sf-selective 299610 298918
ENCODER_NATIVE 4 config.yaml.txt public514 90556 59218
ENCODER_NATIVE 4 config.yaml.txt base603 80986 50995
ENCODER_NATIVE 4 config.yaml.txt r19-sf-local1024 81029 50950
ENCODER_NATIVE 4 config.yaml.txt r19-sf-existing 81029 51038
ENCODER_NATIVE 4 config.yaml.txt r19-sf-selective 80986 50995
ENCODER_NATIVE 5 docs.md.txt public514 243632 157463
ENCODER_NATIVE 5 docs.md.txt base603 215495 129268
ENCODER_NATIVE 5 docs.md.txt r19-sf-local1024 215584 129261
ENCODER_NATIVE 5 docs.md.txt r19-sf-existing 215584 129261
ENCODER_NATIVE 5 docs.md.txt r19-sf-selective 215495 129268
ENCODER_NATIVE 6 dump.sql.txt public514 19941 15151
ENCODER_NATIVE 6 dump.sql.txt base603 16377 17697
ENCODER_NATIVE 6 dump.sql.txt r19-sf-local1024 16397 17711
ENCODER_NATIVE 6 dump.sql.txt r19-sf-existing 16397 17711
ENCODER_NATIVE 6 dump.sql.txt r19-sf-selective 16377 17697
ENCODER_NATIVE 7 genome.fasta public514 283718 176189
ENCODER_NATIVE 7 genome.fasta base603 256489 589207
ENCODER_NATIVE 7 genome.fasta r19-sf-local1024 256489 589207
ENCODER_NATIVE 7 genome.fasta r19-sf-existing 256489 589207
ENCODER_NATIVE 7 genome.fasta r19-sf-selective 256489 589207
ENCODER_NATIVE 8 images.bin public514 229171 226885
ENCODER_NATIVE 8 images.bin base603 223467 214959
ENCODER_NATIVE 8 images.bin r19-sf-local1024 223467 214959
ENCODER_NATIVE 8 images.bin r19-sf-existing 223467 214959
ENCODER_NATIVE 8 images.bin r19-sf-selective 223467 214959
ENCODER_NATIVE 9 lean.txt public514 264653 161293
ENCODER_NATIVE 9 lean.txt base603 222834 124341
ENCODER_NATIVE 9 lean.txt r19-sf-local1024 222930 124504
ENCODER_NATIVE 9 lean.txt r19-sf-existing 222929 124528
ENCODER_NATIVE 9 lean.txt r19-sf-selective 222834 124341
ENCODER_NATIVE 10 machine-code.bin public514 171918 122482
ENCODER_NATIVE 10 machine-code.bin base603 158932 120943
ENCODER_NATIVE 10 machine-code.bin r19-sf-local1024 158932 120943
ENCODER_NATIVE 10 machine-code.bin r19-sf-existing 158930 120945
ENCODER_NATIVE 10 machine-code.bin r19-sf-selective 158932 120943
ENCODER_NATIVE 11 metrics.csv.txt public514 284703 220653
ENCODER_NATIVE 11 metrics.csv.txt base603 251318 232386
ENCODER_NATIVE 11 metrics.csv.txt r19-sf-local1024 251652 231587
ENCODER_NATIVE 11 metrics.csv.txt r19-sf-existing 251652 231587
ENCODER_NATIVE 11 metrics.csv.txt r19-sf-selective 251652 231587
ENCODER_NATIVE 12 multibyte.txt public514 292855 196725
ENCODER_NATIVE 12 multibyte.txt base603 254042 149029
ENCODER_NATIVE 12 multibyte.txt r19-sf-local1024 254042 149029
ENCODER_NATIVE 12 multibyte.txt r19-sf-existing 254042 149029
ENCODER_NATIVE 12 multibyte.txt r19-sf-selective 254042 149029
ENCODER_NATIVE 13 page.html.txt public514 111342 75088
ENCODER_NATIVE 13 page.html.txt base603 98910 63805
ENCODER_NATIVE 13 page.html.txt r19-sf-local1024 99000 63676
ENCODER_NATIVE 13 page.html.txt r19-sf-existing 98990 63912
ENCODER_NATIVE 13 page.html.txt r19-sf-selective 98910 63805
ENCODER_NATIVE 14 prose.txt public514 620035 365040
ENCODER_NATIVE 14 prose.txt base603 540998 311429
ENCODER_NATIVE 14 prose.txt r19-sf-local1024 541044 311169
ENCODER_NATIVE 14 prose.txt r19-sf-existing 541044 311169
ENCODER_NATIVE 14 prose.txt r19-sf-selective 540998 311429
ENCODER_NATIVE 15 records.json.txt public514 75503 78317
ENCODER_NATIVE 15 records.json.txt base603 69148 74002
ENCODER_NATIVE 15 records.json.txt r19-sf-local1024 69148 74002
ENCODER_NATIVE 15 records.json.txt r19-sf-existing 69148 74002
ENCODER_NATIVE 15 records.json.txt r19-sf-selective 69148 74002
ENCODER_NATIVE 16 server.log public514 29230 23582
ENCODER_NATIVE 16 server.log base603 25830 23197
ENCODER_NATIVE 16 server.log r19-sf-local1024 25854 23220
ENCODER_NATIVE 16 server.log r19-sf-existing 25854 23220
ENCODER_NATIVE 16 server.log r19-sf-selective 25854 23220
ENCODER_NATIVE 17 source.c.txt public514 380012 235866
ENCODER_NATIVE 17 source.c.txt base603 333068 191328
ENCODER_NATIVE 17 source.c.txt r19-sf-local1024 333177 191365
ENCODER_NATIVE 17 source.c.txt r19-sf-existing 333177 191365
ENCODER_NATIVE 17 source.c.txt r19-sf-selective 333068 191328
ENCODER_NATIVE 18 source.py.txt public514 141452 88808
ENCODER_NATIVE 18 source.py.txt base603 125154 75325
ENCODER_NATIVE 18 source.py.txt r19-sf-local1024 125180 75209
ENCODER_NATIVE 18 source.py.txt r19-sf-existing 125180 75209
ENCODER_NATIVE 18 source.py.txt r19-sf-selective 125154 75325
ENCODER_NATIVE 19 source.rs.txt public514 144447 88318
ENCODER_NATIVE 19 source.rs.txt base603 125971 74073
ENCODER_NATIVE 19 source.rs.txt r19-sf-local1024 126002 73939
ENCODER_NATIVE 19 source.rs.txt r19-sf-existing 126002 73939
ENCODER_NATIVE 19 source.rs.txt r19-sf-selective 125971 74073
ENCODER_NATIVE 20 sourcemap.map.txt public514 75873 48664
ENCODER_NATIVE 20 sourcemap.map.txt base603 64432 40223
ENCODER_NATIVE 20 sourcemap.map.txt r19-sf-local1024 64456 40199
ENCODER_NATIVE 20 sourcemap.map.txt r19-sf-existing 64456 40235
ENCODER_NATIVE 20 sourcemap.map.txt r19-sf-selective 64432 40223
ENCODER_NATIVE 21 sparse.bin public514 1270 1458
ENCODER_NATIVE 21 sparse.bin base603 1193 1236
ENCODER_NATIVE 21 sparse.bin r19-sf-local1024 1193 1236
ENCODER_NATIVE 21 sparse.bin r19-sf-existing 1193 1236
ENCODER_NATIVE 21 sparse.bin r19-sf-selective 1193 1236
ENCODER_NATIVE 22 tiny-app.log public514 1270 998
ENCODER_NATIVE 22 tiny-app.log base603 845 613
ENCODER_NATIVE 22 tiny-app.log r19-sf-local1024 845 613
ENCODER_NATIVE 22 tiny-app.log r19-sf-existing 845 613
ENCODER_NATIVE 22 tiny-app.log r19-sf-selective 845 613
ENCODER_NATIVE 23 tiny-config.json.txt public514 2487 3094
ENCODER_NATIVE 23 tiny-config.json.txt base603 2077 2109
ENCODER_NATIVE 23 tiny-config.json.txt r19-sf-local1024 2077 2109
ENCODER_NATIVE 23 tiny-config.json.txt r19-sf-existing 2077 2109
ENCODER_NATIVE 23 tiny-config.json.txt r19-sf-selective 2077 2109
ENCODER_NATIVE 24 weights-bf16.bin public514 365611 265242
ENCODER_NATIVE 24 weights-bf16.bin base603 353926 438670
ENCODER_NATIVE 24 weights-bf16.bin r19-sf-local1024 353926 438670
ENCODER_NATIVE 24 weights-bf16.bin r19-sf-existing 353926 438670
ENCODER_NATIVE 24 weights-bf16.bin r19-sf-selective 353926 438670
ENCODER_NATIVE 25 weights-f16.bin public514 212660 250000
ENCODER_NATIVE 25 weights-f16.bin base603 212660 250000
ENCODER_NATIVE 25 weights-f16.bin r19-sf-local1024 212660 250000
ENCODER_NATIVE 25 weights-f16.bin r19-sf-existing 212660 250000
ENCODER_NATIVE 25 weights-f16.bin r19-sf-selective 212660 250000
ENCODER_NATIVE 26 weights-f32.bin public514 284138 285782
ENCODER_NATIVE 26 weights-f32.bin base603 278801 284464
ENCODER_NATIVE 26 weights-f32.bin r19-sf-local1024 278801 284464
ENCODER_NATIVE 26 weights-f32.bin r19-sf-existing 278801 284464
ENCODER_NATIVE 26 weights-f32.bin r19-sf-selective 278801 284464
ENCODER_NATIVE 27 weights-q8.bin public514 235572 250000
ENCODER_NATIVE 27 weights-q8.bin base603 235572 250000
ENCODER_NATIVE 27 weights-q8.bin r19-sf-local1024 235572 250000
ENCODER_NATIVE 27 weights-q8.bin r19-sf-existing 235572 250000
ENCODER_NATIVE 27 weights-q8.bin r19-sf-selective 235572 250000
