TOKEN_CHANGE r16-514-depth2 r13-514-abs15 catalog.xml.txt
TOKEN_CHANGE r16-514-lazy8 r13-514-abs15 catalog.xml.txt
TOKEN_CHANGE r16-514-skip5 r13-514-abs15 catalog.xml.txt
TOKEN_CHANGE r16-514-depth2 r13-514-abs15 config.yaml.txt
TOKEN_CHANGE r16-514-lazy8 r13-514-abs15 config.yaml.txt
TOKEN_CHANGE r16-514-skip5 r13-514-abs15 config.yaml.txt
TOKEN_CHANGE r16-514-depth2 r13-514-abs15 docs.md.txt
TOKEN_CHANGE r16-514-lazy8 r13-514-abs15 docs.md.txt
TOKEN_CHANGE r16-514-skip5 r13-514-abs15 docs.md.txt
TOKEN_CHANGE r16-514-depth2 r13-514-abs15 multibyte.txt
TOKEN_CHANGE r16-514-lazy8 r13-514-abs15 multibyte.txt
TOKEN_CHANGE r16-514-skip5 r13-514-abs15 multibyte.txt
TOKEN_CHANGE r16-514-depth2 r13-514-abs15 page.html.txt
TOKEN_CHANGE r16-514-lazy8 r13-514-abs15 page.html.txt
TOKEN_CHANGE r16-514-skip5 r13-514-abs15 page.html.txt
TOKEN_CHANGE r16-514-depth2 r13-514-abs15 prose.txt
TOKEN_CHANGE r16-514-lazy8 r13-514-abs15 prose.txt
TOKEN_CHANGE r16-514-skip5 r13-514-abs15 prose.txt
TOKEN_CHANGE r16-514-depth2 r13-514-abs15 records.json.txt
TOKEN_CHANGE r16-514-lazy8 r13-514-abs15 records.json.txt
TOKEN_CHANGE r16-514-skip5 r13-514-abs15 records.json.txt
TOKEN_CHANGE r16-514-depth2 r13-514-abs15 source.c.txt
TOKEN_CHANGE r16-514-lazy8 r13-514-abs15 source.c.txt
TOKEN_CHANGE r16-514-skip5 r13-514-abs15 source.c.txt
TOKEN_CHANGE r16-514-depth2 r13-514-abs15 source.py.txt
TOKEN_CHANGE r16-514-lazy8 r13-514-abs15 source.py.txt
TOKEN_CHANGE r16-514-skip5 r13-514-abs15 source.py.txt
TOKEN_CHANGE r16-514-depth2 r13-514-abs15 source.rs.txt
TOKEN_CHANGE r16-514-lazy8 r13-514-abs15 source.rs.txt
TOKEN_CHANGE r16-514-skip5 r13-514-abs15 source.rs.txt
TOKEN_CHANGE r16-514-depth2 r13-514-abs15 sourcemap.map.txt
TOKEN_CHANGE r16-514-lazy8 r13-514-abs15 sourcemap.map.txt
TOKEN_CHANGE r16-514-skip5 r13-514-abs15 sourcemap.map.txt
EQUIVALENCE_RESULT r16-514-depth2 r13-514-abs15 540 0
EQUIVALENCE_RESULT r16-514-lazy8 r13-514-abs15 540 0
EQUIVALENCE_RESULT r16-514-skip5 r13-514-abs15 540 0
