R18_REPEAT binary.db.bin 500000 0 0 0 0 0 0
R18_REPEAT bundle.min.js.txt 1000000 0 0 0 0 0 0
R18_REPEAT catalog.xml.txt 500000 0 0 0 0 0 0
R18_REPEAT compressed.bin 300000 0 0 0 0 0 0
R18_REPEAT config.yaml.txt 400000 12 863974 0 0 0 5
R18_REPEAT docs.md.txt 800000 24 2460475 0 0 0 2
R18_REPEAT dump.sql.txt 150000 0 0 0 0 0 0
R18_REPEAT genome.fasta 900000 0 0 0 0 0 0
R18_REPEAT images.bin 250000 0 0 0 0 0 0
R18_REPEAT lean.txt 1000000 16 2102264 0 0 0 1
R18_REPEAT machine-code.bin 500000 0 0 0 0 0 0
R18_REPEAT metrics.csv.txt 1300000 0 0 0 0 0 0
R18_REPEAT multibyte.txt 1100000 0 0 0 0 0 0
R18_REPEAT page.html.txt 600000 0 0 0 0 0 0
R18_REPEAT prose.txt 1500000 47 3570416 0 0 0 5
R18_REPEAT records.json.txt 400000 0 0 0 0 0 0
R18_REPEAT server.log 300000 0 0 0 0 0 0
R18_REPEAT source.c.txt 1400000 25 2985636 0 0 0 1
R18_REPEAT source.py.txt 600000 12 1380099 0 0 0 3
R18_REPEAT source.rs.txt 700000 0 0 0 0 0 0
R18_REPEAT sourcemap.map.txt 350000 0 0 0 0 0 0
R18_REPEAT sparse.bin 40000 0 0 0 0 0 0
R18_REPEAT tiny-app.log 28000 0 0 0 0 0 0
R18_REPEAT tiny-config.json.txt 12000 0 0 0 0 0 0
R18_REPEAT weights-bf16.bin 450000 0 0 0 0 0 0
R18_REPEAT weights-f16.bin 250000 0 0 0 0 0 0
R18_REPEAT weights-f32.bin 350000 0 0 0 0 0 0
R18_REPEAT weights-q8.bin 250000 0 0 0 0 0 0
