ENCODER_NATIVE 0 binary.db.bin public514 82894 50441
ENCODER_NATIVE 0 binary.db.bin public542 83172 50310
ENCODER_NATIVE 0 binary.db.bin r13-542-abs15-privatecalls 83172 50310
ENCODER_NATIVE 1 bundle.min.js.txt public514 325697 190824
ENCODER_NATIVE 1 bundle.min.js.txt public542 321313 234325
ENCODER_NATIVE 1 bundle.min.js.txt r13-542-abs15-privatecalls 321310 234323
ENCODER_NATIVE 2 catalog.xml.txt public514 69271 45579
ENCODER_NATIVE 2 catalog.xml.txt public542 69210 45349
ENCODER_NATIVE 2 catalog.xml.txt r13-542-abs15-privatecalls 69210 45349
ENCODER_NATIVE 3 compressed.bin public514 300095 300000
ENCODER_NATIVE 3 compressed.bin public542 300095 300000
ENCODER_NATIVE 3 compressed.bin r13-542-abs15-privatecalls 300095 300000
ENCODER_NATIVE 4 config.yaml.txt public514 90556 59218
ENCODER_NATIVE 4 config.yaml.txt public542 90556 59218
ENCODER_NATIVE 4 config.yaml.txt r13-542-abs15-privatecalls 90556 59218
ENCODER_NATIVE 5 docs.md.txt public514 243632 157463
ENCODER_NATIVE 5 docs.md.txt public542 243356 156979
ENCODER_NATIVE 5 docs.md.txt r13-542-abs15-privatecalls 243356 156979
ENCODER_NATIVE 6 dump.sql.txt public514 19941 15151
ENCODER_NATIVE 6 dump.sql.txt public542 19948 15161
ENCODER_NATIVE 6 dump.sql.txt r13-542-abs15-privatecalls 19948 15161
ENCODER_NATIVE 7 genome.fasta public514 283718 176189
ENCODER_NATIVE 7 genome.fasta public542 283718 176189
ENCODER_NATIVE 7 genome.fasta r13-542-abs15-privatecalls 283718 176189
ENCODER_NATIVE 8 images.bin public514 229171 226885
ENCODER_NATIVE 8 images.bin public542 229936 227971
ENCODER_NATIVE 8 images.bin r13-542-abs15-privatecalls 229936 227971
ENCODER_NATIVE 9 lean.txt public514 264653 161293
ENCODER_NATIVE 9 lean.txt public542 257487 155571
ENCODER_NATIVE 9 lean.txt r13-542-abs15-privatecalls 257487 155571
ENCODER_NATIVE 10 machine-code.bin public514 171918 122482
ENCODER_NATIVE 10 machine-code.bin public542 172126 123006
ENCODER_NATIVE 10 machine-code.bin r13-542-abs15-privatecalls 172126 123006
ENCODER_NATIVE 11 metrics.csv.txt public514 284703 220653
ENCODER_NATIVE 11 metrics.csv.txt public542 274395 215668
ENCODER_NATIVE 11 metrics.csv.txt r13-542-abs15-privatecalls 274395 215668
ENCODER_NATIVE 12 multibyte.txt public514 292855 196725
ENCODER_NATIVE 12 multibyte.txt public542 292468 196100
ENCODER_NATIVE 12 multibyte.txt r13-542-abs15-privatecalls 292468 196100
ENCODER_NATIVE 13 page.html.txt public514 111342 75088
ENCODER_NATIVE 13 page.html.txt public542 111258 74827
ENCODER_NATIVE 13 page.html.txt r13-542-abs15-privatecalls 111258 74827
ENCODER_NATIVE 14 prose.txt public514 620035 365040
ENCODER_NATIVE 14 prose.txt public542 584442 343373
ENCODER_NATIVE 14 prose.txt r13-542-abs15-privatecalls 584442 343373
ENCODER_NATIVE 15 records.json.txt public514 75503 78317
ENCODER_NATIVE 15 records.json.txt public542 75503 78317
ENCODER_NATIVE 15 records.json.txt r13-542-abs15-privatecalls 75503 78317
ENCODER_NATIVE 16 server.log public514 29230 23582
ENCODER_NATIVE 16 server.log public542 29230 23582
ENCODER_NATIVE 16 server.log r13-542-abs15-privatecalls 29230 23582
ENCODER_NATIVE 17 source.c.txt public514 380012 235866
ENCODER_NATIVE 17 source.c.txt public542 379921 235645
ENCODER_NATIVE 17 source.c.txt r13-542-abs15-privatecalls 379921 235645
ENCODER_NATIVE 18 source.py.txt public514 141452 88808
ENCODER_NATIVE 18 source.py.txt public542 141417 88665
ENCODER_NATIVE 18 source.py.txt r13-542-abs15-privatecalls 141417 88665
ENCODER_NATIVE 19 source.rs.txt public514 144447 88318
ENCODER_NATIVE 19 source.rs.txt public542 144386 88175
ENCODER_NATIVE 19 source.rs.txt r13-542-abs15-privatecalls 144386 88175
ENCODER_NATIVE 20 sourcemap.map.txt public514 75873 48664
ENCODER_NATIVE 20 sourcemap.map.txt public542 75873 48664
ENCODER_NATIVE 20 sourcemap.map.txt r13-542-abs15-privatecalls 75873 48664
ENCODER_NATIVE 21 sparse.bin public514 1270 1458
ENCODER_NATIVE 21 sparse.bin public542 1270 1458
ENCODER_NATIVE 21 sparse.bin r13-542-abs15-privatecalls 1270 1458
ENCODER_NATIVE 22 tiny-app.log public514 1270 998
ENCODER_NATIVE 22 tiny-app.log public542 994 680
ENCODER_NATIVE 22 tiny-app.log r13-542-abs15-privatecalls 994 680
ENCODER_NATIVE 23 tiny-config.json.txt public514 2487 3094
ENCODER_NATIVE 23 tiny-config.json.txt public542 2143 2273
ENCODER_NATIVE 23 tiny-config.json.txt r13-542-abs15-privatecalls 2143 2273
ENCODER_NATIVE 24 weights-bf16.bin public514 365611 265242
ENCODER_NATIVE 24 weights-bf16.bin public542 365611 265242
ENCODER_NATIVE 24 weights-bf16.bin r13-542-abs15-privatecalls 365611 265242
ENCODER_NATIVE 25 weights-f16.bin public514 212660 250000
ENCODER_NATIVE 25 weights-f16.bin public542 212660 250000
ENCODER_NATIVE 25 weights-f16.bin r13-542-abs15-privatecalls 212660 250000
ENCODER_NATIVE 26 weights-f32.bin public514 284138 285782
ENCODER_NATIVE 26 weights-f32.bin public542 284138 285782
ENCODER_NATIVE 26 weights-f32.bin r13-542-abs15-privatecalls 284138 285782
ENCODER_NATIVE 27 weights-q8.bin public514 235572 250000
ENCODER_NATIVE 27 weights-q8.bin public542 235572 250000
ENCODER_NATIVE 27 weights-q8.bin r13-542-abs15-privatecalls 235572 250000
