R18_A_RANGE binary.db.bin 500000 1594023 4526901 119867312 2548508 402944 377009 347556 283147 239024 328713 22011048 1810369 90901408 0 107 0
R18_A_RANGE bundle.min.js.txt 1000000 3401152 6698525 36973040 4825612 827028 574048 284120 113971 46659 27087 19730379 146345 34631520 0 270 0
R18_A_RANGE catalog.xml.txt 500000 1710945 4983967 166647809 2786278 489802 388623 297910 312996 178481 529877 27928744 2420924 127913025 0 166 0
R18_A_RANGE compressed.bin 300000 0 0 0 0 0 0 0 0 0 0 0 0 0 0 0 0
R18_A_RANGE config.yaml.txt 400000 1337613 3094457 34718228 2006472 325904 274952 229449 142632 63170 51878 12857740 218815 31217188 0 119 0
R18_A_RANGE docs.md.txt 800000 2402123 5115227 41383355 3760405 540301 324238 214799 136786 71141 67557 16526949 359599 35629771 34849 188 0
R18_A_RANGE dump.sql.txt 150000 550036 1204097 17780406 789015 98934 104886 40440 53910 93300 23612 5467962 152827 15335174 0 54 0
R18_A_RANGE genome.fasta 900000 0 0 0 0 0 0 0 0 0 0 0 0 0 0 0 0
R18_A_RANGE images.bin 250000 0 0 0 0 0 0 0 0 0 0 0 0 0 0 0 0
R18_A_RANGE lean.txt 1000000 3295693 7593546 52610028 5183117 944448 692797 423613 217176 94506 37889 26177291 137818 50404940 0 303 0
R18_A_RANGE machine-code.bin 500000 0 0 0 0 0 0 0 0 0 0 0 0 0 0 0 0
R18_A_RANGE metrics.csv.txt 1300000 0 0 0 0 0 0 0 0 0 0 0 0 0 0 0 0
R18_A_RANGE multibyte.txt 1100000 2994080 7235704 87612806 4787702 686017 580254 472975 352390 227389 128977 28434747 570072 78491654 0 360 0
R18_A_RANGE page.html.txt 600000 0 0 0 0 0 0 0 0 0 0 0 0 0 0 0 0
R18_A_RANGE prose.txt 1500000 5273610 11897361 21597679 10617181 1023028 227078 28645 1429 0 0 20504292 56 21596783 0 510 0
R18_A_RANGE records.json.txt 400000 0 0 0 0 0 0 0 0 0 0 0 0 0 0 0 0
R18_A_RANGE server.log 300000 0 0 0 0 0 0 0 0 0 0 0 0 0 0 0 0
R18_A_RANGE source.c.txt 1400000 4479443 10474583 89634159 7267173 1352246 872952 496679 232945 97954 154634 35947192 827430 76395279 0 376 0
R18_A_RANGE source.py.txt 600000 1950452 4873218 43174521 3206623 605899 480403 286095 159608 79424 55166 17085062 239991 39334665 0 182 0
R18_A_RANGE source.rs.txt 700000 1961576 5167338 75311521 3193545 642260 476383 313232 226489 160035 155394 21178604 689365 64281681 0 124 0
R18_A_RANGE sourcemap.map.txt 350000 1201095 2983653 21056163 1842775 414041 338722 277839 80123 23481 6672 11054342 36152 20477731 0 119 0
R18_A_RANGE sparse.bin 40000 0 0 0 0 0 0 0 0 0 0 0 0 0 0 0 0
R18_A_RANGE tiny-app.log 28000 0 0 0 0 0 0 0 0 0 0 0 0 0 0 0 0
R18_A_RANGE tiny-config.json.txt 12000 0 0 0 0 0 0 0 0 0 0 0 0 0 0 0 0
R18_A_RANGE weights-bf16.bin 450000 0 0 0 0 0 0 0 0 0 0 0 0 0 0 0 0
R18_A_RANGE weights-f16.bin 250000 0 0 0 0 0 0 0 0 0 0 0 0 0 0 0 0
R18_A_RANGE weights-f32.bin 350000 0 0 0 0 0 0 0 0 0 0 0 0 0 0 0 0
R18_A_RANGE weights-q8.bin 250000 0 0 0 0 0 0 0 0 0 0 0 0 0 0 0 0
