ENCODER_NATIVE 0 binary.db.bin public514 82894 50441
ENCODER_NATIVE 0 binary.db.bin r13-514-abs15 82894 50441
ENCODER_NATIVE 0 binary.db.bin r14-514-dna-direct 82894 50441
ENCODER_NATIVE 0 binary.db.bin r14-514-dna-nofold 82894 50441
ENCODER_NATIVE 1 bundle.min.js.txt public514 325697 190824
ENCODER_NATIVE 1 bundle.min.js.txt r13-514-abs15 325697 190824
ENCODER_NATIVE 1 bundle.min.js.txt r14-514-dna-direct 325697 190824
ENCODER_NATIVE 1 bundle.min.js.txt r14-514-dna-nofold 325697 190824
ENCODER_NATIVE 2 catalog.xml.txt public514 69271 45579
ENCODER_NATIVE 2 catalog.xml.txt r13-514-abs15 69271 45579
ENCODER_NATIVE 2 catalog.xml.txt r14-514-dna-direct 69271 45579
ENCODER_NATIVE 2 catalog.xml.txt r14-514-dna-nofold 69271 45579
ENCODER_NATIVE 3 compressed.bin public514 300095 300000
ENCODER_NATIVE 3 compressed.bin r13-514-abs15 300095 300000
ENCODER_NATIVE 3 compressed.bin r14-514-dna-direct 300095 300000
ENCODER_NATIVE 3 compressed.bin r14-514-dna-nofold 300095 300000
ENCODER_NATIVE 4 config.yaml.txt public514 90556 59218
ENCODER_NATIVE 4 config.yaml.txt r13-514-abs15 90556 59218
ENCODER_NATIVE 4 config.yaml.txt r14-514-dna-direct 90556 59218
ENCODER_NATIVE 4 config.yaml.txt r14-514-dna-nofold 90556 59218
ENCODER_NATIVE 5 docs.md.txt public514 243632 157463
ENCODER_NATIVE 5 docs.md.txt r13-514-abs15 243632 157463
ENCODER_NATIVE 5 docs.md.txt r14-514-dna-direct 243632 157463
ENCODER_NATIVE 5 docs.md.txt r14-514-dna-nofold 243632 157463
ENCODER_NATIVE 6 dump.sql.txt public514 19941 15151
ENCODER_NATIVE 6 dump.sql.txt r13-514-abs15 19941 15151
ENCODER_NATIVE 6 dump.sql.txt r14-514-dna-direct 19941 15151
ENCODER_NATIVE 6 dump.sql.txt r14-514-dna-nofold 19941 15151
ENCODER_NATIVE 7 genome.fasta public514 283718 176189
ENCODER_NATIVE 7 genome.fasta r13-514-abs15 283718 176189
ENCODER_NATIVE 7 genome.fasta r14-514-dna-direct 284074 176547
ENCODER_NATIVE 7 genome.fasta r14-514-dna-nofold 284563 177559
ENCODER_NATIVE 8 images.bin public514 229171 226885
ENCODER_NATIVE 8 images.bin r13-514-abs15 229171 226885
ENCODER_NATIVE 8 images.bin r14-514-dna-direct 229171 226885
ENCODER_NATIVE 8 images.bin r14-514-dna-nofold 229171 226885
ENCODER_NATIVE 9 lean.txt public514 264653 161293
ENCODER_NATIVE 9 lean.txt r13-514-abs15 264653 161293
ENCODER_NATIVE 9 lean.txt r14-514-dna-direct 264653 161293
ENCODER_NATIVE 9 lean.txt r14-514-dna-nofold 264653 161293
ENCODER_NATIVE 10 machine-code.bin public514 171918 122482
ENCODER_NATIVE 10 machine-code.bin r13-514-abs15 171918 122482
ENCODER_NATIVE 10 machine-code.bin r14-514-dna-direct 171918 122482
ENCODER_NATIVE 10 machine-code.bin r14-514-dna-nofold 171918 122482
ENCODER_NATIVE 11 metrics.csv.txt public514 284703 220653
ENCODER_NATIVE 11 metrics.csv.txt r13-514-abs15 284703 220653
ENCODER_NATIVE 11 metrics.csv.txt r14-514-dna-direct 284703 220653
ENCODER_NATIVE 11 metrics.csv.txt r14-514-dna-nofold 284703 220653
ENCODER_NATIVE 12 multibyte.txt public514 292855 196725
ENCODER_NATIVE 12 multibyte.txt r13-514-abs15 292855 196725
ENCODER_NATIVE 12 multibyte.txt r14-514-dna-direct 292855 196725
ENCODER_NATIVE 12 multibyte.txt r14-514-dna-nofold 292855 196725
ENCODER_NATIVE 13 page.html.txt public514 111342 75088
ENCODER_NATIVE 13 page.html.txt r13-514-abs15 111342 75088
ENCODER_NATIVE 13 page.html.txt r14-514-dna-direct 111342 75088
ENCODER_NATIVE 13 page.html.txt r14-514-dna-nofold 111342 75088
ENCODER_NATIVE 14 prose.txt public514 620035 365040
ENCODER_NATIVE 14 prose.txt r13-514-abs15 620035 365040
ENCODER_NATIVE 14 prose.txt r14-514-dna-direct 620035 365040
ENCODER_NATIVE 14 prose.txt r14-514-dna-nofold 620035 365040
ENCODER_NATIVE 15 records.json.txt public514 75503 78317
ENCODER_NATIVE 15 records.json.txt r13-514-abs15 75503 78317
ENCODER_NATIVE 15 records.json.txt r14-514-dna-direct 75503 78317
ENCODER_NATIVE 15 records.json.txt r14-514-dna-nofold 75503 78317
ENCODER_NATIVE 16 server.log public514 29230 23582
ENCODER_NATIVE 16 server.log r13-514-abs15 29230 23582
ENCODER_NATIVE 16 server.log r14-514-dna-direct 29230 23582
ENCODER_NATIVE 16 server.log r14-514-dna-nofold 29230 23582
ENCODER_NATIVE 17 source.c.txt public514 380012 235866
ENCODER_NATIVE 17 source.c.txt r13-514-abs15 380012 235866
ENCODER_NATIVE 17 source.c.txt r14-514-dna-direct 380012 235866
ENCODER_NATIVE 17 source.c.txt r14-514-dna-nofold 380012 235866
ENCODER_NATIVE 18 source.py.txt public514 141452 88808
ENCODER_NATIVE 18 source.py.txt r13-514-abs15 141452 88808
ENCODER_NATIVE 18 source.py.txt r14-514-dna-direct 141452 88808
ENCODER_NATIVE 18 source.py.txt r14-514-dna-nofold 141452 88808
ENCODER_NATIVE 19 source.rs.txt public514 144447 88318
ENCODER_NATIVE 19 source.rs.txt r13-514-abs15 144447 88318
ENCODER_NATIVE 19 source.rs.txt r14-514-dna-direct 144447 88318
ENCODER_NATIVE 19 source.rs.txt r14-514-dna-nofold 144447 88318
ENCODER_NATIVE 20 sourcemap.map.txt public514 75873 48664
ENCODER_NATIVE 20 sourcemap.map.txt r13-514-abs15 75873 48664
ENCODER_NATIVE 20 sourcemap.map.txt r14-514-dna-direct 75873 48664
ENCODER_NATIVE 20 sourcemap.map.txt r14-514-dna-nofold 75873 48664
ENCODER_NATIVE 21 sparse.bin public514 1270 1458
ENCODER_NATIVE 21 sparse.bin r13-514-abs15 1270 1458
ENCODER_NATIVE 21 sparse.bin r14-514-dna-direct 1270 1458
ENCODER_NATIVE 21 sparse.bin r14-514-dna-nofold 1270 1458
ENCODER_NATIVE 22 tiny-app.log public514 1270 998
ENCODER_NATIVE 22 tiny-app.log r13-514-abs15 1270 998
ENCODER_NATIVE 22 tiny-app.log r14-514-dna-direct 1270 998
ENCODER_NATIVE 22 tiny-app.log r14-514-dna-nofold 1270 998
ENCODER_NATIVE 23 tiny-config.json.txt public514 2487 3094
ENCODER_NATIVE 23 tiny-config.json.txt r13-514-abs15 2487 3094
ENCODER_NATIVE 23 tiny-config.json.txt r14-514-dna-direct 2487 3094
ENCODER_NATIVE 23 tiny-config.json.txt r14-514-dna-nofold 2487 3094
ENCODER_NATIVE 24 weights-bf16.bin public514 365611 265242
ENCODER_NATIVE 24 weights-bf16.bin r13-514-abs15 365611 265242
ENCODER_NATIVE 24 weights-bf16.bin r14-514-dna-direct 365611 265242
ENCODER_NATIVE 24 weights-bf16.bin r14-514-dna-nofold 365611 265242
ENCODER_NATIVE 25 weights-f16.bin public514 212660 250000
ENCODER_NATIVE 25 weights-f16.bin r13-514-abs15 212660 250000
ENCODER_NATIVE 25 weights-f16.bin r14-514-dna-direct 212660 250000
ENCODER_NATIVE 25 weights-f16.bin r14-514-dna-nofold 212660 250000
ENCODER_NATIVE 26 weights-f32.bin public514 284138 285782
ENCODER_NATIVE 26 weights-f32.bin r13-514-abs15 284138 285782
ENCODER_NATIVE 26 weights-f32.bin r14-514-dna-direct 284138 285782
ENCODER_NATIVE 26 weights-f32.bin r14-514-dna-nofold 284138 285782
ENCODER_NATIVE 27 weights-q8.bin public514 235572 250000
ENCODER_NATIVE 27 weights-q8.bin r13-514-abs15 235572 250000
ENCODER_NATIVE 27 weights-q8.bin r14-514-dna-direct 235572 250000
ENCODER_NATIVE 27 weights-q8.bin r14-514-dna-nofold 235572 250000
