R18_RF_PREFIX_DIFFERENTIAL_OK 20000
R18_RF_PREFIX binary.db.bin 0 0 0
R18_RF_PREFIX bundle.min.js.txt 0 0 0
R18_RF_PREFIX catalog.xml.txt 0 0 0
R18_RF_PREFIX compressed.bin 0 0 0
R18_RF_PREFIX config.yaml.txt 0 0 0
R18_RF_PREFIX docs.md.txt 0 0 0
R18_RF_PREFIX dump.sql.txt 0 0 0
R18_RF_PREFIX genome.fasta 0 0 0
R18_RF_PREFIX images.bin 0 0 0
R18_RF_PREFIX lean.txt 0 0 0
R18_RF_PREFIX machine-code.bin 1057359 423920 17442152
R18_RF_PREFIX metrics.csv.txt 0 0 0
R18_RF_PREFIX multibyte.txt 1526201 464678 5298181
R18_RF_PREFIX page.html.txt 0 0 0
R18_RF_PREFIX prose.txt 0 0 0
R18_RF_PREFIX records.json.txt 0 0 0
R18_RF_PREFIX server.log 0 0 0
R18_RF_PREFIX source.c.txt 0 0 0
R18_RF_PREFIX source.py.txt 0 0 0
R18_RF_PREFIX source.rs.txt 0 0 0
R18_RF_PREFIX sourcemap.map.txt 0 0 0
R18_RF_PREFIX sparse.bin 0 0 0
R18_RF_PREFIX tiny-app.log 0 0 0
R18_RF_PREFIX tiny-config.json.txt 0 0 0
R18_RF_PREFIX weights-bf16.bin 181612 2933 9239
R18_RF_PREFIX weights-f16.bin 0 0 0
R18_RF_PREFIX weights-f32.bin 189783 33380 134618
R18_RF_PREFIX weights-q8.bin 0 0 0
