R13_COUNT binary.db.bin 500000 38996 3808 3586 32173 11736 1827 1477 27599 5938 896 661 14693 3865 528 309 8706 2199 313 164 7538 1167 135 58 3998 1228 298 58 2424
R13_COUNT bundle.min.js.txt 1000000 29271 2896 2822 13313 39233 4890 4544 26796 19451 2135 1804 13481 5790 488 358 4478 1272 75 43 888 261 11 6 109 59 2 0 0
R13_COUNT catalog.xml.txt 500000 7161 1126 1091 13013 8517 1426 1282 28252 4003 905 704 16588 1367 211 142 5094 1102 129 109 3633 496 41 28 1398 699 193 8 234
R13_COUNT compressed.bin 300000 0 0 0 0 0 0 0 0 0 0 0 0 0 0 0 0 0 0 0 0 0 0 0 0 0 0 0 0
R13_COUNT config.yaml.txt 400000 8578 1262 1238 9580 12076 2158 2029 22323 5515 629 536 6603 2398 162 99 2070 1196 72 43 749 266 19 12 183 126 17 2 151
R13_COUNT docs.md.txt 800000 29249 4723 4656 19801 36839 5051 4551 28541 10308 1047 830 7066 2664 208 147 2938 1614 134 111 2662 427 24 12 518 182 33 7 149
R13_COUNT dump.sql.txt 150000 0 0 0 0 0 0 0 0 0 0 0 0 0 0 0 0 0 0 0 0 0 0 0 0 0 0 0 0
R13_COUNT genome.fasta 900000 0 0 0 0 0 0 0 0 0 0 0 0 0 0 0 0 0 0 0 0 0 0 0 0 0 0 0 0
R13_COUNT images.bin 250000 0 0 0 0 0 0 0 0 0 0 0 0 0 0 0 0 0 0 0 0 0 0 0 0 0 0 0 0
R13_COUNT lean.txt 1000000 28607 4759 4713 28776 38051 5749 5349 35713 16851 2368 2023 18024 6631 802 611 7474 1986 154 97 1687 467 31 12 498 140 7 5 50
R13_COUNT machine-code.bin 500000 90352 8522 7937 33098 32393 2702 2006 10205 9267 550 298 2405 2598 114 54 420 559 42 20 106 166 11 5 215 401 312 0 0
R13_COUNT metrics.csv.txt 1300000 0 0 0 0 0 0 0 0 0 0 0 0 0 0 0 0 0 0 0 0 0 0 0 0 0 0 0 0
R13_COUNT multibyte.txt 1100000 36903 5729 5632 34642 34198 4650 4149 39783 13363 1770 1545 30112 4818 507 377 8714 2152 277 240 3756 1100 78 67 2359 298 16 9 417
R13_COUNT page.html.txt 600000 7908 1222 1211 16028 11089 1751 1663 19704 7326 921 846 21053 3032 267 226 3958 2475 152 123 3166 880 46 36 1262 283 16 10 177
R13_COUNT prose.txt 1500000 0 0 0 0 0 0 0 0 0 0 0 0 0 0 0 0 0 0 0 0 0 0 0 0 0 0 0 0
R13_COUNT records.json.txt 400000 1673 297 296 13403 2043 441 430 21167 1682 278 258 8907 1232 186 149 6296 966 128 91 3725 317 33 24 1948 579 226 21 631
R13_COUNT server.log 300000 0 0 0 0 0 0 0 0 0 0 0 0 0 0 0 0 0 0 0 0 0 0 0 0 0 0 0 0
R13_COUNT source.c.txt 1400000 44537 7211 7145 36780 61369 9028 8388 54017 23226 2740 2185 18104 7230 686 473 6455 2181 155 82 945 521 36 23 309 275 63 3 9
R13_COUNT source.py.txt 600000 14116 2089 2065 11885 20715 3154 2983 24026 10885 1406 1209 14998 3881 361 248 4740 1116 77 51 1421 352 23 8 578 132 9 2 96
R13_COUNT source.rs.txt 700000 15849 2489 2454 19317 21918 3424 3213 35503 9998 1371 1168 18972 3622 323 228 6778 1322 98 66 2441 659 54 37 1596 319 28 12 372
R13_COUNT sourcemap.map.txt 350000 5206 1039 1035 6199 12660 2322 2141 17362 6573 1003 819 8580 3102 533 457 4617 670 77 28 424 172 12 8 47 25 1 0 0
R13_COUNT sparse.bin 40000 0 0 0 0 0 0 0 0 0 0 0 0 0 0 0 0 0 0 0 0 0 0 0 0 0 0 0 0
R13_COUNT tiny-app.log 28000 0 0 0 0 0 0 0 0 0 0 0 0 0 0 0 0 0 0 0 0 0 0 0 0 0 0 0 0
R13_COUNT tiny-config.json.txt 12000 0 0 0 0 0 0 0 0 0 0 0 0 0 0 0 0 0 0 0 0 0 0 0 0 0 0 0 0
R13_COUNT weights-bf16.bin 450000 0 0 0 0 0 0 0 0 0 0 0 0 0 0 0 0 0 0 0 0 0 0 0 0 0 0 0 0
R13_COUNT weights-f16.bin 250000 0 0 0 0 0 0 0 0 0 0 0 0 0 0 0 0 0 0 0 0 0 0 0 0 0 0 0 0
R13_COUNT weights-f32.bin 350000 0 0 0 0 0 0 0 0 0 0 0 0 0 0 0 0 0 0 0 0 0 0 0 0 0 0 0 0
R13_COUNT weights-q8.bin 250000 0 0 0 0 0 0 0 0 0 0 0 0 0 0 0 0 0 0 0 0 0 0 0 0 0 0 0 0
