R15_FUNCTION binary.db.bin 500000 1 143894672 0 0 0 0 0 0 0 0 0 0 1 142435413 0 0
R15_FUNCTION bundle.min.js.txt 1000000 1 150039733 0 0 0 0 0 0 0 0 0 0 1 146755792 0 0
R15_FUNCTION catalog.xml.txt 500000 1 151565245 0 0 0 0 0 0 0 0 0 0 1 150865557 0 0
R15_FUNCTION compressed.bin 300000 1 4574144 0 0 0 0 0 0 0 0 0 0 0 0 0 0
R15_FUNCTION config.yaml.txt 400000 1 75236211 0 0 0 0 0 0 0 0 0 0 1 74389688 0 0
R15_FUNCTION docs.md.txt 800000 1 263463094 1 137426997 1 66116868 2 64058740 3 4130754 0 0 1 121990420 0 0
R15_FUNCTION dump.sql.txt 150000 1 24739653 0 0 0 0 0 0 0 0 0 0 1 24526003 0 0
R15_FUNCTION genome.fasta 900000 1 523542529 1 423757732 1 212271976 4 195376121 5 10162534 0 0 1 92673859 0 0
R15_FUNCTION images.bin 250000 1 13169246 0 0 0 0 0 0 0 0 0 0 1 12246191 0 0
R15_FUNCTION lean.txt 1000000 1 342725142 1 167818699 1 86764328 2 72990521 3 4459409 0 0 1 170297615 0 0
R15_FUNCTION machine-code.bin 500000 1 220751393 1 136581807 1 50719105 4 76539940 7 7272410 0 0 0 0 1 82847964
R15_FUNCTION metrics.csv.txt 1300000 1 380329923 1 173657288 1 76583020 2 87361054 3 5188092 1 204143135 0 0 0 0
R15_FUNCTION multibyte.txt 1100000 1 394643269 1 193079457 1 81260146 2 102947010 3 4784887 0 0 1 196871578 0 0
R15_FUNCTION page.html.txt 600000 1 155465990 1 109573211 1 50124823 2 55466201 3 1946941 1 43755022 0 0 0 0
R15_FUNCTION prose.txt 1500000 1 666848961 1 426660812 1 241478582 3 165630818 4 12938314 0 0 1 231210140 0 0
R15_FUNCTION records.json.txt 400000 1 17899462 0 0 0 0 0 0 0 0 1 17302075 0 0 0 0
R15_FUNCTION server.log 300000 1 18766703 0 0 0 0 0 0 0 0 1 18419144 0 0 0 0
R15_FUNCTION source.c.txt 1400000 1 528289544 1 271849453 1 145026774 2 115176048 3 6477885 0 0 1 249833656 0 0
R15_FUNCTION source.py.txt 600000 1 120330878 0 0 0 0 0 0 0 0 0 0 1 119018945 0 0
R15_FUNCTION source.rs.txt 700000 1 145945282 0 0 0 0 0 0 0 0 0 0 1 144572383 0 0
R15_FUNCTION sourcemap.map.txt 350000 1 66729274 0 0 0 0 0 0 0 0 0 0 1 66053691 0 0
R15_FUNCTION sparse.bin 40000 1 65533 0 0 0 0 0 0 0 0 0 0 0 0 0 0
R15_FUNCTION tiny-app.log 28000 1 12162275 1 11284014 1 4246572 2 6876971 3 50174 1 843558 0 0 0 0
R15_FUNCTION tiny-config.json.txt 12000 1 533618 0 0 0 0 0 0 0 0 1 515474 0 0 0 0
R15_FUNCTION weights-bf16.bin 450000 1 49236280 1 30530307 1 13635841 2 9929579 3 4185598 0 0 1 15310483 0 0
R15_FUNCTION weights-f16.bin 250000 1 999319 0 0 0 0 0 0 0 0 0 0 0 0 0 0
R15_FUNCTION weights-f32.bin 350000 1 40172038 1 30395414 1 16381626 2 8360045 3 3511086 0 0 0 0 0 0
R15_FUNCTION weights-q8.bin 250000 1 1001543 0 0 0 0 0 0 0 0 0 0 0 0 0 0
