ENCODER_NATIVE 0 binary.db.bin public514 82894 50441
ENCODER_NATIVE 0 binary.db.bin public553 83172 50310
ENCODER_NATIVE 0 binary.db.bin lazy16 82894 50441
ENCODER_NATIVE 0 binary.db.bin r18-553-lookahead 83172 50310
ENCODER_NATIVE 1 bundle.min.js.txt public514 325697 190824
ENCODER_NATIVE 1 bundle.min.js.txt public553 319077 232198
ENCODER_NATIVE 1 bundle.min.js.txt lazy16 325697 190824
ENCODER_NATIVE 1 bundle.min.js.txt r18-553-lookahead 313195 234077
ENCODER_NATIVE 2 catalog.xml.txt public514 69271 45579
ENCODER_NATIVE 2 catalog.xml.txt public553 68027 44596
ENCODER_NATIVE 2 catalog.xml.txt lazy16 67560 45419
ENCODER_NATIVE 2 catalog.xml.txt r18-553-lookahead 67560 45419
ENCODER_NATIVE 3 compressed.bin public514 300095 300000
ENCODER_NATIVE 3 compressed.bin public553 300095 300000
ENCODER_NATIVE 3 compressed.bin lazy16 300095 300000
ENCODER_NATIVE 3 compressed.bin r18-553-lookahead 300095 300000
ENCODER_NATIVE 4 config.yaml.txt public514 90556 59218
ENCODER_NATIVE 4 config.yaml.txt public553 89960 58583
ENCODER_NATIVE 4 config.yaml.txt lazy16 89010 59182
ENCODER_NATIVE 4 config.yaml.txt r18-553-lookahead 89010 59182
ENCODER_NATIVE 5 docs.md.txt public514 243632 157463
ENCODER_NATIVE 5 docs.md.txt public553 241354 155020
ENCODER_NATIVE 5 docs.md.txt lazy16 238356 157189
ENCODER_NATIVE 5 docs.md.txt r18-553-lookahead 238356 157189
ENCODER_NATIVE 6 dump.sql.txt public514 19941 15151
ENCODER_NATIVE 6 dump.sql.txt public553 19948 15161
ENCODER_NATIVE 6 dump.sql.txt lazy16 19941 15151
ENCODER_NATIVE 6 dump.sql.txt r18-553-lookahead 19948 15161
ENCODER_NATIVE 7 genome.fasta public514 283718 176189
ENCODER_NATIVE 7 genome.fasta public553 283718 176189
ENCODER_NATIVE 7 genome.fasta lazy16 283718 176189
ENCODER_NATIVE 7 genome.fasta r18-553-lookahead 283718 176189
ENCODER_NATIVE 8 images.bin public514 229171 226885
ENCODER_NATIVE 8 images.bin public553 229936 227971
ENCODER_NATIVE 8 images.bin lazy16 229171 226885
ENCODER_NATIVE 8 images.bin r18-553-lookahead 229936 227971
ENCODER_NATIVE 9 lean.txt public514 264653 161293
ENCODER_NATIVE 9 lean.txt public553 254417 152895
ENCODER_NATIVE 9 lean.txt lazy16 264653 161293
ENCODER_NATIVE 9 lean.txt r18-553-lookahead 250931 154817
ENCODER_NATIVE 10 machine-code.bin public514 171918 122482
ENCODER_NATIVE 10 machine-code.bin public553 172126 123006
ENCODER_NATIVE 10 machine-code.bin lazy16 171918 122482
ENCODER_NATIVE 10 machine-code.bin r18-553-lookahead 172126 123006
ENCODER_NATIVE 11 metrics.csv.txt public514 284703 220653
ENCODER_NATIVE 11 metrics.csv.txt public553 284703 220653
ENCODER_NATIVE 11 metrics.csv.txt lazy16 284703 220653
ENCODER_NATIVE 11 metrics.csv.txt r18-553-lookahead 284703 220653
ENCODER_NATIVE 12 multibyte.txt public514 292855 196725
ENCODER_NATIVE 12 multibyte.txt public553 290286 193788
ENCODER_NATIVE 12 multibyte.txt lazy16 287321 197282
ENCODER_NATIVE 12 multibyte.txt r18-553-lookahead 287321 197282
ENCODER_NATIVE 13 page.html.txt public514 111342 75088
ENCODER_NATIVE 13 page.html.txt public553 111258 74827
ENCODER_NATIVE 13 page.html.txt lazy16 109099 74775
ENCODER_NATIVE 13 page.html.txt r18-553-lookahead 111258 74827
ENCODER_NATIVE 14 prose.txt public514 620035 365040
ENCODER_NATIVE 14 prose.txt public553 584442 343373
ENCODER_NATIVE 14 prose.txt lazy16 605203 372462
ENCODER_NATIVE 14 prose.txt r18-553-lookahead 584442 343373
ENCODER_NATIVE 15 records.json.txt public514 75503 78317
ENCODER_NATIVE 15 records.json.txt public553 74947 77927
ENCODER_NATIVE 15 records.json.txt lazy16 74938 78155
ENCODER_NATIVE 15 records.json.txt r18-553-lookahead 74938 78155
ENCODER_NATIVE 16 server.log public514 29230 23582
ENCODER_NATIVE 16 server.log public553 29230 23582
ENCODER_NATIVE 16 server.log lazy16 29230 23582
ENCODER_NATIVE 16 server.log r18-553-lookahead 29230 23582
ENCODER_NATIVE 17 source.c.txt public514 380012 235866
ENCODER_NATIVE 17 source.c.txt public553 376209 232182
ENCODER_NATIVE 17 source.c.txt lazy16 371482 235100
ENCODER_NATIVE 17 source.c.txt r18-553-lookahead 371482 235100
ENCODER_NATIVE 18 source.py.txt public514 141452 88808
ENCODER_NATIVE 18 source.py.txt public553 140065 87424
ENCODER_NATIVE 18 source.py.txt lazy16 138460 88476
ENCODER_NATIVE 18 source.py.txt r18-553-lookahead 138460 88476
ENCODER_NATIVE 19 source.rs.txt public514 144447 88318
ENCODER_NATIVE 19 source.rs.txt public553 142829 86853
ENCODER_NATIVE 19 source.rs.txt lazy16 141248 87711
ENCODER_NATIVE 19 source.rs.txt r18-553-lookahead 141248 87711
ENCODER_NATIVE 20 sourcemap.map.txt public514 75873 48664
ENCODER_NATIVE 20 sourcemap.map.txt public553 74731 47754
ENCODER_NATIVE 20 sourcemap.map.txt lazy16 74419 48820
ENCODER_NATIVE 20 sourcemap.map.txt r18-553-lookahead 74419 48820
ENCODER_NATIVE 21 sparse.bin public514 1270 1458
ENCODER_NATIVE 21 sparse.bin public553 1270 1458
ENCODER_NATIVE 21 sparse.bin lazy16 1270 1458
ENCODER_NATIVE 21 sparse.bin r18-553-lookahead 1270 1458
ENCODER_NATIVE 22 tiny-app.log public514 1270 998
ENCODER_NATIVE 22 tiny-app.log public553 1270 998
ENCODER_NATIVE 22 tiny-app.log lazy16 1270 998
ENCODER_NATIVE 22 tiny-app.log r18-553-lookahead 1270 998
ENCODER_NATIVE 23 tiny-config.json.txt public514 2487 3094
ENCODER_NATIVE 23 tiny-config.json.txt public553 2540 3069
ENCODER_NATIVE 23 tiny-config.json.txt lazy16 2487 3094
ENCODER_NATIVE 23 tiny-config.json.txt r18-553-lookahead 2540 3069
ENCODER_NATIVE 24 weights-bf16.bin public514 365611 265242
ENCODER_NATIVE 24 weights-bf16.bin public553 354317 450000
ENCODER_NATIVE 24 weights-bf16.bin lazy16 365611 265242
ENCODER_NATIVE 24 weights-bf16.bin r18-553-lookahead 354317 450000
ENCODER_NATIVE 25 weights-f16.bin public514 212660 250000
ENCODER_NATIVE 25 weights-f16.bin public553 212660 250000
ENCODER_NATIVE 25 weights-f16.bin lazy16 212660 250000
ENCODER_NATIVE 25 weights-f16.bin r18-553-lookahead 212660 250000
ENCODER_NATIVE 26 weights-f32.bin public514 284138 285782
ENCODER_NATIVE 26 weights-f32.bin public553 284138 285782
ENCODER_NATIVE 26 weights-f32.bin lazy16 284138 285782
ENCODER_NATIVE 26 weights-f32.bin r18-553-lookahead 284138 285782
ENCODER_NATIVE 27 weights-q8.bin public514 235572 250000
ENCODER_NATIVE 27 weights-q8.bin public553 235572 250000
ENCODER_NATIVE 27 weights-q8.bin lazy16 235572 250000
ENCODER_NATIVE 27 weights-q8.bin r18-553-lookahead 235572 250000
