TOKEN_CHANGE r20-539-csv-chainlazy public539 bundle.min.js.txt
TOKEN_CHANGE r20-539-csv-headlazy public539 bundle.min.js.txt
TOKEN_CHANGE r20-539-csv-chainlazy public539 catalog.xml.txt
TOKEN_CHANGE r20-539-csv-headlazy public539 catalog.xml.txt
TOKEN_CHANGE r20-539-csv-chainlazy public539 config.yaml.txt
TOKEN_CHANGE r20-539-csv-headlazy public539 config.yaml.txt
TOKEN_CHANGE r20-539-csv-chainlazy public539 docs.md.txt
TOKEN_CHANGE r20-539-csv-headlazy public539 docs.md.txt
TOKEN_CHANGE r20-539-csv-chainlazy public539 lean.txt
TOKEN_CHANGE r20-539-csv-headlazy public539 lean.txt
TOKEN_CHANGE r20-539-csv-chainlazy public539 metrics.csv.txt
TOKEN_CHANGE r20-539-csv-headlazy public539 metrics.csv.txt
TOKEN_CHANGE r20-539-csv-chainlazy public539 multibyte.txt
TOKEN_CHANGE r20-539-csv-headlazy public539 multibyte.txt
TOKEN_CHANGE r20-539-csv-chainlazy public539 records.json.txt
TOKEN_CHANGE r20-539-csv-headlazy public539 records.json.txt
TOKEN_CHANGE r20-539-csv-chainlazy public539 source.c.txt
TOKEN_CHANGE r20-539-csv-headlazy public539 source.c.txt
TOKEN_CHANGE r20-539-csv-chainlazy public539 source.py.txt
TOKEN_CHANGE r20-539-csv-headlazy public539 source.py.txt
TOKEN_CHANGE r20-539-csv-chainlazy public539 source.rs.txt
TOKEN_CHANGE r20-539-csv-headlazy public539 source.rs.txt
TOKEN_CHANGE r20-539-csv-chainlazy public539 sourcemap.map.txt
TOKEN_CHANGE r20-539-csv-headlazy public539 sourcemap.map.txt
EQUIVALENCE_RESULT r20-539-csv-chainlazy public539 540 0
EQUIVALENCE_RESULT r20-539-csv-headlazy public539 540 0
