R15_FUNCTION binary.db.bin 500000 0 0 0 0 0 0 0 0 24 365774 3 22909513 3 27114539 3 442588 3 164790 2 1019672 1 1256311
R15_FUNCTION bundle.min.js.txt 1000000 0 0 0 0 0 0 0 0 102 845620 12 45339852 12 23307235 12 1581907 12 2816700 2 3981354 1 3040889
R15_FUNCTION catalog.xml.txt 500000 0 0 0 0 0 0 0 0 24 203243 3 25113266 3 29523607 3 336459 3 148064 2 775186 1 1289640
R15_FUNCTION compressed.bin 300000 0 0 0 0 0 0 0 0 0 0 0 0 0 0 0 0 0 0 0 0 0 0
R15_FUNCTION config.yaml.txt 400000 0 0 0 0 0 0 0 0 0 0 0 0 0 0 0 0 0 0 0 0 0 0
R15_FUNCTION docs.md.txt 800000 0 0 0 0 0 0 0 0 0 0 0 0 0 0 0 0 0 0 0 0 0 0
R15_FUNCTION dump.sql.txt 150000 0 0 0 0 0 0 0 0 0 0 0 0 0 0 0 0 0 0 0 0 0 0
R15_FUNCTION genome.fasta 900000 0 0 0 0 0 0 0 0 0 0 0 0 0 0 0 0 0 0 0 0 0 0
R15_FUNCTION images.bin 250000 0 0 0 0 0 0 0 0 90 977873 3 1030407 3 602112 3 160981 3 740699 2 2074003 1 607640
R15_FUNCTION lean.txt 1000000 0 0 0 0 0 0 0 0 0 0 0 0 0 0 0 0 0 0 0 0 0 0
R15_FUNCTION machine-code.bin 500000 1 172474867 9 58243275 26 38632464 10 1305352 414 4903936 0 0 0 0 0 0 0 0 0 0 0 0
R15_FUNCTION metrics.csv.txt 1300000 0 0 0 0 0 0 0 0 116 862669 13 58034014 13 40208558 13 1322433 13 3555722 2 3703019 1 3231528
R15_FUNCTION multibyte.txt 1100000 1 271506729 6 130138186 7 22015177 7 965838 84 914220 9 52421204 9 41861066 9 1260658 9 1773833 2 3256042 1 2617277
R15_FUNCTION page.html.txt 600000 0 0 0 0 0 0 0 0 32 351222 4 30368331 4 24747120 4 585743 4 305842 2 1301255 1 1468121
R15_FUNCTION prose.txt 1500000 0 0 0 0 0 0 0 0 0 0 0 0 0 0 0 0 0 0 0 0 0 0
R15_FUNCTION records.json.txt 400000 0 0 0 0 0 0 0 0 0 0 0 0 0 0 0 0 0 0 0 0 0 0
R15_FUNCTION server.log 300000 0 0 0 0 0 0 0 0 0 0 0 0 0 0 0 0 0 0 0 0 0 0
R15_FUNCTION source.c.txt 1400000 0 0 0 0 0 0 0 0 96 843792 12 72261444 12 42120565 12 1848727 12 2814367 2 4057236 1 3494044
R15_FUNCTION source.py.txt 600000 0 0 0 0 0 0 0 0 0 0 0 0 0 0 0 0 0 0 0 0 0 0
R15_FUNCTION source.rs.txt 700000 0 0 0 0 0 0 0 0 0 0 0 0 0 0 0 0 0 0 0 0 0 0
R15_FUNCTION sourcemap.map.txt 350000 1 85215546 5 41276674 6 4684498 6 224894 0 0 0 0 0 0 0 0 0 0 0 0 0 0
R15_FUNCTION sparse.bin 40000 0 0 0 0 0 0 0 0 0 0 0 0 0 0 0 0 0 0 0 0 0 0
R15_FUNCTION tiny-app.log 28000 0 0 0 0 0 0 0 0 0 0 0 0 0 0 0 0 0 0 0 0 0 0
R15_FUNCTION tiny-config.json.txt 12000 0 0 0 0 0 0 0 0 0 0 0 0 0 0 0 0 0 0 0 0 0 0
R15_FUNCTION weights-bf16.bin 450000 0 0 0 0 0 0 0 0 0 0 0 0 0 0 0 0 0 0 0 0 0 0
R15_FUNCTION weights-f16.bin 250000 0 0 0 0 0 0 0 0 96 869362 0 0 0 0 0 0 3 917362 2 2081456 1 592187
R15_FUNCTION weights-f32.bin 350000 0 0 0 0 0 0 0 0 116 1120026 4 4456857 4 1379114 4 371573 5 2146814 2 2941799 1 904612
R15_FUNCTION weights-q8.bin 250000 0 0 0 0 0 0 0 0 96 1001987 0 0 0 0 0 0 3 814741 2 2220336 1 601912
