R18_ENGINE_PROCESS_CONTEXT {"pid_before_exec": 2, "affinity_initial": [0, 1, 2, 3], "explicit_affinity_request": "0", "affinity_before_exec": [0], "files": {"/proc/self/status": "Name:\tpython3\nUmask:\t0022\nState:\tR (running)\nTgid:\t2\nNgid:\t0\nPid:\t2\nPPid:\t1\nTracerPid:\t0\nUid:\t1001\t1001\t1001\t1001\nGid:\t1001\t1001\t1001\t1001\nFDSize:\t64\nGroups:\t65534 65534 65534 65534 1001 \nNStgid:\t2\nNSpid:\t2\nNSpgid:\t0\nNSsid:\t0\nKthread:\t0\nVmPeak:\t   19996 kB\nVmSize:\t   19908 kB\nVmLck:\t       0 kB\nVmPin:\t       0 kB\nVmHWM:\t   11928 kB\nVmRSS:\t   11928 kB\nRssAnon:\t    5172 kB\nRssFile:\t    6756 kB\nRssShmem:\t       0 kB\nVmData:\t    6508 kB\nVmStk:\t     136 kB\nVmExe:\t    2956 kB\nVmLib:\t    2484 kB\nVmPTE:\t      76 kB\nVmSwap:\t       0 kB\nHugetlbPages:\t       0 kB\nCoreDumping:\t0\nTHP_enabled:\t1\nuntag_mask:\t0xffffffffffffffff\nThreads:\t1\nSigQ:\t0/63838\nSigPnd:\t0000000000000000\nShdPnd:\t0000000000000000\nSigBlk:\t0000000000000000\nSigIgn:\t0000000001001000\nSigCgt:\t0000000000000002\nCapInh:\t0000000000000000\nCapPrm:\t0000000000000000\nCapEff:\t0000000000000000\nCapBnd:\t0000000000000000\nCapAmb:\t0000000000000000\nNoNewPrivs:\t1\nSeccomp:\t0\nSeccomp_filters:\t0\nSpeculation_Store_Bypass:\tvulnerable\nSpeculationIndirectBranch:\talways enabled\nCpus_allowed:\t1\nCpus_allowed_list:\t0\nMems_allowed:\t00000000,00000000,00000000,00000000,00000000,00000000,00000000,00000000,00000000,00000000,00000000,00000000,00000000,00000000,00000000,00000000,00000000,00000000,00000000,00000000,00000000,00000000,00000000,00000000,00000000,00000000,00000000,00000000,00000000,00000000,00000000,00000001\nMems_allowed_list:\t0\nvoluntary_ctxt_switches:\t0\nnonvoluntary_ctxt_switches:\t0\nx86_Thread_features:\t\nx86_Thread_features_locked:\t\n", "/proc/self/cgroup": "0::/\n", "/sys/fs/cgroup/cpuset.cpus.effective": "0-3\n", "/sys/fs/cgroup/cpu.max": {"unavailable": "FileNotFoundError"}, "/sys/fs/cgroup/memory.max": {"unavailable": "FileNotFoundError"}}, "scope": "This process immediately execs the unmodified engine; exec preserves affinity and cgroup membership. Explicit binding is diagnostic only."}
corpus-stage1/binary.db.bin (500000 bytes)
corpus-stage1/bundle.min.js.txt (1000000 bytes)
corpus-stage1/catalog.xml.txt (500000 bytes)
corpus-stage1/compressed.bin (300000 bytes)
corpus-stage1/config.yaml.txt (400000 bytes)
corpus-stage1/docs.md.txt (800000 bytes)
corpus-stage1/dump.sql.txt (150000 bytes)
corpus-stage1/genome.fasta (900000 bytes)
corpus-stage1/images.bin (250000 bytes)
corpus-stage1/lean.txt (1000000 bytes)
corpus-stage1/machine-code.bin (500000 bytes)
corpus-stage1/metrics.csv.txt (1300000 bytes)
corpus-stage1/multibyte.txt (1100000 bytes)
corpus-stage1/page.html.txt (600000 bytes)
corpus-stage1/prose.txt (1500000 bytes)
corpus-stage1/records.json.txt (400000 bytes)
corpus-stage1/server.log (300000 bytes)
corpus-stage1/source.c.txt (1400000 bytes)
corpus-stage1/source.py.txt (600000 bytes)
corpus-stage1/source.rs.txt (700000 bytes)
corpus-stage1/sourcemap.map.txt (350000 bytes)
corpus-stage1/sparse.bin (40000 bytes)
corpus-stage1/tiny-app.log (28000 bytes)
corpus-stage1/tiny-config.json.txt (12000 bytes)
corpus-stage1/weights-bf16.bin (450000 bytes)
corpus-stage1/weights-f16.bin (250000 bytes)
corpus-stage1/weights-f32.bin (350000 bytes)
corpus-stage1/weights-q8.bin (250000 bytes)
