   Compiling shlex v2.0.1
   Compiling find-msvc-tools v0.1.12
   Compiling version_check v0.9.5
   Compiling proc-macro2 v1.0.107
   Compiling cc v1.4.6
   Compiling quote v1.0.47
   Compiling unicode-ident v1.0.26
   Compiling generic-array v0.14.7
   Compiling typenum v1.20.1
   Compiling vcpkg v0.2.15
   Compiling pkg-config v0.3.34
   Compiling cfg-if v1.0.5
   Compiling serde_core v1.0.229
   Compiling crc32fast v1.5.2
   Compiling zmij v1.0.23
   Compiling libdeflate-sys v1.26.1
   Compiling libz-sys v1.1.29
   Compiling syn v3.0.6
   Compiling block-buffer v0.10.4
   Compiling crypto-common v0.1.7
   Compiling serde v1.0.229
   Compiling serde_json v1.0.151
   Compiling digest v0.10.7
   Compiling memchr v2.8.3
   Compiling cpufeatures v0.2.17
   Compiling adler2 v2.0.1
   Compiling itoa v1.0.18
   Compiling serde_derive v1.0.229
   Compiling miniz_oxide v0.8.9
   Compiling sha2 v0.10.9
   Compiling flate2 v1.1.10
   Compiling libloading v0.8.9
   Compiling libdeflater v1.26.1
   Compiling measure v0.1.0 (/home/runner/work/_temp/r18-balanced-engine)
    Finished `release` profile [optimized] target(s) in 10.22s
