TOKEN_CHANGE r19-sf-depth1 base603 binary.db.bin
TOKEN_CHANGE r19-sf-reuse16 base603 binary.db.bin
TOKEN_CHANGE r19-sf-depth1 base603 bundle.min.js.txt
TOKEN_CHANGE r19-sf-reuse16 base603 bundle.min.js.txt
TOKEN_CHANGE r19-sf-budget base603 catalog.xml.txt
TOKEN_CHANGE r19-sf-depth1 base603 catalog.xml.txt
TOKEN_CHANGE r19-sf-reuse16 base603 catalog.xml.txt
TOKEN_CHANGE r19-sf-depth1 base603 config.yaml.txt
TOKEN_CHANGE r19-sf-reuse16 base603 config.yaml.txt
TOKEN_CHANGE r19-sf-depth1 base603 docs.md.txt
TOKEN_CHANGE r19-sf-reuse16 base603 docs.md.txt
TOKEN_CHANGE r19-sf-depth1 base603 dump.sql.txt
TOKEN_CHANGE r19-sf-depth1 base603 lean.txt
TOKEN_CHANGE r19-sf-reuse16 base603 lean.txt
TOKEN_CHANGE r19-sf-depth1 base603 metrics.csv.txt
TOKEN_CHANGE r19-sf-reuse16 base603 metrics.csv.txt
TOKEN_CHANGE r19-sf-depth1 base603 page.html.txt
TOKEN_CHANGE r19-sf-reuse16 base603 page.html.txt
TOKEN_CHANGE r19-sf-depth1 base603 prose.txt
TOKEN_CHANGE r19-sf-reuse16 base603 prose.txt
TOKEN_CHANGE r19-sf-budget base603 server.log
TOKEN_CHANGE r19-sf-depth1 base603 server.log
TOKEN_CHANGE r19-sf-reuse16 base603 server.log
TOKEN_CHANGE r19-sf-depth1 base603 source.c.txt
TOKEN_CHANGE r19-sf-reuse16 base603 source.c.txt
TOKEN_CHANGE r19-sf-depth1 base603 source.py.txt
TOKEN_CHANGE r19-sf-reuse16 base603 source.py.txt
TOKEN_CHANGE r19-sf-depth1 base603 source.rs.txt
TOKEN_CHANGE r19-sf-reuse16 base603 source.rs.txt
TOKEN_CHANGE r19-sf-depth1 base603 sourcemap.map.txt
TOKEN_CHANGE r19-sf-reuse16 base603 sourcemap.map.txt
TOKEN_CHANGE r19-sf-depth1 base603 synthetic-98305-1-1
TOKEN_CHANGE r19-sf-depth1 base603 synthetic-98305-1-987654321
TOKEN_CHANGE r19-sf-depth1 base603 synthetic-98305-2-1
TOKEN_CHANGE r19-sf-depth1 base603 synthetic-98305-2-987654321
TOKEN_CHANGE r19-sf-reuse16 base603 synthetic-98305-2-987654321
TOKEN_CHANGE r19-sf-depth1 base603 synthetic-131073-2-1
TOKEN_CHANGE r19-sf-depth1 base603 synthetic-131073-2-987654321
TOKEN_CHANGE r19-sf-depth1 base603 synthetic-131071-2-1
TOKEN_CHANGE r19-sf-depth1 base603 synthetic-131071-2-987654321
TOKEN_CHANGE r19-sf-reuse16 base603 synthetic-131071-2-987654321
TOKEN_CHANGE r19-sf-depth1 base603 synthetic-131072-1-1
TOKEN_CHANGE r19-sf-reuse16 base603 synthetic-131072-1-1
TOKEN_CHANGE r19-sf-depth1 base603 synthetic-131072-1-987654321
TOKEN_CHANGE r19-sf-reuse16 base603 synthetic-131072-1-987654321
TOKEN_CHANGE r19-sf-depth1 base603 synthetic-131072-2-1
TOKEN_CHANGE r19-sf-depth1 base603 synthetic-131072-2-987654321
TOKEN_CHANGE r19-sf-depth1 base603 synthetic-196607-2-1
TOKEN_CHANGE r19-sf-depth1 base603 synthetic-196607-2-987654321
TOKEN_CHANGE r19-sf-reuse16 base603 synthetic-196607-2-987654321
TOKEN_CHANGE r19-sf-depth1 base603 synthetic-196608-1-1
TOKEN_CHANGE r19-sf-depth1 base603 synthetic-196608-1-987654321
TOKEN_CHANGE r19-sf-depth1 base603 synthetic-196608-2-1
TOKEN_CHANGE r19-sf-depth1 base603 synthetic-196608-2-987654321
TOKEN_CHANGE r19-sf-reuse16 base603 synthetic-196608-2-987654321
TOKEN_CHANGE r19-sf-depth1 base603 synthetic-196609-2-1
TOKEN_CHANGE r19-sf-depth1 base603 synthetic-196609-2-987654321
TOKEN_CHANGE r19-sf-reuse16 base603 synthetic-196609-2-987654321
TOKEN_CHANGE r19-sf-depth1 base603 synthetic-262145-2-1
TOKEN_CHANGE r19-sf-depth1 base603 synthetic-262145-2-987654321
TOKEN_CHANGE r19-sf-reuse16 base603 synthetic-262145-2-987654321
EQUIVALENCE_RESULT r19-sf-budget base603 540 0
EQUIVALENCE_RESULT r19-sf-depth1 base603 540 0
EQUIVALENCE_RESULT r19-sf-reuse16 base603 540 0
