[32m2026-10-09 08:03:02.303[0m | [34m[1mDEBUG   [0m | [36m__main__[0m:[36mmain[0m:[36m649[0m - [34m[1m[gate] benchmark sandbox: bwrap, 300s, 2048 MB, cpus=any[0m
[32m2026-10-09 08:03:02.308[0m | [34m[1mDEBUG   [0m | [36m__main__[0m:[36mstage_intake[0m:[36m261[0m - [34m[1m[gate] parse.rs 0db4e862fc012a11 -> slot/generated/parse.rs[0m
[32m2026-10-09 08:03:02.310[0m | [34m[1mDEBUG   [0m | [36m__main__[0m:[36mstage_intake[0m:[36m261[0m - [34m[1m[gate] Parse.lean 38d157d9b023874b -> lean/Proof/Parse.lean[0m
[32m2026-10-09 08:03:02.468[0m | [34m[1mDEBUG   [0m | [36msandbox.bwrap[0m:[36mrun[0m:[36m110[0m - [34m[1m[bwrap] rustup exit=0 in 0.0s[0m
[32m2026-10-09 08:03:03.533[0m | [34m[1mDEBUG   [0m | [36msandbox.bwrap[0m:[36mrun[0m:[36m110[0m - [34m[1m[bwrap] extract.sh exit=0 in 1.1s[0m
[32m2026-10-09 08:03:22.214[0m | [34m[1mDEBUG   [0m | [36msandbox.bwrap[0m:[36mrun[0m:[36m110[0m - [34m[1m[bwrap] extract.sh exit=0 in 17.7s[0m
[32m2026-10-09 08:03:22.215[0m | [34m[1mDEBUG   [0m | [36m__main__[0m:[36mstage_extract[0m:[36m356[0m - [34m[1m[gate] extracted Types.lean d5f70f35ee991f7a, Funs.lean b2fbb14d8a618dbd, Constants.lean c6e1f445eefc06d7[0m
[32m2026-10-09 08:03:25.011[0m | [34m[1mDEBUG   [0m | [36msandbox.bwrap[0m:[36mrun[0m:[36m110[0m - [34m[1m[bwrap] lake exit=0 in 2.8s[0m
[32m2026-10-09 08:04:34.644[0m | [34m[1mDEBUG   [0m | [36msandbox.bwrap[0m:[36mrun[0m:[36m110[0m - [34m[1m[bwrap] lake exit=0 in 69.6s[0m
[32m2026-10-09 08:12:44.796[0m | [34m[1mDEBUG   [0m | [36msandbox.bwrap[0m:[36mrun[0m:[36m110[0m - [34m[1m[bwrap] lake exit=0 in 490.1s[0m
[32m2026-10-09 08:12:48.035[0m | [34m[1mDEBUG   [0m | [36msandbox.bwrap[0m:[36mrun[0m:[36m110[0m - [34m[1m[bwrap] lake exit=0 in 3.2s[0m
[32m2026-10-09 08:12:51.202[0m | [34m[1mDEBUG   [0m | [36msandbox.bwrap[0m:[36mrun[0m:[36m110[0m - [34m[1m[bwrap] lake exit=0 in 3.2s[0m
[32m2026-10-09 08:12:51.203[0m | [34m[1mDEBUG   [0m | [36m__main__[0m:[36mstage_axioms[0m:[36m423[0m - [34m[1m[gate] axiom query stdout: "'accepted' depends on axioms: [propext, Classical.choice, Quot.sound]"[0m
[32m2026-10-09 08:12:51.205[0m | [1mINFO    [0m | [36m__main__[0m:[36mmain[0m:[36m703[0m - [1m[gate] verification accepted in 589.0s (bwrap, 900s, 16384 MB)[0m
[32m2026-10-09 08:12:51.275[0m | [34m[1mDEBUG   [0m | [36msandbox.bwrap[0m:[36mrun[0m:[36m110[0m - [34m[1m[bwrap] rustc exit=0 in 0.0s[0m
[32m2026-10-09 08:12:53.824[0m | [34m[1mDEBUG   [0m | [36msandbox.bwrap[0m:[36mrun[0m:[36m110[0m - [34m[1m[bwrap] cargo exit=0 in 2.5s[0m
[32m2026-10-09 08:12:53.824[0m | [34m[1mDEBUG   [0m | [36mbench.driver[0m:[36m_build[0m:[36m295[0m - [34m[1m[bench] built incumbent in 2.5s exit=0[0m
[32m2026-10-09 08:12:58.429[0m | [34m[1mDEBUG   [0m | [36msandbox.bwrap[0m:[36mrun[0m:[36m110[0m - [34m[1m[bwrap] cargo exit=0 in 4.6s[0m
[32m2026-10-09 08:12:58.429[0m | [34m[1mDEBUG   [0m | [36mbench.driver[0m:[36m_build[0m:[36m295[0m - [34m[1m[bench] built submission in 4.6s exit=0[0m
[32m2026-10-09 08:13:11.398[0m | [34m[1mDEBUG   [0m | [36msandbox.bwrap[0m:[36mrun[0m:[36m110[0m - [34m[1m[bwrap] measure exit=0 in 13.0s[0m
[32m2026-10-09 08:13:11.399[0m | [34m[1mDEBUG   [0m | [36mbench.driver[0m:[36m_measure[0m:[36m333[0m - [34m[1m[bench] measured submission in 13.0s exit=0[0m
verifying /home/runner/work/_temp/round4-receipts/input-r14-514-hash32
workspace: /home/runner/work/_temp/deflate-upstream/data/verification-workspace/verify-d1m2j7h6

0 intake      ok — input-r14-514-hash32: parse.rs, Parse.lean
1 policy      ok — source prefilters passed
2 static      ok — resolved operations: core::num::{impl}::leading_zeros, core::num::{impl}::saturating_add, core::num::{impl}::wrapping_add, core::num::{impl}::wrapping_mul, core::num::{impl}::wrapping_sub, core::slice::{impl}::len
3 extract     ok — charon+aeneas re-run by the verifier, no new axioms
4 statement   ok — `LZ77.Obligation slot.parse` typechecks (bwrap, 900s, 16384 MB)
5 axioms      ok — ['Classical.choice', 'Quot.sound', 'propext']; extraction intact
6 score       running…

Corpus: corpus-stage1
file                       raw  incumbent  submission
-----------------------------------------------------
binary.db.bin           500000      76338       82990
bundle.min.js.txt      1000000     301618      325650
catalog.xml.txt         500000      62314       69339
compressed.bin          300000     300194      300095
config.yaml.txt         400000      85384       90545
docs.md.txt             800000     226973      243665
dump.sql.txt            150000      20817       19945
genome.fasta            900000     292479      283718
images.bin              250000     223767      229429
lean.txt               1000000     235059      264368
machine-code.bin        500000     167357      172191
metrics.csv.txt        1300000     287282      284799
multibyte.txt          1100000     273630      292849
page.html.txt           600000     103618      111447
prose.txt              1500000     579041      619920
records.json.txt        400000      72255       75631
server.log              300000      29404       29271
source.c.txt           1400000     354325      380235
source.py.txt           600000     132748      141345
source.rs.txt           700000     134069      144353
sourcemap.map.txt       350000      68389       75883
sparse.bin               40000       1234        1270
tiny-app.log             28000        965        1270
tiny-config.json.txt     12000       2107        2487
weights-bf16.bin        450000     362200      365611
weights-f16.bin         250000     216274      212660
weights-f32.bin         350000     284747      284138
weights-q8.bin          250000     236246      235572
-----------------------------------------------------
TOTAL                 15930000    5130834     5340676

method        bytes     ratio    lz77  encode   total  slowdown
-------------------------------------------------------------------------------------------------------------------
incumbent   5130834  1.00000x  0.551s  0.203s  0.755s     1.00x  the incumbent
submission  5340676  1.04090x  0.051s  0.214s  0.265s     0.35x  no improvement — 4.090% larger than the incumbent.

no improvement — 4.090% larger than the incumbent.
