corpus-stage1/binary.db.bin (500000 bytes)
corpus-stage1/bundle.min.js.txt (1000000 bytes)
corpus-stage1/catalog.xml.txt (500000 bytes)
corpus-stage1/compressed.bin (300000 bytes)
corpus-stage1/config.yaml.txt (400000 bytes)
corpus-stage1/docs.md.txt (800000 bytes)
corpus-stage1/dump.sql.txt (150000 bytes)
corpus-stage1/genome.fasta (900000 bytes)
corpus-stage1/images.bin (250000 bytes)
corpus-stage1/lean.txt (1000000 bytes)
corpus-stage1/machine-code.bin (500000 bytes)
corpus-stage1/metrics.csv.txt (1300000 bytes)
corpus-stage1/multibyte.txt (1100000 bytes)
corpus-stage1/page.html.txt (600000 bytes)
corpus-stage1/prose.txt (1500000 bytes)
corpus-stage1/records.json.txt (400000 bytes)
corpus-stage1/server.log (300000 bytes)
corpus-stage1/source.c.txt (1400000 bytes)
corpus-stage1/source.py.txt (600000 bytes)
corpus-stage1/source.rs.txt (700000 bytes)
corpus-stage1/sourcemap.map.txt (350000 bytes)
corpus-stage1/sparse.bin (40000 bytes)
corpus-stage1/tiny-app.log (28000 bytes)
corpus-stage1/tiny-config.json.txt (12000 bytes)
corpus-stage1/weights-bf16.bin (450000 bytes)
corpus-stage1/weights-f16.bin (250000 bytes)
corpus-stage1/weights-f32.bin (350000 bytes)
corpus-stage1/weights-q8.bin (250000 bytes)
