warning: value assigned to `k` is never read
    --> /home/runner/work/Miner/Miner/candidates/r8-mid361-cost-suffix-proof/parse.rs:4033:29
     |
4033 |                 let mut k = k0;
     |                             ^^ this value is reassigned later and never used
...
4042 |                     k = c_extend(s, c, p, k0, lim);
     |                     ------------------------------ `k` is overwritten here before the previous value is read
     |
     = note: `#[warn(unused_assignments)]` (part of `#[warn(unused)]`) on by default

warning: variable `lo` is assigned to, but never used
    --> /home/runner/work/Miner/Miner/candidates/r8-mid361-cost-full/parse.rs:1426:9
     |
1426 |     let mut lo = 3usize;
     |         ^^^^^^
     |
     = note: consider using `_lo` instead
     = note: `#[warn(unused_variables)]` (part of `#[warn(unused)]`) on by default

warning: value assigned to `lo` is never read
    --> /home/runner/work/Miner/Miner/candidates/r8-mid361-cost-full/parse.rs:1435:9
     |
1435 |         lo = len + 1;
     |         ^^^^^^^^^^^^
     |
     = help: maybe it is overwritten before being read?

warning: value assigned to `k` is never read
    --> /home/runner/work/Miner/Miner/candidates/r8-mid361-cost-full/parse.rs:4012:29
     |
4012 |                 let mut k = k0;
     |                             ^^ this value is reassigned later and never used
...
4021 |                     k = c_extend(s, c, p, k0, lim);
     |                     ------------------------------ `k` is overwritten here before the previous value is read

warning: 4 warnings emitted

