Proof/Parse.lean:2338:26: warning: 'scalar_tac' tactic does nothing

Note: This linter can be disabled with `set_option linter.unusedTactic false`
Proof/Parse.lean:2338:26: warning: this tactic is never executed

Note: This linter can be disabled with `set_option linter.unreachableTactic false`
Proof/Parse.lean:2387:6: warning: 'all_goals
  first
  | exact ⟨hdec, hm, rfl, le_refl _⟩
  | scalar_tac' tactic does nothing

Note: This linter can be disabled with `set_option linter.unusedTactic false`
Proof/Parse.lean:2387:16: warning: this tactic is never executed

Note: This linter can be disabled with `set_option linter.unreachableTactic false`
Proof/Parse.lean:2542:4: warning: 'all_goals
  first
  | exact ⟨hB, hie', hins⟩
  | exact ⟨by assumption, by scalar_tac, by scalar_tac, by scalar_tac⟩' tactic does nothing

Note: This linter can be disabled with `set_option linter.unusedTactic false`
Proof/Parse.lean:2542:14: warning: this tactic is never executed

Note: This linter can be disabled with `set_option linter.unreachableTactic false`
Proof/Parse.lean:3671:17: warning: Could not generate mvcgen spec for Submission.mlen_spec: (kernel) constant has already been declared 'Submission.mlen_spec.mvcgen_spec'
Proof/Parse.lean:3760:2: warning: 'step*' tactic does nothing

Note: This linter can be disabled with `set_option linter.unusedTactic false`
Proof/Parse.lean:3785:26: warning: 'scalar_tac' tactic does nothing

Note: This linter can be disabled with `set_option linter.unusedTactic false`
Proof/Parse.lean:3785:26: warning: this tactic is never executed

Note: This linter can be disabled with `set_option linter.unreachableTactic false`
Proof/Parse.lean:3858:16: error: Invalid `⟨...⟩` notation: The expected type
  (match do
      let x1 ←
        if d > 1#usize then do
            let i1 ← nt' % 16384#usize
            if i1 ≥ 512#usize then if i > 258#usize then ok 258#usize else ok i else ok x
          else ok x
      if x1 ≥ 3#usize then do
          let ((nt1, q1), out1) ← slot.put_match input out' nt' q' d x1
          ok (cont (out1, nt1, q1, 1#u32))
        else ok (cont (out', nt', q', 0#u32)) with
    | ok x => WP.wp_return x
    | fail e => fun x => False
    | div => fun x => False)
    fun r =>
    match r with
    | done y => Dec input y.1 ↑y.2.1 ↑y.2.2 ∧ y.1.length = out.length ∧ ↑y.2.2 ≤ ↑«end»
    | cont x' =>
      Dec input x'.1 ↑x'.2.1 ↑x'.2.2.1 ∧
        x'.1.length = out.length ∧
          ↑x'.2.2.1 ≤ ↑«end» ∧
            ↑d ≤ ↑x'.2.2.1 ∧
              Matches input (↑x'.2.2.1 - ↑d) (↑x'.2.2.1) (↑«end» - ↑x'.2.2.1) ∧
                ↑«end» - ↑x'.2.2.1 + ↑x'.2.2.2 < ↑«end» - ↑q' + ↑1#u32
is not an inductive type

Note: This notation can only be used when the expected type is an inductive type with a single constructor
Proof/Parse.lean:3893:6: warning: 'scalar_tac' tactic does nothing

Note: This linter can be disabled with `set_option linter.unusedTactic false`
Proof/Parse.lean:3894:6: warning: '(refine ⟨by assumption, by scalar_tac, by scalar_tac⟩)' tactic does nothing

Note: This linter can be disabled with `set_option linter.unusedTactic false`
Proof/Parse.lean:3893:6: warning: this tactic is never executed

Note: This linter can be disabled with `set_option linter.unreachableTactic false`
Proof/Parse.lean:3894:6: warning: this tactic is never executed

Note: This linter can be disabled with `set_option linter.unreachableTactic false`
Proof/Parse.lean:4057:35: warning: 'scalar_tac' tactic does nothing

Note: This linter can be disabled with `set_option linter.unusedTactic false`
Proof/Parse.lean:4057:50: warning: 'scalar_tac' tactic does nothing

Note: This linter can be disabled with `set_option linter.unusedTactic false`
Proof/Parse.lean:4057:35: warning: this tactic is never executed

Note: This linter can be disabled with `set_option linter.unreachableTactic false`
Proof/Parse.lean:4057:50: warning: this tactic is never executed

Note: This linter can be disabled with `set_option linter.unreachableTactic false`
Proof/Parse.lean:4101:4: warning: 'all_goals scalar_tac' tactic does nothing

Note: This linter can be disabled with `set_option linter.unusedTactic false`
Proof/Parse.lean:4101:14: warning: this tactic is never executed

Note: This linter can be disabled with `set_option linter.unreachableTactic false`
Proof/Parse.lean:4238:4: warning: 'all_goals scalar_tac' tactic does nothing

Note: This linter can be disabled with `set_option linter.unusedTactic false`
Proof/Parse.lean:4238:14: warning: this tactic is never executed

Note: This linter can be disabled with `set_option linter.unreachableTactic false`
