R13_COUNT binary.db.bin 500000 0 0 0 0 0 0 0 0
R13_COUNT bundle.min.js.txt 1000000 0 0 0 0 0 0 0 0
R13_COUNT catalog.xml.txt 500000 0 0 0 0 0 0 0 0
R13_COUNT compressed.bin 300000 0 0 0 0 0 0 0 0
R13_COUNT config.yaml.txt 400000 0 0 0 0 0 0 0 0
R13_COUNT docs.md.txt 800000 0 0 0 0 0 0 0 0
R13_COUNT dump.sql.txt 150000 0 0 0 0 0 0 0 0
R13_COUNT genome.fasta 900000 0 0 0 0 0 0 0 0
R13_COUNT images.bin 250000 0 0 0 0 0 0 0 0
R13_COUNT lean.txt 1000000 0 0 0 0 0 0 0 0
R13_COUNT machine-code.bin 500000 0 0 0 0 0 0 0 0
R13_COUNT metrics.csv.txt 1300000 0 0 0 0 0 0 0 0
R13_COUNT multibyte.txt 1100000 0 0 0 0 0 0 0 0
R13_COUNT page.html.txt 600000 0 0 0 0 0 0 0 0
R13_COUNT prose.txt 1500000 0 0 0 0 0 0 0 0
R13_COUNT records.json.txt 400000 0 0 0 0 0 0 0 0
R13_COUNT server.log 300000 0 0 0 0 0 0 0 0
R13_COUNT source.c.txt 1400000 0 0 0 0 0 0 0 0
R13_COUNT source.py.txt 600000 0 0 0 0 0 0 0 0
R13_COUNT source.rs.txt 700000 0 0 0 0 0 0 0 0
R13_COUNT sourcemap.map.txt 350000 0 0 0 0 0 0 0 0
R13_COUNT sparse.bin 40000 0 0 0 0 0 0 0 0
R13_COUNT tiny-app.log 28000 0 0 0 0 0 0 0 0
R13_COUNT tiny-config.json.txt 12000 0 0 0 0 0 0 0 0
R13_COUNT weights-bf16.bin 450000 0 0 0 0 0 0 0 0
R13_COUNT weights-f16.bin 250000 0 0 0 0 0 0 0 0
R13_COUNT weights-f32.bin 350000 35065 32569 31998 96216 0 0 0 0
R13_COUNT weights-q8.bin 250000 0 0 0 0 0 0 0 0
