FAST_CASE r11-fast-pendingfold public-0 500000 53937 53937 1 1 1 38655 9910 290 0 52 194 1
FAST_CASE r11-fast-continuation public-0 500000 53937 53932 0 1 1 38587 294 10 10 8 0 1
FAST_CASE r11-fast-pendingfold public-1 1000000 243227 243227 1 1 1 99609 41361 4092 0 4 1357 1
FAST_CASE r11-fast-continuation public-1 1000000 243227 243227 1 1 1 99608 16 2 2 2 0 1
FAST_CASE r11-fast-pendingfold public-2 500000 47944 47944 1 1 1 26276 7044 1035 0 64 384 1
FAST_CASE r11-fast-continuation public-2 500000 47944 47479 0 1 1 26077 481 83 83 80 0 1
FAST_CASE r11-fast-pendingfold public-3 300000 300000 300000 1 1 1 0 0 0 0 0 0 1
FAST_CASE r11-fast-continuation public-3 300000 300000 300000 1 1 1 0 0 0 0 0 0 1
FAST_CASE r11-fast-pendingfold public-4 400000 61348 61348 1 1 1 32765 9344 1128 0 4 543 1
FAST_CASE r11-fast-continuation public-4 400000 61348 61348 0 1 1 32765 47 3 3 3 0 1
FAST_CASE r11-fast-pendingfold public-5 800000 164254 164254 1 1 1 86360 26407 3198 0 7 1421 1
FAST_CASE r11-fast-continuation public-5 800000 164254 164281 0 1 1 86293 114 17 17 17 0 1
FAST_CASE r11-fast-pendingfold public-6 150000 15172 15172 1 1 1 8253 5155 208 0 0 108 1
FAST_CASE r11-fast-continuation public-6 150000 15172 15172 1 1 1 8253 0 0 0 0 0 1
FAST_CASE r11-fast-pendingfold public-7 900000 900000 900000 1 1 1 0 0 0 0 0 0 1
FAST_CASE r11-fast-continuation public-7 900000 900000 900000 1 1 1 0 0 0 0 0 0 1
FAST_CASE r11-fast-pendingfold public-8 250000 228496 228496 1 1 1 1183 797 942 1 1 19 1
FAST_CASE r11-fast-continuation public-8 250000 228496 228496 1 1 1 1183 3 0 0 0 0 1
FAST_CASE r11-fast-pendingfold public-9 1000000 162453 162453 1 1 1 100504 26835 3648 0 5 1832 1
FAST_CASE r11-fast-continuation public-9 1000000 162453 162451 0 1 1 100495 20 6 6 5 0 1
FAST_CASE r11-fast-pendingfold public-10 500000 127777 127777 1 1 1 74286 35296 399 0 1 237 1
FAST_CASE r11-fast-continuation public-10 500000 127777 127777 1 1 1 74286 180 0 0 0 0 1
FAST_CASE r11-fast-pendingfold public-11 1300000 222648 222648 1 1 1 84692 50559 3962 0 7 1643 1
FAST_CASE r11-fast-continuation public-11 1300000 222648 222648 0 1 1 84683 13 1 1 1 0 1
FAST_CASE r11-fast-pendingfold public-12 1100000 206109 206109 1 1 1 99909 31554 4585 0 7 2060 1
FAST_CASE r11-fast-continuation public-12 1100000 206109 205819 0 1 1 99679 101 30 30 29 0 1
FAST_CASE r11-fast-pendingfold public-13 600000 78273 78273 1 1 1 36182 12365 1785 0 5 655 1
FAST_CASE r11-fast-continuation public-13 600000 78273 78272 0 1 1 36190 25 4 4 4 0 1
FAST_CASE r11-fast-pendingfold public-14 1500000 378433 378433 1 1 1 258594 60846 7573 0 0 5777 1
FAST_CASE r11-fast-continuation public-14 1500000 378433 378433 1 1 1 258594 0 0 0 0 0 1
FAST_CASE r11-fast-pendingfold public-15 400000 79429 79429 1 1 1 9652 2500 1116 0 55 164 1
FAST_CASE r11-fast-continuation public-15 400000 79429 79484 0 1 1 9576 409 48 48 48 0 1
FAST_CASE r11-fast-pendingfold public-16 300000 23960 23960 1 1 1 7630 3873 697 0 1 237 1
FAST_CASE r11-fast-continuation public-16 300000 23960 23960 1 1 1 7630 7 2 2 0 0 1
FAST_CASE r11-fast-pendingfold public-17 1400000 245274 245274 1 1 1 149640 37401 4599 0 19 2494 1
FAST_CASE r11-fast-continuation public-17 1400000 245274 245242 0 1 1 149603 175 23 23 21 0 1
FAST_CASE r11-fast-pendingfold public-18 600000 92689 92689 1 1 1 55409 14136 1583 0 0 781 1
FAST_CASE r11-fast-continuation public-18 600000 92689 92687 0 1 1 55407 33 4 4 4 0 1
FAST_CASE r11-fast-pendingfold public-19 700000 92142 92142 1 1 1 58729 13814 1778 0 14 955 1
FAST_CASE r11-fast-continuation public-19 700000 92142 92106 0 1 1 58699 140 14 14 14 0 1
FAST_CASE r11-fast-pendingfold public-20 350000 51406 51406 1 1 1 30760 8065 949 0 2 363 1
FAST_CASE r11-fast-continuation public-20 350000 51406 51406 1 1 1 30760 5 1 1 1 0 1
FAST_CASE r11-fast-pendingfold public-21 40000 1446 1446 1 1 1 0 0 0 0 0 0 1
FAST_CASE r11-fast-continuation public-21 40000 1446 1446 1 1 1 0 0 0 0 0 0 1
FAST_CASE r11-fast-pendingfold public-22 28000 1043 1043 1 1 1 0 0 0 0 0 0 1
FAST_CASE r11-fast-continuation public-22 28000 1043 1043 1 1 1 0 0 0 0 0 0 1
FAST_CASE r11-fast-pendingfold public-23 12000 3393 3393 1 1 1 0 0 0 0 0 0 1
FAST_CASE r11-fast-continuation public-23 12000 3393 3393 1 1 1 0 0 0 0 0 0 1
FAST_CASE r11-fast-pendingfold public-24 450000 264860 264860 1 1 1 0 0 0 0 0 0 1
FAST_CASE r11-fast-continuation public-24 450000 264860 264860 1 1 1 0 0 0 0 0 0 1
FAST_CASE r11-fast-pendingfold public-25 250000 250000 250000 1 1 1 0 0 0 0 0 0 1
FAST_CASE r11-fast-continuation public-25 250000 250000 250000 1 1 1 0 0 0 0 0 0 1
FAST_CASE r11-fast-pendingfold public-26 350000 294892 294892 1 1 1 15880 10567 1424 0 0 153 1
FAST_CASE r11-fast-continuation public-26 350000 294892 294892 1 1 1 15880 0 0 0 0 0 1
FAST_CASE r11-fast-pendingfold public-27 250000 250000 250000 1 1 1 0 0 0 0 0 0 1
FAST_CASE r11-fast-continuation public-27 250000 250000 250000 1 1 1 0 0 0 0 0 0 1
FAST_CASE r11-fast-pendingfold synthetic-0-0-1 0 0 0 1 1 1 0 0 0 0 0 0 1
FAST_CASE r11-fast-continuation synthetic-0-0-1 0 0 0 1 1 1 0 0 0 0 0 0 1
FAST_CASE r11-fast-pendingfold synthetic-0-0-987654321 0 0 0 1 1 1 0 0 0 0 0 0 1
FAST_CASE r11-fast-continuation synthetic-0-0-987654321 0 0 0 1 1 1 0 0 0 0 0 0 1
FAST_CASE r11-fast-pendingfold synthetic-0-1-1 0 0 0 1 1 1 0 0 0 0 0 0 1
FAST_CASE r11-fast-continuation synthetic-0-1-1 0 0 0 1 1 1 0 0 0 0 0 0 1
FAST_CASE r11-fast-pendingfold synthetic-0-1-987654321 0 0 0 1 1 1 0 0 0 0 0 0 1
FAST_CASE r11-fast-continuation synthetic-0-1-987654321 0 0 0 1 1 1 0 0 0 0 0 0 1
FAST_CASE r11-fast-pendingfold synthetic-0-2-1 0 0 0 1 1 1 0 0 0 0 0 0 1
FAST_CASE r11-fast-continuation synthetic-0-2-1 0 0 0 1 1 1 0 0 0 0 0 0 1
FAST_CASE r11-fast-pendingfold synthetic-0-2-987654321 0 0 0 1 1 1 0 0 0 0 0 0 1
FAST_CASE r11-fast-continuation synthetic-0-2-987654321 0 0 0 1 1 1 0 0 0 0 0 0 1
FAST_CASE r11-fast-pendingfold synthetic-0-3-1 0 0 0 1 1 1 0 0 0 0 0 0 1
FAST_CASE r11-fast-continuation synthetic-0-3-1 0 0 0 1 1 1 0 0 0 0 0 0 1
FAST_CASE r11-fast-pendingfold synthetic-0-3-987654321 0 0 0 1 1 1 0 0 0 0 0 0 1
FAST_CASE r11-fast-continuation synthetic-0-3-987654321 0 0 0 1 1 1 0 0 0 0 0 0 1
FAST_CASE r11-fast-pendingfold synthetic-0-4-1 0 0 0 1 1 1 0 0 0 0 0 0 1
FAST_CASE r11-fast-continuation synthetic-0-4-1 0 0 0 1 1 1 0 0 0 0 0 0 1
FAST_CASE r11-fast-pendingfold synthetic-0-4-987654321 0 0 0 1 1 1 0 0 0 0 0 0 1
FAST_CASE r11-fast-continuation synthetic-0-4-987654321 0 0 0 1 1 1 0 0 0 0 0 0 1
FAST_CASE r11-fast-pendingfold synthetic-0-5-1 0 0 0 1 1 1 0 0 0 0 0 0 1
FAST_CASE r11-fast-continuation synthetic-0-5-1 0 0 0 1 1 1 0 0 0 0 0 0 1
FAST_CASE r11-fast-pendingfold synthetic-0-5-987654321 0 0 0 1 1 1 0 0 0 0 0 0 1
FAST_CASE r11-fast-continuation synthetic-0-5-987654321 0 0 0 1 1 1 0 0 0 0 0 0 1
FAST_CASE r11-fast-pendingfold synthetic-0-6-1 0 0 0 1 1 1 0 0 0 0 0 0 1
FAST_CASE r11-fast-continuation synthetic-0-6-1 0 0 0 1 1 1 0 0 0 0 0 0 1
FAST_CASE r11-fast-pendingfold synthetic-0-6-987654321 0 0 0 1 1 1 0 0 0 0 0 0 1
FAST_CASE r11-fast-continuation synthetic-0-6-987654321 0 0 0 1 1 1 0 0 0 0 0 0 1
FAST_CASE r11-fast-pendingfold synthetic-0-7-1 0 0 0 1 1 1 0 0 0 0 0 0 1
FAST_CASE r11-fast-continuation synthetic-0-7-1 0 0 0 1 1 1 0 0 0 0 0 0 1
FAST_CASE r11-fast-pendingfold synthetic-0-7-987654321 0 0 0 1 1 1 0 0 0 0 0 0 1
FAST_CASE r11-fast-continuation synthetic-0-7-987654321 0 0 0 1 1 1 0 0 0 0 0 0 1
FAST_CASE r11-fast-pendingfold synthetic-1-0-1 1 1 1 1 1 1 0 0 0 0 0 0 1
FAST_CASE r11-fast-continuation synthetic-1-0-1 1 1 1 1 1 1 0 0 0 0 0 0 1
FAST_CASE r11-fast-pendingfold synthetic-1-0-987654321 1 1 1 1 1 1 0 0 0 0 0 0 1
FAST_CASE r11-fast-continuation synthetic-1-0-987654321 1 1 1 1 1 1 0 0 0 0 0 0 1
FAST_CASE r11-fast-pendingfold synthetic-1-1-1 1 1 1 1 1 1 0 0 0 0 0 0 1
FAST_CASE r11-fast-continuation synthetic-1-1-1 1 1 1 1 1 1 0 0 0 0 0 0 1
FAST_CASE r11-fast-pendingfold synthetic-1-1-987654321 1 1 1 1 1 1 0 0 0 0 0 0 1
FAST_CASE r11-fast-continuation synthetic-1-1-987654321 1 1 1 1 1 1 0 0 0 0 0 0 1
FAST_CASE r11-fast-pendingfold synthetic-1-2-1 1 1 1 1 1 1 0 0 0 0 0 0 1
FAST_CASE r11-fast-continuation synthetic-1-2-1 1 1 1 1 1 1 0 0 0 0 0 0 1
FAST_CASE r11-fast-pendingfold synthetic-1-2-987654321 1 1 1 1 1 1 0 0 0 0 0 0 1
FAST_CASE r11-fast-continuation synthetic-1-2-987654321 1 1 1 1 1 1 0 0 0 0 0 0 1
FAST_CASE r11-fast-pendingfold synthetic-1-3-1 1 1 1 1 1 1 0 0 0 0 0 0 1
FAST_CASE r11-fast-continuation synthetic-1-3-1 1 1 1 1 1 1 0 0 0 0 0 0 1
FAST_CASE r11-fast-pendingfold synthetic-1-3-987654321 1 1 1 1 1 1 0 0 0 0 0 0 1
FAST_CASE r11-fast-continuation synthetic-1-3-987654321 1 1 1 1 1 1 0 0 0 0 0 0 1
FAST_CASE r11-fast-pendingfold synthetic-1-4-1 1 1 1 1 1 1 0 0 0 0 0 0 1
FAST_CASE r11-fast-continuation synthetic-1-4-1 1 1 1 1 1 1 0 0 0 0 0 0 1
FAST_CASE r11-fast-pendingfold synthetic-1-4-987654321 1 1 1 1 1 1 0 0 0 0 0 0 1
FAST_CASE r11-fast-continuation synthetic-1-4-987654321 1 1 1 1 1 1 0 0 0 0 0 0 1
FAST_CASE r11-fast-pendingfold synthetic-1-5-1 1 1 1 1 1 1 0 0 0 0 0 0 1
FAST_CASE r11-fast-continuation synthetic-1-5-1 1 1 1 1 1 1 0 0 0 0 0 0 1
FAST_CASE r11-fast-pendingfold synthetic-1-5-987654321 1 1 1 1 1 1 0 0 0 0 0 0 1
FAST_CASE r11-fast-continuation synthetic-1-5-987654321 1 1 1 1 1 1 0 0 0 0 0 0 1
FAST_CASE r11-fast-pendingfold synthetic-1-6-1 1 1 1 1 1 1 0 0 0 0 0 0 1
FAST_CASE r11-fast-continuation synthetic-1-6-1 1 1 1 1 1 1 0 0 0 0 0 0 1
FAST_CASE r11-fast-pendingfold synthetic-1-6-987654321 1 1 1 1 1 1 0 0 0 0 0 0 1
FAST_CASE r11-fast-continuation synthetic-1-6-987654321 1 1 1 1 1 1 0 0 0 0 0 0 1
FAST_CASE r11-fast-pendingfold synthetic-1-7-1 1 1 1 1 1 1 0 0 0 0 0 0 1
FAST_CASE r11-fast-continuation synthetic-1-7-1 1 1 1 1 1 1 0 0 0 0 0 0 1
FAST_CASE r11-fast-pendingfold synthetic-1-7-987654321 1 1 1 1 1 1 0 0 0 0 0 0 1
FAST_CASE r11-fast-continuation synthetic-1-7-987654321 1 1 1 1 1 1 0 0 0 0 0 0 1
FAST_CASE r11-fast-pendingfold synthetic-3-0-1 3 3 3 1 1 1 0 0 0 0 0 0 1
FAST_CASE r11-fast-continuation synthetic-3-0-1 3 3 3 1 1 1 0 0 0 0 0 0 1
FAST_CASE r11-fast-pendingfold synthetic-3-0-987654321 3 3 3 1 1 1 0 0 0 0 0 0 1
FAST_CASE r11-fast-continuation synthetic-3-0-987654321 3 3 3 1 1 1 0 0 0 0 0 0 1
FAST_CASE r11-fast-pendingfold synthetic-3-1-1 3 3 3 1 1 1 0 0 0 0 0 0 1
FAST_CASE r11-fast-continuation synthetic-3-1-1 3 3 3 1 1 1 0 0 0 0 0 0 1
FAST_CASE r11-fast-pendingfold synthetic-3-1-987654321 3 3 3 1 1 1 0 0 0 0 0 0 1
FAST_CASE r11-fast-continuation synthetic-3-1-987654321 3 3 3 1 1 1 0 0 0 0 0 0 1
FAST_CASE r11-fast-pendingfold synthetic-3-2-1 3 3 3 1 1 1 0 0 0 0 0 0 1
FAST_CASE r11-fast-continuation synthetic-3-2-1 3 3 3 1 1 1 0 0 0 0 0 0 1
FAST_CASE r11-fast-pendingfold synthetic-3-2-987654321 3 3 3 1 1 1 0 0 0 0 0 0 1
FAST_CASE r11-fast-continuation synthetic-3-2-987654321 3 3 3 1 1 1 0 0 0 0 0 0 1
FAST_CASE r11-fast-pendingfold synthetic-3-3-1 3 3 3 1 1 1 0 0 0 0 0 0 1
FAST_CASE r11-fast-continuation synthetic-3-3-1 3 3 3 1 1 1 0 0 0 0 0 0 1
FAST_CASE r11-fast-pendingfold synthetic-3-3-987654321 3 3 3 1 1 1 0 0 0 0 0 0 1
FAST_CASE r11-fast-continuation synthetic-3-3-987654321 3 3 3 1 1 1 0 0 0 0 0 0 1
FAST_CASE r11-fast-pendingfold synthetic-3-4-1 3 3 3 1 1 1 0 0 0 0 0 0 1
FAST_CASE r11-fast-continuation synthetic-3-4-1 3 3 3 1 1 1 0 0 0 0 0 0 1
FAST_CASE r11-fast-pendingfold synthetic-3-4-987654321 3 3 3 1 1 1 0 0 0 0 0 0 1
FAST_CASE r11-fast-continuation synthetic-3-4-987654321 3 3 3 1 1 1 0 0 0 0 0 0 1
FAST_CASE r11-fast-pendingfold synthetic-3-5-1 3 3 3 1 1 1 0 0 0 0 0 0 1
FAST_CASE r11-fast-continuation synthetic-3-5-1 3 3 3 1 1 1 0 0 0 0 0 0 1
FAST_CASE r11-fast-pendingfold synthetic-3-5-987654321 3 3 3 1 1 1 0 0 0 0 0 0 1
FAST_CASE r11-fast-continuation synthetic-3-5-987654321 3 3 3 1 1 1 0 0 0 0 0 0 1
FAST_CASE r11-fast-pendingfold synthetic-3-6-1 3 3 3 1 1 1 0 0 0 0 0 0 1
FAST_CASE r11-fast-continuation synthetic-3-6-1 3 3 3 1 1 1 0 0 0 0 0 0 1
FAST_CASE r11-fast-pendingfold synthetic-3-6-987654321 3 3 3 1 1 1 0 0 0 0 0 0 1
FAST_CASE r11-fast-continuation synthetic-3-6-987654321 3 3 3 1 1 1 0 0 0 0 0 0 1
FAST_CASE r11-fast-pendingfold synthetic-3-7-1 3 3 3 1 1 1 0 0 0 0 0 0 1
FAST_CASE r11-fast-continuation synthetic-3-7-1 3 3 3 1 1 1 0 0 0 0 0 0 1
FAST_CASE r11-fast-pendingfold synthetic-3-7-987654321 3 3 3 1 1 1 0 0 0 0 0 0 1
FAST_CASE r11-fast-continuation synthetic-3-7-987654321 3 3 3 1 1 1 0 0 0 0 0 0 1
FAST_CASE r11-fast-pendingfold synthetic-4-0-1 4 4 4 1 1 1 0 0 0 0 0 0 1
FAST_CASE r11-fast-continuation synthetic-4-0-1 4 4 4 1 1 1 0 0 0 0 0 0 1
FAST_CASE r11-fast-pendingfold synthetic-4-0-987654321 4 4 4 1 1 1 0 0 0 0 0 0 1
FAST_CASE r11-fast-continuation synthetic-4-0-987654321 4 4 4 1 1 1 0 0 0 0 0 0 1
FAST_CASE r11-fast-pendingfold synthetic-4-1-1 4 4 4 1 1 1 0 0 0 0 0 0 1
FAST_CASE r11-fast-continuation synthetic-4-1-1 4 4 4 1 1 1 0 0 0 0 0 0 1
FAST_CASE r11-fast-pendingfold synthetic-4-1-987654321 4 4 4 1 1 1 0 0 0 0 0 0 1
FAST_CASE r11-fast-continuation synthetic-4-1-987654321 4 4 4 1 1 1 0 0 0 0 0 0 1
FAST_CASE r11-fast-pendingfold synthetic-4-2-1 4 4 4 1 1 1 0 0 0 0 0 0 1
FAST_CASE r11-fast-continuation synthetic-4-2-1 4 4 4 1 1 1 0 0 0 0 0 0 1
FAST_CASE r11-fast-pendingfold synthetic-4-2-987654321 4 4 4 1 1 1 0 0 0 0 0 0 1
FAST_CASE r11-fast-continuation synthetic-4-2-987654321 4 4 4 1 1 1 0 0 0 0 0 0 1
FAST_CASE r11-fast-pendingfold synthetic-4-3-1 4 4 4 1 1 1 0 0 0 0 0 0 1
FAST_CASE r11-fast-continuation synthetic-4-3-1 4 4 4 1 1 1 0 0 0 0 0 0 1
FAST_CASE r11-fast-pendingfold synthetic-4-3-987654321 4 4 4 1 1 1 0 0 0 0 0 0 1
FAST_CASE r11-fast-continuation synthetic-4-3-987654321 4 4 4 1 1 1 0 0 0 0 0 0 1
FAST_CASE r11-fast-pendingfold synthetic-4-4-1 4 4 4 1 1 1 0 0 0 0 0 0 1
FAST_CASE r11-fast-continuation synthetic-4-4-1 4 4 4 1 1 1 0 0 0 0 0 0 1
FAST_CASE r11-fast-pendingfold synthetic-4-4-987654321 4 4 4 1 1 1 0 0 0 0 0 0 1
FAST_CASE r11-fast-continuation synthetic-4-4-987654321 4 4 4 1 1 1 0 0 0 0 0 0 1
FAST_CASE r11-fast-pendingfold synthetic-4-5-1 4 4 4 1 1 1 0 0 0 0 0 0 1
FAST_CASE r11-fast-continuation synthetic-4-5-1 4 4 4 1 1 1 0 0 0 0 0 0 1
FAST_CASE r11-fast-pendingfold synthetic-4-5-987654321 4 4 4 1 1 1 0 0 0 0 0 0 1
FAST_CASE r11-fast-continuation synthetic-4-5-987654321 4 4 4 1 1 1 0 0 0 0 0 0 1
FAST_CASE r11-fast-pendingfold synthetic-4-6-1 4 4 4 1 1 1 0 0 0 0 0 0 1
FAST_CASE r11-fast-continuation synthetic-4-6-1 4 4 4 1 1 1 0 0 0 0 0 0 1
FAST_CASE r11-fast-pendingfold synthetic-4-6-987654321 4 4 4 1 1 1 0 0 0 0 0 0 1
FAST_CASE r11-fast-continuation synthetic-4-6-987654321 4 4 4 1 1 1 0 0 0 0 0 0 1
FAST_CASE r11-fast-pendingfold synthetic-4-7-1 4 4 4 1 1 1 0 0 0 0 0 0 1
FAST_CASE r11-fast-continuation synthetic-4-7-1 4 4 4 1 1 1 0 0 0 0 0 0 1
FAST_CASE r11-fast-pendingfold synthetic-4-7-987654321 4 4 4 1 1 1 0 0 0 0 0 0 1
FAST_CASE r11-fast-continuation synthetic-4-7-987654321 4 4 4 1 1 1 0 0 0 0 0 0 1
FAST_CASE r11-fast-pendingfold synthetic-7-0-1 7 7 7 1 1 1 0 0 0 0 0 0 1
FAST_CASE r11-fast-continuation synthetic-7-0-1 7 7 7 1 1 1 0 0 0 0 0 0 1
FAST_CASE r11-fast-pendingfold synthetic-7-0-987654321 7 7 7 1 1 1 0 0 0 0 0 0 1
FAST_CASE r11-fast-continuation synthetic-7-0-987654321 7 7 7 1 1 1 0 0 0 0 0 0 1
FAST_CASE r11-fast-pendingfold synthetic-7-1-1 7 7 7 1 1 1 0 0 0 0 0 0 1
FAST_CASE r11-fast-continuation synthetic-7-1-1 7 7 7 1 1 1 0 0 0 0 0 0 1
FAST_CASE r11-fast-pendingfold synthetic-7-1-987654321 7 7 7 1 1 1 0 0 0 0 0 0 1
FAST_CASE r11-fast-continuation synthetic-7-1-987654321 7 7 7 1 1 1 0 0 0 0 0 0 1
FAST_CASE r11-fast-pendingfold synthetic-7-2-1 7 7 7 1 1 1 0 0 0 0 0 0 1
FAST_CASE r11-fast-continuation synthetic-7-2-1 7 7 7 1 1 1 0 0 0 0 0 0 1
FAST_CASE r11-fast-pendingfold synthetic-7-2-987654321 7 7 7 1 1 1 0 0 0 0 0 0 1
FAST_CASE r11-fast-continuation synthetic-7-2-987654321 7 7 7 1 1 1 0 0 0 0 0 0 1
FAST_CASE r11-fast-pendingfold synthetic-7-3-1 7 7 7 1 1 1 0 0 0 0 0 0 1
FAST_CASE r11-fast-continuation synthetic-7-3-1 7 7 7 1 1 1 0 0 0 0 0 0 1
FAST_CASE r11-fast-pendingfold synthetic-7-3-987654321 7 7 7 1 1 1 0 0 0 0 0 0 1
FAST_CASE r11-fast-continuation synthetic-7-3-987654321 7 7 7 1 1 1 0 0 0 0 0 0 1
FAST_CASE r11-fast-pendingfold synthetic-7-4-1 7 7 7 1 1 1 0 0 0 0 0 0 1
FAST_CASE r11-fast-continuation synthetic-7-4-1 7 7 7 1 1 1 0 0 0 0 0 0 1
FAST_CASE r11-fast-pendingfold synthetic-7-4-987654321 7 7 7 1 1 1 0 0 0 0 0 0 1
FAST_CASE r11-fast-continuation synthetic-7-4-987654321 7 7 7 1 1 1 0 0 0 0 0 0 1
FAST_CASE r11-fast-pendingfold synthetic-7-5-1 7 7 7 1 1 1 0 0 0 0 0 0 1
FAST_CASE r11-fast-continuation synthetic-7-5-1 7 7 7 1 1 1 0 0 0 0 0 0 1
FAST_CASE r11-fast-pendingfold synthetic-7-5-987654321 7 7 7 1 1 1 0 0 0 0 0 0 1
FAST_CASE r11-fast-continuation synthetic-7-5-987654321 7 7 7 1 1 1 0 0 0 0 0 0 1
FAST_CASE r11-fast-pendingfold synthetic-7-6-1 7 7 7 1 1 1 0 0 0 0 0 0 1
FAST_CASE r11-fast-continuation synthetic-7-6-1 7 7 7 1 1 1 0 0 0 0 0 0 1
FAST_CASE r11-fast-pendingfold synthetic-7-6-987654321 7 7 7 1 1 1 0 0 0 0 0 0 1
FAST_CASE r11-fast-continuation synthetic-7-6-987654321 7 7 7 1 1 1 0 0 0 0 0 0 1
FAST_CASE r11-fast-pendingfold synthetic-7-7-1 7 7 7 1 1 1 0 0 0 0 0 0 1
FAST_CASE r11-fast-continuation synthetic-7-7-1 7 7 7 1 1 1 0 0 0 0 0 0 1
FAST_CASE r11-fast-pendingfold synthetic-7-7-987654321 7 7 7 1 1 1 0 0 0 0 0 0 1
FAST_CASE r11-fast-continuation synthetic-7-7-987654321 7 7 7 1 1 1 0 0 0 0 0 0 1
FAST_CASE r11-fast-pendingfold synthetic-8-0-1 8 8 8 1 1 1 0 0 0 0 0 0 1
FAST_CASE r11-fast-continuation synthetic-8-0-1 8 8 8 1 1 1 0 0 0 0 0 0 1
FAST_CASE r11-fast-pendingfold synthetic-8-0-987654321 8 8 8 1 1 1 0 0 0 0 0 0 1
FAST_CASE r11-fast-continuation synthetic-8-0-987654321 8 8 8 1 1 1 0 0 0 0 0 0 1
FAST_CASE r11-fast-pendingfold synthetic-8-1-1 8 8 8 1 1 1 0 0 0 0 0 0 1
FAST_CASE r11-fast-continuation synthetic-8-1-1 8 8 8 1 1 1 0 0 0 0 0 0 1
FAST_CASE r11-fast-pendingfold synthetic-8-1-987654321 8 8 8 1 1 1 0 0 0 0 0 0 1
FAST_CASE r11-fast-continuation synthetic-8-1-987654321 8 8 8 1 1 1 0 0 0 0 0 0 1
FAST_CASE r11-fast-pendingfold synthetic-8-2-1 8 8 8 1 1 1 0 0 0 0 0 0 1
FAST_CASE r11-fast-continuation synthetic-8-2-1 8 8 8 1 1 1 0 0 0 0 0 0 1
FAST_CASE r11-fast-pendingfold synthetic-8-2-987654321 8 8 8 1 1 1 0 0 0 0 0 0 1
FAST_CASE r11-fast-continuation synthetic-8-2-987654321 8 8 8 1 1 1 0 0 0 0 0 0 1
FAST_CASE r11-fast-pendingfold synthetic-8-3-1 8 8 8 1 1 1 0 0 0 0 0 0 1
FAST_CASE r11-fast-continuation synthetic-8-3-1 8 8 8 1 1 1 0 0 0 0 0 0 1
FAST_CASE r11-fast-pendingfold synthetic-8-3-987654321 8 8 8 1 1 1 0 0 0 0 0 0 1
FAST_CASE r11-fast-continuation synthetic-8-3-987654321 8 8 8 1 1 1 0 0 0 0 0 0 1
FAST_CASE r11-fast-pendingfold synthetic-8-4-1 8 8 8 1 1 1 0 0 0 0 0 0 1
FAST_CASE r11-fast-continuation synthetic-8-4-1 8 8 8 1 1 1 0 0 0 0 0 0 1
FAST_CASE r11-fast-pendingfold synthetic-8-4-987654321 8 8 8 1 1 1 0 0 0 0 0 0 1
FAST_CASE r11-fast-continuation synthetic-8-4-987654321 8 8 8 1 1 1 0 0 0 0 0 0 1
FAST_CASE r11-fast-pendingfold synthetic-8-5-1 8 8 8 1 1 1 0 0 0 0 0 0 1
FAST_CASE r11-fast-continuation synthetic-8-5-1 8 8 8 1 1 1 0 0 0 0 0 0 1
FAST_CASE r11-fast-pendingfold synthetic-8-5-987654321 8 8 8 1 1 1 0 0 0 0 0 0 1
FAST_CASE r11-fast-continuation synthetic-8-5-987654321 8 8 8 1 1 1 0 0 0 0 0 0 1
FAST_CASE r11-fast-pendingfold synthetic-8-6-1 8 8 8 1 1 1 0 0 0 0 0 0 1
FAST_CASE r11-fast-continuation synthetic-8-6-1 8 8 8 1 1 1 0 0 0 0 0 0 1
FAST_CASE r11-fast-pendingfold synthetic-8-6-987654321 8 8 8 1 1 1 0 0 0 0 0 0 1
FAST_CASE r11-fast-continuation synthetic-8-6-987654321 8 8 8 1 1 1 0 0 0 0 0 0 1
FAST_CASE r11-fast-pendingfold synthetic-8-7-1 8 8 8 1 1 1 0 0 0 0 0 0 1
FAST_CASE r11-fast-continuation synthetic-8-7-1 8 8 8 1 1 1 0 0 0 0 0 0 1
FAST_CASE r11-fast-pendingfold synthetic-8-7-987654321 8 8 8 1 1 1 0 0 0 0 0 0 1
FAST_CASE r11-fast-continuation synthetic-8-7-987654321 8 8 8 1 1 1 0 0 0 0 0 0 1
FAST_CASE r11-fast-pendingfold synthetic-15-0-1 15 15 15 1 1 1 0 0 0 0 0 0 1
FAST_CASE r11-fast-continuation synthetic-15-0-1 15 15 15 1 1 1 0 0 0 0 0 0 1
FAST_CASE r11-fast-pendingfold synthetic-15-0-987654321 15 15 15 1 1 1 0 0 0 0 0 0 1
FAST_CASE r11-fast-continuation synthetic-15-0-987654321 15 15 15 1 1 1 0 0 0 0 0 0 1
FAST_CASE r11-fast-pendingfold synthetic-15-1-1 15 15 15 1 1 1 0 0 0 0 0 0 1
FAST_CASE r11-fast-continuation synthetic-15-1-1 15 15 15 1 1 1 0 0 0 0 0 0 1
FAST_CASE r11-fast-pendingfold synthetic-15-1-987654321 15 15 15 1 1 1 0 0 0 0 0 0 1
FAST_CASE r11-fast-continuation synthetic-15-1-987654321 15 15 15 1 1 1 0 0 0 0 0 0 1
FAST_CASE r11-fast-pendingfold synthetic-15-2-1 15 15 15 1 1 1 0 0 0 0 0 0 1
FAST_CASE r11-fast-continuation synthetic-15-2-1 15 15 15 1 1 1 0 0 0 0 0 0 1
FAST_CASE r11-fast-pendingfold synthetic-15-2-987654321 15 15 15 1 1 1 0 0 0 0 0 0 1
FAST_CASE r11-fast-continuation synthetic-15-2-987654321 15 15 15 1 1 1 0 0 0 0 0 0 1
FAST_CASE r11-fast-pendingfold synthetic-15-3-1 15 15 15 1 1 1 0 0 0 0 0 0 1
FAST_CASE r11-fast-continuation synthetic-15-3-1 15 15 15 1 1 1 0 0 0 0 0 0 1
FAST_CASE r11-fast-pendingfold synthetic-15-3-987654321 15 15 15 1 1 1 0 0 0 0 0 0 1
FAST_CASE r11-fast-continuation synthetic-15-3-987654321 15 15 15 1 1 1 0 0 0 0 0 0 1
FAST_CASE r11-fast-pendingfold synthetic-15-4-1 15 15 15 1 1 1 0 0 0 0 0 0 1
FAST_CASE r11-fast-continuation synthetic-15-4-1 15 15 15 1 1 1 0 0 0 0 0 0 1
FAST_CASE r11-fast-pendingfold synthetic-15-4-987654321 15 15 15 1 1 1 0 0 0 0 0 0 1
FAST_CASE r11-fast-continuation synthetic-15-4-987654321 15 15 15 1 1 1 0 0 0 0 0 0 1
FAST_CASE r11-fast-pendingfold synthetic-15-5-1 15 15 15 1 1 1 0 0 0 0 0 0 1
FAST_CASE r11-fast-continuation synthetic-15-5-1 15 15 15 1 1 1 0 0 0 0 0 0 1
FAST_CASE r11-fast-pendingfold synthetic-15-5-987654321 15 15 15 1 1 1 0 0 0 0 0 0 1
FAST_CASE r11-fast-continuation synthetic-15-5-987654321 15 15 15 1 1 1 0 0 0 0 0 0 1
FAST_CASE r11-fast-pendingfold synthetic-15-6-1 15 15 15 1 1 1 0 0 0 0 0 0 1
FAST_CASE r11-fast-continuation synthetic-15-6-1 15 15 15 1 1 1 0 0 0 0 0 0 1
FAST_CASE r11-fast-pendingfold synthetic-15-6-987654321 15 15 15 1 1 1 0 0 0 0 0 0 1
FAST_CASE r11-fast-continuation synthetic-15-6-987654321 15 15 15 1 1 1 0 0 0 0 0 0 1
FAST_CASE r11-fast-pendingfold synthetic-15-7-1 15 15 15 1 1 1 0 0 0 0 0 0 1
FAST_CASE r11-fast-continuation synthetic-15-7-1 15 15 15 1 1 1 0 0 0 0 0 0 1
FAST_CASE r11-fast-pendingfold synthetic-15-7-987654321 15 15 15 1 1 1 0 0 0 0 0 0 1
FAST_CASE r11-fast-continuation synthetic-15-7-987654321 15 15 15 1 1 1 0 0 0 0 0 0 1
FAST_CASE r11-fast-pendingfold synthetic-16-0-1 16 16 16 1 1 1 0 0 0 0 0 0 1
FAST_CASE r11-fast-continuation synthetic-16-0-1 16 16 16 1 1 1 0 0 0 0 0 0 1
FAST_CASE r11-fast-pendingfold synthetic-16-0-987654321 16 16 16 1 1 1 0 0 0 0 0 0 1
FAST_CASE r11-fast-continuation synthetic-16-0-987654321 16 16 16 1 1 1 0 0 0 0 0 0 1
FAST_CASE r11-fast-pendingfold synthetic-16-1-1 16 16 16 1 1 1 0 0 0 0 0 0 1
FAST_CASE r11-fast-continuation synthetic-16-1-1 16 16 16 1 1 1 0 0 0 0 0 0 1
FAST_CASE r11-fast-pendingfold synthetic-16-1-987654321 16 16 16 1 1 1 0 0 0 0 0 0 1
FAST_CASE r11-fast-continuation synthetic-16-1-987654321 16 16 16 1 1 1 0 0 0 0 0 0 1
FAST_CASE r11-fast-pendingfold synthetic-16-2-1 16 16 16 1 1 1 0 0 0 0 0 0 1
FAST_CASE r11-fast-continuation synthetic-16-2-1 16 16 16 1 1 1 0 0 0 0 0 0 1
FAST_CASE r11-fast-pendingfold synthetic-16-2-987654321 16 16 16 1 1 1 0 0 0 0 0 0 1
FAST_CASE r11-fast-continuation synthetic-16-2-987654321 16 16 16 1 1 1 0 0 0 0 0 0 1
FAST_CASE r11-fast-pendingfold synthetic-16-3-1 16 16 16 1 1 1 0 0 0 0 0 0 1
FAST_CASE r11-fast-continuation synthetic-16-3-1 16 16 16 1 1 1 0 0 0 0 0 0 1
FAST_CASE r11-fast-pendingfold synthetic-16-3-987654321 16 16 16 1 1 1 0 0 0 0 0 0 1
FAST_CASE r11-fast-continuation synthetic-16-3-987654321 16 16 16 1 1 1 0 0 0 0 0 0 1
FAST_CASE r11-fast-pendingfold synthetic-16-4-1 16 16 16 1 1 1 0 0 0 0 0 0 1
FAST_CASE r11-fast-continuation synthetic-16-4-1 16 16 16 1 1 1 0 0 0 0 0 0 1
FAST_CASE r11-fast-pendingfold synthetic-16-4-987654321 16 16 16 1 1 1 0 0 0 0 0 0 1
FAST_CASE r11-fast-continuation synthetic-16-4-987654321 16 16 16 1 1 1 0 0 0 0 0 0 1
FAST_CASE r11-fast-pendingfold synthetic-16-5-1 16 16 16 1 1 1 0 0 0 0 0 0 1
FAST_CASE r11-fast-continuation synthetic-16-5-1 16 16 16 1 1 1 0 0 0 0 0 0 1
FAST_CASE r11-fast-pendingfold synthetic-16-5-987654321 16 16 16 1 1 1 0 0 0 0 0 0 1
FAST_CASE r11-fast-continuation synthetic-16-5-987654321 16 16 16 1 1 1 0 0 0 0 0 0 1
FAST_CASE r11-fast-pendingfold synthetic-16-6-1 16 16 16 1 1 1 0 0 0 0 0 0 1
FAST_CASE r11-fast-continuation synthetic-16-6-1 16 16 16 1 1 1 0 0 0 0 0 0 1
FAST_CASE r11-fast-pendingfold synthetic-16-6-987654321 16 16 16 1 1 1 0 0 0 0 0 0 1
FAST_CASE r11-fast-continuation synthetic-16-6-987654321 16 16 16 1 1 1 0 0 0 0 0 0 1
FAST_CASE r11-fast-pendingfold synthetic-16-7-1 16 16 16 1 1 1 0 0 0 0 0 0 1
FAST_CASE r11-fast-continuation synthetic-16-7-1 16 16 16 1 1 1 0 0 0 0 0 0 1
FAST_CASE r11-fast-pendingfold synthetic-16-7-987654321 16 16 16 1 1 1 0 0 0 0 0 0 1
FAST_CASE r11-fast-continuation synthetic-16-7-987654321 16 16 16 1 1 1 0 0 0 0 0 0 1
FAST_CASE r11-fast-pendingfold synthetic-17-0-1 17 17 17 1 1 1 0 0 0 0 0 0 1
FAST_CASE r11-fast-continuation synthetic-17-0-1 17 17 17 1 1 1 0 0 0 0 0 0 1
FAST_CASE r11-fast-pendingfold synthetic-17-0-987654321 17 17 17 1 1 1 0 0 0 0 0 0 1
FAST_CASE r11-fast-continuation synthetic-17-0-987654321 17 17 17 1 1 1 0 0 0 0 0 0 1
FAST_CASE r11-fast-pendingfold synthetic-17-1-1 17 17 17 1 1 1 0 0 0 0 0 0 1
FAST_CASE r11-fast-continuation synthetic-17-1-1 17 17 17 1 1 1 0 0 0 0 0 0 1
FAST_CASE r11-fast-pendingfold synthetic-17-1-987654321 17 17 17 1 1 1 0 0 0 0 0 0 1
FAST_CASE r11-fast-continuation synthetic-17-1-987654321 17 17 17 1 1 1 0 0 0 0 0 0 1
FAST_CASE r11-fast-pendingfold synthetic-17-2-1 17 17 17 1 1 1 0 0 0 0 0 0 1
FAST_CASE r11-fast-continuation synthetic-17-2-1 17 17 17 1 1 1 0 0 0 0 0 0 1
FAST_CASE r11-fast-pendingfold synthetic-17-2-987654321 17 17 17 1 1 1 0 0 0 0 0 0 1
FAST_CASE r11-fast-continuation synthetic-17-2-987654321 17 17 17 1 1 1 0 0 0 0 0 0 1
FAST_CASE r11-fast-pendingfold synthetic-17-3-1 17 17 17 1 1 1 0 0 0 0 0 0 1
FAST_CASE r11-fast-continuation synthetic-17-3-1 17 17 17 1 1 1 0 0 0 0 0 0 1
FAST_CASE r11-fast-pendingfold synthetic-17-3-987654321 17 17 17 1 1 1 0 0 0 0 0 0 1
FAST_CASE r11-fast-continuation synthetic-17-3-987654321 17 17 17 1 1 1 0 0 0 0 0 0 1
FAST_CASE r11-fast-pendingfold synthetic-17-4-1 17 17 17 1 1 1 0 0 0 0 0 0 1
FAST_CASE r11-fast-continuation synthetic-17-4-1 17 17 17 1 1 1 0 0 0 0 0 0 1
FAST_CASE r11-fast-pendingfold synthetic-17-4-987654321 17 17 17 1 1 1 0 0 0 0 0 0 1
FAST_CASE r11-fast-continuation synthetic-17-4-987654321 17 17 17 1 1 1 0 0 0 0 0 0 1
FAST_CASE r11-fast-pendingfold synthetic-17-5-1 17 17 17 1 1 1 0 0 0 0 0 0 1
FAST_CASE r11-fast-continuation synthetic-17-5-1 17 17 17 1 1 1 0 0 0 0 0 0 1
FAST_CASE r11-fast-pendingfold synthetic-17-5-987654321 17 17 17 1 1 1 0 0 0 0 0 0 1
FAST_CASE r11-fast-continuation synthetic-17-5-987654321 17 17 17 1 1 1 0 0 0 0 0 0 1
FAST_CASE r11-fast-pendingfold synthetic-17-6-1 17 17 17 1 1 1 0 0 0 0 0 0 1
FAST_CASE r11-fast-continuation synthetic-17-6-1 17 17 17 1 1 1 0 0 0 0 0 0 1
FAST_CASE r11-fast-pendingfold synthetic-17-6-987654321 17 17 17 1 1 1 0 0 0 0 0 0 1
FAST_CASE r11-fast-continuation synthetic-17-6-987654321 17 17 17 1 1 1 0 0 0 0 0 0 1
FAST_CASE r11-fast-pendingfold synthetic-17-7-1 17 17 17 1 1 1 0 0 0 0 0 0 1
FAST_CASE r11-fast-continuation synthetic-17-7-1 17 17 17 1 1 1 0 0 0 0 0 0 1
FAST_CASE r11-fast-pendingfold synthetic-17-7-987654321 17 17 17 1 1 1 0 0 0 0 0 0 1
FAST_CASE r11-fast-continuation synthetic-17-7-987654321 17 17 17 1 1 1 0 0 0 0 0 0 1
FAST_CASE r11-fast-pendingfold synthetic-31-0-1 31 31 31 1 1 1 0 0 0 0 0 0 1
FAST_CASE r11-fast-continuation synthetic-31-0-1 31 31 31 1 1 1 0 0 0 0 0 0 1
FAST_CASE r11-fast-pendingfold synthetic-31-0-987654321 31 31 31 1 1 1 0 0 0 0 0 0 1
FAST_CASE r11-fast-continuation synthetic-31-0-987654321 31 31 31 1 1 1 0 0 0 0 0 0 1
FAST_CASE r11-fast-pendingfold synthetic-31-1-1 31 31 31 1 1 1 0 0 0 0 0 0 1
FAST_CASE r11-fast-continuation synthetic-31-1-1 31 31 31 1 1 1 0 0 0 0 0 0 1
FAST_CASE r11-fast-pendingfold synthetic-31-1-987654321 31 31 31 1 1 1 0 0 0 0 0 0 1
FAST_CASE r11-fast-continuation synthetic-31-1-987654321 31 31 31 1 1 1 0 0 0 0 0 0 1
FAST_CASE r11-fast-pendingfold synthetic-31-2-1 31 31 31 1 1 1 0 0 0 0 0 0 1
FAST_CASE r11-fast-continuation synthetic-31-2-1 31 31 31 1 1 1 0 0 0 0 0 0 1
FAST_CASE r11-fast-pendingfold synthetic-31-2-987654321 31 31 31 1 1 1 0 0 0 0 0 0 1
FAST_CASE r11-fast-continuation synthetic-31-2-987654321 31 31 31 1 1 1 0 0 0 0 0 0 1
FAST_CASE r11-fast-pendingfold synthetic-31-3-1 31 31 31 1 1 1 0 0 0 0 0 0 1
FAST_CASE r11-fast-continuation synthetic-31-3-1 31 31 31 1 1 1 0 0 0 0 0 0 1
FAST_CASE r11-fast-pendingfold synthetic-31-3-987654321 31 31 31 1 1 1 0 0 0 0 0 0 1
FAST_CASE r11-fast-continuation synthetic-31-3-987654321 31 31 31 1 1 1 0 0 0 0 0 0 1
FAST_CASE r11-fast-pendingfold synthetic-31-4-1 31 31 31 1 1 1 0 0 0 0 0 0 1
FAST_CASE r11-fast-continuation synthetic-31-4-1 31 31 31 1 1 1 0 0 0 0 0 0 1
FAST_CASE r11-fast-pendingfold synthetic-31-4-987654321 31 10 10 1 1 1 0 0 0 0 0 0 1
FAST_CASE r11-fast-continuation synthetic-31-4-987654321 31 10 10 1 1 1 0 0 0 0 0 0 1
FAST_CASE r11-fast-pendingfold synthetic-31-5-1 31 31 31 1 1 1 0 0 0 0 0 0 1
FAST_CASE r11-fast-continuation synthetic-31-5-1 31 31 31 1 1 1 0 0 0 0 0 0 1
FAST_CASE r11-fast-pendingfold synthetic-31-5-987654321 31 31 31 1 1 1 0 0 0 0 0 0 1
FAST_CASE r11-fast-continuation synthetic-31-5-987654321 31 31 31 1 1 1 0 0 0 0 0 0 1
FAST_CASE r11-fast-pendingfold synthetic-31-6-1 31 31 31 1 1 1 0 0 0 0 0 0 1
FAST_CASE r11-fast-continuation synthetic-31-6-1 31 31 31 1 1 1 0 0 0 0 0 0 1
FAST_CASE r11-fast-pendingfold synthetic-31-6-987654321 31 31 31 1 1 1 0 0 0 0 0 0 1
FAST_CASE r11-fast-continuation synthetic-31-6-987654321 31 31 31 1 1 1 0 0 0 0 0 0 1
FAST_CASE r11-fast-pendingfold synthetic-31-7-1 31 31 31 1 1 1 0 0 0 0 0 0 1
FAST_CASE r11-fast-continuation synthetic-31-7-1 31 31 31 1 1 1 0 0 0 0 0 0 1
FAST_CASE r11-fast-pendingfold synthetic-31-7-987654321 31 31 31 1 1 1 0 0 0 0 0 0 1
FAST_CASE r11-fast-continuation synthetic-31-7-987654321 31 31 31 1 1 1 0 0 0 0 0 0 1
FAST_CASE r11-fast-pendingfold synthetic-32-0-1 32 32 32 1 1 1 0 0 0 0 0 0 1
FAST_CASE r11-fast-continuation synthetic-32-0-1 32 32 32 1 1 1 0 0 0 0 0 0 1
FAST_CASE r11-fast-pendingfold synthetic-32-0-987654321 32 32 32 1 1 1 0 0 0 0 0 0 1
FAST_CASE r11-fast-continuation synthetic-32-0-987654321 32 32 32 1 1 1 0 0 0 0 0 0 1
FAST_CASE r11-fast-pendingfold synthetic-32-1-1 32 32 32 1 1 1 0 0 0 0 0 0 1
FAST_CASE r11-fast-continuation synthetic-32-1-1 32 32 32 1 1 1 0 0 0 0 0 0 1
FAST_CASE r11-fast-pendingfold synthetic-32-1-987654321 32 32 32 1 1 1 0 0 0 0 0 0 1
FAST_CASE r11-fast-continuation synthetic-32-1-987654321 32 32 32 1 1 1 0 0 0 0 0 0 1
FAST_CASE r11-fast-pendingfold synthetic-32-2-1 32 32 32 1 1 1 0 0 0 0 0 0 1
FAST_CASE r11-fast-continuation synthetic-32-2-1 32 32 32 1 1 1 0 0 0 0 0 0 1
FAST_CASE r11-fast-pendingfold synthetic-32-2-987654321 32 32 32 1 1 1 0 0 0 0 0 0 1
FAST_CASE r11-fast-continuation synthetic-32-2-987654321 32 32 32 1 1 1 0 0 0 0 0 0 1
FAST_CASE r11-fast-pendingfold synthetic-32-3-1 32 32 32 1 1 1 0 0 0 0 0 0 1
FAST_CASE r11-fast-continuation synthetic-32-3-1 32 32 32 1 1 1 0 0 0 0 0 0 1
FAST_CASE r11-fast-pendingfold synthetic-32-3-987654321 32 32 32 1 1 1 0 0 0 0 0 0 1
FAST_CASE r11-fast-continuation synthetic-32-3-987654321 32 32 32 1 1 1 0 0 0 0 0 0 1
FAST_CASE r11-fast-pendingfold synthetic-32-4-1 32 32 32 1 1 1 0 0 0 0 0 0 1
FAST_CASE r11-fast-continuation synthetic-32-4-1 32 32 32 1 1 1 0 0 0 0 0 0 1
FAST_CASE r11-fast-pendingfold synthetic-32-4-987654321 32 11 11 1 1 1 0 0 0 0 0 0 1
FAST_CASE r11-fast-continuation synthetic-32-4-987654321 32 11 11 1 1 1 0 0 0 0 0 0 1
FAST_CASE r11-fast-pendingfold synthetic-32-5-1 32 32 32 1 1 1 0 0 0 0 0 0 1
FAST_CASE r11-fast-continuation synthetic-32-5-1 32 32 32 1 1 1 0 0 0 0 0 0 1
FAST_CASE r11-fast-pendingfold synthetic-32-5-987654321 32 32 32 1 1 1 0 0 0 0 0 0 1
FAST_CASE r11-fast-continuation synthetic-32-5-987654321 32 32 32 1 1 1 0 0 0 0 0 0 1
FAST_CASE r11-fast-pendingfold synthetic-32-6-1 32 32 32 1 1 1 0 0 0 0 0 0 1
FAST_CASE r11-fast-continuation synthetic-32-6-1 32 32 32 1 1 1 0 0 0 0 0 0 1
FAST_CASE r11-fast-pendingfold synthetic-32-6-987654321 32 32 32 1 1 1 0 0 0 0 0 0 1
FAST_CASE r11-fast-continuation synthetic-32-6-987654321 32 32 32 1 1 1 0 0 0 0 0 0 1
FAST_CASE r11-fast-pendingfold synthetic-32-7-1 32 32 32 1 1 1 0 0 0 0 0 0 1
FAST_CASE r11-fast-continuation synthetic-32-7-1 32 32 32 1 1 1 0 0 0 0 0 0 1
FAST_CASE r11-fast-pendingfold synthetic-32-7-987654321 32 32 32 1 1 1 0 0 0 0 0 0 1
FAST_CASE r11-fast-continuation synthetic-32-7-987654321 32 32 32 1 1 1 0 0 0 0 0 0 1
FAST_CASE r11-fast-pendingfold synthetic-257-0-1 257 257 257 1 1 1 0 0 0 0 0 0 1
FAST_CASE r11-fast-continuation synthetic-257-0-1 257 257 257 1 1 1 0 0 0 0 0 0 1
FAST_CASE r11-fast-pendingfold synthetic-257-0-987654321 257 257 257 1 1 1 0 0 0 0 0 0 1
FAST_CASE r11-fast-continuation synthetic-257-0-987654321 257 257 257 1 1 1 0 0 0 0 0 0 1
FAST_CASE r11-fast-pendingfold synthetic-257-1-1 257 80 80 1 1 1 0 0 0 0 0 0 1
FAST_CASE r11-fast-continuation synthetic-257-1-1 257 80 80 1 1 1 0 0 0 0 0 0 1
FAST_CASE r11-fast-pendingfold synthetic-257-1-987654321 257 80 80 1 1 1 0 0 0 0 0 0 1
FAST_CASE r11-fast-continuation synthetic-257-1-987654321 257 80 80 1 1 1 0 0 0 0 0 0 1
FAST_CASE r11-fast-pendingfold synthetic-257-2-1 257 102 102 1 1 1 0 0 0 0 0 0 1
FAST_CASE r11-fast-continuation synthetic-257-2-1 257 102 102 1 1 1 0 0 0 0 0 0 1
FAST_CASE r11-fast-pendingfold synthetic-257-2-987654321 257 85 85 1 1 1 0 0 0 0 0 0 1
FAST_CASE r11-fast-continuation synthetic-257-2-987654321 257 85 85 1 1 1 0 0 0 0 0 0 1
FAST_CASE r11-fast-pendingfold synthetic-257-3-1 257 257 257 1 1 1 0 0 0 0 0 0 1
FAST_CASE r11-fast-continuation synthetic-257-3-1 257 257 257 1 1 1 0 0 0 0 0 0 1
FAST_CASE r11-fast-pendingfold synthetic-257-3-987654321 257 257 257 1 1 1 0 0 0 0 0 0 1
FAST_CASE r11-fast-continuation synthetic-257-3-987654321 257 257 257 1 1 1 0 0 0 0 0 0 1
FAST_CASE r11-fast-pendingfold synthetic-257-4-1 257 59 59 1 1 1 0 0 0 0 0 0 1
FAST_CASE r11-fast-continuation synthetic-257-4-1 257 59 59 1 1 1 0 0 0 0 0 0 1
FAST_CASE r11-fast-pendingfold synthetic-257-4-987654321 257 46 46 1 1 1 0 0 0 0 0 0 1
FAST_CASE r11-fast-continuation synthetic-257-4-987654321 257 46 46 1 1 1 0 0 0 0 0 0 1
FAST_CASE r11-fast-pendingfold synthetic-257-5-1 257 257 257 1 1 1 0 0 0 0 0 0 1
FAST_CASE r11-fast-continuation synthetic-257-5-1 257 257 257 1 1 1 0 0 0 0 0 0 1
FAST_CASE r11-fast-pendingfold synthetic-257-5-987654321 257 257 257 1 1 1 0 0 0 0 0 0 1
FAST_CASE r11-fast-continuation synthetic-257-5-987654321 257 257 257 1 1 1 0 0 0 0 0 0 1
FAST_CASE r11-fast-pendingfold synthetic-257-6-1 257 64 64 1 1 1 0 0 0 0 0 0 1
FAST_CASE r11-fast-continuation synthetic-257-6-1 257 64 64 1 1 1 0 0 0 0 0 0 1
FAST_CASE r11-fast-pendingfold synthetic-257-6-987654321 257 64 64 1 1 1 0 0 0 0 0 0 1
FAST_CASE r11-fast-continuation synthetic-257-6-987654321 257 64 64 1 1 1 0 0 0 0 0 0 1
FAST_CASE r11-fast-pendingfold synthetic-257-7-1 257 64 64 1 1 1 0 0 0 0 0 0 1
FAST_CASE r11-fast-continuation synthetic-257-7-1 257 64 64 1 1 1 0 0 0 0 0 0 1
FAST_CASE r11-fast-pendingfold synthetic-257-7-987654321 257 64 64 1 1 1 0 0 0 0 0 0 1
FAST_CASE r11-fast-continuation synthetic-257-7-987654321 257 64 64 1 1 1 0 0 0 0 0 0 1
FAST_CASE r11-fast-pendingfold synthetic-258-0-1 258 258 258 1 1 1 0 0 0 0 0 0 1
FAST_CASE r11-fast-continuation synthetic-258-0-1 258 258 258 1 1 1 0 0 0 0 0 0 1
FAST_CASE r11-fast-pendingfold synthetic-258-0-987654321 258 258 258 1 1 1 0 0 0 0 0 0 1
FAST_CASE r11-fast-continuation synthetic-258-0-987654321 258 258 258 1 1 1 0 0 0 0 0 0 1
FAST_CASE r11-fast-pendingfold synthetic-258-1-1 258 80 80 1 1 1 0 0 0 0 0 0 1
FAST_CASE r11-fast-continuation synthetic-258-1-1 258 80 80 1 1 1 0 0 0 0 0 0 1
FAST_CASE r11-fast-pendingfold synthetic-258-1-987654321 258 80 80 1 1 1 0 0 0 0 0 0 1
FAST_CASE r11-fast-continuation synthetic-258-1-987654321 258 80 80 1 1 1 0 0 0 0 0 0 1
FAST_CASE r11-fast-pendingfold synthetic-258-2-1 258 103 103 1 1 1 0 0 0 0 0 0 1
FAST_CASE r11-fast-continuation synthetic-258-2-1 258 103 103 1 1 1 0 0 0 0 0 0 1
FAST_CASE r11-fast-pendingfold synthetic-258-2-987654321 258 85 85 1 1 1 0 0 0 0 0 0 1
FAST_CASE r11-fast-continuation synthetic-258-2-987654321 258 85 85 1 1 1 0 0 0 0 0 0 1
FAST_CASE r11-fast-pendingfold synthetic-258-3-1 258 258 258 1 1 1 0 0 0 0 0 0 1
FAST_CASE r11-fast-continuation synthetic-258-3-1 258 258 258 1 1 1 0 0 0 0 0 0 1
FAST_CASE r11-fast-pendingfold synthetic-258-3-987654321 258 258 258 1 1 1 0 0 0 0 0 0 1
FAST_CASE r11-fast-continuation synthetic-258-3-987654321 258 258 258 1 1 1 0 0 0 0 0 0 1
FAST_CASE r11-fast-pendingfold synthetic-258-4-1 258 60 60 1 1 1 0 0 0 0 0 0 1
FAST_CASE r11-fast-continuation synthetic-258-4-1 258 60 60 1 1 1 0 0 0 0 0 0 1
FAST_CASE r11-fast-pendingfold synthetic-258-4-987654321 258 47 47 1 1 1 0 0 0 0 0 0 1
FAST_CASE r11-fast-continuation synthetic-258-4-987654321 258 47 47 1 1 1 0 0 0 0 0 0 1
FAST_CASE r11-fast-pendingfold synthetic-258-5-1 258 258 258 1 1 1 0 0 0 0 0 0 1
FAST_CASE r11-fast-continuation synthetic-258-5-1 258 258 258 1 1 1 0 0 0 0 0 0 1
FAST_CASE r11-fast-pendingfold synthetic-258-5-987654321 258 258 258 1 1 1 0 0 0 0 0 0 1
FAST_CASE r11-fast-continuation synthetic-258-5-987654321 258 258 258 1 1 1 0 0 0 0 0 0 1
FAST_CASE r11-fast-pendingfold synthetic-258-6-1 258 65 65 1 1 1 0 0 0 0 0 0 1
FAST_CASE r11-fast-continuation synthetic-258-6-1 258 65 65 1 1 1 0 0 0 0 0 0 1
FAST_CASE r11-fast-pendingfold synthetic-258-6-987654321 258 65 65 1 1 1 0 0 0 0 0 0 1
FAST_CASE r11-fast-continuation synthetic-258-6-987654321 258 65 65 1 1 1 0 0 0 0 0 0 1
FAST_CASE r11-fast-pendingfold synthetic-258-7-1 258 65 65 1 1 1 0 0 0 0 0 0 1
FAST_CASE r11-fast-continuation synthetic-258-7-1 258 65 65 1 1 1 0 0 0 0 0 0 1
FAST_CASE r11-fast-pendingfold synthetic-258-7-987654321 258 65 65 1 1 1 0 0 0 0 0 0 1
FAST_CASE r11-fast-continuation synthetic-258-7-987654321 258 65 65 1 1 1 0 0 0 0 0 0 1
FAST_CASE r11-fast-pendingfold synthetic-259-0-1 259 259 259 1 1 1 0 0 0 0 0 0 1
FAST_CASE r11-fast-continuation synthetic-259-0-1 259 259 259 1 1 1 0 0 0 0 0 0 1
FAST_CASE r11-fast-pendingfold synthetic-259-0-987654321 259 259 259 1 1 1 0 0 0 0 0 0 1
FAST_CASE r11-fast-continuation synthetic-259-0-987654321 259 259 259 1 1 1 0 0 0 0 0 0 1
FAST_CASE r11-fast-pendingfold synthetic-259-1-1 259 80 80 1 1 1 0 0 0 0 0 0 1
FAST_CASE r11-fast-continuation synthetic-259-1-1 259 80 80 1 1 1 0 0 0 0 0 0 1
FAST_CASE r11-fast-pendingfold synthetic-259-1-987654321 259 80 80 1 1 1 0 0 0 0 0 0 1
FAST_CASE r11-fast-continuation synthetic-259-1-987654321 259 80 80 1 1 1 0 0 0 0 0 0 1
FAST_CASE r11-fast-pendingfold synthetic-259-2-1 259 104 104 1 1 1 0 0 0 0 0 0 1
FAST_CASE r11-fast-continuation synthetic-259-2-1 259 104 104 1 1 1 0 0 0 0 0 0 1
FAST_CASE r11-fast-pendingfold synthetic-259-2-987654321 259 85 85 1 1 1 0 0 0 0 0 0 1
FAST_CASE r11-fast-continuation synthetic-259-2-987654321 259 85 85 1 1 1 0 0 0 0 0 0 1
FAST_CASE r11-fast-pendingfold synthetic-259-3-1 259 259 259 1 1 1 0 0 0 0 0 0 1
FAST_CASE r11-fast-continuation synthetic-259-3-1 259 259 259 1 1 1 0 0 0 0 0 0 1
FAST_CASE r11-fast-pendingfold synthetic-259-3-987654321 259 259 259 1 1 1 0 0 0 0 0 0 1
FAST_CASE r11-fast-continuation synthetic-259-3-987654321 259 259 259 1 1 1 0 0 0 0 0 0 1
FAST_CASE r11-fast-pendingfold synthetic-259-4-1 259 61 61 1 1 1 0 0 0 0 0 0 1
FAST_CASE r11-fast-continuation synthetic-259-4-1 259 61 61 1 1 1 0 0 0 0 0 0 1
FAST_CASE r11-fast-pendingfold synthetic-259-4-987654321 259 48 48 1 1 1 0 0 0 0 0 0 1
FAST_CASE r11-fast-continuation synthetic-259-4-987654321 259 48 48 1 1 1 0 0 0 0 0 0 1
FAST_CASE r11-fast-pendingfold synthetic-259-5-1 259 259 259 1 1 1 0 0 0 0 0 0 1
FAST_CASE r11-fast-continuation synthetic-259-5-1 259 259 259 1 1 1 0 0 0 0 0 0 1
FAST_CASE r11-fast-pendingfold synthetic-259-5-987654321 259 259 259 1 1 1 0 0 0 0 0 0 1
FAST_CASE r11-fast-continuation synthetic-259-5-987654321 259 259 259 1 1 1 0 0 0 0 0 0 1
FAST_CASE r11-fast-pendingfold synthetic-259-6-1 259 66 66 1 1 1 0 0 0 0 0 0 1
FAST_CASE r11-fast-continuation synthetic-259-6-1 259 66 66 1 1 1 0 0 0 0 0 0 1
FAST_CASE r11-fast-pendingfold synthetic-259-6-987654321 259 66 66 1 1 1 0 0 0 0 0 0 1
FAST_CASE r11-fast-continuation synthetic-259-6-987654321 259 66 66 1 1 1 0 0 0 0 0 0 1
FAST_CASE r11-fast-pendingfold synthetic-259-7-1 259 66 66 1 1 1 0 0 0 0 0 0 1
FAST_CASE r11-fast-continuation synthetic-259-7-1 259 66 66 1 1 1 0 0 0 0 0 0 1
FAST_CASE r11-fast-pendingfold synthetic-259-7-987654321 259 66 66 1 1 1 0 0 0 0 0 0 1
FAST_CASE r11-fast-continuation synthetic-259-7-987654321 259 66 66 1 1 1 0 0 0 0 0 0 1
FAST_CASE r11-fast-pendingfold synthetic-1023-0-1 1023 1023 1023 1 1 1 0 0 0 0 0 0 1
FAST_CASE r11-fast-continuation synthetic-1023-0-1 1023 1023 1023 1 1 1 0 0 0 0 0 0 1
FAST_CASE r11-fast-pendingfold synthetic-1023-0-987654321 1023 1023 1023 1 1 1 0 0 0 0 0 0 1
FAST_CASE r11-fast-continuation synthetic-1023-0-987654321 1023 1023 1023 1 1 1 0 0 0 0 0 0 1
FAST_CASE r11-fast-pendingfold synthetic-1023-1-1 1023 85 85 1 1 1 0 0 0 0 0 0 1
FAST_CASE r11-fast-continuation synthetic-1023-1-1 1023 85 85 1 1 1 0 0 0 0 0 0 1
FAST_CASE r11-fast-pendingfold synthetic-1023-1-987654321 1023 85 85 1 1 1 0 0 0 0 0 0 1
FAST_CASE r11-fast-continuation synthetic-1023-1-987654321 1023 85 85 1 1 1 0 0 0 0 0 0 1
FAST_CASE r11-fast-pendingfold synthetic-1023-2-1 1023 242 242 1 1 1 0 0 0 0 0 0 1
FAST_CASE r11-fast-continuation synthetic-1023-2-1 1023 242 242 1 1 1 0 0 0 0 0 0 1
FAST_CASE r11-fast-pendingfold synthetic-1023-2-987654321 1023 152 152 1 1 1 0 0 0 0 0 0 1
FAST_CASE r11-fast-continuation synthetic-1023-2-987654321 1023 152 152 1 1 1 0 0 0 0 0 0 1
FAST_CASE r11-fast-pendingfold synthetic-1023-3-1 1023 1023 1023 1 1 1 0 0 0 0 0 0 1
FAST_CASE r11-fast-continuation synthetic-1023-3-1 1023 1023 1023 1 1 1 0 0 0 0 0 0 1
FAST_CASE r11-fast-pendingfold synthetic-1023-3-987654321 1023 1023 1023 1 1 1 0 0 0 0 0 0 1
FAST_CASE r11-fast-continuation synthetic-1023-3-987654321 1023 1023 1023 1 1 1 0 0 0 0 0 0 1
FAST_CASE r11-fast-pendingfold synthetic-1023-4-1 1023 204 204 1 1 1 0 0 0 0 0 0 1
FAST_CASE r11-fast-continuation synthetic-1023-4-1 1023 204 204 1 1 1 0 0 0 0 0 0 1
FAST_CASE r11-fast-pendingfold synthetic-1023-4-987654321 1023 297 297 1 1 1 0 0 0 0 0 0 1
FAST_CASE r11-fast-continuation synthetic-1023-4-987654321 1023 297 297 1 1 1 0 0 0 0 0 0 1
FAST_CASE r11-fast-pendingfold synthetic-1023-5-1 1023 1023 1023 1 1 1 0 0 0 0 0 0 1
FAST_CASE r11-fast-continuation synthetic-1023-5-1 1023 1023 1023 1 1 1 0 0 0 0 0 0 1
FAST_CASE r11-fast-pendingfold synthetic-1023-5-987654321 1023 1023 1023 1 1 1 0 0 0 0 0 0 1
FAST_CASE r11-fast-continuation synthetic-1023-5-987654321 1023 1023 1023 1 1 1 0 0 0 0 0 0 1
FAST_CASE r11-fast-pendingfold synthetic-1023-6-1 1023 67 67 1 1 1 0 0 0 0 0 0 1
FAST_CASE r11-fast-continuation synthetic-1023-6-1 1023 67 67 1 1 1 0 0 0 0 0 0 1
FAST_CASE r11-fast-pendingfold synthetic-1023-6-987654321 1023 67 67 1 1 1 0 0 0 0 0 0 1
FAST_CASE r11-fast-continuation synthetic-1023-6-987654321 1023 67 67 1 1 1 0 0 0 0 0 0 1
FAST_CASE r11-fast-pendingfold synthetic-1023-7-1 1023 59 59 1 1 1 0 0 0 0 0 0 1
FAST_CASE r11-fast-continuation synthetic-1023-7-1 1023 59 59 1 1 1 0 0 0 0 0 0 1
FAST_CASE r11-fast-pendingfold synthetic-1023-7-987654321 1023 59 59 1 1 1 0 0 0 0 0 0 1
FAST_CASE r11-fast-continuation synthetic-1023-7-987654321 1023 59 59 1 1 1 0 0 0 0 0 0 1
FAST_CASE r11-fast-pendingfold synthetic-16383-0-1 16383 16383 16383 1 1 1 0 0 0 0 0 0 1
FAST_CASE r11-fast-continuation synthetic-16383-0-1 16383 16383 16383 1 1 1 0 0 0 0 0 0 1
FAST_CASE r11-fast-pendingfold synthetic-16383-0-987654321 16383 16383 16383 1 1 1 0 0 0 0 0 0 1
FAST_CASE r11-fast-continuation synthetic-16383-0-987654321 16383 16383 16383 1 1 1 0 0 0 0 0 0 1
FAST_CASE r11-fast-pendingfold synthetic-16383-1-1 16383 171 171 1 1 1 0 0 0 0 0 0 1
FAST_CASE r11-fast-continuation synthetic-16383-1-1 16383 171 171 1 1 1 0 0 0 0 0 0 1
FAST_CASE r11-fast-pendingfold synthetic-16383-1-987654321 16383 171 171 1 1 1 0 0 0 0 0 0 1
FAST_CASE r11-fast-continuation synthetic-16383-1-987654321 16383 171 171 1 1 1 0 0 0 0 0 0 1
FAST_CASE r11-fast-pendingfold synthetic-16383-2-1 16383 2651 2651 1 1 1 0 0 0 0 0 0 1
FAST_CASE r11-fast-continuation synthetic-16383-2-1 16383 2651 2651 1 1 1 0 0 0 0 0 0 1
FAST_CASE r11-fast-pendingfold synthetic-16383-2-987654321 16383 2061 2061 1 1 1 0 0 0 0 0 0 1
FAST_CASE r11-fast-continuation synthetic-16383-2-987654321 16383 2061 2061 1 1 1 0 0 0 0 0 0 1
FAST_CASE r11-fast-pendingfold synthetic-16383-3-1 16383 16383 16383 1 1 1 0 0 0 0 0 0 1
FAST_CASE r11-fast-continuation synthetic-16383-3-1 16383 16383 16383 1 1 1 0 0 0 0 0 0 1
FAST_CASE r11-fast-pendingfold synthetic-16383-3-987654321 16383 16383 16383 1 1 1 0 0 0 0 0 0 1
FAST_CASE r11-fast-continuation synthetic-16383-3-987654321 16383 16383 16383 1 1 1 0 0 0 0 0 0 1
FAST_CASE r11-fast-pendingfold synthetic-16383-4-1 16383 5089 5089 1 1 1 0 0 0 0 0 0 1
FAST_CASE r11-fast-continuation synthetic-16383-4-1 16383 5089 5089 1 1 1 0 0 0 0 0 0 1
FAST_CASE r11-fast-pendingfold synthetic-16383-4-987654321 16383 4963 4963 1 1 1 0 0 0 0 0 0 1
FAST_CASE r11-fast-continuation synthetic-16383-4-987654321 16383 4963 4963 1 1 1 0 0 0 0 0 0 1
FAST_CASE r11-fast-pendingfold synthetic-16383-5-1 16383 16383 16383 1 1 1 0 0 0 0 0 0 1
FAST_CASE r11-fast-continuation synthetic-16383-5-1 16383 16383 16383 1 1 1 0 0 0 0 0 0 1
FAST_CASE r11-fast-pendingfold synthetic-16383-5-987654321 16383 16383 16383 1 1 1 0 0 0 0 0 0 1
FAST_CASE r11-fast-continuation synthetic-16383-5-987654321 16383 16383 16383 1 1 1 0 0 0 0 0 0 1
FAST_CASE r11-fast-pendingfold synthetic-16383-6-1 16383 150 150 1 1 1 0 0 0 0 0 0 1
FAST_CASE r11-fast-continuation synthetic-16383-6-1 16383 150 150 1 1 1 0 0 0 0 0 0 1
FAST_CASE r11-fast-pendingfold synthetic-16383-6-987654321 16383 150 150 1 1 1 0 0 0 0 0 0 1
FAST_CASE r11-fast-continuation synthetic-16383-6-987654321 16383 150 150 1 1 1 0 0 0 0 0 0 1
FAST_CASE r11-fast-pendingfold synthetic-16383-7-1 16383 135 135 1 1 1 0 0 0 0 0 0 1
FAST_CASE r11-fast-continuation synthetic-16383-7-1 16383 135 135 1 1 1 0 0 0 0 0 0 1
FAST_CASE r11-fast-pendingfold synthetic-16383-7-987654321 16383 135 135 1 1 1 0 0 0 0 0 0 1
FAST_CASE r11-fast-continuation synthetic-16383-7-987654321 16383 135 135 1 1 1 0 0 0 0 0 0 1
FAST_CASE r11-fast-pendingfold synthetic-16384-0-1 16384 16384 16384 1 1 1 0 0 0 0 0 0 1
FAST_CASE r11-fast-continuation synthetic-16384-0-1 16384 16384 16384 1 1 1 0 0 0 0 0 0 1
FAST_CASE r11-fast-pendingfold synthetic-16384-0-987654321 16384 16384 16384 1 1 1 0 0 0 0 0 0 1
FAST_CASE r11-fast-continuation synthetic-16384-0-987654321 16384 16384 16384 1 1 1 0 0 0 0 0 0 1
FAST_CASE r11-fast-pendingfold synthetic-16384-1-1 16384 172 172 1 1 1 0 0 0 0 0 0 1
FAST_CASE r11-fast-continuation synthetic-16384-1-1 16384 172 172 1 1 1 0 0 0 0 0 0 1
FAST_CASE r11-fast-pendingfold synthetic-16384-1-987654321 16384 172 172 1 1 1 0 0 0 0 0 0 1
FAST_CASE r11-fast-continuation synthetic-16384-1-987654321 16384 172 172 1 1 1 0 0 0 0 0 0 1
FAST_CASE r11-fast-pendingfold synthetic-16384-2-1 16384 2652 2652 1 1 1 0 0 0 0 0 0 1
FAST_CASE r11-fast-continuation synthetic-16384-2-1 16384 2652 2652 1 1 1 0 0 0 0 0 0 1
FAST_CASE r11-fast-pendingfold synthetic-16384-2-987654321 16384 2061 2061 1 1 1 0 0 0 0 0 0 1
FAST_CASE r11-fast-continuation synthetic-16384-2-987654321 16384 2061 2061 1 1 1 0 0 0 0 0 0 1
FAST_CASE r11-fast-pendingfold synthetic-16384-3-1 16384 16384 16384 1 1 1 0 0 0 0 0 0 1
FAST_CASE r11-fast-continuation synthetic-16384-3-1 16384 16384 16384 1 1 1 0 0 0 0 0 0 1
FAST_CASE r11-fast-pendingfold synthetic-16384-3-987654321 16384 16384 16384 1 1 1 0 0 0 0 0 0 1
FAST_CASE r11-fast-continuation synthetic-16384-3-987654321 16384 16384 16384 1 1 1 0 0 0 0 0 0 1
FAST_CASE r11-fast-pendingfold synthetic-16384-4-1 16384 5090 5090 1 1 1 0 0 0 0 0 0 1
FAST_CASE r11-fast-continuation synthetic-16384-4-1 16384 5090 5090 1 1 1 0 0 0 0 0 0 1
FAST_CASE r11-fast-pendingfold synthetic-16384-4-987654321 16384 4964 4964 1 1 1 0 0 0 0 0 0 1
FAST_CASE r11-fast-continuation synthetic-16384-4-987654321 16384 4964 4964 1 1 1 0 0 0 0 0 0 1
FAST_CASE r11-fast-pendingfold synthetic-16384-5-1 16384 16384 16384 1 1 1 0 0 0 0 0 0 1
FAST_CASE r11-fast-continuation synthetic-16384-5-1 16384 16384 16384 1 1 1 0 0 0 0 0 0 1
FAST_CASE r11-fast-pendingfold synthetic-16384-5-987654321 16384 16384 16384 1 1 1 0 0 0 0 0 0 1
FAST_CASE r11-fast-continuation synthetic-16384-5-987654321 16384 16384 16384 1 1 1 0 0 0 0 0 0 1
FAST_CASE r11-fast-pendingfold synthetic-16384-6-1 16384 151 151 1 1 1 0 0 0 0 0 0 1
FAST_CASE r11-fast-continuation synthetic-16384-6-1 16384 151 151 1 1 1 0 0 0 0 0 0 1
FAST_CASE r11-fast-pendingfold synthetic-16384-6-987654321 16384 151 151 1 1 1 0 0 0 0 0 0 1
FAST_CASE r11-fast-continuation synthetic-16384-6-987654321 16384 151 151 1 1 1 0 0 0 0 0 0 1
FAST_CASE r11-fast-pendingfold synthetic-16384-7-1 16384 118 118 1 1 1 0 0 0 0 0 0 1
FAST_CASE r11-fast-continuation synthetic-16384-7-1 16384 118 118 1 1 1 0 0 0 0 0 0 1
FAST_CASE r11-fast-pendingfold synthetic-16384-7-987654321 16384 118 118 1 1 1 0 0 0 0 0 0 1
FAST_CASE r11-fast-continuation synthetic-16384-7-987654321 16384 118 118 1 1 1 0 0 0 0 0 0 1
FAST_CASE r11-fast-pendingfold synthetic-16385-0-1 16385 16385 16385 1 1 1 0 0 0 0 0 0 1
FAST_CASE r11-fast-continuation synthetic-16385-0-1 16385 16385 16385 1 1 1 0 0 0 0 0 0 1
FAST_CASE r11-fast-pendingfold synthetic-16385-0-987654321 16385 16385 16385 1 1 1 0 0 0 0 0 0 1
FAST_CASE r11-fast-continuation synthetic-16385-0-987654321 16385 16385 16385 1 1 1 0 0 0 0 0 0 1
FAST_CASE r11-fast-pendingfold synthetic-16385-1-1 16385 173 173 1 1 1 0 0 0 0 0 0 1
FAST_CASE r11-fast-continuation synthetic-16385-1-1 16385 173 173 1 1 1 0 0 0 0 0 0 1
FAST_CASE r11-fast-pendingfold synthetic-16385-1-987654321 16385 173 173 1 1 1 0 0 0 0 0 0 1
FAST_CASE r11-fast-continuation synthetic-16385-1-987654321 16385 173 173 1 1 1 0 0 0 0 0 0 1
FAST_CASE r11-fast-pendingfold synthetic-16385-2-1 16385 2653 2653 1 1 1 0 0 0 0 0 0 1
FAST_CASE r11-fast-continuation synthetic-16385-2-1 16385 2653 2653 1 1 1 0 0 0 0 0 0 1
FAST_CASE r11-fast-pendingfold synthetic-16385-2-987654321 16385 2061 2061 1 1 1 0 0 0 0 0 0 1
FAST_CASE r11-fast-continuation synthetic-16385-2-987654321 16385 2061 2061 1 1 1 0 0 0 0 0 0 1
FAST_CASE r11-fast-pendingfold synthetic-16385-3-1 16385 16385 16385 1 1 1 0 0 0 0 0 0 1
FAST_CASE r11-fast-continuation synthetic-16385-3-1 16385 16385 16385 1 1 1 0 0 0 0 0 0 1
FAST_CASE r11-fast-pendingfold synthetic-16385-3-987654321 16385 16385 16385 1 1 1 0 0 0 0 0 0 1
FAST_CASE r11-fast-continuation synthetic-16385-3-987654321 16385 16385 16385 1 1 1 0 0 0 0 0 0 1
FAST_CASE r11-fast-pendingfold synthetic-16385-4-1 16385 5091 5091 1 1 1 0 0 0 0 0 0 1
FAST_CASE r11-fast-continuation synthetic-16385-4-1 16385 5091 5091 1 1 1 0 0 0 0 0 0 1
FAST_CASE r11-fast-pendingfold synthetic-16385-4-987654321 16385 4965 4965 1 1 1 0 0 0 0 0 0 1
FAST_CASE r11-fast-continuation synthetic-16385-4-987654321 16385 4965 4965 1 1 1 0 0 0 0 0 0 1
FAST_CASE r11-fast-pendingfold synthetic-16385-5-1 16385 16385 16385 1 1 1 0 0 0 0 0 0 1
FAST_CASE r11-fast-continuation synthetic-16385-5-1 16385 16385 16385 1 1 1 0 0 0 0 0 0 1
FAST_CASE r11-fast-pendingfold synthetic-16385-5-987654321 16385 16385 16385 1 1 1 0 0 0 0 0 0 1
FAST_CASE r11-fast-continuation synthetic-16385-5-987654321 16385 16385 16385 1 1 1 0 0 0 0 0 0 1
FAST_CASE r11-fast-pendingfold synthetic-16385-6-1 16385 144 144 1 1 1 0 0 0 0 0 0 1
FAST_CASE r11-fast-continuation synthetic-16385-6-1 16385 144 144 1 1 1 0 0 0 0 0 0 1
FAST_CASE r11-fast-pendingfold synthetic-16385-6-987654321 16385 144 144 1 1 1 0 0 0 0 0 0 1
FAST_CASE r11-fast-continuation synthetic-16385-6-987654321 16385 144 144 1 1 1 0 0 0 0 0 0 1
FAST_CASE r11-fast-pendingfold synthetic-16385-7-1 16385 118 118 1 1 1 0 0 0 0 0 0 1
FAST_CASE r11-fast-continuation synthetic-16385-7-1 16385 118 118 1 1 1 0 0 0 0 0 0 1
FAST_CASE r11-fast-pendingfold synthetic-16385-7-987654321 16385 118 118 1 1 1 0 0 0 0 0 0 1
FAST_CASE r11-fast-continuation synthetic-16385-7-987654321 16385 118 118 1 1 1 0 0 0 0 0 0 1
FAST_CASE r11-fast-pendingfold synthetic-32767-0-1 32767 32767 32767 1 1 1 0 0 0 0 0 0 1
FAST_CASE r11-fast-continuation synthetic-32767-0-1 32767 32767 32767 1 1 1 0 0 0 0 0 0 1
FAST_CASE r11-fast-pendingfold synthetic-32767-0-987654321 32767 32767 32767 1 1 1 0 0 0 0 0 0 1
FAST_CASE r11-fast-continuation synthetic-32767-0-987654321 32767 32767 32767 1 1 1 0 0 0 0 0 0 1
FAST_CASE r11-fast-pendingfold synthetic-32767-1-1 32767 250 250 1 1 1 0 0 0 0 0 0 1
FAST_CASE r11-fast-continuation synthetic-32767-1-1 32767 250 250 1 1 1 0 0 0 0 0 0 1
FAST_CASE r11-fast-pendingfold synthetic-32767-1-987654321 32767 250 250 1 1 1 0 0 0 0 0 0 1
FAST_CASE r11-fast-continuation synthetic-32767-1-987654321 32767 250 250 1 1 1 0 0 0 0 0 0 1
FAST_CASE r11-fast-pendingfold synthetic-32767-2-1 32767 5046 5046 1 1 1 0 0 0 0 0 0 1
FAST_CASE r11-fast-continuation synthetic-32767-2-1 32767 5046 5046 1 1 1 0 0 0 0 0 0 1
FAST_CASE r11-fast-pendingfold synthetic-32767-2-987654321 32767 4279 4279 1 1 1 0 0 0 0 0 0 1
FAST_CASE r11-fast-continuation synthetic-32767-2-987654321 32767 4279 4279 1 1 1 0 0 0 0 0 0 1
FAST_CASE r11-fast-pendingfold synthetic-32767-3-1 32767 32767 32767 1 1 1 0 0 0 0 0 0 1
FAST_CASE r11-fast-continuation synthetic-32767-3-1 32767 32767 32767 1 1 1 0 0 0 0 0 0 1
FAST_CASE r11-fast-pendingfold synthetic-32767-3-987654321 32767 32767 32767 1 1 1 0 0 0 0 0 0 1
FAST_CASE r11-fast-continuation synthetic-32767-3-987654321 32767 32767 32767 1 1 1 0 0 0 0 0 0 1
FAST_CASE r11-fast-pendingfold synthetic-32767-4-1 32767 10073 10073 1 1 1 0 0 0 0 0 0 1
FAST_CASE r11-fast-continuation synthetic-32767-4-1 32767 10073 10073 1 1 1 0 0 0 0 0 0 1
FAST_CASE r11-fast-pendingfold synthetic-32767-4-987654321 32767 9981 9981 1 1 1 0 0 0 0 0 0 1
FAST_CASE r11-fast-continuation synthetic-32767-4-987654321 32767 9981 9981 1 1 1 0 0 0 0 0 0 1
FAST_CASE r11-fast-pendingfold synthetic-32767-5-1 32767 32767 32767 1 1 1 0 0 0 0 0 0 1
FAST_CASE r11-fast-continuation synthetic-32767-5-1 32767 32767 32767 1 1 1 0 0 0 0 0 0 1
FAST_CASE r11-fast-pendingfold synthetic-32767-5-987654321 32767 32767 32767 1 1 1 0 0 0 0 0 0 1
FAST_CASE r11-fast-continuation synthetic-32767-5-987654321 32767 32767 32767 1 1 1 0 0 0 0 0 0 1
FAST_CASE r11-fast-pendingfold synthetic-32767-6-1 32767 230 230 1 1 1 0 0 0 0 0 0 1
FAST_CASE r11-fast-continuation synthetic-32767-6-1 32767 230 230 1 1 1 0 0 0 0 0 0 1
FAST_CASE r11-fast-pendingfold synthetic-32767-6-987654321 32767 230 230 1 1 1 0 0 0 0 0 0 1
FAST_CASE r11-fast-continuation synthetic-32767-6-987654321 32767 230 230 1 1 1 0 0 0 0 0 0 1
FAST_CASE r11-fast-pendingfold synthetic-32767-7-1 32767 192 192 1 1 1 0 0 0 0 0 0 1
FAST_CASE r11-fast-continuation synthetic-32767-7-1 32767 192 192 1 1 1 0 0 0 0 0 0 1
FAST_CASE r11-fast-pendingfold synthetic-32767-7-987654321 32767 192 192 1 1 1 0 0 0 0 0 0 1
FAST_CASE r11-fast-continuation synthetic-32767-7-987654321 32767 192 192 1 1 1 0 0 0 0 0 0 1
FAST_CASE r11-fast-pendingfold synthetic-32768-0-1 32768 32768 32768 1 1 1 0 0 0 0 0 0 1
FAST_CASE r11-fast-continuation synthetic-32768-0-1 32768 32768 32768 1 1 1 0 0 0 0 0 0 1
FAST_CASE r11-fast-pendingfold synthetic-32768-0-987654321 32768 32768 32768 1 1 1 0 0 0 0 0 0 1
FAST_CASE r11-fast-continuation synthetic-32768-0-987654321 32768 32768 32768 1 1 1 0 0 0 0 0 0 1
FAST_CASE r11-fast-pendingfold synthetic-32768-1-1 32768 251 251 1 1 1 0 0 0 0 0 0 1
FAST_CASE r11-fast-continuation synthetic-32768-1-1 32768 251 251 1 1 1 0 0 0 0 0 0 1
FAST_CASE r11-fast-pendingfold synthetic-32768-1-987654321 32768 251 251 1 1 1 0 0 0 0 0 0 1
FAST_CASE r11-fast-continuation synthetic-32768-1-987654321 32768 251 251 1 1 1 0 0 0 0 0 0 1
FAST_CASE r11-fast-pendingfold synthetic-32768-2-1 32768 5047 5047 1 1 1 0 0 0 0 0 0 1
FAST_CASE r11-fast-continuation synthetic-32768-2-1 32768 5047 5047 1 1 1 0 0 0 0 0 0 1
FAST_CASE r11-fast-pendingfold synthetic-32768-2-987654321 32768 4280 4280 1 1 1 0 0 0 0 0 0 1
FAST_CASE r11-fast-continuation synthetic-32768-2-987654321 32768 4280 4280 1 1 1 0 0 0 0 0 0 1
FAST_CASE r11-fast-pendingfold synthetic-32768-3-1 32768 32768 32768 1 1 1 0 0 0 0 0 0 1
FAST_CASE r11-fast-continuation synthetic-32768-3-1 32768 32768 32768 1 1 1 0 0 0 0 0 0 1
FAST_CASE r11-fast-pendingfold synthetic-32768-3-987654321 32768 32768 32768 1 1 1 0 0 0 0 0 0 1
FAST_CASE r11-fast-continuation synthetic-32768-3-987654321 32768 32768 32768 1 1 1 0 0 0 0 0 0 1
FAST_CASE r11-fast-pendingfold synthetic-32768-4-1 32768 10074 10074 1 1 1 0 0 0 0 0 0 1
FAST_CASE r11-fast-continuation synthetic-32768-4-1 32768 10074 10074 1 1 1 0 0 0 0 0 0 1
FAST_CASE r11-fast-pendingfold synthetic-32768-4-987654321 32768 9982 9982 1 1 1 0 0 0 0 0 0 1
FAST_CASE r11-fast-continuation synthetic-32768-4-987654321 32768 9982 9982 1 1 1 0 0 0 0 0 0 1
FAST_CASE r11-fast-pendingfold synthetic-32768-5-1 32768 32768 32768 1 1 1 0 0 0 0 0 0 1
FAST_CASE r11-fast-continuation synthetic-32768-5-1 32768 32768 32768 1 1 1 0 0 0 0 0 0 1
FAST_CASE r11-fast-pendingfold synthetic-32768-5-987654321 32768 32768 32768 1 1 1 0 0 0 0 0 0 1
FAST_CASE r11-fast-continuation synthetic-32768-5-987654321 32768 32768 32768 1 1 1 0 0 0 0 0 0 1
FAST_CASE r11-fast-pendingfold synthetic-32768-6-1 32768 230 230 1 1 1 0 0 0 0 0 0 1
FAST_CASE r11-fast-continuation synthetic-32768-6-1 32768 230 230 1 1 1 0 0 0 0 0 0 1
FAST_CASE r11-fast-pendingfold synthetic-32768-6-987654321 32768 230 230 1 1 1 0 0 0 0 0 0 1
FAST_CASE r11-fast-continuation synthetic-32768-6-987654321 32768 230 230 1 1 1 0 0 0 0 0 0 1
FAST_CASE r11-fast-pendingfold synthetic-32768-7-1 32768 193 193 1 1 1 0 0 0 0 0 0 1
FAST_CASE r11-fast-continuation synthetic-32768-7-1 32768 193 193 1 1 1 0 0 0 0 0 0 1
FAST_CASE r11-fast-pendingfold synthetic-32768-7-987654321 32768 193 193 1 1 1 0 0 0 0 0 0 1
FAST_CASE r11-fast-continuation synthetic-32768-7-987654321 32768 193 193 1 1 1 0 0 0 0 0 0 1
FAST_CASE r11-fast-pendingfold synthetic-32769-0-1 32769 32769 32769 1 1 1 0 0 0 0 0 0 1
FAST_CASE r11-fast-continuation synthetic-32769-0-1 32769 32769 32769 1 1 1 0 0 0 0 0 0 1
FAST_CASE r11-fast-pendingfold synthetic-32769-0-987654321 32769 32769 32769 1 1 1 0 0 0 0 0 0 1
FAST_CASE r11-fast-continuation synthetic-32769-0-987654321 32769 32769 32769 1 1 1 0 0 0 0 0 0 1
FAST_CASE r11-fast-pendingfold synthetic-32769-1-1 32769 252 252 1 1 1 0 0 0 0 0 0 1
FAST_CASE r11-fast-continuation synthetic-32769-1-1 32769 252 252 1 1 1 0 0 0 0 0 0 1
FAST_CASE r11-fast-pendingfold synthetic-32769-1-987654321 32769 252 252 1 1 1 0 0 0 0 0 0 1
FAST_CASE r11-fast-continuation synthetic-32769-1-987654321 32769 252 252 1 1 1 0 0 0 0 0 0 1
FAST_CASE r11-fast-pendingfold synthetic-32769-2-1 32769 5048 5048 1 1 1 0 0 0 0 0 0 1
FAST_CASE r11-fast-continuation synthetic-32769-2-1 32769 5048 5048 1 1 1 0 0 0 0 0 0 1
FAST_CASE r11-fast-pendingfold synthetic-32769-2-987654321 32769 4281 4281 1 1 1 0 0 0 0 0 0 1
FAST_CASE r11-fast-continuation synthetic-32769-2-987654321 32769 4281 4281 1 1 1 0 0 0 0 0 0 1
FAST_CASE r11-fast-pendingfold synthetic-32769-3-1 32769 32769 32769 1 1 1 0 0 0 0 0 0 1
FAST_CASE r11-fast-continuation synthetic-32769-3-1 32769 32769 32769 1 1 1 0 0 0 0 0 0 1
FAST_CASE r11-fast-pendingfold synthetic-32769-3-987654321 32769 32769 32769 1 1 1 0 0 0 0 0 0 1
FAST_CASE r11-fast-continuation synthetic-32769-3-987654321 32769 32769 32769 1 1 1 0 0 0 0 0 0 1
FAST_CASE r11-fast-pendingfold synthetic-32769-4-1 32769 10075 10075 1 1 1 0 0 0 0 0 0 1
FAST_CASE r11-fast-continuation synthetic-32769-4-1 32769 10075 10075 1 1 1 0 0 0 0 0 0 1
FAST_CASE r11-fast-pendingfold synthetic-32769-4-987654321 32769 9983 9983 1 1 1 0 0 0 0 0 0 1
FAST_CASE r11-fast-continuation synthetic-32769-4-987654321 32769 9983 9983 1 1 1 0 0 0 0 0 0 1
FAST_CASE r11-fast-pendingfold synthetic-32769-5-1 32769 32769 32769 1 1 1 0 0 0 0 0 0 1
FAST_CASE r11-fast-continuation synthetic-32769-5-1 32769 32769 32769 1 1 1 0 0 0 0 0 0 1
FAST_CASE r11-fast-pendingfold synthetic-32769-5-987654321 32769 32769 32769 1 1 1 0 0 0 0 0 0 1
FAST_CASE r11-fast-continuation synthetic-32769-5-987654321 32769 32769 32769 1 1 1 0 0 0 0 0 0 1
FAST_CASE r11-fast-pendingfold synthetic-32769-6-1 32769 231 231 1 1 1 0 0 0 0 0 0 1
FAST_CASE r11-fast-continuation synthetic-32769-6-1 32769 231 231 1 1 1 0 0 0 0 0 0 1
FAST_CASE r11-fast-pendingfold synthetic-32769-6-987654321 32769 231 231 1 1 1 0 0 0 0 0 0 1
FAST_CASE r11-fast-continuation synthetic-32769-6-987654321 32769 231 231 1 1 1 0 0 0 0 0 0 1
FAST_CASE r11-fast-pendingfold synthetic-32769-7-1 32769 194 194 1 1 1 0 0 0 0 0 0 1
FAST_CASE r11-fast-continuation synthetic-32769-7-1 32769 194 194 1 1 1 0 0 0 0 0 0 1
FAST_CASE r11-fast-pendingfold synthetic-32769-7-987654321 32769 194 194 1 1 1 0 0 0 0 0 0 1
FAST_CASE r11-fast-continuation synthetic-32769-7-987654321 32769 194 194 1 1 1 0 0 0 0 0 0 1
FAST_CASE r11-fast-pendingfold synthetic-65535-0-1 65535 65535 65535 1 1 1 0 0 0 0 0 0 1
FAST_CASE r11-fast-continuation synthetic-65535-0-1 65535 65535 65535 1 1 1 0 0 0 0 0 0 1
FAST_CASE r11-fast-pendingfold synthetic-65535-0-987654321 65535 65535 65535 1 1 1 0 0 0 0 0 0 1
FAST_CASE r11-fast-continuation synthetic-65535-0-987654321 65535 65535 65535 1 1 1 0 0 0 0 0 0 1
FAST_CASE r11-fast-pendingfold synthetic-65535-1-1 65535 379 379 1 1 1 0 0 0 0 0 0 1
FAST_CASE r11-fast-continuation synthetic-65535-1-1 65535 379 379 1 1 1 0 0 0 0 0 0 1
FAST_CASE r11-fast-pendingfold synthetic-65535-1-987654321 65535 379 379 1 1 1 0 0 0 0 0 0 1
FAST_CASE r11-fast-continuation synthetic-65535-1-987654321 65535 379 379 1 1 1 0 0 0 0 0 0 1
FAST_CASE r11-fast-pendingfold synthetic-65535-2-1 65535 9631 9631 1 1 1 0 0 0 0 0 0 1
FAST_CASE r11-fast-continuation synthetic-65535-2-1 65535 9631 9631 1 1 1 0 0 0 0 0 0 1
FAST_CASE r11-fast-pendingfold synthetic-65535-2-987654321 65535 8865 8865 1 1 1 0 0 0 0 0 0 1
FAST_CASE r11-fast-continuation synthetic-65535-2-987654321 65535 8865 8865 1 1 1 0 0 0 0 0 0 1
FAST_CASE r11-fast-pendingfold synthetic-65535-3-1 65535 65535 65535 1 1 1 0 0 0 0 0 0 1
FAST_CASE r11-fast-continuation synthetic-65535-3-1 65535 65535 65535 1 1 1 0 0 0 0 0 0 1
FAST_CASE r11-fast-pendingfold synthetic-65535-3-987654321 65535 65535 65535 1 1 1 0 0 0 0 0 0 1
FAST_CASE r11-fast-continuation synthetic-65535-3-987654321 65535 65535 65535 1 1 1 0 0 0 0 0 0 1
FAST_CASE r11-fast-pendingfold synthetic-65535-4-1 65535 19580 19580 1 1 1 0 0 0 0 0 0 1
FAST_CASE r11-fast-continuation synthetic-65535-4-1 65535 19580 19580 1 1 1 0 0 0 0 0 0 1
FAST_CASE r11-fast-pendingfold synthetic-65535-4-987654321 65535 19281 19281 1 1 1 0 0 0 0 0 0 1
FAST_CASE r11-fast-continuation synthetic-65535-4-987654321 65535 19281 19281 1 1 1 0 0 0 0 0 0 1
FAST_CASE r11-fast-pendingfold synthetic-65535-5-1 65535 65535 65535 1 1 1 0 0 0 0 0 0 1
FAST_CASE r11-fast-continuation synthetic-65535-5-1 65535 65535 65535 1 1 1 0 0 0 0 0 0 1
FAST_CASE r11-fast-pendingfold synthetic-65535-5-987654321 65535 65535 65535 1 1 1 0 0 0 0 0 0 1
FAST_CASE r11-fast-continuation synthetic-65535-5-987654321 65535 65535 65535 1 1 1 0 0 0 0 0 0 1
FAST_CASE r11-fast-pendingfold synthetic-65535-6-1 65535 65535 65535 1 1 1 0 0 0 0 0 0 1
FAST_CASE r11-fast-continuation synthetic-65535-6-1 65535 65535 65535 1 1 1 0 0 0 0 0 0 1
FAST_CASE r11-fast-pendingfold synthetic-65535-6-987654321 65535 65535 65535 1 1 1 0 0 0 0 0 0 1
FAST_CASE r11-fast-continuation synthetic-65535-6-987654321 65535 65535 65535 1 1 1 0 0 0 0 0 0 1
FAST_CASE r11-fast-pendingfold synthetic-65535-7-1 65535 321 321 1 1 1 0 0 0 0 0 0 1
FAST_CASE r11-fast-continuation synthetic-65535-7-1 65535 321 321 1 1 1 0 0 0 0 0 0 1
FAST_CASE r11-fast-pendingfold synthetic-65535-7-987654321 65535 321 321 1 1 1 0 0 0 0 0 0 1
FAST_CASE r11-fast-continuation synthetic-65535-7-987654321 65535 321 321 1 1 1 0 0 0 0 0 0 1
FAST_CASE r11-fast-pendingfold synthetic-65536-0-1 65536 65536 65536 1 1 1 0 0 0 0 0 0 1
FAST_CASE r11-fast-continuation synthetic-65536-0-1 65536 65536 65536 1 1 1 0 0 0 0 0 0 1
FAST_CASE r11-fast-pendingfold synthetic-65536-0-987654321 65536 65536 65536 1 1 1 0 0 0 0 0 0 1
FAST_CASE r11-fast-continuation synthetic-65536-0-987654321 65536 65536 65536 1 1 1 0 0 0 0 0 0 1
FAST_CASE r11-fast-pendingfold synthetic-65536-1-1 65536 380 380 1 1 1 0 0 0 0 0 0 1
FAST_CASE r11-fast-continuation synthetic-65536-1-1 65536 380 380 1 1 1 0 0 0 0 0 0 1
FAST_CASE r11-fast-pendingfold synthetic-65536-1-987654321 65536 380 380 1 1 1 0 0 0 0 0 0 1
FAST_CASE r11-fast-continuation synthetic-65536-1-987654321 65536 380 380 1 1 1 0 0 0 0 0 0 1
FAST_CASE r11-fast-pendingfold synthetic-65536-2-1 65536 9632 9632 1 1 1 0 0 0 0 0 0 1
FAST_CASE r11-fast-continuation synthetic-65536-2-1 65536 9632 9632 1 1 1 0 0 0 0 0 0 1
FAST_CASE r11-fast-pendingfold synthetic-65536-2-987654321 65536 8866 8866 1 1 1 0 0 0 0 0 0 1
FAST_CASE r11-fast-continuation synthetic-65536-2-987654321 65536 8866 8866 1 1 1 0 0 0 0 0 0 1
FAST_CASE r11-fast-pendingfold synthetic-65536-3-1 65536 65536 65536 1 1 1 0 0 0 0 0 0 1
FAST_CASE r11-fast-continuation synthetic-65536-3-1 65536 65536 65536 1 1 1 0 0 0 0 0 0 1
FAST_CASE r11-fast-pendingfold synthetic-65536-3-987654321 65536 65536 65536 1 1 1 0 0 0 0 0 0 1
FAST_CASE r11-fast-continuation synthetic-65536-3-987654321 65536 65536 65536 1 1 1 0 0 0 0 0 0 1
FAST_CASE r11-fast-pendingfold synthetic-65536-4-1 65536 19581 19581 1 1 1 0 0 0 0 0 0 1
FAST_CASE r11-fast-continuation synthetic-65536-4-1 65536 19581 19581 1 1 1 0 0 0 0 0 0 1
FAST_CASE r11-fast-pendingfold synthetic-65536-4-987654321 65536 19282 19282 1 1 1 0 0 0 0 0 0 1
FAST_CASE r11-fast-continuation synthetic-65536-4-987654321 65536 19282 19282 1 1 1 0 0 0 0 0 0 1
FAST_CASE r11-fast-pendingfold synthetic-65536-5-1 65536 65536 65536 1 1 1 0 0 0 0 0 0 1
FAST_CASE r11-fast-continuation synthetic-65536-5-1 65536 65536 65536 1 1 1 0 0 0 0 0 0 1
FAST_CASE r11-fast-pendingfold synthetic-65536-5-987654321 65536 65536 65536 1 1 1 0 0 0 0 0 0 1
FAST_CASE r11-fast-continuation synthetic-65536-5-987654321 65536 65536 65536 1 1 1 0 0 0 0 0 0 1
FAST_CASE r11-fast-pendingfold synthetic-65536-6-1 65536 401 401 1 1 1 0 0 0 0 0 0 1
FAST_CASE r11-fast-continuation synthetic-65536-6-1 65536 401 401 1 1 1 0 0 0 0 0 0 1
FAST_CASE r11-fast-pendingfold synthetic-65536-6-987654321 65536 401 401 1 1 1 0 0 0 0 0 0 1
FAST_CASE r11-fast-continuation synthetic-65536-6-987654321 65536 401 401 1 1 1 0 0 0 0 0 0 1
FAST_CASE r11-fast-pendingfold synthetic-65536-7-1 65536 322 322 1 1 1 0 0 0 0 0 0 1
FAST_CASE r11-fast-continuation synthetic-65536-7-1 65536 322 322 1 1 1 0 0 0 0 0 0 1
FAST_CASE r11-fast-pendingfold synthetic-65536-7-987654321 65536 322 322 1 1 1 0 0 0 0 0 0 1
FAST_CASE r11-fast-continuation synthetic-65536-7-987654321 65536 322 322 1 1 1 0 0 0 0 0 0 1
FAST_CASE r11-fast-pendingfold synthetic-65537-0-1 65537 65297 65297 1 1 1 1 1 64 1 0 0 1
FAST_CASE r11-fast-continuation synthetic-65537-0-1 65537 65297 65297 1 1 1 1 0 0 0 0 0 1
FAST_CASE r11-fast-pendingfold synthetic-65537-0-987654321 65537 65297 65297 1 1 1 1 1 64 1 0 0 1
FAST_CASE r11-fast-continuation synthetic-65537-0-987654321 65537 65297 65297 1 1 1 1 0 0 0 0 0 1
FAST_CASE r11-fast-pendingfold synthetic-65537-1-1 65537 346 346 1 1 1 259 10 1 0 9 0 1
FAST_CASE r11-fast-continuation synthetic-65537-1-1 65537 346 334 0 1 1 259 253 9 9 9 0 1
FAST_CASE r11-fast-pendingfold synthetic-65537-1-987654321 65537 346 346 1 1 1 259 10 1 0 9 0 1
FAST_CASE r11-fast-continuation synthetic-65537-1-987654321 65537 346 334 0 1 1 259 253 9 9 9 0 1
FAST_CASE r11-fast-pendingfold synthetic-65537-2-1 65537 2255 2255 1 1 1 1617 784 16 0 4 1 1
FAST_CASE r11-fast-continuation synthetic-65537-2-1 65537 2255 2255 1 1 1 1617 8 1 1 0 0 1
FAST_CASE r11-fast-pendingfold synthetic-65537-2-987654321 65537 2091 2091 1 1 1 1470 710 16 0 2 2 1
FAST_CASE r11-fast-continuation synthetic-65537-2-987654321 65537 2091 2091 1 1 1 1470 8 1 1 0 0 1
FAST_CASE r11-fast-pendingfold synthetic-65537-3-1 65537 36903 36903 1 1 1 0 0 0 0 0 0 1
FAST_CASE r11-fast-continuation synthetic-65537-3-1 65537 36903 36903 1 1 1 0 0 0 0 0 0 1
FAST_CASE r11-fast-pendingfold synthetic-65537-3-987654321 65537 37031 37031 1 1 1 0 0 0 0 0 0 1
FAST_CASE r11-fast-continuation synthetic-65537-3-987654321 65537 37031 37031 1 1 1 0 0 0 0 0 0 1
FAST_CASE r11-fast-pendingfold synthetic-65537-4-1 65537 3017 3017 1 1 1 2945 417 26 0 0 16 1
FAST_CASE r11-fast-continuation synthetic-65537-4-1 65537 3017 3017 1 1 1 2945 0 0 0 0 0 1
FAST_CASE r11-fast-pendingfold synthetic-65537-4-987654321 65537 2961 2961 1 1 1 2869 429 18 0 0 15 1
FAST_CASE r11-fast-continuation synthetic-65537-4-987654321 65537 2961 2961 1 1 1 2869 0 0 0 0 0 1
FAST_CASE r11-fast-pendingfold synthetic-65537-5-1 65537 65537 65537 1 1 1 0 0 0 0 0 0 1
FAST_CASE r11-fast-continuation synthetic-65537-5-1 65537 65537 65537 1 1 1 0 0 0 0 0 0 1
FAST_CASE r11-fast-pendingfold synthetic-65537-5-987654321 65537 65537 65537 1 1 1 0 0 0 0 0 0 1
FAST_CASE r11-fast-continuation synthetic-65537-5-987654321 65537 65537 65537 1 1 1 0 0 0 0 0 0 1
FAST_CASE r11-fast-pendingfold synthetic-65537-6-1 65537 338 338 1 1 1 275 3 0 0 2 0 1
FAST_CASE r11-fast-continuation synthetic-65537-6-1 65537 338 337 0 1 1 275 253 2 2 2 0 1
FAST_CASE r11-fast-pendingfold synthetic-65537-6-987654321 65537 338 338 1 1 1 275 3 0 0 2 0 1
FAST_CASE r11-fast-continuation synthetic-65537-6-987654321 65537 338 337 0 1 1 275 253 2 2 2 0 1
FAST_CASE r11-fast-pendingfold synthetic-65537-7-1 65537 307 307 1 1 1 254 2 0 0 2 0 1
FAST_CASE r11-fast-continuation synthetic-65537-7-1 65537 307 305 0 1 1 254 253 4 4 4 0 1
FAST_CASE r11-fast-pendingfold synthetic-65537-7-987654321 65537 307 307 1 1 1 254 2 0 0 2 0 1
FAST_CASE r11-fast-continuation synthetic-65537-7-987654321 65537 307 305 0 1 1 254 253 4 4 4 0 1
FAST_CASE r11-fast-pendingfold synthetic-98305-0-1 98305 98065 98065 1 1 1 1 1 64 1 0 0 1
FAST_CASE r11-fast-continuation synthetic-98305-0-1 98305 98065 98065 1 1 1 1 0 0 0 0 0 1
FAST_CASE r11-fast-pendingfold synthetic-98305-0-987654321 98305 98065 98065 1 1 1 1 1 64 1 0 0 1
FAST_CASE r11-fast-continuation synthetic-98305-0-987654321 98305 98065 98065 1 1 1 1 0 0 0 0 0 1
FAST_CASE r11-fast-pendingfold synthetic-98305-1-1 98305 475 475 1 1 1 388 10 1 0 9 0 1
FAST_CASE r11-fast-continuation synthetic-98305-1-1 98305 475 463 0 1 1 388 380 9 9 9 0 1
FAST_CASE r11-fast-pendingfold synthetic-98305-1-987654321 98305 475 475 1 1 1 388 10 1 0 9 0 1
FAST_CASE r11-fast-continuation synthetic-98305-1-987654321 98305 475 463 0 1 1 388 380 9 9 9 0 1
FAST_CASE r11-fast-pendingfold synthetic-98305-2-1 98305 3236 3236 1 1 1 2340 1141 20 0 5 4 1
FAST_CASE r11-fast-continuation synthetic-98305-2-1 98305 3236 3236 0 1 1 2340 10 2 2 1 0 1
FAST_CASE r11-fast-pendingfold synthetic-98305-2-987654321 98305 3152 3152 1 1 1 2264 1080 16 0 2 2 1
FAST_CASE r11-fast-continuation synthetic-98305-2-987654321 98305 3152 3152 1 1 1 2264 10 1 1 0 0 1
FAST_CASE r11-fast-pendingfold synthetic-98305-3-1 98305 55273 55273 1 1 1 0 0 0 0 0 0 1
FAST_CASE r11-fast-continuation synthetic-98305-3-1 98305 55273 55273 1 1 1 0 0 0 0 0 0 1
FAST_CASE r11-fast-pendingfold synthetic-98305-3-987654321 98305 55457 55457 1 1 1 0 0 0 0 0 0 1
FAST_CASE r11-fast-continuation synthetic-98305-3-987654321 98305 55457 55457 1 1 1 0 0 0 0 0 0 1
FAST_CASE r11-fast-pendingfold synthetic-98305-4-1 98305 4333 4333 1 1 1 4352 528 38 0 0 26 1
FAST_CASE r11-fast-continuation synthetic-98305-4-1 98305 4333 4333 1 1 1 4352 0 0 0 0 0 1
FAST_CASE r11-fast-pendingfold synthetic-98305-4-987654321 98305 4398 4398 1 1 1 4375 564 26 0 0 23 1
FAST_CASE r11-fast-continuation synthetic-98305-4-987654321 98305 4398 4398 1 1 1 4375 0 0 0 0 0 1
FAST_CASE r11-fast-pendingfold synthetic-98305-5-1 98305 98305 98305 1 1 1 0 0 0 0 0 0 1
FAST_CASE r11-fast-continuation synthetic-98305-5-1 98305 98305 98305 1 1 1 0 0 0 0 0 0 1
FAST_CASE r11-fast-pendingfold synthetic-98305-5-987654321 98305 98305 98305 1 1 1 0 0 0 0 0 0 1
FAST_CASE r11-fast-continuation synthetic-98305-5-987654321 98305 98305 98305 1 1 1 0 0 0 0 0 0 1
FAST_CASE r11-fast-pendingfold synthetic-98305-6-1 98305 475 475 1 1 1 412 3 0 0 2 0 1
FAST_CASE r11-fast-continuation synthetic-98305-6-1 98305 475 475 0 1 1 413 380 2 2 2 0 1
FAST_CASE r11-fast-pendingfold synthetic-98305-6-987654321 98305 475 475 1 1 1 412 3 0 0 2 0 1
FAST_CASE r11-fast-continuation synthetic-98305-6-987654321 98305 475 475 0 1 1 413 380 2 2 2 0 1
FAST_CASE r11-fast-pendingfold synthetic-98305-7-1 98305 434 434 1 1 1 381 2 0 0 2 0 1
FAST_CASE r11-fast-continuation synthetic-98305-7-1 98305 434 432 0 1 1 381 380 4 4 4 0 1
FAST_CASE r11-fast-pendingfold synthetic-98305-7-987654321 98305 434 434 1 1 1 381 2 0 0 2 0 1
FAST_CASE r11-fast-continuation synthetic-98305-7-987654321 98305 434 432 0 1 1 381 380 4 4 4 0 1
FAST_CASE r11-fast-pendingfold synthetic-131073-0-1 131073 130833 130833 1 1 1 1 1 64 1 0 0 1
FAST_CASE r11-fast-continuation synthetic-131073-0-1 131073 130833 130833 1 1 1 1 0 0 0 0 0 1
FAST_CASE r11-fast-pendingfold synthetic-131073-0-987654321 131073 130833 130833 1 1 1 1 1 64 1 0 0 1
FAST_CASE r11-fast-continuation synthetic-131073-0-987654321 131073 130833 130833 1 1 1 1 0 0 0 0 0 1
FAST_CASE r11-fast-pendingfold synthetic-131073-1-1 131073 604 604 1 1 1 517 10 1 0 9 0 1
FAST_CASE r11-fast-continuation synthetic-131073-1-1 131073 604 592 0 1 1 517 507 9 9 9 0 1
FAST_CASE r11-fast-pendingfold synthetic-131073-1-987654321 131073 604 604 1 1 1 517 10 1 0 9 0 1
FAST_CASE r11-fast-continuation synthetic-131073-1-987654321 131073 604 592 0 1 1 517 507 9 9 9 0 1
FAST_CASE r11-fast-pendingfold synthetic-131073-2-1 131073 4280 4280 1 1 1 3077 1517 25 0 5 6 1
FAST_CASE r11-fast-continuation synthetic-131073-2-1 131073 4280 4280 0 1 1 3077 11 2 2 1 0 1
FAST_CASE r11-fast-pendingfold synthetic-131073-2-987654321 131073 4113 4113 1 1 1 2970 1424 16 0 7 2 1
FAST_CASE r11-fast-continuation synthetic-131073-2-987654321 131073 4113 4113 1 1 1 2970 17 1 1 0 0 1
FAST_CASE r11-fast-pendingfold synthetic-131073-3-1 131073 73693 73693 1 1 1 0 0 0 0 0 0 1
FAST_CASE r11-fast-continuation synthetic-131073-3-1 131073 73693 73693 1 1 1 0 0 0 0 0 0 1
FAST_CASE r11-fast-pendingfold synthetic-131073-3-987654321 131073 73823 73823 1 1 1 0 0 0 0 0 0 1
FAST_CASE r11-fast-continuation synthetic-131073-3-987654321 131073 73823 73823 1 1 1 0 0 0 0 0 0 1
FAST_CASE r11-fast-pendingfold synthetic-131073-4-1 131073 5677 5677 1 1 1 5793 626 47 0 0 32 1
FAST_CASE r11-fast-continuation synthetic-131073-4-1 131073 5677 5677 1 1 1 5793 0 0 0 0 0 1
FAST_CASE r11-fast-pendingfold synthetic-131073-4-987654321 131073 5746 5746 1 1 1 5839 648 37 0 0 34 1
FAST_CASE r11-fast-continuation synthetic-131073-4-987654321 131073 5746 5746 1 1 1 5839 0 0 0 0 0 1
FAST_CASE r11-fast-pendingfold synthetic-131073-5-1 131073 131073 131073 1 1 1 0 0 0 0 0 0 1
FAST_CASE r11-fast-continuation synthetic-131073-5-1 131073 131073 131073 1 1 1 0 0 0 0 0 0 1
FAST_CASE r11-fast-pendingfold synthetic-131073-5-987654321 131073 131073 131073 1 1 1 0 0 0 0 0 0 1
FAST_CASE r11-fast-continuation synthetic-131073-5-987654321 131073 131073 131073 1 1 1 0 0 0 0 0 0 1
FAST_CASE r11-fast-pendingfold synthetic-131073-6-1 131073 613 613 1 1 1 551 3 0 0 2 0 1
FAST_CASE r11-fast-continuation synthetic-131073-6-1 131073 613 613 0 1 1 551 507 2 2 2 0 1
FAST_CASE r11-fast-pendingfold synthetic-131073-6-987654321 131073 613 613 1 1 1 551 3 0 0 2 0 1
FAST_CASE r11-fast-continuation synthetic-131073-6-987654321 131073 613 613 0 1 1 551 507 2 2 2 0 1
FAST_CASE r11-fast-pendingfold synthetic-131073-7-1 131073 561 561 1 1 1 508 2 0 0 2 0 1
FAST_CASE r11-fast-continuation synthetic-131073-7-1 131073 561 559 0 1 1 508 507 4 4 4 0 1
FAST_CASE r11-fast-pendingfold synthetic-131073-7-987654321 131073 561 561 1 1 1 508 2 0 0 2 0 1
FAST_CASE r11-fast-continuation synthetic-131073-7-987654321 131073 561 559 0 1 1 508 507 4 4 4 0 1
