ENCODER_NATIVE 0 binary.db.bin public514 82894 50441
ENCODER_NATIVE 0 binary.db.bin dna582 82894 50441
ENCODER_NATIVE 0 binary.db.bin r18-dna-literal40-corrected 82894 50441
ENCODER_NATIVE 0 binary.db.bin r18-dna-chain2 82894 50441
ENCODER_NATIVE 1 bundle.min.js.txt public514 325697 190824
ENCODER_NATIVE 1 bundle.min.js.txt dna582 325697 190824
ENCODER_NATIVE 1 bundle.min.js.txt r18-dna-literal40-corrected 325697 190824
ENCODER_NATIVE 1 bundle.min.js.txt r18-dna-chain2 325697 190824
ENCODER_NATIVE 2 catalog.xml.txt public514 69271 45579
ENCODER_NATIVE 2 catalog.xml.txt dna582 69271 45579
ENCODER_NATIVE 2 catalog.xml.txt r18-dna-literal40-corrected 69271 45579
ENCODER_NATIVE 2 catalog.xml.txt r18-dna-chain2 69271 45579
ENCODER_NATIVE 3 compressed.bin public514 300095 300000
ENCODER_NATIVE 3 compressed.bin dna582 300095 300000
ENCODER_NATIVE 3 compressed.bin r18-dna-literal40-corrected 300095 300000
ENCODER_NATIVE 3 compressed.bin r18-dna-chain2 300095 300000
ENCODER_NATIVE 4 config.yaml.txt public514 90556 59218
ENCODER_NATIVE 4 config.yaml.txt dna582 90556 59218
ENCODER_NATIVE 4 config.yaml.txt r18-dna-literal40-corrected 90556 59218
ENCODER_NATIVE 4 config.yaml.txt r18-dna-chain2 90556 59218
ENCODER_NATIVE 5 docs.md.txt public514 243632 157463
ENCODER_NATIVE 5 docs.md.txt dna582 243632 157463
ENCODER_NATIVE 5 docs.md.txt r18-dna-literal40-corrected 243632 157463
ENCODER_NATIVE 5 docs.md.txt r18-dna-chain2 243632 157463
ENCODER_NATIVE 6 dump.sql.txt public514 19941 15151
ENCODER_NATIVE 6 dump.sql.txt dna582 19941 15151
ENCODER_NATIVE 6 dump.sql.txt r18-dna-literal40-corrected 19941 15151
ENCODER_NATIVE 6 dump.sql.txt r18-dna-chain2 19941 15151
ENCODER_NATIVE 7 genome.fasta public514 283718 176189
ENCODER_NATIVE 7 genome.fasta dna582 284563 177559
ENCODER_NATIVE 7 genome.fasta r18-dna-literal40-corrected 274631 668551
ENCODER_NATIVE 7 genome.fasta r18-dna-chain2 284242 171559
ENCODER_NATIVE 8 images.bin public514 229171 226885
ENCODER_NATIVE 8 images.bin dna582 229171 226885
ENCODER_NATIVE 8 images.bin r18-dna-literal40-corrected 229171 226885
ENCODER_NATIVE 8 images.bin r18-dna-chain2 229171 226885
ENCODER_NATIVE 9 lean.txt public514 264653 161293
ENCODER_NATIVE 9 lean.txt dna582 264653 161293
ENCODER_NATIVE 9 lean.txt r18-dna-literal40-corrected 264653 161293
ENCODER_NATIVE 9 lean.txt r18-dna-chain2 264653 161293
ENCODER_NATIVE 10 machine-code.bin public514 171918 122482
ENCODER_NATIVE 10 machine-code.bin dna582 171918 122482
ENCODER_NATIVE 10 machine-code.bin r18-dna-literal40-corrected 171918 122482
ENCODER_NATIVE 10 machine-code.bin r18-dna-chain2 171918 122482
ENCODER_NATIVE 11 metrics.csv.txt public514 284703 220653
ENCODER_NATIVE 11 metrics.csv.txt dna582 284703 220653
ENCODER_NATIVE 11 metrics.csv.txt r18-dna-literal40-corrected 284703 220653
ENCODER_NATIVE 11 metrics.csv.txt r18-dna-chain2 284703 220653
ENCODER_NATIVE 12 multibyte.txt public514 292855 196725
ENCODER_NATIVE 12 multibyte.txt dna582 292855 196725
ENCODER_NATIVE 12 multibyte.txt r18-dna-literal40-corrected 292855 196725
ENCODER_NATIVE 12 multibyte.txt r18-dna-chain2 292855 196725
ENCODER_NATIVE 13 page.html.txt public514 111342 75088
ENCODER_NATIVE 13 page.html.txt dna582 111342 75088
ENCODER_NATIVE 13 page.html.txt r18-dna-literal40-corrected 111342 75088
ENCODER_NATIVE 13 page.html.txt r18-dna-chain2 111342 75088
ENCODER_NATIVE 14 prose.txt public514 620035 365040
ENCODER_NATIVE 14 prose.txt dna582 620035 365040
ENCODER_NATIVE 14 prose.txt r18-dna-literal40-corrected 620035 365040
ENCODER_NATIVE 14 prose.txt r18-dna-chain2 620035 365040
ENCODER_NATIVE 15 records.json.txt public514 75503 78317
ENCODER_NATIVE 15 records.json.txt dna582 75503 78317
ENCODER_NATIVE 15 records.json.txt r18-dna-literal40-corrected 75503 78317
ENCODER_NATIVE 15 records.json.txt r18-dna-chain2 75503 78317
ENCODER_NATIVE 16 server.log public514 29230 23582
ENCODER_NATIVE 16 server.log dna582 29230 23582
ENCODER_NATIVE 16 server.log r18-dna-literal40-corrected 29230 23582
ENCODER_NATIVE 16 server.log r18-dna-chain2 29230 23582
ENCODER_NATIVE 17 source.c.txt public514 380012 235866
ENCODER_NATIVE 17 source.c.txt dna582 380012 235866
ENCODER_NATIVE 17 source.c.txt r18-dna-literal40-corrected 380012 235866
ENCODER_NATIVE 17 source.c.txt r18-dna-chain2 380012 235866
ENCODER_NATIVE 18 source.py.txt public514 141452 88808
ENCODER_NATIVE 18 source.py.txt dna582 141452 88808
ENCODER_NATIVE 18 source.py.txt r18-dna-literal40-corrected 141452 88808
ENCODER_NATIVE 18 source.py.txt r18-dna-chain2 141452 88808
ENCODER_NATIVE 19 source.rs.txt public514 144447 88318
ENCODER_NATIVE 19 source.rs.txt dna582 144447 88318
ENCODER_NATIVE 19 source.rs.txt r18-dna-literal40-corrected 144447 88318
ENCODER_NATIVE 19 source.rs.txt r18-dna-chain2 144447 88318
ENCODER_NATIVE 20 sourcemap.map.txt public514 75873 48664
ENCODER_NATIVE 20 sourcemap.map.txt dna582 75873 48664
ENCODER_NATIVE 20 sourcemap.map.txt r18-dna-literal40-corrected 75873 48664
ENCODER_NATIVE 20 sourcemap.map.txt r18-dna-chain2 75873 48664
ENCODER_NATIVE 21 sparse.bin public514 1270 1458
ENCODER_NATIVE 21 sparse.bin dna582 1270 1458
ENCODER_NATIVE 21 sparse.bin r18-dna-literal40-corrected 1270 1458
ENCODER_NATIVE 21 sparse.bin r18-dna-chain2 1270 1458
ENCODER_NATIVE 22 tiny-app.log public514 1270 998
ENCODER_NATIVE 22 tiny-app.log dna582 1270 998
ENCODER_NATIVE 22 tiny-app.log r18-dna-literal40-corrected 1270 998
ENCODER_NATIVE 22 tiny-app.log r18-dna-chain2 1270 998
ENCODER_NATIVE 23 tiny-config.json.txt public514 2487 3094
ENCODER_NATIVE 23 tiny-config.json.txt dna582 2487 3094
ENCODER_NATIVE 23 tiny-config.json.txt r18-dna-literal40-corrected 2487 3094
ENCODER_NATIVE 23 tiny-config.json.txt r18-dna-chain2 2487 3094
ENCODER_NATIVE 24 weights-bf16.bin public514 365611 265242
ENCODER_NATIVE 24 weights-bf16.bin dna582 365611 265242
ENCODER_NATIVE 24 weights-bf16.bin r18-dna-literal40-corrected 365611 265242
ENCODER_NATIVE 24 weights-bf16.bin r18-dna-chain2 365611 265242
ENCODER_NATIVE 25 weights-f16.bin public514 212660 250000
ENCODER_NATIVE 25 weights-f16.bin dna582 212660 250000
ENCODER_NATIVE 25 weights-f16.bin r18-dna-literal40-corrected 212660 250000
ENCODER_NATIVE 25 weights-f16.bin r18-dna-chain2 212660 250000
ENCODER_NATIVE 26 weights-f32.bin public514 284138 285782
ENCODER_NATIVE 26 weights-f32.bin dna582 284138 285782
ENCODER_NATIVE 26 weights-f32.bin r18-dna-literal40-corrected 284138 285782
ENCODER_NATIVE 26 weights-f32.bin r18-dna-chain2 284138 285782
ENCODER_NATIVE 27 weights-q8.bin public514 235572 250000
ENCODER_NATIVE 27 weights-q8.bin dna582 235572 250000
ENCODER_NATIVE 27 weights-q8.bin r18-dna-literal40-corrected 235572 250000
ENCODER_NATIVE 27 weights-q8.bin r18-dna-chain2 235572 250000
