warning: type `Y_B_Params` should have an upper camel case name
   --> /home/runner/work/Miner/Miner/candidates/r13-542-abs15-isolated/parse.rs:611:12
    |
611 | pub struct Y_B_Params {
    |            ^^^^^^^^^^ help: convert the identifier to upper camel case: `YBParams`
    |
    = note: `#[warn(non_camel_case_types)]` (part of `#[warn(nonstandard_style)]`) on by default

warning: type `U118_Y_B_Params` should have an upper camel case name
    --> /home/runner/work/Miner/Miner/candidates/r13-542-abs15-isolated/parse.rs:1246:12
     |
1246 | pub struct U118_Y_B_Params {
     |            ^^^^^^^^^^^^^^^ help: convert the identifier to upper camel case: `U118YBParams`

warning: type `pr_Y_B_Params` should have an upper camel case name
    --> /home/runner/work/Miner/Miner/candidates/r13-542-abs15-isolated/parse.rs:3187:12
     |
3187 | pub struct pr_Y_B_Params {
     |            ^^^^^^^^^^^^^ help: convert the identifier to upper camel case: `PrYBParams`

warning: type `pr_U118_Y_B_Params` should have an upper camel case name
    --> /home/runner/work/Miner/Miner/candidates/r13-542-abs15-isolated/parse.rs:3251:12
     |
3251 | pub struct pr_U118_Y_B_Params {
     |            ^^^^^^^^^^^^^^^^^^ help: convert the identifier to upper camel case: `PrU118YBParams`

warning: type `dx1_Y_B_Params` should have an upper camel case name
    --> /home/runner/work/Miner/Miner/candidates/r13-542-abs15-isolated/parse.rs:3659:12
     |
3659 | pub struct dx1_Y_B_Params {
     |            ^^^^^^^^^^^^^^ help: convert the identifier to upper camel case: `Dx1YBParams`

warning: type `dx1_U118_Y_B_Params` should have an upper camel case name
    --> /home/runner/work/Miner/Miner/candidates/r13-542-abs15-isolated/parse.rs:4233:12
     |
4233 | pub struct dx1_U118_Y_B_Params {
     |            ^^^^^^^^^^^^^^^^^^^ help: convert the identifier to upper camel case: `Dx1U118YBParams`

warning: type `dx1_pr_Y_B_Params` should have an upper camel case name
    --> /home/runner/work/Miner/Miner/candidates/r13-542-abs15-isolated/parse.rs:4572:12
     |
4572 | pub struct dx1_pr_Y_B_Params {
     |            ^^^^^^^^^^^^^^^^^ help: convert the identifier to upper camel case: `Dx1PrYBParams`

warning: type `dx1_pr_U118_Y_B_Params` should have an upper camel case name
    --> /home/runner/work/Miner/Miner/candidates/r13-542-abs15-isolated/parse.rs:4636:12
     |
4636 | pub struct dx1_pr_U118_Y_B_Params {
     |            ^^^^^^^^^^^^^^^^^^^^^^ help: convert the identifier to upper camel case: `Dx1PrU118YBParams`

warning: type `Y_B_Params` should have an upper camel case name
   --> /home/runner/work/Miner/Miner/references/round13-public-542/parse.rs:611:12
    |
611 | pub struct Y_B_Params {
    |            ^^^^^^^^^^ help: convert the identifier to upper camel case: `YBParams`

warning: type `U118_Y_B_Params` should have an upper camel case name
    --> /home/runner/work/Miner/Miner/references/round13-public-542/parse.rs:1246:12
     |
1246 | pub struct U118_Y_B_Params {
     |            ^^^^^^^^^^^^^^^ help: convert the identifier to upper camel case: `U118YBParams`

warning: type `pr_Y_B_Params` should have an upper camel case name
    --> /home/runner/work/Miner/Miner/references/round13-public-542/parse.rs:3175:12
     |
3175 | pub struct pr_Y_B_Params {
     |            ^^^^^^^^^^^^^ help: convert the identifier to upper camel case: `PrYBParams`

warning: type `pr_U118_Y_B_Params` should have an upper camel case name
    --> /home/runner/work/Miner/Miner/references/round13-public-542/parse.rs:3239:12
     |
3239 | pub struct pr_U118_Y_B_Params {
     |            ^^^^^^^^^^^^^^^^^^ help: convert the identifier to upper camel case: `PrU118YBParams`

warning: type `dx1_Y_B_Params` should have an upper camel case name
    --> /home/runner/work/Miner/Miner/references/round13-public-542/parse.rs:3647:12
     |
3647 | pub struct dx1_Y_B_Params {
     |            ^^^^^^^^^^^^^^ help: convert the identifier to upper camel case: `Dx1YBParams`

warning: type `dx1_U118_Y_B_Params` should have an upper camel case name
    --> /home/runner/work/Miner/Miner/references/round13-public-542/parse.rs:4221:12
     |
4221 | pub struct dx1_U118_Y_B_Params {
     |            ^^^^^^^^^^^^^^^^^^^ help: convert the identifier to upper camel case: `Dx1U118YBParams`

warning: type `dx1_pr_Y_B_Params` should have an upper camel case name
    --> /home/runner/work/Miner/Miner/references/round13-public-542/parse.rs:4560:12
     |
4560 | pub struct dx1_pr_Y_B_Params {
     |            ^^^^^^^^^^^^^^^^^ help: convert the identifier to upper camel case: `Dx1PrYBParams`

warning: type `dx1_pr_U118_Y_B_Params` should have an upper camel case name
    --> /home/runner/work/Miner/Miner/references/round13-public-542/parse.rs:4624:12
     |
4624 | pub struct dx1_pr_U118_Y_B_Params {
     |            ^^^^^^^^^^^^^^^^^^^^^^ help: convert the identifier to upper camel case: `Dx1PrU118YBParams`

warning: unused attribute
    --> /home/runner/work/Miner/Miner/candidates/r13-542-abs15-isolated/parse.rs:2186:1
     |
2186 | #[inline(always)]
     | ^^^^^^^^^^^^^^^^^ help: remove this attribute
     |
note: attribute also specified here
    --> /home/runner/work/Miner/Miner/candidates/r13-542-abs15-isolated/parse.rs:2185:1
     |
2185 | #[inline(always)]
     | ^^^^^^^^^^^^^^^^^
     = warning: this was previously accepted by the compiler but is being phased out; it will become a hard error in a future release!
     = note: `#[warn(unused_attributes)]` (part of `#[warn(unused)]`) on by default

warning: unused attribute
    --> /home/runner/work/Miner/Miner/candidates/r13-542-abs15-isolated/parse.rs:2187:1
     |
2187 | #[inline(always)]
     | ^^^^^^^^^^^^^^^^^ help: remove this attribute
     |
note: attribute also specified here
    --> /home/runner/work/Miner/Miner/candidates/r13-542-abs15-isolated/parse.rs:2185:1
     |
2185 | #[inline(always)]
     | ^^^^^^^^^^^^^^^^^
     = warning: this was previously accepted by the compiler but is being phased out; it will become a hard error in a future release!

warning: unused attribute
    --> /home/runner/work/Miner/Miner/candidates/r13-542-abs15-isolated/parse.rs:2188:1
     |
2188 | #[inline(always)]
     | ^^^^^^^^^^^^^^^^^ help: remove this attribute
     |
note: attribute also specified here
    --> /home/runner/work/Miner/Miner/candidates/r13-542-abs15-isolated/parse.rs:2185:1
     |
2185 | #[inline(always)]
     | ^^^^^^^^^^^^^^^^^
     = warning: this was previously accepted by the compiler but is being phased out; it will become a hard error in a future release!

warning: unused attribute
    --> /home/runner/work/Miner/Miner/references/round13-public-542/parse.rs:2174:1
     |
2174 | #[inline(always)]
     | ^^^^^^^^^^^^^^^^^ help: remove this attribute
     |
note: attribute also specified here
    --> /home/runner/work/Miner/Miner/references/round13-public-542/parse.rs:2173:1
     |
2173 | #[inline(always)]
     | ^^^^^^^^^^^^^^^^^
     = warning: this was previously accepted by the compiler but is being phased out; it will become a hard error in a future release!

warning: unused attribute
    --> /home/runner/work/Miner/Miner/references/round13-public-542/parse.rs:2175:1
     |
2175 | #[inline(always)]
     | ^^^^^^^^^^^^^^^^^ help: remove this attribute
     |
note: attribute also specified here
    --> /home/runner/work/Miner/Miner/references/round13-public-542/parse.rs:2173:1
     |
2173 | #[inline(always)]
     | ^^^^^^^^^^^^^^^^^
     = warning: this was previously accepted by the compiler but is being phased out; it will become a hard error in a future release!

warning: unused attribute
    --> /home/runner/work/Miner/Miner/references/round13-public-542/parse.rs:2176:1
     |
2176 | #[inline(always)]
     | ^^^^^^^^^^^^^^^^^ help: remove this attribute
     |
note: attribute also specified here
    --> /home/runner/work/Miner/Miner/references/round13-public-542/parse.rs:2173:1
     |
2173 | #[inline(always)]
     | ^^^^^^^^^^^^^^^^^
     = warning: this was previously accepted by the compiler but is being phased out; it will become a hard error in a future release!

error[E0308]: mismatched types
    --> /home/runner/work/Miner/Miner/candidates/r13-542-abs15-isolated/parse.rs:2254:44
     |
2254 |                 let g = pc_f_deepen(input, &prev, c, cl, p, f.0, f.1, dp, minl);
     |                         -----------        ^^^^^ expected `&[u16; 32768]`, found `&[u32; 32768]`
     |                         |
     |                         arguments to this function are incorrect
     |
     = note: expected reference `&[u16; 32768]`
                found reference `&[u32; 32768]`
note: function defined here
    --> /home/runner/work/Miner/Miner/candidates/r13-542-abs15-isolated/parse.rs:1930:8
     |
1930 | pub fn pc_f_deepen(s: &[u8], prev: &[u16; 32768], c: usize, c2: usize, p: usize, l: usize, d: usize, dp: usize, minl: usize) -> (u...
     |        ^^^^^^^^^^^           -------------------

warning: unused variable: `m`
   --> /home/runner/work/Miner/Miner/candidates/r13-542-abs15-isolated/parse.rs:594:143
    |
594 | ...input: &[u8], out: &mut [u32], m: usize, pos0: usize, ntok0: usize) -> usize {
    |                                   ^ help: if this is intentional, prefix it with an underscore: `_m`
    |
    = note: `#[warn(unused_variables)]` (part of `#[warn(unused)]`) on by default

warning: unused variable: `s`
   --> /home/runner/work/Miner/Miner/candidates/r13-542-abs15-isolated/parse.rs:898:22
    |
898 | pub fn fx0_put_match(s: &[u8], out: &mut [u32], nt: usize, p: usize, d: usize, l: usize) -> (usize, usize) {out[nt]=((d-1)as u32).w...
    |                      ^ help: if this is intentional, prefix it with an underscore: `_s`

warning: unused variable: `s`
    --> /home/runner/work/Miner/Miner/candidates/r13-542-abs15-isolated/parse.rs:1522:21
     |
1522 | pub fn pc_put_match(s:&[u8],out:&mut[u32],nt:usize,p:usize,d:usize,l:usize)->(usize,usize){
     |                     ^ help: if this is intentional, prefix it with an underscore: `_s`

warning: unused variable: `s`
    --> /home/runner/work/Miner/Miner/candidates/r13-542-abs15-isolated/parse.rs:2075:47
     |
2075 | #[inline(always)] pub fn pc_put_match_wrapped(s:&[u8],out:&mut[u32],nt:usize,p:usize,d:usize,l:usize)->(usize,usize){
     |                                               ^ help: if this is intentional, prefix it with an underscore: `_s`

warning: unused variable: `s`
    --> /home/runner/work/Miner/Miner/candidates/r13-542-abs15-isolated/parse.rs:2409:21
     |
2409 | pub fn q4_put_match(s: &[u8], out: &mut [u32], nt: usize, p: usize, d: usize, l: usize) -> (usize, usize) {out[nt]=((d-1)as u32).w...
     |                     ^ help: if this is intentional, prefix it with an underscore: `_s`

warning: unused variable: `s`
    --> /home/runner/work/Miner/Miner/candidates/r13-542-abs15-isolated/parse.rs:3905:27
     |
3905 | pub fn dx1_u118_put_match(s: &[u8], out: &mut [u32], nt: usize, p: usize, d: usize, l: usize) -> (usize, usize) {out[nt]=((d-1)as ...
     |                           ^ help: if this is intentional, prefix it with an underscore: `_s`

warning: unused variable: `m`
   --> /home/runner/work/Miner/Miner/references/round13-public-542/parse.rs:594:143
    |
594 | ...input: &[u8], out: &mut [u32], m: usize, pos0: usize, ntok0: usize) -> usize {
    |                                   ^ help: if this is intentional, prefix it with an underscore: `_m`

warning: unused variable: `s`
   --> /home/runner/work/Miner/Miner/references/round13-public-542/parse.rs:898:22
    |
898 | pub fn fx0_put_match(s: &[u8], out: &mut [u32], nt: usize, p: usize, d: usize, l: usize) -> (usize, usize) {out[nt]=((d-1)as u32).w...
    |                      ^ help: if this is intentional, prefix it with an underscore: `_s`

warning: unused variable: `s`
    --> /home/runner/work/Miner/Miner/references/round13-public-542/parse.rs:1522:21
     |
1522 | pub fn pc_put_match(s:&[u8],out:&mut[u32],nt:usize,p:usize,d:usize,l:usize)->(usize,usize){
     |                     ^ help: if this is intentional, prefix it with an underscore: `_s`

warning: unused variable: `s`
    --> /home/runner/work/Miner/Miner/references/round13-public-542/parse.rs:2063:47
     |
2063 | #[inline(always)] pub fn pc_put_match_wrapped(s:&[u8],out:&mut[u32],nt:usize,p:usize,d:usize,l:usize)->(usize,usize){
     |                                               ^ help: if this is intentional, prefix it with an underscore: `_s`

warning: unused variable: `s`
    --> /home/runner/work/Miner/Miner/references/round13-public-542/parse.rs:2397:21
     |
2397 | pub fn q4_put_match(s: &[u8], out: &mut [u32], nt: usize, p: usize, d: usize, l: usize) -> (usize, usize) {out[nt]=((d-1)as u32).w...
     |                     ^ help: if this is intentional, prefix it with an underscore: `_s`

warning: unused variable: `s`
    --> /home/runner/work/Miner/Miner/references/round13-public-542/parse.rs:3893:27
     |
3893 | pub fn dx1_u118_put_match(s: &[u8], out: &mut [u32], nt: usize, p: usize, d: usize, l: usize) -> (usize, usize) {out[nt]=((d-1)as ...
     |                           ^ help: if this is intentional, prefix it with an underscore: `_s`

error: aborting due to 1 previous error; 34 warnings emitted

For more information about this error, try `rustc --explain E0308`.
