R12_COUNT binary.db.bin 500000 0 0 0 0 0 0 0 0 59653 101155 38655 0
R12_COUNT bundle.min.js.txt 1000000 0 0 0 0 0 0 0 0 233799 348865 99609 0
R12_COUNT catalog.xml.txt 500000 0 0 0 0 0 0 0 0 49914 79403 26276 0
R12_COUNT compressed.bin 300000 0 0 0 0 0 0 0 0 2186 4365 0 0
R12_COUNT config.yaml.txt 400000 0 0 0 0 0 0 0 0 62821 99336 32765 0
R12_COUNT docs.md.txt 800000 0 0 0 0 0 0 0 0 165079 258736 86360 0
R12_COUNT dump.sql.txt 150000 0 0 0 0 0 0 0 0 11246 32186 8253 12563
R12_COUNT genome.fasta 900000 0 0 0 0 0 0 0 0 0 0 0 0
R12_COUNT images.bin 250000 0 0 0 0 0 0 0 0 24305 43706 1183 0
R12_COUNT lean.txt 1000000 0 0 0 0 0 0 0 0 171821 276979 100504 0
R12_COUNT machine-code.bin 500000 0 0 0 0 0 0 0 0 132739 212230 74286 0
R12_COUNT metrics.csv.txt 1300000 0 0 0 0 0 0 0 0 185195 396955 84692 117902
R12_COUNT multibyte.txt 1100000 0 0 0 0 0 0 0 0 206938 318956 99909 0
R12_COUNT page.html.txt 600000 0 0 0 0 0 0 0 0 78912 120717 36182 0
R12_COUNT prose.txt 1500000 0 0 0 0 0 0 0 0 393310 652242 258594 0
R12_COUNT records.json.txt 400000 0 0 0 0 0 0 0 0 37891 64817 9652 0
R12_COUNT server.log 300000 0 0 0 0 0 0 0 0 18999 39729 7630 9928
R12_COUNT source.c.txt 1400000 0 0 0 0 0 0 0 0 258493 418225 149640 0
R12_COUNT source.py.txt 600000 0 0 0 0 0 0 0 0 97538 158239 55409 0
R12_COUNT source.rs.txt 700000 0 0 0 0 0 0 0 0 99295 163446 58729 0
R12_COUNT sourcemap.map.txt 350000 0 0 0 0 0 0 0 0 52602 85932 30760 0
R12_COUNT sparse.bin 40000 0 0 0 0 0 0 0 0 0 0 0 0
R12_COUNT tiny-app.log 28000 0 0 0 0 0 0 0 0 0 0 0 0
R12_COUNT tiny-config.json.txt 12000 0 0 0 0 0 0 0 0 0 0 0 0
R12_COUNT weights-bf16.bin 450000 132571 92349 442 92791 0 0 0 277489 0 0 0 0
R12_COUNT weights-f16.bin 250000 0 0 0 0 0 0 0 0 1995 3983 0 0
R12_COUNT weights-f32.bin 350000 0 0 0 0 0 0 0 0 89460 135045 15880 0
R12_COUNT weights-q8.bin 250000 0 0 0 0 0 0 0 0 1995 3983 0 0
