[32m2026-10-06 22:36:32.094[0m | [34m[1mDEBUG   [0m | [36m__main__[0m:[36mmain[0m:[36m649[0m - [34m[1m[gate] benchmark sandbox: bwrap, 300s, 2048 MB, cpus=any[0m
[32m2026-10-06 22:36:32.096[0m | [34m[1mDEBUG   [0m | [36m__main__[0m:[36mstage_intake[0m:[36m261[0m - [34m[1m[gate] parse.rs f22c4fc3fff60f46 -> slot/generated/parse.rs[0m
[32m2026-10-06 22:36:32.097[0m | [34m[1mDEBUG   [0m | [36m__main__[0m:[36mstage_intake[0m:[36m261[0m - [34m[1m[gate] Parse.lean 9b77b3523cbf7044 -> lean/Proof/Parse.lean[0m
[32m2026-10-06 22:36:32.181[0m | [34m[1mDEBUG   [0m | [36msandbox.bwrap[0m:[36mrun[0m:[36m110[0m - [34m[1m[bwrap] rustup exit=0 in 0.0s[0m
[32m2026-10-06 22:36:32.924[0m | [34m[1mDEBUG   [0m | [36msandbox.bwrap[0m:[36mrun[0m:[36m110[0m - [34m[1m[bwrap] extract.sh exit=0 in 0.7s[0m
[32m2026-10-06 22:37:32.118[0m | [34m[1mDEBUG   [0m | [36msandbox.bwrap[0m:[36mrun[0m:[36m110[0m - [34m[1m[bwrap] extract.sh exit=0 in 58.5s[0m
[32m2026-10-06 22:37:32.119[0m | [34m[1mDEBUG   [0m | [36m__main__[0m:[36mstage_extract[0m:[36m356[0m - [34m[1m[gate] extracted Types.lean fd7d5f29e2c45ac0, Funs.lean ce646cf437890562, Constants.lean 3abcf636cc5a4ad8[0m
[32m2026-10-06 22:37:34.711[0m | [34m[1mDEBUG   [0m | [36msandbox.bwrap[0m:[36mrun[0m:[36m110[0m - [34m[1m[bwrap] lake exit=0 in 2.6s[0m
[32m2026-10-06 22:38:08.881[0m | [34m[1mDEBUG   [0m | [36msandbox.bwrap[0m:[36mrun[0m:[36m110[0m - [34m[1m[bwrap] lake exit=0 in 34.2s[0m
[32m2026-10-06 22:44:58.154[0m | [34m[1mDEBUG   [0m | [36msandbox.bwrap[0m:[36mrun[0m:[36m110[0m - [34m[1m[bwrap] lake exit=1 in 409.3s[0m
[32m2026-10-06 22:44:58.230[0m | [1mINFO    [0m | [36m__main__[0m:[36mfail[0m:[36m116[0m - [1m[gate] rejected at stage 4 (statement)[0m
verifying /home/runner/work/_temp/round4-receipts/input-r4-parse-299-eob1
workspace: /home/runner/work/_temp/deflate-upstream/data/verification-workspace/verify-zu6dj5z7

0 intake      ok — input-r4-parse-299-eob1: parse.rs, Parse.lean
1 policy      ok — source prefilters passed
2 static      ok — resolved operations: alloc::alloc::Global::{impl}::drop_glue, alloc::vec::Vec::{impl}::drop_glue, alloc::vec::{impl}::deref, alloc::vec::{impl}::deref_mut, alloc::vec::{impl}::index, alloc::vec::{impl}::index_mut, alloc::vec::{impl}::len, alloc::vec::{impl}::new, alloc::vec::{impl}::push, alloc::vec::{impl}::with_capacity, core::num::{impl}::leading_zeros, core::num::{impl}::saturating_add, core::num::{impl}::wrapping_add, core::num::{impl}::wrapping_mul, core::num::{impl}::wrapping_shr, core::num::{impl}::wrapping_sub, core::slice::index::{impl}::get, core::slice::index::{impl}::get_mut, core::slice::index::{impl}::get_unchecked, core::slice::index::{impl}::get_unchecked_mut, core::slice::index::{impl}::index, core::slice::index::{impl}::index_mut, core::slice::{impl}::len
3 extract     ok — charon+aeneas re-run by the verifier, no new axioms

REJECTED at stage 4 (statement)
  2.2.2.1 ≤ ↑p0 + 511 * ↑(ch1, cost1, lf1, df1, pe1, p11, t1).2.2.2.2.2.2
sl1 : Std.Array U32 512#usize
sd1 : Std.Array U32 32#usize
_✝³ : [> let(sl1, sd1) ← slot.a_add_counts sl_ bl lf1 sd_ bd df1 <]
_✝² : U32
index_mut_back : U32 → Std.Array U32 512#usize
_✝¹ : [> let(_✝², index_mut_back) ← sl1.index_mut_usize 256#usize <]
__post2 : index_mut_back = sl1.set 256#usize
__post1 : _✝² = (↑sl1)[256]
i : Usize
_✝ : [> let i ← k_ + 1#usize <]
i_post : ↑i = ↑k_ + 1
h✝ : ¬i < passes
x : Std.Array U32 256#usize × Std.Array U32 512#usize × Std.Array U32 32#usize
_ : [> let x ← slot.a_set_costs (index_mut_back 1#u32) sd1 lit_ lc_ dc_ <]
⊢ (do
      let (lit1, lc1, dc1, sl2) ←
        let (lit2, lc2, dc2) := x
          ok (lit2, lc2, dc2, index_mut_back 1#u32)
      ok (cont (ch1, cost1, lit1, lc1, dc1, lf1, df1, sl2, sd1, pe1, i, p11, t1))) ⦃
    r =>
    match r with
    | done y =>
      ↑y.2.2.2.2.2.2.2.2.2.2 ≤ ↑need ∧
        ↑p0 ≤ ↑y.2.2.2.2.2.2.2.2.2.1 ∧ ↑y.2.2.2.2.2.2.2.2.2.1 ≤ ↑p0 + 511 * ↑y.2.2.2.2.2.2.2.2.2.2
    | cont x' =>
      ↑p0 ≤ ↑x'.2.2.2.2.2.2.2.2.2.1 ∧
        ↑x'.2.2.2.2.2.2.2.2.2.1 ≤ ↑n ∧
          (↑x'.2.2.2.2.2.2.2.2.2.1 = ↑n ∨ ↑p0 + ↑slot.A_MARGIN ≤ ↑x'.2.2.2.2.2.2.2.2.2.1) ∧
            ↑x'.2.2.2.2.2.2.2.2.2.2.2.2 ≤ ↑need ∧
              ↑p0 ≤ ↑x'.2.2.2.2.2.2.2.2.2.2.2.1 ∧
                ↑x'.2.2.2.2.2.2.2.2.2.2.2.1 ≤ ↑p0 + 511 * ↑x'.2.2.2.2.2.2.2.2.2.2.2.2 ∧
                  ↑passes - ↑x'.2.2.2.2.2.2.2.2.2.2.1 < ↑passes - ↑k_ ⦄
Proof/Parse.lean:3648:23: warning: Used `tac1 <;> tac2` where `(tac1; tac2)` would suffice

Note: This linter can be disabled with `set_option linter.unnecessarySeqFocus false`
Proof/Parse.lean:3965:23: warning: Used `tac1 <;> tac2` where `(tac1; tac2)` would suffice

Note: This linter can be disabled with `set_option linter.unnecessarySeqFocus false`
Proof/Parse.lean:3971:25: warning: Used `tac1 <;> tac2` where `(tac1; tac2)` would suffice

Note: This linter can be disabled with `set_option linter.unnecessarySeqFocus false`
