warning: `cargo miri setup` failed for target `x86_64-unknown-linux-gnu`; falling back to rustc's default sysroot: error: 'cargo-miri' is not installed for the toolchain 'nightly-2026-08-18-x86_64-unknown-linux-gnu'.
help: run `rustup component add --toolchain nightly-2026-08-18-x86_64-unknown-linux-gnu miri` to install it
warning: value assigned to `k` is never read
    --> /home/runner/work/_temp/deflate-upstream/data/verification-workspace/verify-zu6dj5z7/slot/generated/parse.rs:2052:29
     |
2052 |                 let mut k = k0;
     |                             ^^ this value is reassigned later and never used
...
2061 |                     k = c_extend(s, c, p, k0, lim);
     |                     ------------------------------ `k` is overwritten here before the previous value is read
     |
     = note: `#[warn(unused_assignments)]` (part of `#[warn(unused)]`) on by default

warning: value assigned to `lt` is never read
    --> /home/runner/work/_temp/deflate-upstream/data/verification-workspace/verify-zu6dj5z7/slot/generated/parse.rs:1231:26
     |
1231 |             let mut lt = 0usize;
     |                          ^^^^^^ this value is reassigned later and never used
...
1257 |                 lt = if wc < wi { 1 } else { 0 };
     |                 -------------------------------- `lt` is overwritten here before the previous value is read

warning: 2 warnings emitted

