[32m2026-10-06 23:29:20.937[0m | [34m[1mDEBUG   [0m | [36m__main__[0m:[36mmain[0m:[36m649[0m - [34m[1m[gate] benchmark sandbox: bwrap, 300s, 2048 MB, cpus=any[0m
[32m2026-10-06 23:29:20.939[0m | [34m[1mDEBUG   [0m | [36m__main__[0m:[36mstage_intake[0m:[36m261[0m - [34m[1m[gate] parse.rs 6814b45429d9dbbb -> slot/generated/parse.rs[0m
[32m2026-10-06 23:29:20.941[0m | [34m[1mDEBUG   [0m | [36m__main__[0m:[36mstage_intake[0m:[36m261[0m - [34m[1m[gate] Parse.lean eec49d582853cddf -> lean/Proof/Parse.lean[0m
[32m2026-10-06 23:29:21.068[0m | [34m[1mDEBUG   [0m | [36msandbox.bwrap[0m:[36mrun[0m:[36m110[0m - [34m[1m[bwrap] rustup exit=0 in 0.0s[0m
[32m2026-10-06 23:29:22.513[0m | [34m[1mDEBUG   [0m | [36msandbox.bwrap[0m:[36mrun[0m:[36m110[0m - [34m[1m[bwrap] extract.sh exit=0 in 1.4s[0m
[32m2026-10-06 23:30:54.185[0m | [34m[1mDEBUG   [0m | [36msandbox.bwrap[0m:[36mrun[0m:[36m110[0m - [34m[1m[bwrap] extract.sh exit=0 in 90.2s[0m
[32m2026-10-06 23:30:54.187[0m | [34m[1mDEBUG   [0m | [36m__main__[0m:[36mstage_extract[0m:[36m356[0m - [34m[1m[gate] extracted Types.lean de86a0db484a2b33, Funs.lean f5e8a505c873b797, Constants.lean cef27cba8c9ca766[0m
[32m2026-10-06 23:30:56.877[0m | [34m[1mDEBUG   [0m | [36msandbox.bwrap[0m:[36mrun[0m:[36m110[0m - [34m[1m[bwrap] lake exit=0 in 2.7s[0m
[32m2026-10-06 23:31:58.883[0m | [34m[1mDEBUG   [0m | [36msandbox.bwrap[0m:[36mrun[0m:[36m110[0m - [34m[1m[bwrap] lake exit=0 in 62.0s[0m
[32m2026-10-06 23:44:04.292[0m | [34m[1mDEBUG   [0m | [36msandbox.bwrap[0m:[36mrun[0m:[36m110[0m - [34m[1m[bwrap] lake exit=0 in 725.4s[0m
[32m2026-10-06 23:44:08.409[0m | [34m[1mDEBUG   [0m | [36msandbox.bwrap[0m:[36mrun[0m:[36m110[0m - [34m[1m[bwrap] lake exit=0 in 4.1s[0m
[32m2026-10-06 23:44:10.619[0m | [34m[1mDEBUG   [0m | [36msandbox.bwrap[0m:[36mrun[0m:[36m110[0m - [34m[1m[bwrap] lake exit=0 in 2.2s[0m
[32m2026-10-06 23:44:10.620[0m | [34m[1mDEBUG   [0m | [36m__main__[0m:[36mstage_axioms[0m:[36m423[0m - [34m[1m[gate] axiom query stdout: "'accepted' depends on axioms: [propext, Classical.choice, Quot.sound]"[0m
[32m2026-10-06 23:44:10.627[0m | [1mINFO    [0m | [36m__main__[0m:[36mmain[0m:[36m703[0m - [1m[gate] verification accepted in 889.7s (bwrap, 900s, 16384 MB)[0m
[32m2026-10-06 23:44:10.870[0m | [34m[1mDEBUG   [0m | [36msandbox.bwrap[0m:[36mrun[0m:[36m110[0m - [34m[1m[bwrap] rustc exit=0 in 0.2s[0m
[32m2026-10-06 23:44:14.059[0m | [34m[1mDEBUG   [0m | [36msandbox.bwrap[0m:[36mrun[0m:[36m110[0m - [34m[1m[bwrap] cargo exit=0 in 3.2s[0m
[32m2026-10-06 23:44:14.060[0m | [34m[1mDEBUG   [0m | [36mbench.driver[0m:[36m_build[0m:[36m295[0m - [34m[1m[bench] built incumbent in 3.2s exit=0[0m
[32m2026-10-06 23:44:18.642[0m | [34m[1mDEBUG   [0m | [36msandbox.bwrap[0m:[36mrun[0m:[36m110[0m - [34m[1m[bwrap] cargo exit=0 in 4.6s[0m
[32m2026-10-06 23:44:18.642[0m | [34m[1mDEBUG   [0m | [36mbench.driver[0m:[36m_build[0m:[36m295[0m - [34m[1m[bench] built submission in 4.6s exit=0[0m
[32m2026-10-06 23:45:23.370[0m | [34m[1mDEBUG   [0m | [36msandbox.bwrap[0m:[36mrun[0m:[36m110[0m - [34m[1m[bwrap] measure exit=0 in 64.7s[0m
[32m2026-10-06 23:45:23.370[0m | [34m[1mDEBUG   [0m | [36mbench.driver[0m:[36m_measure[0m:[36m333[0m - [34m[1m[bench] measured submission in 64.7s exit=0[0m
verifying /home/runner/work/_temp/round4-receipts/input-r4-hybrid-h3r-smallc299
workspace: /home/runner/work/_temp/deflate-upstream/data/verification-workspace/verify-3f04hmb5

0 intake      ok — input-r4-hybrid-h3r-smallc299: parse.rs, Parse.lean
1 policy      ok — source prefilters passed
2 static      ok — resolved operations: alloc::alloc::Global::{impl}::drop_glue, alloc::vec::Vec::{impl}::drop_glue, alloc::vec::{impl}::deref, alloc::vec::{impl}::deref_mut, alloc::vec::{impl}::index, alloc::vec::{impl}::index_mut, alloc::vec::{impl}::len, alloc::vec::{impl}::new, alloc::vec::{impl}::push, alloc::vec::{impl}::with_capacity, core::num::{impl}::leading_zeros, core::num::{impl}::saturating_add, core::num::{impl}::saturating_sub, core::num::{impl}::wrapping_add, core::num::{impl}::wrapping_mul, core::num::{impl}::wrapping_shl, core::num::{impl}::wrapping_shr, core::num::{impl}::wrapping_sub, core::slice::index::{impl}::get, core::slice::index::{impl}::get_mut, core::slice::index::{impl}::get_unchecked, core::slice::index::{impl}::get_unchecked_mut, core::slice::index::{impl}::index, core::slice::index::{impl}::index_mut, core::slice::{impl}::len
3 extract     ok — charon+aeneas re-run by the verifier, no new axioms
4 statement   ok — `LZ77.Obligation slot.parse` typechecks (bwrap, 900s, 16384 MB)
5 axioms      ok — ['Classical.choice', 'Quot.sound', 'propext']; extraction intact
6 score       running…

Corpus: corpus-stage1
file                       raw  incumbent  submission
-----------------------------------------------------
binary.db.bin           500000      76338       71321
bundle.min.js.txt      1000000     301618      287503
catalog.xml.txt         500000      62314       58414
compressed.bin          300000     300194      299566
config.yaml.txt         400000      85384       81095
docs.md.txt             800000     226973      215595
dump.sql.txt            150000      20817       16440
genome.fasta            900000     292479      256489
images.bin              250000     223767      223464
lean.txt               1000000     235059      222941
machine-code.bin        500000     167357      159542
metrics.csv.txt        1300000     287282      252090
multibyte.txt          1100000     273630      254388
page.html.txt           600000     103618       99001
prose.txt              1500000     579041      541154
records.json.txt        400000      72255       69232
server.log              300000      29404       26033
source.c.txt           1400000     354325      333365
source.py.txt           600000     132748      125187
source.rs.txt           700000     134069      126134
sourcemap.map.txt       350000      68389       64433
sparse.bin               40000       1234        1193
tiny-app.log             28000        965         835
tiny-config.json.txt     12000       2107        2076
weights-bf16.bin        450000     362200      353965
weights-f16.bin         250000     216274      212660
weights-f32.bin         350000     284747      279059
weights-q8.bin          250000     236246      235572
-----------------------------------------------------
TOTAL                 15930000    5130834     4868747

method        bytes     ratio    lz77  encode   total  slowdown
--------------------------------------------------------------------------------------------------------------
incumbent   5130834  1.00000x  0.637s  0.219s  0.856s     1.00x  the incumbent
submission  4868747  0.94892x  4.243s  0.225s  4.469s     5.22x  ACCEPTED — 5.108% smaller than the incumbent.

ACCEPTED — 5.108% smaller than the incumbent.
