{
  "runs": 11,
  "paired_processes": 189,
  "candidates": [
    {
      "name": "chat-20261008-compact16",
      "time_change_pct_vs_parent": 1.571237702121242,
      "size_change_pp": 0.0,
      "family_point": {
        "name": "__round10_hypothetical_future__",
        "time_ratio": 0.4447534910617235,
        "compressed_pct": 36.999728556810254,
        "within_published_scoring_bounds": true,
        "on_updated_geometric_frontier": false,
        "dominating_existing_frontier_ids": [
          "481",
          "511",
          "535",
          "539",
          "546"
        ],
        "existing_frontier_ids_dominated_by_candidate": [],
        "geometric_share_fraction_of_competition_pareto_pool": 0.0,
        "geometric_share_pct_of_competition_pareto_pool": 0.0
      },
      "stress_point": {
        "name": "__round10_hypothetical_future__",
        "time_ratio": 0.4502832208854836,
        "compressed_pct": 37.00972855681025,
        "within_published_scoring_bounds": true,
        "on_updated_geometric_frontier": false,
        "dominating_existing_frontier_ids": [
          "481",
          "511",
          "535",
          "539",
          "543",
          "546"
        ],
        "existing_frontier_ids_dominated_by_candidate": [],
        "geometric_share_fraction_of_competition_pareto_pool": 0.0,
        "geometric_share_pct_of_competition_pareto_pool": 0.0
      },
      "gate": false
    },
    {
      "name": "r12-fast-pc507-pad64",
      "time_change_pct_vs_parent": -0.5801365105024603,
      "size_change_pp": 0.0,
      "family_point": {
        "name": "__round10_hypothetical_future__",
        "time_ratio": 0.43297372991449673,
        "compressed_pct": 36.685601872099376,
        "within_published_scoring_bounds": true,
        "on_updated_geometric_frontier": false,
        "dominating_existing_frontier_ids": [
          "539"
        ],
        "existing_frontier_ids_dominated_by_candidate": [],
        "geometric_share_fraction_of_competition_pareto_pool": 0.0,
        "geometric_share_pct_of_competition_pareto_pool": 0.0
      },
      "stress_point": {
        "name": "__round10_hypothetical_future__",
        "time_ratio": 0.4374047791403517,
        "compressed_pct": 36.695601872099374,
        "within_published_scoring_bounds": true,
        "on_updated_geometric_frontier": false,
        "dominating_existing_frontier_ids": [
          "535",
          "539"
        ],
        "existing_frontier_ids_dominated_by_candidate": [],
        "geometric_share_fraction_of_competition_pareto_pool": 0.0,
        "geometric_share_pct_of_competition_pareto_pool": 0.0
      },
      "gate": false
    },
    {
      "name": "r13-514-abs15",
      "time_change_pct_vs_parent": -0.059018136750410566,
      "size_change_pp": 0.0,
      "family_point": {
        "name": "__round10_hypothetical_future__",
        "time_ratio": 0.432013091613373,
        "compressed_pct": 36.65058590774305,
        "within_published_scoring_bounds": true,
        "on_updated_geometric_frontier": false,
        "dominating_existing_frontier_ids": [
          "539"
        ],
        "existing_frontier_ids_dominated_by_candidate": [],
        "geometric_share_fraction_of_competition_pareto_pool": 0.0,
        "geometric_share_pct_of_competition_pareto_pool": 0.0
      },
      "stress_point": {
        "name": "__round10_hypothetical_future__",
        "time_ratio": 0.4401530604021412,
        "compressed_pct": 36.66058590774305,
        "within_published_scoring_bounds": true,
        "on_updated_geometric_frontier": false,
        "dominating_existing_frontier_ids": [
          "481",
          "511",
          "535",
          "539"
        ],
        "existing_frontier_ids_dominated_by_candidate": [],
        "geometric_share_fraction_of_competition_pareto_pool": 0.0,
        "geometric_share_pct_of_competition_pareto_pool": 0.0
      },
      "gate": true
    },
    {
      "name": "r13-514-abs15-pad64",
      "time_change_pct_vs_parent": 0.1118030196865405,
      "size_change_pp": 0.0,
      "family_point": {
        "name": "__round10_hypothetical_future__",
        "time_ratio": 0.432207155200578,
        "compressed_pct": 36.65058590774305,
        "within_published_scoring_bounds": true,
        "on_updated_geometric_frontier": false,
        "dominating_existing_frontier_ids": [
          "539"
        ],
        "existing_frontier_ids_dominated_by_candidate": [],
        "geometric_share_fraction_of_competition_pareto_pool": 0.0,
        "geometric_share_pct_of_competition_pareto_pool": 0.0
      },
      "stress_point": {
        "name": "__round10_hypothetical_future__",
        "time_ratio": 0.43783309163426243,
        "compressed_pct": 36.66058590774305,
        "within_published_scoring_bounds": true,
        "on_updated_geometric_frontier": false,
        "dominating_existing_frontier_ids": [
          "535",
          "539"
        ],
        "existing_frontier_ids_dominated_by_candidate": [],
        "geometric_share_fraction_of_competition_pareto_pool": 0.0,
        "geometric_share_pct_of_competition_pareto_pool": 0.0
      },
      "gate": false
    },
    {
      "name": "r13-514-ef32-lits3",
      "time_change_pct_vs_parent": 1.2575948685506821,
      "size_change_pp": 0.040153061224494024,
      "family_point": {
        "name": "__round10_hypothetical_future__",
        "time_ratio": 0.43770439106104886,
        "compressed_pct": 36.69123522702126,
        "within_published_scoring_bounds": true,
        "on_updated_geometric_frontier": false,
        "dominating_existing_frontier_ids": [
          "535",
          "539"
        ],
        "existing_frontier_ids_dominated_by_candidate": [],
        "geometric_share_fraction_of_competition_pareto_pool": 0.0,
        "geometric_share_pct_of_competition_pareto_pool": 0.0
      },
      "stress_point": {
        "name": "__round10_hypothetical_future__",
        "time_ratio": 0.44261345845561223,
        "compressed_pct": 36.70123522702126,
        "within_published_scoring_bounds": true,
        "on_updated_geometric_frontier": false,
        "dominating_existing_frontier_ids": [
          "481",
          "511",
          "535",
          "539",
          "546"
        ],
        "existing_frontier_ids_dominated_by_candidate": [],
        "geometric_share_fraction_of_competition_pareto_pool": 0.0,
        "geometric_share_pct_of_competition_pareto_pool": 0.0
      },
      "gate": false
    },
    {
      "name": "r13-514-ef32-min4",
      "time_change_pct_vs_parent": 0.872355989451945,
      "size_change_pp": 0.03795918367347184,
      "family_point": {
        "name": "__round10_hypothetical_future__",
        "time_ratio": 0.4360391258608646,
        "compressed_pct": 36.689014234989536,
        "within_published_scoring_bounds": true,
        "on_updated_geometric_frontier": false,
        "dominating_existing_frontier_ids": [
          "535",
          "539"
        ],
        "existing_frontier_ids_dominated_by_candidate": [],
        "geometric_share_fraction_of_competition_pareto_pool": 0.0,
        "geometric_share_pct_of_competition_pareto_pool": 0.0
      },
      "stress_point": {
        "name": "__round10_hypothetical_future__",
        "time_ratio": 0.44045718192416755,
        "compressed_pct": 36.699014234989534,
        "within_published_scoring_bounds": true,
        "on_updated_geometric_frontier": false,
        "dominating_existing_frontier_ids": [
          "481",
          "511",
          "535",
          "539"
        ],
        "existing_frontier_ids_dominated_by_candidate": [],
        "geometric_share_fraction_of_competition_pareto_pool": 0.0,
        "geometric_share_pct_of_competition_pareto_pool": 0.0
      },
      "gate": false
    },
    {
      "name": "r13-514-pair64",
      "time_change_pct_vs_parent": 0.02751211271014853,
      "size_change_pp": 0.0,
      "family_point": {
        "name": "__round10_hypothetical_future__",
        "time_ratio": 0.43238713437231524,
        "compressed_pct": 36.65058590774305,
        "within_published_scoring_bounds": true,
        "on_updated_geometric_frontier": false,
        "dominating_existing_frontier_ids": [
          "539"
        ],
        "existing_frontier_ids_dominated_by_candidate": [],
        "geometric_share_fraction_of_competition_pareto_pool": 0.0,
        "geometric_share_pct_of_competition_pareto_pool": 0.0
      },
      "stress_point": {
        "name": "__round10_hypothetical_future__",
        "time_ratio": 0.4374693847331359,
        "compressed_pct": 36.66058590774305,
        "within_published_scoring_bounds": true,
        "on_updated_geometric_frontier": false,
        "dominating_existing_frontier_ids": [
          "535",
          "539"
        ],
        "existing_frontier_ids_dominated_by_candidate": [],
        "geometric_share_fraction_of_competition_pareto_pool": 0.0,
        "geometric_share_pct_of_competition_pareto_pool": 0.0
      },
      "gate": false
    },
    {
      "name": "r13-514-ef32-aux4",
      "time_change_pct_vs_parent": -0.07193035409113202,
      "size_change_pp": 0.03556122448979693,
      "family_point": {
        "name": "__round10_hypothetical_future__",
        "time_ratio": 0.43195727620282814,
        "compressed_pct": 36.68658663904789,
        "within_published_scoring_bounds": true,
        "on_updated_geometric_frontier": false,
        "dominating_existing_frontier_ids": [
          "539"
        ],
        "existing_frontier_ids_dominated_by_candidate": [],
        "geometric_share_fraction_of_competition_pareto_pool": 0.0,
        "geometric_share_pct_of_competition_pareto_pool": 0.0
      },
      "stress_point": {
        "name": "__round10_hypothetical_future__",
        "time_ratio": 0.43629786848101654,
        "compressed_pct": 36.69658663904789,
        "within_published_scoring_bounds": true,
        "on_updated_geometric_frontier": false,
        "dominating_existing_frontier_ids": [
          "535",
          "539"
        ],
        "existing_frontier_ids_dominated_by_candidate": [],
        "geometric_share_fraction_of_competition_pareto_pool": 0.0,
        "geometric_share_pct_of_competition_pareto_pool": 0.0
      },
      "gate": false
    },
    {
      "name": "r13-514-match-ahead",
      "time_change_pct_vs_parent": 1.298956987532618,
      "size_change_pp": 0.0,
      "family_point": {
        "name": "__round10_hypothetical_future__",
        "time_ratio": 0.4378831863516686,
        "compressed_pct": 36.65058590774305,
        "within_published_scoring_bounds": true,
        "on_updated_geometric_frontier": false,
        "dominating_existing_frontier_ids": [
          "535",
          "539"
        ],
        "existing_frontier_ids_dominated_by_candidate": [],
        "geometric_share_fraction_of_competition_pareto_pool": 0.0,
        "geometric_share_pct_of_competition_pareto_pool": 0.0
      },
      "stress_point": {
        "name": "__round10_hypothetical_future__",
        "time_ratio": 0.4430755325401625,
        "compressed_pct": 36.66058590774305,
        "within_published_scoring_bounds": true,
        "on_updated_geometric_frontier": false,
        "dominating_existing_frontier_ids": [
          "481",
          "511",
          "535",
          "539",
          "546"
        ],
        "existing_frontier_ids_dominated_by_candidate": [],
        "geometric_share_fraction_of_competition_pareto_pool": 0.0,
        "geometric_share_pct_of_competition_pareto_pool": 0.0
      },
      "gate": false
    },
    {
      "name": "r13-514-expired0",
      "time_change_pct_vs_parent": 1.1948084459752595,
      "size_change_pp": 0.0,
      "family_point": {
        "name": "__round10_hypothetical_future__",
        "time_ratio": 0.43743298531715424,
        "compressed_pct": 36.65058590774305,
        "within_published_scoring_bounds": true,
        "on_updated_geometric_frontier": false,
        "dominating_existing_frontier_ids": [
          "535",
          "539"
        ],
        "existing_frontier_ids_dominated_by_candidate": [],
        "geometric_share_fraction_of_competition_pareto_pool": 0.0,
        "geometric_share_pct_of_competition_pareto_pool": 0.0
      },
      "stress_point": {
        "name": "__round10_hypothetical_future__",
        "time_ratio": 0.44213639304694136,
        "compressed_pct": 36.66058590774305,
        "within_published_scoring_bounds": true,
        "on_updated_geometric_frontier": false,
        "dominating_existing_frontier_ids": [
          "481",
          "511",
          "535",
          "539",
          "546"
        ],
        "existing_frontier_ids_dominated_by_candidate": [],
        "geometric_share_fraction_of_competition_pareto_pool": 0.0,
        "geometric_share_pct_of_competition_pareto_pool": 0.0
      },
      "gate": false
    },
    {
      "name": "r13-514-rescue-gain",
      "time_change_pct_vs_parent": 0.22870206732981124,
      "size_change_pp": -0.007855848021023348,
      "family_point": {
        "name": "__round10_hypothetical_future__",
        "time_ratio": 0.43325681458434,
        "compressed_pct": 36.64263296805005,
        "within_published_scoring_bounds": true,
        "on_updated_geometric_frontier": false,
        "dominating_existing_frontier_ids": [
          "539"
        ],
        "existing_frontier_ids_dominated_by_candidate": [],
        "geometric_share_fraction_of_competition_pareto_pool": 0.0,
        "geometric_share_pct_of_competition_pareto_pool": 0.0
      },
      "stress_point": {
        "name": "__round10_hypothetical_future__",
        "time_ratio": 0.43859758000239946,
        "compressed_pct": 36.65263296805005,
        "within_published_scoring_bounds": true,
        "on_updated_geometric_frontier": false,
        "dominating_existing_frontier_ids": [
          "535",
          "539"
        ],
        "existing_frontier_ids_dominated_by_candidate": [],
        "geometric_share_fraction_of_competition_pareto_pool": 0.0,
        "geometric_share_pct_of_competition_pareto_pool": 0.0
      },
      "gate": false
    },
    {
      "name": "r13-542-abs15-privatecalls",
      "time_change_pct_vs_parent": -0.231754682246621,
      "size_change_pp": -1.0714285714641392e-05,
      "family_point": {
        "name": "__round10_hypothetical_future__",
        "time_ratio": 0.4435567864627241,
        "compressed_pct": 36.21503132992828,
        "within_published_scoring_bounds": true,
        "on_updated_geometric_frontier": false,
        "dominating_existing_frontier_ids": [
          "546"
        ],
        "existing_frontier_ids_dominated_by_candidate": [],
        "geometric_share_fraction_of_competition_pareto_pool": 0.0,
        "geometric_share_pct_of_competition_pareto_pool": 0.0
      },
      "stress_point": {
        "name": "__round10_hypothetical_future__",
        "time_ratio": 0.4480490455264521,
        "compressed_pct": 36.22503132992828,
        "within_published_scoring_bounds": true,
        "on_updated_geometric_frontier": false,
        "dominating_existing_frontier_ids": [
          "543",
          "546"
        ],
        "existing_frontier_ids_dominated_by_candidate": [],
        "geometric_share_fraction_of_competition_pareto_pool": 0.0,
        "geometric_share_pct_of_competition_pareto_pool": 0.0
      },
      "gate": false
    }
  ]
}
Failed to find real location of C:\Python314\python.exe
