ENCODER_NATIVE 0 binary.db.bin public514 82894 50441
ENCODER_NATIVE 0 binary.db.bin r13-514-abs15 82894 50441
ENCODER_NATIVE 0 binary.db.bin r16-514-text-minlazy 82894 50441
ENCODER_NATIVE 0 binary.db.bin r16-514-binary-minlazy 82683 50422
ENCODER_NATIVE 1 bundle.min.js.txt public514 325697 190824
ENCODER_NATIVE 1 bundle.min.js.txt r13-514-abs15 325697 190824
ENCODER_NATIVE 1 bundle.min.js.txt r16-514-text-minlazy 325697 190824
ENCODER_NATIVE 1 bundle.min.js.txt r16-514-binary-minlazy 320220 191894
ENCODER_NATIVE 2 catalog.xml.txt public514 69271 45579
ENCODER_NATIVE 2 catalog.xml.txt r13-514-abs15 69271 45579
ENCODER_NATIVE 2 catalog.xml.txt r16-514-text-minlazy 68406 45712
ENCODER_NATIVE 2 catalog.xml.txt r16-514-binary-minlazy 69271 45579
ENCODER_NATIVE 3 compressed.bin public514 300095 300000
ENCODER_NATIVE 3 compressed.bin r13-514-abs15 300095 300000
ENCODER_NATIVE 3 compressed.bin r16-514-text-minlazy 300095 300000
ENCODER_NATIVE 3 compressed.bin r16-514-binary-minlazy 300095 300000
ENCODER_NATIVE 4 config.yaml.txt public514 90556 59218
ENCODER_NATIVE 4 config.yaml.txt r13-514-abs15 90556 59218
ENCODER_NATIVE 4 config.yaml.txt r16-514-text-minlazy 89701 59138
ENCODER_NATIVE 4 config.yaml.txt r16-514-binary-minlazy 90556 59218
ENCODER_NATIVE 5 docs.md.txt public514 243632 157463
ENCODER_NATIVE 5 docs.md.txt r13-514-abs15 243632 157463
ENCODER_NATIVE 5 docs.md.txt r16-514-text-minlazy 240645 157628
ENCODER_NATIVE 5 docs.md.txt r16-514-binary-minlazy 243632 157463
ENCODER_NATIVE 6 dump.sql.txt public514 19941 15151
ENCODER_NATIVE 6 dump.sql.txt r13-514-abs15 19941 15151
ENCODER_NATIVE 6 dump.sql.txt r16-514-text-minlazy 19941 15151
ENCODER_NATIVE 6 dump.sql.txt r16-514-binary-minlazy 19941 15151
ENCODER_NATIVE 7 genome.fasta public514 283718 176189
ENCODER_NATIVE 7 genome.fasta r13-514-abs15 283718 176189
ENCODER_NATIVE 7 genome.fasta r16-514-text-minlazy 283718 176189
ENCODER_NATIVE 7 genome.fasta r16-514-binary-minlazy 283718 176189
ENCODER_NATIVE 8 images.bin public514 229171 226885
ENCODER_NATIVE 8 images.bin r13-514-abs15 229171 226885
ENCODER_NATIVE 8 images.bin r16-514-text-minlazy 229171 226885
ENCODER_NATIVE 8 images.bin r16-514-binary-minlazy 229171 226885
ENCODER_NATIVE 9 lean.txt public514 264653 161293
ENCODER_NATIVE 9 lean.txt r13-514-abs15 264653 161293
ENCODER_NATIVE 9 lean.txt r16-514-text-minlazy 264653 161293
ENCODER_NATIVE 9 lean.txt r16-514-binary-minlazy 264653 161293
ENCODER_NATIVE 10 machine-code.bin public514 171918 122482
ENCODER_NATIVE 10 machine-code.bin r13-514-abs15 171918 122482
ENCODER_NATIVE 10 machine-code.bin r16-514-text-minlazy 171918 122482
ENCODER_NATIVE 10 machine-code.bin r16-514-binary-minlazy 171674 123034
ENCODER_NATIVE 11 metrics.csv.txt public514 284703 220653
ENCODER_NATIVE 11 metrics.csv.txt r13-514-abs15 284703 220653
ENCODER_NATIVE 11 metrics.csv.txt r16-514-text-minlazy 284703 220653
ENCODER_NATIVE 11 metrics.csv.txt r16-514-binary-minlazy 284703 220653
ENCODER_NATIVE 12 multibyte.txt public514 292855 196725
ENCODER_NATIVE 12 multibyte.txt r13-514-abs15 292855 196725
ENCODER_NATIVE 12 multibyte.txt r16-514-text-minlazy 289728 197909
ENCODER_NATIVE 12 multibyte.txt r16-514-binary-minlazy 292855 196725
ENCODER_NATIVE 13 page.html.txt public514 111342 75088
ENCODER_NATIVE 13 page.html.txt r13-514-abs15 111342 75088
ENCODER_NATIVE 13 page.html.txt r16-514-text-minlazy 110038 74961
ENCODER_NATIVE 13 page.html.txt r16-514-binary-minlazy 111342 75088
ENCODER_NATIVE 14 prose.txt public514 620035 365040
ENCODER_NATIVE 14 prose.txt r13-514-abs15 620035 365040
ENCODER_NATIVE 14 prose.txt r16-514-text-minlazy 610468 371649
ENCODER_NATIVE 14 prose.txt r16-514-binary-minlazy 620035 365040
ENCODER_NATIVE 15 records.json.txt public514 75503 78317
ENCODER_NATIVE 15 records.json.txt r13-514-abs15 75503 78317
ENCODER_NATIVE 15 records.json.txt r16-514-text-minlazy 74975 78159
ENCODER_NATIVE 15 records.json.txt r16-514-binary-minlazy 75503 78317
ENCODER_NATIVE 16 server.log public514 29230 23582
ENCODER_NATIVE 16 server.log r13-514-abs15 29230 23582
ENCODER_NATIVE 16 server.log r16-514-text-minlazy 29230 23582
ENCODER_NATIVE 16 server.log r16-514-binary-minlazy 29230 23582
ENCODER_NATIVE 17 source.c.txt public514 380012 235866
ENCODER_NATIVE 17 source.c.txt r13-514-abs15 380012 235866
ENCODER_NATIVE 17 source.c.txt r16-514-text-minlazy 375654 235313
ENCODER_NATIVE 17 source.c.txt r16-514-binary-minlazy 380012 235866
ENCODER_NATIVE 18 source.py.txt public514 141452 88808
ENCODER_NATIVE 18 source.py.txt r13-514-abs15 141452 88808
ENCODER_NATIVE 18 source.py.txt r16-514-text-minlazy 139937 88511
ENCODER_NATIVE 18 source.py.txt r16-514-binary-minlazy 141452 88808
ENCODER_NATIVE 19 source.rs.txt public514 144447 88318
ENCODER_NATIVE 19 source.rs.txt r13-514-abs15 144447 88318
ENCODER_NATIVE 19 source.rs.txt r16-514-text-minlazy 142671 87809
ENCODER_NATIVE 19 source.rs.txt r16-514-binary-minlazy 144447 88318
ENCODER_NATIVE 20 sourcemap.map.txt public514 75873 48664
ENCODER_NATIVE 20 sourcemap.map.txt r13-514-abs15 75873 48664
ENCODER_NATIVE 20 sourcemap.map.txt r16-514-text-minlazy 75528 48651
ENCODER_NATIVE 20 sourcemap.map.txt r16-514-binary-minlazy 75873 48664
ENCODER_NATIVE 21 sparse.bin public514 1270 1458
ENCODER_NATIVE 21 sparse.bin r13-514-abs15 1270 1458
ENCODER_NATIVE 21 sparse.bin r16-514-text-minlazy 1270 1458
ENCODER_NATIVE 21 sparse.bin r16-514-binary-minlazy 1270 1458
ENCODER_NATIVE 22 tiny-app.log public514 1270 998
ENCODER_NATIVE 22 tiny-app.log r13-514-abs15 1270 998
ENCODER_NATIVE 22 tiny-app.log r16-514-text-minlazy 1270 998
ENCODER_NATIVE 22 tiny-app.log r16-514-binary-minlazy 1270 998
ENCODER_NATIVE 23 tiny-config.json.txt public514 2487 3094
ENCODER_NATIVE 23 tiny-config.json.txt r13-514-abs15 2487 3094
ENCODER_NATIVE 23 tiny-config.json.txt r16-514-text-minlazy 2487 3094
ENCODER_NATIVE 23 tiny-config.json.txt r16-514-binary-minlazy 2487 3094
ENCODER_NATIVE 24 weights-bf16.bin public514 365611 265242
ENCODER_NATIVE 24 weights-bf16.bin r13-514-abs15 365611 265242
ENCODER_NATIVE 24 weights-bf16.bin r16-514-text-minlazy 365611 265242
ENCODER_NATIVE 24 weights-bf16.bin r16-514-binary-minlazy 365611 265242
ENCODER_NATIVE 25 weights-f16.bin public514 212660 250000
ENCODER_NATIVE 25 weights-f16.bin r13-514-abs15 212660 250000
ENCODER_NATIVE 25 weights-f16.bin r16-514-text-minlazy 212660 250000
ENCODER_NATIVE 25 weights-f16.bin r16-514-binary-minlazy 212660 250000
ENCODER_NATIVE 26 weights-f32.bin public514 284138 285782
ENCODER_NATIVE 26 weights-f32.bin r13-514-abs15 284138 285782
ENCODER_NATIVE 26 weights-f32.bin r16-514-text-minlazy 284138 285782
ENCODER_NATIVE 26 weights-f32.bin r16-514-binary-minlazy 284138 285782
ENCODER_NATIVE 27 weights-q8.bin public514 235572 250000
ENCODER_NATIVE 27 weights-q8.bin r13-514-abs15 235572 250000
ENCODER_NATIVE 27 weights-q8.bin r16-514-text-minlazy 235572 250000
ENCODER_NATIVE 27 weights-q8.bin r16-514-binary-minlazy 235572 250000
