R15_FUNCTION binary.db.bin 500000 1 120300168 1 54060142 0 0 0 0 0 0 22 63842 7 144592 0 0 0 0 0 0 0 0
R15_FUNCTION bundle.min.js.txt 1000000 1 152052939 0 0 0 0 0 0 0 0 68 155092 0 0 0 0 0 0 0 0 0 0
R15_FUNCTION catalog.xml.txt 500000 1 40818589 0 0 0 0 0 0 0 0 0 0 0 0 0 0 0 0 0 0 0 0
R15_FUNCTION compressed.bin 300000 1 9942080 0 0 0 0 0 0 0 0 0 0 0 0 1 9282924 1 242635 1 7008703 0 0
R15_FUNCTION config.yaml.txt 400000 1 79680061 1 32221730 1 78797266 119 44426700 14 14858884 23 53743 4 36068 0 0 0 0 0 0 0 0
R15_FUNCTION docs.md.txt 800000 1 148611220 1 60058012 1 146567980 172 82003525 24 15831757 34 81314 15 142916 0 0 0 0 0 0 0 0
R15_FUNCTION dump.sql.txt 150000 1 20099013 0 0 0 0 0 0 0 0 0 0 0 0 0 0 0 0 0 0 0 0
R15_FUNCTION genome.fasta 900000 1 96035489 0 0 0 0 0 0 0 0 0 0 0 0 1 93273353 12 52663634 0 0 1 25908119
R15_FUNCTION images.bin 250000 1 13684373 0 0 0 0 0 0 0 0 0 0 0 0 1 12698305 2 2487872 1 8358002 0 0
R15_FUNCTION lean.txt 1000000 1 159633274 1 76924708 1 155893286 148 74870502 18 14493019 27 69081 8 88825 0 0 0 0 0 0 0 0
R15_FUNCTION machine-code.bin 500000 1 173790322 0 0 0 0 0 0 0 0 0 0 0 0 0 0 0 0 0 0 0 0
R15_FUNCTION metrics.csv.txt 1300000 1 212378372 0 0 0 0 0 0 0 0 0 0 0 0 0 0 0 0 0 0 0 0
R15_FUNCTION multibyte.txt 1100000 1 276027353 0 0 0 0 0 0 0 0 0 0 0 0 0 0 0 0 0 0 0 0
R15_FUNCTION page.html.txt 600000 1 44467887 0 0 0 0 0 0 0 0 0 0 0 0 0 0 0 0 0 0 0 0
R15_FUNCTION prose.txt 1500000 1 284545062 1 119876815 1 280114135 411 151651295 73 47242409 102 190976 19 120505 0 0 0 0 0 0 0 0
R15_FUNCTION records.json.txt 400000 1 18377848 0 0 0 0 0 0 0 0 0 0 0 0 0 0 0 0 0 0 0 0
R15_FUNCTION server.log 300000 1 21466161 0 0 0 0 0 0 0 0 0 0 0 0 0 0 0 0 0 0 0 0
R15_FUNCTION source.c.txt 1400000 1 233263116 1 114460834 1 229884140 213 109928526 25 21886793 39 88304 12 89947 0 0 0 0 0 0 0 0
R15_FUNCTION source.py.txt 600000 1 118957746 1 55089769 1 117580647 84 60249316 10 10361553 18 43170 5 42151 0 0 0 0 0 0 0 0
R15_FUNCTION source.rs.txt 700000 1 152707945 0 0 0 0 0 0 0 0 26 60376 0 0 0 0 0 0 0 0 0 0
R15_FUNCTION sourcemap.map.txt 350000 1 84340313 0 0 0 0 0 0 0 0 0 0 0 0 0 0 0 0 0 0 0 0
R15_FUNCTION sparse.bin 40000 1 342160 0 0 0 0 0 0 0 0 0 0 0 0 1 288320 1 45706 1 149490 0 0
R15_FUNCTION tiny-app.log 28000 1 919141 0 0 0 0 0 0 0 0 0 0 0 0 0 0 0 0 0 0 0 0
R15_FUNCTION tiny-config.json.txt 12000 1 545662 0 0 0 0 0 0 0 0 0 0 0 0 0 0 0 0 0 0 0 0
R15_FUNCTION weights-bf16.bin 450000 1 14883471 0 0 0 0 0 0 0 0 0 0 0 0 1 13867868 3 1184448 1 7575326 0 0
R15_FUNCTION weights-f16.bin 250000 1 1516159 0 0 0 0 0 0 0 0 0 0 0 0 1 960488 0 0 0 0 0 0
R15_FUNCTION weights-f32.bin 350000 1 13248439 0 0 0 0 0 0 0 0 0 0 0 0 1 12350667 2 2175644 1 7483613 0 0
R15_FUNCTION weights-q8.bin 250000 1 1972283 0 0 0 0 0 0 0 0 0 0 0 0 1 949749 0 0 0 0 0 0
