TOKEN_CHANGE r21-sf-608-seambias public608 binary.db.bin
TOKEN_CHANGE r21-sf-603-seambias base603 binary.db.bin
TOKEN_CHANGE r21-sf-608-seambias public608 bundle.min.js.txt
TOKEN_CHANGE r21-sf-603-seambias base603 bundle.min.js.txt
TOKEN_CHANGE r21-sf-608-seambias public608 config.yaml.txt
TOKEN_CHANGE r21-sf-603-seambias base603 config.yaml.txt
TOKEN_CHANGE r21-sf-603-seambias base603 docs.md.txt
TOKEN_CHANGE r21-sf-608-seambias public608 dump.sql.txt
TOKEN_CHANGE r21-sf-608-seambias public608 images.bin
TOKEN_CHANGE r21-sf-608-seambias public608 lean.txt
TOKEN_CHANGE r21-sf-603-seambias base603 lean.txt
TOKEN_CHANGE r21-sf-608-seambias public608 metrics.csv.txt
TOKEN_CHANGE r21-sf-603-seambias base603 metrics.csv.txt
TOKEN_CHANGE r21-sf-608-seambias public608 multibyte.txt
TOKEN_CHANGE r21-sf-608-seambias public608 page.html.txt
TOKEN_CHANGE r21-sf-603-seambias base603 page.html.txt
TOKEN_CHANGE r21-sf-603-seambias base603 prose.txt
TOKEN_CHANGE r21-sf-603-seambias base603 server.log
TOKEN_CHANGE r21-sf-608-seambias public608 source.c.txt
TOKEN_CHANGE r21-sf-603-seambias base603 source.c.txt
TOKEN_CHANGE r21-sf-608-seambias public608 source.py.txt
TOKEN_CHANGE r21-sf-603-seambias base603 source.py.txt
TOKEN_CHANGE r21-sf-608-seambias public608 source.rs.txt
TOKEN_CHANGE r21-sf-603-seambias base603 source.rs.txt
TOKEN_CHANGE r21-sf-603-seambias base603 synthetic-98305-2-987654321
EQUIVALENCE_RESULT r21-sf-608-seambias public608 540 0
EQUIVALENCE_RESULT r21-sf-603-seambias base603 540 0
EQUIVALENCE_RESULT r21-sf-prevdist16 base603 540 0
EQUIVALENCE_RESULT r21-608-prevdist16 public608 540 0
