verifying /home/runner/work/_temp/round4-receipts/exact-gate/input
workspace: /home/runner/work/_temp/deflate-upstream/data/verification-workspace/verify-3c1cv86h

0 intake      ok — input: parse.rs, Parse.lean
1 policy      ok — source prefilters passed
2 static      ok — resolved operations: core::num::{impl}::leading_zeros, core::num::{impl}::saturating_add, core::num::{impl}::wrapping_add, core::num::{impl}::wrapping_mul, core::num::{impl}::wrapping_sub, core::slice::{impl}::len
3 extract     ok — charon+aeneas re-run by the verifier, no new axioms
4 statement   ok — `LZ77.Obligation slot.parse` typechecks (bwrap, 900s, 16384 MB)
5 axioms      ok — ['Classical.choice', 'Quot.sound', 'propext']; extraction intact
6 score       running…

Corpus: corpus-stage1
file                       raw  incumbent  submission
-----------------------------------------------------
binary.db.bin           500000      76338       83172
bundle.min.js.txt      1000000     301618      321313
catalog.xml.txt         500000      62314       69210
compressed.bin          300000     300194      300095
config.yaml.txt         400000      85384       90556
docs.md.txt             800000     226973      243356
dump.sql.txt            150000      20817       19948
genome.fasta            900000     292479      283718
images.bin              250000     223767      229936
lean.txt               1000000     235059      257487
machine-code.bin        500000     167357      172126
metrics.csv.txt        1300000     287282      284703
multibyte.txt          1100000     273630      292468
page.html.txt           600000     103618      111258
prose.txt              1500000     579041      604061
records.json.txt        400000      72255       75503
server.log              300000      29404       29343
source.c.txt           1400000     354325      379921
source.py.txt           600000     132748      141417
source.rs.txt           700000     134069      144386
sourcemap.map.txt       350000      68389       75873
sparse.bin               40000       1234        1270
tiny-app.log             28000        965        1214
tiny-config.json.txt     12000       2107        2487
weights-bf16.bin        450000     362200      365611
weights-f16.bin         250000     216274      212660
weights-f32.bin         350000     284747      284138
weights-q8.bin          250000     236246      235572
-----------------------------------------------------
TOTAL                 15930000    5130834     5312802

method        bytes     ratio    lz77  encode   total  slowdown
-------------------------------------------------------------------------------------------------------------------
incumbent   5130834  1.00000x  0.551s  0.203s  0.754s     1.00x  the incumbent
submission  5312802  1.03547x  0.052s  0.212s  0.265s     0.35x  no improvement — 3.547% larger than the incumbent.

no improvement — 3.547% larger than the incumbent.
[32m2026-10-10 02:18:20.021[0m | [34m[1mDEBUG   [0m | [36m__main__[0m:[36mmain[0m:[36m649[0m - [34m[1m[gate] benchmark sandbox: bwrap, 300s, 2048 MB, cpus=any[0m
[32m2026-10-10 02:18:20.024[0m | [34m[1mDEBUG   [0m | [36m__main__[0m:[36mstage_intake[0m:[36m261[0m - [34m[1m[gate] parse.rs b83d5bd410c23171 -> slot/generated/parse.rs[0m
[32m2026-10-10 02:18:20.026[0m | [34m[1mDEBUG   [0m | [36m__main__[0m:[36mstage_intake[0m:[36m261[0m - [34m[1m[gate] Parse.lean 5719a7fd7c02f879 -> lean/Proof/Parse.lean[0m
[32m2026-10-10 02:18:20.189[0m | [34m[1mDEBUG   [0m | [36msandbox.bwrap[0m:[36mrun[0m:[36m110[0m - [34m[1m[bwrap] rustup exit=0 in 0.0s[0m
[32m2026-10-10 02:18:21.229[0m | [34m[1mDEBUG   [0m | [36msandbox.bwrap[0m:[36mrun[0m:[36m110[0m - [34m[1m[bwrap] extract.sh exit=0 in 1.0s[0m
[32m2026-10-10 02:18:42.184[0m | [34m[1mDEBUG   [0m | [36msandbox.bwrap[0m:[36mrun[0m:[36m110[0m - [34m[1m[bwrap] extract.sh exit=0 in 19.9s[0m
[32m2026-10-10 02:18:42.186[0m | [34m[1mDEBUG   [0m | [36m__main__[0m:[36mstage_extract[0m:[36m356[0m - [34m[1m[gate] extracted Types.lean f57377e01f087167, Funs.lean f885d2f625113aae, Constants.lean 574bdb21fbd486ee[0m
[32m2026-10-10 02:18:44.960[0m | [34m[1mDEBUG   [0m | [36msandbox.bwrap[0m:[36mrun[0m:[36m110[0m - [34m[1m[bwrap] lake exit=0 in 2.8s[0m
[32m2026-10-10 02:19:35.063[0m | [34m[1mDEBUG   [0m | [36msandbox.bwrap[0m:[36mrun[0m:[36m110[0m - [34m[1m[bwrap] lake exit=0 in 50.1s[0m
[32m2026-10-10 02:26:18.840[0m | [34m[1mDEBUG   [0m | [36msandbox.bwrap[0m:[36mrun[0m:[36m110[0m - [34m[1m[bwrap] lake exit=0 in 403.8s[0m
[32m2026-10-10 02:26:21.698[0m | [34m[1mDEBUG   [0m | [36msandbox.bwrap[0m:[36mrun[0m:[36m110[0m - [34m[1m[bwrap] lake exit=0 in 2.8s[0m
[32m2026-10-10 02:26:24.523[0m | [34m[1mDEBUG   [0m | [36msandbox.bwrap[0m:[36mrun[0m:[36m110[0m - [34m[1m[bwrap] lake exit=0 in 2.8s[0m
[32m2026-10-10 02:26:24.526[0m | [34m[1mDEBUG   [0m | [36m__main__[0m:[36mstage_axioms[0m:[36m423[0m - [34m[1m[gate] axiom query stdout: "'accepted' depends on axioms: [propext, Classical.choice, Quot.sound]"[0m
[32m2026-10-10 02:26:24.530[0m | [1mINFO    [0m | [36m__main__[0m:[36mmain[0m:[36m703[0m - [1m[gate] verification accepted in 484.6s (bwrap, 900s, 16384 MB)[0m
[32m2026-10-10 02:26:24.583[0m | [34m[1mDEBUG   [0m | [36msandbox.bwrap[0m:[36mrun[0m:[36m110[0m - [34m[1m[bwrap] rustc exit=0 in 0.0s[0m
[32m2026-10-10 02:26:26.984[0m | [34m[1mDEBUG   [0m | [36msandbox.bwrap[0m:[36mrun[0m:[36m110[0m - [34m[1m[bwrap] cargo exit=0 in 2.4s[0m
[32m2026-10-10 02:26:26.984[0m | [34m[1mDEBUG   [0m | [36mbench.driver[0m:[36m_build[0m:[36m295[0m - [34m[1m[bench] built incumbent in 2.4s exit=0[0m
[32m2026-10-10 02:26:32.040[0m | [34m[1mDEBUG   [0m | [36msandbox.bwrap[0m:[36mrun[0m:[36m110[0m - [34m[1m[bwrap] cargo exit=0 in 5.1s[0m
[32m2026-10-10 02:26:32.040[0m | [34m[1mDEBUG   [0m | [36mbench.driver[0m:[36m_build[0m:[36m295[0m - [34m[1m[bench] built submission in 5.1s exit=0[0m
[32m2026-10-10 02:26:44.991[0m | [34m[1mDEBUG   [0m | [36msandbox.bwrap[0m:[36mrun[0m:[36m110[0m - [34m[1m[bwrap] measure exit=0 in 13.0s[0m
[32m2026-10-10 02:26:44.991[0m | [34m[1mDEBUG   [0m | [36mbench.driver[0m:[36m_measure[0m:[36m333[0m - [34m[1m[bench] measured submission in 13.0s exit=0[0m
