warning: value assigned to `k` is never read
    --> /home/runner/work/Miner/Miner/candidates/r7-mid361-walk-outline/parse.rs:4012:29
     |
4012 |                 let mut k = k0;
     |                             ^^ this value is reassigned later and never used
...
4021 |                     k = c_extend(s, c, p, k0, lim);
     |                     ------------------------------ `k` is overwritten here before the previous value is read
     |
     = note: `#[warn(unused_assignments)]` (part of `#[warn(unused)]`) on by default

warning: value assigned to `k` is never read
    --> /home/runner/work/Miner/Miner/references/round7-public-361/parse.rs:4012:29
     |
4012 |                 let mut k = k0;
     |                             ^^ this value is reassigned later and never used
...
4021 |                     k = c_extend(s, c, p, k0, lim);
     |                     ------------------------------ `k` is overwritten here before the previous value is read

warning: value assigned to `k` is never read
    --> /home/runner/work/Miner/Miner/candidates/r7-mid361-rc-outline/parse.rs:4012:29
     |
4012 |                 let mut k = k0;
     |                             ^^ this value is reassigned later and never used
...
4021 |                     k = c_extend(s, c, p, k0, lim);
     |                     ------------------------------ `k` is overwritten here before the previous value is read

warning: value assigned to `k` is never read
    --> /home/runner/work/Miner/Miner/candidates/r7-mid361-relax-contiguous/parse.rs:4026:29
     |
4026 |                 let mut k = k0;
     |                             ^^ this value is reassigned later and never used
...
4035 |                     k = c_extend(s, c, p, k0, lim);
     |                     ------------------------------ `k` is overwritten here before the previous value is read

warning: 4 warnings emitted

