R10_PACKED_BOUNDARY {"cases":39,"single_word_zero_node":true,"allocated_input_bytes":0}
R10_PACKED_PUBLIC {"file_index":0,"file":"/home/runner/work/_temp/deflate-upstream/data/benchmark/corpus-stage1/binary.db.bin","bytes":500000,"route_class":4,"row":1,"nodes":66839,"old_words":238044,"new_words":171205,"saved_words":66839,"saved_bytes":267356,"firstplan_equal":true,"node_stream_equal":true}
R10_PACKED_PUBLIC {"file_index":1,"file":"/home/runner/work/_temp/deflate-upstream/data/benchmark/corpus-stage1/bundle.min.js.txt","bytes":1000000,"route_class":11,"row":7,"nodes":355022,"old_words":1202627,"new_words":847605,"saved_words":355022,"saved_bytes":1420088,"firstplan_equal":true,"node_stream_equal":true}
R10_PACKED_PUBLIC {"file_index":2,"file":"/home/runner/work/_temp/deflate-upstream/data/benchmark/corpus-stage1/catalog.xml.txt","bytes":500000,"route_class":5,"row":5,"nodes":66930,"old_words":234116,"new_words":167186,"saved_words":66930,"saved_bytes":267720,"firstplan_equal":true,"node_stream_equal":true}
R10_PACKED_PUBLIC_SKIP {"file_index":3,"file":"/home/runner/work/_temp/deflate-upstream/data/benchmark/corpus-stage1/compressed.bin","bytes":300000,"route_class":3,"engine":0}
R10_PACKED_PUBLIC {"file_index":4,"file":"/home/runner/work/_temp/deflate-upstream/data/benchmark/corpus-stage1/config.yaml.txt","bytes":400000,"route_class":12,"row":8,"nodes":99941,"old_words":355883,"new_words":255942,"saved_words":99941,"saved_bytes":399764,"firstplan_equal":true,"node_stream_equal":true}
R10_PACKED_PUBLIC {"file_index":5,"file":"/home/runner/work/_temp/deflate-upstream/data/benchmark/corpus-stage1/docs.md.txt","bytes":800000,"route_class":12,"row":8,"nodes":284551,"old_words":1014160,"new_words":729609,"saved_words":284551,"saved_bytes":1138204,"firstplan_equal":true,"node_stream_equal":true}
R10_PACKED_PUBLIC {"file_index":6,"file":"/home/runner/work/_temp/deflate-upstream/data/benchmark/corpus-stage1/dump.sql.txt","bytes":150000,"route_class":8,"row":4,"nodes":36161,"old_words":123103,"new_words":86942,"saved_words":36161,"saved_bytes":144644,"firstplan_equal":true,"node_stream_equal":true}
R10_PACKED_PUBLIC_SKIP {"file_index":7,"file":"/home/runner/work/_temp/deflate-upstream/data/benchmark/corpus-stage1/genome.fasta","bytes":900000,"route_class":1,"engine":0}
R10_PACKED_PUBLIC_SKIP {"file_index":8,"file":"/home/runner/work/_temp/deflate-upstream/data/benchmark/corpus-stage1/images.bin","bytes":250000,"route_class":3,"engine":0}
R10_PACKED_PUBLIC {"file_index":9,"file":"/home/runner/work/_temp/deflate-upstream/data/benchmark/corpus-stage1/lean.txt","bytes":1000000,"route_class":12,"row":8,"nodes":304806,"old_words":1087071,"new_words":782265,"saved_words":304806,"saved_bytes":1219224,"firstplan_equal":true,"node_stream_equal":true}
R10_PACKED_PUBLIC {"file_index":10,"file":"/home/runner/work/_temp/deflate-upstream/data/benchmark/corpus-stage1/machine-code.bin","bytes":500000,"route_class":4,"row":1,"nodes":174865,"old_words":613190,"new_words":438325,"saved_words":174865,"saved_bytes":699460,"firstplan_equal":true,"node_stream_equal":true}
R10_PACKED_PUBLIC {"file_index":11,"file":"/home/runner/work/_temp/deflate-upstream/data/benchmark/corpus-stage1/metrics.csv.txt","bytes":1300000,"route_class":7,"row":3,"nodes":377114,"old_words":1277349,"new_words":900235,"saved_words":377114,"saved_bytes":1508456,"firstplan_equal":true,"node_stream_equal":true}
R10_PACKED_PUBLIC {"file_index":12,"file":"/home/runner/work/_temp/deflate-upstream/data/benchmark/corpus-stage1/multibyte.txt","bytes":1100000,"route_class":13,"row":9,"nodes":413776,"old_words":1505571,"new_words":1091795,"saved_words":413776,"saved_bytes":1655104,"firstplan_equal":true,"node_stream_equal":true}
R10_PACKED_PUBLIC {"file_index":13,"file":"/home/runner/work/_temp/deflate-upstream/data/benchmark/corpus-stage1/page.html.txt","bytes":600000,"route_class":6,"row":5,"nodes":99163,"old_words":335009,"new_words":235846,"saved_words":99163,"saved_bytes":396652,"firstplan_equal":true,"node_stream_equal":true}
R10_PACKED_PUBLIC {"file_index":14,"file":"/home/runner/work/_temp/deflate-upstream/data/benchmark/corpus-stage1/prose.txt","bytes":1500000,"route_class":15,"row":10,"nodes":1142245,"old_words":4386283,"new_words":3244038,"saved_words":1142245,"saved_bytes":4568980,"firstplan_equal":true,"node_stream_equal":true}
R10_PACKED_PUBLIC {"file_index":15,"file":"/home/runner/work/_temp/deflate-upstream/data/benchmark/corpus-stage1/records.json.txt","bytes":400000,"route_class":10,"row":6,"nodes":30698,"old_words":112252,"new_words":81554,"saved_words":30698,"saved_bytes":122792,"firstplan_equal":true,"node_stream_equal":true}
R10_PACKED_PUBLIC_SKIP {"file_index":16,"file":"/home/runner/work/_temp/deflate-upstream/data/benchmark/corpus-stage1/server.log","bytes":300000,"route_class":9,"engine":3}
R10_PACKED_PUBLIC {"file_index":17,"file":"/home/runner/work/_temp/deflate-upstream/data/benchmark/corpus-stage1/source.c.txt","bytes":1400000,"route_class":12,"row":8,"nodes":444929,"old_words":1612256,"new_words":1167327,"saved_words":444929,"saved_bytes":1779716,"firstplan_equal":true,"node_stream_equal":true}
R10_PACKED_PUBLIC {"file_index":18,"file":"/home/runner/work/_temp/deflate-upstream/data/benchmark/corpus-stage1/source.py.txt","bytes":600000,"route_class":12,"row":8,"nodes":164350,"old_words":596700,"new_words":432350,"saved_words":164350,"saved_bytes":657400,"firstplan_equal":true,"node_stream_equal":true}
R10_PACKED_PUBLIC {"file_index":19,"file":"/home/runner/work/_temp/deflate-upstream/data/benchmark/corpus-stage1/source.rs.txt","bytes":700000,"route_class":12,"row":8,"nodes":164491,"old_words":593520,"new_words":429029,"saved_words":164491,"saved_bytes":657964,"firstplan_equal":true,"node_stream_equal":true}
R10_PACKED_PUBLIC {"file_index":20,"file":"/home/runner/work/_temp/deflate-upstream/data/benchmark/corpus-stage1/sourcemap.map.txt","bytes":350000,"route_class":11,"row":7,"nodes":83212,"old_words":297257,"new_words":214045,"saved_words":83212,"saved_bytes":332848,"firstplan_equal":true,"node_stream_equal":true}
R10_PACKED_PUBLIC_SKIP {"file_index":21,"file":"/home/runner/work/_temp/deflate-upstream/data/benchmark/corpus-stage1/sparse.bin","bytes":40000,"route_class":2,"engine":3}
R10_PACKED_PUBLIC_SKIP {"file_index":22,"file":"/home/runner/work/_temp/deflate-upstream/data/benchmark/corpus-stage1/tiny-app.log","bytes":28000,"route_class":0,"engine":3}
R10_PACKED_PUBLIC {"file_index":23,"file":"/home/runner/work/_temp/deflate-upstream/data/benchmark/corpus-stage1/tiny-config.json.txt","bytes":12000,"route_class":14,"row":0,"nodes":654,"old_words":2136,"new_words":1482,"saved_words":654,"saved_bytes":2616,"firstplan_equal":true,"node_stream_equal":true}
R10_PACKED_PUBLIC_SKIP {"file_index":24,"file":"/home/runner/work/_temp/deflate-upstream/data/benchmark/corpus-stage1/weights-bf16.bin","bytes":450000,"route_class":3,"engine":0}
R10_PACKED_PUBLIC_SKIP {"file_index":25,"file":"/home/runner/work/_temp/deflate-upstream/data/benchmark/corpus-stage1/weights-f16.bin","bytes":250000,"route_class":3,"engine":0}
R10_PACKED_PUBLIC_SKIP {"file_index":26,"file":"/home/runner/work/_temp/deflate-upstream/data/benchmark/corpus-stage1/weights-f32.bin","bytes":350000,"route_class":3,"engine":0}
R10_PACKED_PUBLIC_SKIP {"file_index":27,"file":"/home/runner/work/_temp/deflate-upstream/data/benchmark/corpus-stage1/weights-q8.bin","bytes":250000,"route_class":3,"engine":0}
R10_PACKED_PUBLIC_TOTAL {"files":28,"d_routes":18,"skipped_non_d":10}
