R10_PACKED_SYNTHETIC {"file_index":0,"file":"/home/runner/work/_temp/round10-packed-build/generated-synthetic-inputs/source-like.txt","bytes":220484,"forced_d_row":1,"nodes":14500,"old_words":56555,"new_words":42055,"saved_words":14500,"saved_bytes":58000,"firstplan_equal":true,"node_stream_equal":true}
R10_PACKED_SYNTHETIC {"file_index":0,"file":"/home/runner/work/_temp/round10-packed-build/generated-synthetic-inputs/source-like.txt","bytes":220484,"forced_d_row":5,"nodes":21999,"old_words":88082,"new_words":66083,"saved_words":21999,"saved_bytes":87996,"firstplan_equal":true,"node_stream_equal":true}
R10_PACKED_SYNTHETIC {"file_index":0,"file":"/home/runner/work/_temp/round10-packed-build/generated-synthetic-inputs/source-like.txt","bytes":220484,"forced_d_row":8,"nodes":29362,"old_words":113980,"new_words":84618,"saved_words":29362,"saved_bytes":117448,"firstplan_equal":true,"node_stream_equal":true}
R10_PACKED_SYNTHETIC {"file_index":1,"file":"/home/runner/work/_temp/round10-packed-build/generated-synthetic-inputs/short-log.txt","bytes":32505,"forced_d_row":1,"nodes":7177,"old_words":24966,"new_words":17789,"saved_words":7177,"saved_bytes":28708,"firstplan_equal":true,"node_stream_equal":true}
R10_PACKED_SYNTHETIC {"file_index":1,"file":"/home/runner/work/_temp/round10-packed-build/generated-synthetic-inputs/short-log.txt","bytes":32505,"forced_d_row":5,"nodes":7271,"old_words":25234,"new_words":17963,"saved_words":7271,"saved_bytes":29084,"firstplan_equal":true,"node_stream_equal":true}
R10_PACKED_SYNTHETIC {"file_index":1,"file":"/home/runner/work/_temp/round10-packed-build/generated-synthetic-inputs/short-log.txt","bytes":32505,"forced_d_row":8,"nodes":8336,"old_words":30718,"new_words":22382,"saved_words":8336,"saved_bytes":33344,"firstplan_equal":true,"node_stream_equal":true}
R10_PACKED_SYNTHETIC {"file_index":2,"file":"/home/runner/work/_temp/round10-packed-build/generated-synthetic-inputs/table.csv","bytes":193765,"forced_d_row":1,"nodes":119605,"old_words":437354,"new_words":317749,"saved_words":119605,"saved_bytes":478420,"firstplan_equal":true,"node_stream_equal":true}
R10_PACKED_SYNTHETIC {"file_index":2,"file":"/home/runner/work/_temp/round10-packed-build/generated-synthetic-inputs/table.csv","bytes":193765,"forced_d_row":5,"nodes":119460,"old_words":434023,"new_words":314563,"saved_words":119460,"saved_bytes":477840,"firstplan_equal":true,"node_stream_equal":true}
R10_PACKED_SYNTHETIC {"file_index":2,"file":"/home/runner/work/_temp/round10-packed-build/generated-synthetic-inputs/table.csv","bytes":193765,"forced_d_row":8,"nodes":129558,"old_words":478931,"new_words":349373,"saved_words":129558,"saved_bytes":518232,"firstplan_equal":true,"node_stream_equal":true}
R10_PACKED_SYNTHETIC {"file_index":3,"file":"/home/runner/work/_temp/round10-packed-build/generated-synthetic-inputs/multilingual.txt","bytes":163270,"forced_d_row":1,"nodes":6309,"old_words":22561,"new_words":16252,"saved_words":6309,"saved_bytes":25236,"firstplan_equal":true,"node_stream_equal":true}
R10_PACKED_SYNTHETIC {"file_index":3,"file":"/home/runner/work/_temp/round10-packed-build/generated-synthetic-inputs/multilingual.txt","bytes":163270,"forced_d_row":5,"nodes":6384,"old_words":22689,"new_words":16305,"saved_words":6384,"saved_bytes":25536,"firstplan_equal":true,"node_stream_equal":true}
R10_PACKED_SYNTHETIC {"file_index":3,"file":"/home/runner/work/_temp/round10-packed-build/generated-synthetic-inputs/multilingual.txt","bytes":163270,"forced_d_row":8,"nodes":7079,"old_words":24807,"new_words":17728,"saved_words":7079,"saved_bytes":28316,"firstplan_equal":true,"node_stream_equal":true}
R10_PACKED_SYNTHETIC {"file_index":4,"file":"/home/runner/work/_temp/round10-packed-build/generated-synthetic-inputs/random.bin","bytes":131101,"forced_d_row":1,"nodes":106,"old_words":317,"new_words":211,"saved_words":106,"saved_bytes":424,"firstplan_equal":true,"node_stream_equal":true}
R10_PACKED_SYNTHETIC {"file_index":4,"file":"/home/runner/work/_temp/round10-packed-build/generated-synthetic-inputs/random.bin","bytes":131101,"forced_d_row":5,"nodes":106,"old_words":317,"new_words":211,"saved_words":106,"saved_bytes":424,"firstplan_equal":true,"node_stream_equal":true}
R10_PACKED_SYNTHETIC {"file_index":4,"file":"/home/runner/work/_temp/round10-packed-build/generated-synthetic-inputs/random.bin","bytes":131101,"forced_d_row":8,"nodes":106,"old_words":317,"new_words":211,"saved_words":106,"saved_bytes":424,"firstplan_equal":true,"node_stream_equal":true}
R10_PACKED_SYNTHETIC {"file_index":5,"file":"/home/runner/work/_temp/round10-packed-build/generated-synthetic-inputs/window-boundary.bin","bytes":73735,"forced_d_row":1,"nodes":43,"old_words":128,"new_words":85,"saved_words":43,"saved_bytes":172,"firstplan_equal":true,"node_stream_equal":true}
R10_PACKED_SYNTHETIC {"file_index":5,"file":"/home/runner/work/_temp/round10-packed-build/generated-synthetic-inputs/window-boundary.bin","bytes":73735,"forced_d_row":5,"nodes":43,"old_words":128,"new_words":85,"saved_words":43,"saved_bytes":172,"firstplan_equal":true,"node_stream_equal":true}
R10_PACKED_SYNTHETIC {"file_index":5,"file":"/home/runner/work/_temp/round10-packed-build/generated-synthetic-inputs/window-boundary.bin","bytes":73735,"forced_d_row":8,"nodes":43,"old_words":128,"new_words":85,"saved_words":43,"saved_bytes":172,"firstplan_equal":true,"node_stream_equal":true}
R10_PACKED_SYNTHETIC {"file_index":6,"file":"/home/runner/work/_temp/round10-packed-build/generated-synthetic-inputs/sparse.bin","bytes":53803,"forced_d_row":1,"nodes":762,"old_words":6081,"new_words":5319,"saved_words":762,"saved_bytes":3048,"firstplan_equal":true,"node_stream_equal":true}
R10_PACKED_SYNTHETIC {"file_index":6,"file":"/home/runner/work/_temp/round10-packed-build/generated-synthetic-inputs/sparse.bin","bytes":53803,"forced_d_row":5,"nodes":762,"old_words":6081,"new_words":5319,"saved_words":762,"saved_bytes":3048,"firstplan_equal":true,"node_stream_equal":true}
R10_PACKED_SYNTHETIC {"file_index":6,"file":"/home/runner/work/_temp/round10-packed-build/generated-synthetic-inputs/sparse.bin","bytes":53803,"forced_d_row":8,"nodes":762,"old_words":6082,"new_words":5320,"saved_words":762,"saved_bytes":3048,"firstplan_equal":true,"node_stream_equal":true}
R10_PACKED_SYNTHETIC {"file_index":7,"file":"/home/runner/work/_temp/round10-packed-build/generated-synthetic-inputs/tiny-structured.txt","bytes":15588,"forced_d_row":1,"nodes":1143,"old_words":4295,"new_words":3152,"saved_words":1143,"saved_bytes":4572,"firstplan_equal":true,"node_stream_equal":true}
R10_PACKED_SYNTHETIC {"file_index":7,"file":"/home/runner/work/_temp/round10-packed-build/generated-synthetic-inputs/tiny-structured.txt","bytes":15588,"forced_d_row":5,"nodes":1868,"old_words":7130,"new_words":5262,"saved_words":1868,"saved_bytes":7472,"firstplan_equal":true,"node_stream_equal":true}
R10_PACKED_SYNTHETIC {"file_index":7,"file":"/home/runner/work/_temp/round10-packed-build/generated-synthetic-inputs/tiny-structured.txt","bytes":15588,"forced_d_row":8,"nodes":1947,"old_words":7635,"new_words":5688,"saved_words":1947,"saved_bytes":7788,"firstplan_equal":true,"node_stream_equal":true}
