baseline	Install official verification toolchain	﻿2026-10-05T17:53:55.4320496Z ##[group]Run bash scripts/ci-setup.sh
baseline	Install official verification toolchain	2026-10-05T17:53:55.4320849Z ^[[36;1mbash scripts/ci-setup.sh^[[0m
baseline	Install official verification toolchain	2026-10-05T17:53:55.4389611Z shell: /usr/bin/bash -e {0}
baseline	Install official verification toolchain	2026-10-05T17:53:55.4389896Z env:
baseline	Install official verification toolchain	2026-10-05T17:53:55.4390209Z   DEFLATE_ROOT: /home/runner/work/_temp/deflate-upstream
baseline	Install official verification toolchain	2026-10-05T17:53:55.4390680Z   ELAN_HOME: /home/runner/work/_temp/deflate-upstream/validator/.work/elan
baseline	Install official verification toolchain	2026-10-05T17:53:55.4391145Z   XDG_CACHE_HOME: /home/runner/work/_temp/deflate-cache
baseline	Install official verification toolchain	2026-10-05T17:53:55.4391527Z   UV_CACHE_DIR: /home/runner/work/_temp/deflate-cache/uv
baseline	Install official verification toolchain	2026-10-05T17:53:55.4391857Z   XDG_RUNTIME_DIR: /run/user/1001
baseline	Install official verification toolchain	2026-10-05T17:53:55.4392171Z   DBUS_SESSION_BUS_ADDRESS: unix:path=/run/user/1001/bus
baseline	Install official verification toolchain	2026-10-05T17:53:55.4392745Z   VERIFY_CORPUS: corpus-stage1
baseline	Install official verification toolchain	2026-10-05T17:53:55.4393071Z   VERIFY_SANDBOX: bwrap
baseline	Install official verification toolchain	2026-10-05T17:53:55.4393380Z   GIT_TERMINAL_PROMPT: 0
baseline	Install official verification toolchain	2026-10-05T17:53:55.4393627Z ##[endgroup]
baseline	Install official verification toolchain	2026-10-05T17:53:55.4772862Z info: syncing channel updates for nightly-2026-08-18-x86_64-unknown-linux-gnu
baseline	Install official verification toolchain	2026-10-05T17:53:55.5734649Z info: latest update on 2026-08-18 for version 1.100.0-nightly (8fa1c96cf 2026-08-17)
baseline	Install official verification toolchain	2026-10-05T17:53:55.5735232Z info: downloading 6 components
baseline	Install official verification toolchain	2026-10-05T17:54:15.8015160Z
baseline	Install official verification toolchain	2026-10-05T17:54:15.8085918Z   nightly-2026-08-18-x86_64-unknown-linux-gnu installed - rustc 1.100.0-nightly (8fa1c96cf 2026-08-17)
baseline	Install official verification toolchain	2026-10-05T17:54:15.8086667Z
baseline	Install official verification toolchain	2026-10-05T17:54:15.8196872Z
baseline	Install official verification toolchain	2026-10-05T17:54:15.8197477Z ^[[1m1/9  System packages^[[0m
baseline	Install official verification toolchain	2026-10-05T17:54:15.8201974Z   ^[[32m✓^[[0m cc, curl, python3, git, bubblewrap present
baseline	Install official verification toolchain	2026-10-05T17:54:15.8202642Z
baseline	Install official verification toolchain	2026-10-05T17:54:15.8202851Z ^[[1m2/9  just (1.58.0)^[[0m
baseline	Install official verification toolchain	2026-10-05T17:54:15.8204067Z   ^[[33m·^[[0m installing into ~/.local/bin
baseline	Install official verification toolchain	2026-10-05T17:54:16.1735625Z   ^[[32m✓^[[0m installed ~/.local/bin/just
baseline	Install official verification toolchain	2026-10-05T17:54:16.1741412Z
baseline	Install official verification toolchain	2026-10-05T17:54:16.1741624Z ^[[1m3/9  uv (0.12.15)^[[0m
baseline	Install official verification toolchain	2026-10-05T17:54:16.1743667Z   ^[[33m·^[[0m installing into ~/.local/bin
baseline	Install official verification toolchain	2026-10-05T17:54:17.0830058Z   ^[[32m✓^[[0m installed ~/.local/bin/uv
baseline	Install official verification toolchain	2026-10-05T17:54:17.0836096Z
baseline	Install official verification toolchain	2026-10-05T17:54:17.0836555Z ^[[1m4/9  Python environment (.venv, from pyproject.toml)^[[0m
baseline	Install official verification toolchain	2026-10-05T17:54:17.0837252Z   ^[[33m·^[[0m syncing .venv from pyproject.toml
baseline	Install official verification toolchain	2026-10-05T17:54:18.2999458Z   ^[[32m✓^[[0m .venv ready
baseline	Install official verification toolchain	2026-10-05T17:54:18.3183981Z   ^[[33m·^[[0m bittensor SDK absent - miners do not need it; validators run ./setup.sh --chain
baseline	Install official verification toolchain	2026-10-05T17:54:18.3184668Z
baseline	Install official verification toolchain	2026-10-05T17:54:18.3184919Z ^[[1m5/9  Trusted-input audit^[[0m
baseline	Install official verification toolchain	2026-10-05T17:54:18.3185793Z   ^[[32m✓^[[0m gate worker records observed code and benchmark identities
baseline	Install official verification toolchain	2026-10-05T17:54:18.3186470Z
baseline	Install official verification toolchain	2026-10-05T17:54:18.3186778Z ^[[1m6/9  Configuration (.env)^[[0m
baseline	Install official verification toolchain	2026-10-05T17:54:18.3206171Z   ^[[32m✓^[[0m created .env from .env.example - edit it for a validator
baseline	Install official verification toolchain	2026-10-05T17:54:18.3206786Z
baseline	Install official verification toolchain	2026-10-05T17:54:18.3207377Z ^[[1m7/9  Scoring corpus (corpus-stage1, the benchmark default)^[[0m
baseline	Install official verification toolchain	2026-10-05T17:54:18.3208546Z   ^[[33m·^[[0m fetching corpus-stage1 (and corpus-stage2, if reachable)
baseline	Install official verification toolchain	2026-10-05T17:54:18.3254613Z bash /home/runner/work/_temp/deflate-upstream/scripts/pull-corpus.sh
baseline	Install official verification toolchain	2026-10-05T17:54:19.2374282Z stage 1  28 files, 15930000 bytes, at 0260078
baseline	Install official verification toolchain	2026-10-05T17:54:19.4097656Z stage 2  unavailable (https://github.com/conjectures-io/conjectures-compression-corpus-2) -- skipping the held-out corpus.
baseline	Install official verification toolchain	2026-10-05T17:54:19.4108402Z   ^[[32m✓^[[0m data/benchmark/corpus-stage1 ready
baseline	Install official verification toolchain	2026-10-05T17:54:21.7394155Z     Updating crates.io index
baseline	Install official verification toolchain	2026-10-05T17:54:22.0612259Z  Downloading crates ...
baseline	Install official verification toolchain	2026-10-05T17:54:22.0837818Z   Downloaded zmij v1.0.23
baseline	Install official verification toolchain	2026-10-05T17:54:22.1448326Z   Downloaded proc-macro2 v1.0.107
baseline	Install official verification toolchain	2026-10-05T17:54:22.1489144Z   Downloaded itoa v1.0.18
baseline	Install official verification toolchain	2026-10-05T17:54:22.1505638Z   Downloaded quote v1.0.47
baseline	Install official verification toolchain	2026-10-05T17:54:22.1534949Z   Downloaded unicode-ident v1.0.26
baseline	Install official verification toolchain	2026-10-05T17:54:22.1566154Z   Downloaded serde_core v1.0.229
baseline	Install official verification toolchain	2026-10-05T17:54:22.1594508Z   Downloaded serde_json v1.0.151
baseline	Install official verification toolchain	2026-10-05T17:54:22.1671112Z   Downloaded memchr v2.8.3
baseline	Install official verification toolchain	2026-10-05T17:54:22.1886608Z   Downloaded syn v2.0.119
baseline	Install official verification toolchain	2026-10-05T17:54:22.2957420Z    Compiling proc-macro2 v1.0.107
baseline	Install official verification toolchain	2026-10-05T17:54:22.2958750Z    Compiling serde_core v1.0.229
baseline	Install official verification toolchain	2026-10-05T17:54:22.2959218Z    Compiling quote v1.0.47
baseline	Install official verification toolchain	2026-10-05T17:54:22.2959604Z    Compiling unicode-ident v1.0.26
baseline	Install official verification toolchain	2026-10-05T17:54:26.4109589Z    Compiling zmij v1.0.23
baseline	Install official verification toolchain	2026-10-05T17:54:28.5298071Z    Compiling serde_json v1.0.151
baseline	Install official verification toolchain	2026-10-05T17:54:28.6013241Z    Compiling itoa v1.0.18
baseline	Install official verification toolchain	2026-10-05T17:54:29.3520775Z    Compiling memchr v2.8.3
baseline	Install official verification toolchain	2026-10-05T17:54:30.2900937Z    Compiling syn v2.0.119
baseline	Install official verification toolchain	2026-10-05T17:54:39.0009900Z    Compiling submission-precheck v0.1.0 (/home/runner/work/_temp/deflate-upstream/validator/precheck)
baseline	Install official verification toolchain	2026-10-05T17:54:40.3447102Z     Finished `release` profile [optimized] target(s) in 20.21s
baseline	Install official verification toolchain	2026-10-05T17:54:40.3692591Z
baseline	Install official verification toolchain	2026-10-05T17:54:40.3693596Z ^[[1m8/9  Slot (validator/slot/src/parse.rs is a symlink to generated/, gitignored)^[[0m
baseline	Install official verification toolchain	2026-10-05T17:54:40.3725836Z   ^[[32m✓^[[0m seeded validator/slot/generated/parse.rs from miner/template
baseline	Install official verification toolchain	2026-10-05T17:54:40.3726363Z
baseline	Install official verification toolchain	2026-10-05T17:54:40.3726620Z ^[[1m9/9  Toolchain: Lean, Aeneas, Charon, Mathlib^[[0m
baseline	Install official verification toolchain	2026-10-05T17:54:40.3793481Z
baseline	Install official verification toolchain	2026-10-05T17:54:40.3793840Z ^[[1m1/6  Lean toolchain (leanprover/lean4:v4.31.0)^[[0m
baseline	Install official verification toolchain	2026-10-05T17:54:40.3794681Z   ^[[33m·^[[0m elan not found — installing into /home/runner/work/_temp/deflate-upstream/validator/.work/elan
baseline	Install official verification toolchain	2026-10-05T17:54:40.7805197Z info: default toolchain set to 'leanprover/lean4:v4.31.0'
baseline	Install official verification toolchain	2026-10-05T17:54:40.7863914Z   ^[[32m✓^[[0m installed elan at /home/runner/work/_temp/deflate-upstream/validator/.work/elan
baseline	Install official verification toolchain	2026-10-05T17:54:53.5827038Z   ^[[32m✓^[[0m Lean (version 4.31.0, x86_64-unknown-linux-gnu, commit 68218e876d2a38b1985b8590fff244a83c321783, Release)
baseline	Install official verification toolchain	2026-10-05T17:54:53.5828012Z
baseline	Install official verification toolchain	2026-10-05T17:54:53.5828594Z ^[[1m2/6  Aeneas + Charon (nightly-2026.08.27-5b9dcf3 release)^[[0m
baseline	Install official verification toolchain	2026-10-05T17:54:53.5829593Z   ^[[33m·^[[0m not found — fetching the nightly-2026.08.27-5b9dcf3 release (~120 MB)
baseline	Install official verification toolchain	2026-10-05T17:54:59.6013739Z   ^[[32m✓^[[0m installed aeneas and charon at /home/runner/work/_temp/deflate-upstream/validator/.work/aeneas
baseline	Install official verification toolchain	2026-10-05T17:54:59.6015080Z
baseline	Install official verification toolchain	2026-10-05T17:54:59.6015870Z ^[[1m3/6  Rust nightly for charon-driver (nightly-2026-08-18 + rustc-dev)^[[0m
baseline	Install official verification toolchain	2026-10-05T17:54:59.6105177Z   ^[[32m✓^[[0m nightly-2026-08-18 installed
baseline	Install official verification toolchain	2026-10-05T17:54:59.6105599Z
baseline	Install official verification toolchain	2026-10-05T17:54:59.6105916Z ^[[1m4/6  Lean dependencies (Aeneas backend + Mathlib)^[[0m
baseline	Install official verification toolchain	2026-10-05T17:54:59.6106688Z   ^[[33m·^[[0m no shared checkout — fetching our own (~7 GB, ~10 min)
baseline	Install official verification toolchain	2026-10-05T17:54:59.6547601Z info: aeneas: cloning https://github.com/AeneasVerif/aeneas
baseline	Install official verification toolchain	2026-10-05T17:55:03.2806222Z info: aeneas: checking out revision '5b9dcf33dccdb1560ea7203ac57ea202476b6ed3'
baseline	Install official verification toolchain	2026-10-05T17:55:03.3697897Z info: toolchain not updated; already up-to-date
baseline	Install official verification toolchain	2026-10-05T17:55:03.8267763Z info: mathlib: cloning https://github.com/leanprover-community/mathlib4.git
baseline	Install official verification toolchain	2026-10-05T17:55:48.4608153Z info: mathlib: checking out revision 'fabf563a7c95a166b8d7b6efca11c8b4dc9d911f'
baseline	Install official verification toolchain	2026-10-05T17:55:50.3376942Z info: plausible: cloning https://github.com/leanprover-community/plausible
baseline	Install official verification toolchain	2026-10-05T17:55:50.7737090Z info: plausible: checking out revision '63045536fe95024e6c18fc7b48e03f506701c5bc'
baseline	Install official verification toolchain	2026-10-05T17:55:50.7864374Z info: LeanSearchClient: cloning https://github.com/leanprover-community/LeanSearchClient
baseline	Install official verification toolchain	2026-10-05T17:55:51.1785664Z info: LeanSearchClient: checking out revision 'c5d5b8fe6e5158def25cd28eb94e4141ad97c843'
baseline	Install official verification toolchain	2026-10-05T17:55:51.1898577Z info: importGraph: cloning https://github.com/leanprover-community/import-graph
baseline	Install official verification toolchain	2026-10-05T17:55:51.7156930Z info: importGraph: checking out revision '5c7542ed018c78194f1e2b903eaf6a792b74c03d'
baseline	Install official verification toolchain	2026-10-05T17:55:51.7327495Z info: proofwidgets: cloning https://github.com/leanprover-community/ProofWidgets4
baseline	Install official verification toolchain	2026-10-05T17:55:52.4283139Z info: proofwidgets: checking out revision '24b0d9dc081c5423f8eec7e866c441e5184f29d9'
baseline	Install official verification toolchain	2026-10-05T17:55:53.1143209Z info: aesop: cloning https://github.com/leanprover-community/aesop
baseline	Install official verification toolchain	2026-10-05T17:55:53.9585750Z info: aesop: checking out revision 'e3cb2f741431ce31bf73549fb52316a57368b06f'
baseline	Install official verification toolchain	2026-10-05T17:55:53.9791945Z info: Qq: cloning https://github.com/leanprover-community/quote4
baseline	Install official verification toolchain	2026-10-05T17:55:54.4503918Z info: Qq: checking out revision 'f46324995fca5f0483b742e4eb4daec7f4ee50d2'
baseline	Install official verification toolchain	2026-10-05T17:55:54.4626630Z info: batteries: cloning https://github.com/leanprover-community/batteries
baseline	Install official verification toolchain	2026-10-05T17:55:59.1804221Z info: batteries: checking out revision 'fa08db58b30eb033edcdab331bba000827f9f785'
baseline	Install official verification toolchain	2026-10-05T17:55:59.2149915Z info: Cli: cloning https://github.com/leanprover/lean4-cli
baseline	Install official verification toolchain	2026-10-05T17:55:59.7048215Z info: Cli: checking out revision '92564e5770e4d09f2d86dfbf8ada1e9c715b384c'
baseline	Install official verification toolchain	2026-10-05T17:55:59.7169010Z info: mathlib: running post-update hooks
baseline	Install official verification toolchain	2026-10-05T17:56:01.0243715Z ✔ [4/24] Built Batteries.Data.String.Basic (495ms)
baseline	Install official verification toolchain	2026-10-05T17:56:01.1225588Z ✔ [5/24] Built Cache.Lean (623ms)
baseline	Install official verification toolchain	2026-10-05T17:56:01.2225474Z ✔ [6/24] Built Batteries.Data.String.Basic:c.o (179ms)
baseline	Install official verification toolchain	2026-10-05T17:56:01.4253999Z ✔ [7/24] Built Cache.Lean:c.o (202ms)
baseline	Install official verification toolchain	2026-10-05T17:56:01.7249908Z ✔ [8/24] Built Cache.Init (538ms)
baseline	Install official verification toolchain	2026-10-05T17:56:01.8273795Z ✔ [9/24] Built Batteries.Data.Array.Match (1.3s)
baseline	Install official verification toolchain	2026-10-05T17:56:01.8303244Z ✔ [10/24] Built Cache.Init:c.o (117ms)
baseline	Install official verification toolchain	2026-10-05T17:56:02.0273782Z ✔ [11/24] Built Batteries.Tactic.OpenPrivate (1.5s)
baseline	Install official verification toolchain	2026-10-05T17:56:02.1248929Z ✔ [12/24] Built Batteries.Data.Array.Match:c.o (320ms)
baseline	Install official verification toolchain	2026-10-05T17:56:02.3254534Z ✔ [13/24] Built Batteries.Data.String.Matcher (444ms)
baseline	Install official verification toolchain	2026-10-05T17:56:02.4248766Z ✔ [14/24] Built Batteries.Data.String.Matcher:c.o (180ms)
baseline	Install official verification toolchain	2026-10-05T17:56:03.4259108Z ✔ [15/24] Built Batteries.Tactic.OpenPrivate:c.o (1.4s)
baseline	Install official verification toolchain	2026-10-05T17:56:03.7263311Z ✔ [16/24] Built Cache.IO (1.7s)
baseline	Install official verification toolchain	2026-10-05T17:56:04.5275032Z ✔ [17/24] Built Cache.Hashing (815ms)
baseline	Install official verification toolchain	2026-10-05T17:56:04.9280209Z ✔ [18/24] Built Cache.Hashing:c.o (418ms)
baseline	Install official verification toolchain	2026-10-05T17:56:05.3283891Z ✔ [19/24] Built Cache.IO:c.o (1.7s)
baseline	Install official verification toolchain	2026-10-05T17:56:06.6296708Z ✔ [20/24] Built Cache.Requests (2.1s)
baseline	Install official verification toolchain	2026-10-05T17:56:07.5307074Z ✔ [21/24] Built Cache.Main (950ms)
baseline	Install official verification toolchain	2026-10-05T17:56:08.1313758Z ✔ [22/24] Built Cache.Main:c.o (592ms)
baseline	Install official verification toolchain	2026-10-05T17:56:08.8321603Z ✔ [23/24] Built Cache.Requests:c.o (2.2s)
baseline	Install official verification toolchain	2026-10-05T17:56:09.5340882Z ✔ [24/24] Built cache:exe (711ms)
baseline	Install official verification toolchain	2026-10-05T17:56:12.8345116Z Current branch: HEAD
baseline	Install official verification toolchain	2026-10-05T17:56:12.8345762Z Using cache (Azure) from origin: (some leanprover-community/mathlib4)
baseline	Install official verification toolchain	2026-10-05T17:56:12.8346464Z Attempting to download 8542 file(s) from leanprover-community/mathlib4 cache
baseline	Install official verification toolchain	2026-10-05T17:56:14.0525947Z
baseline	Install official verification toolchain	2026-10-05T17:56:14.1579463Z Downloaded: 1 file(s) [attempted 1/8542 = 0%, 14 KB/s], Decompressed: 0
baseline	Install official verification toolchain	2026-10-05T17:56:14.2598239Z Downloaded: 82 file(s) [attempted 82/8542 = 0%, 539 KB/s], Decompressed: 15
baseline	Install official verification toolchain	2026-10-05T17:56:14.3627401Z Downloaded: 179 file(s) [attempted 179/8542 = 2%, 437 KB/s], Decompressed: 40
baseline	Install official verification toolchain	2026-10-05T17:56:14.4660283Z Downloaded: 275 file(s) [attempted 275/8542 = 3%, 494 KB/s], Decompressed: 98
baseline	Install official verification toolchain	2026-10-05T17:56:14.5714025Z Downloaded: 383 file(s) [attempted 383/8542 = 4%, 908 KB/s], Decompressed: 98
baseline	Install official verification toolchain	2026-10-05T17:56:14.6733461Z Downloaded: 491 file(s) [attempted 491/8542 = 5%, 3700 KB/s], Decompressed: 98
baseline	Install official verification toolchain	2026-10-05T17:56:14.7717495Z Downloaded: 594 file(s) [attempted 594/8542 = 6%, 484 KB/s], Decompressed: 98
baseline	Install official verification toolchain	2026-10-05T17:56:14.8762652Z Downloaded: 719 file(s) [attempted 719/8542 = 8%, 3460 KB/s], Decompressed: 98
baseline	Install official verification toolchain	2026-10-05T17:56:14.9763794Z Downloaded: 834 file(s) [attempted 834/8542 = 9%, 1641 KB/s], Decompressed: 259
baseline	Install official verification toolchain	2026-10-05T17:56:15.0799433Z Downloaded: 946 file(s) [attempted 946/8542 = 11%, 242 KB/s], Decompressed: 259
baseline	Install official verification toolchain	2026-10-05T17:56:15.1986179Z Downloaded: 1064 file(s) [attempted 1064/8542 = 12%, 530 KB/s], Decompressed: 259
baseline	Install official verification toolchain	2026-10-05T17:56:15.3313883Z Downloaded: 1171 file(s) [attempted 1171/8542 = 13%, 1354 KB/s], Decompressed: 259
baseline	Install official verification toolchain	2026-10-05T17:56:15.4416183Z Downloaded: 1274 file(s) [attempted 1274/8542 = 14%, 604 KB/s], Decompressed: 259
baseline	Install official verification toolchain	2026-10-05T17:56:15.5435849Z Downloaded: 1380 file(s) [attempted 1380/8542 = 16%, 656 KB/s], Decompressed: 259
baseline	Install official verification toolchain	2026-10-05T17:56:15.6634950Z Downloaded: 1478 file(s) [attempted 1478/8542 = 17%, 1494 KB/s], Decompressed: 259
baseline	Install official verification toolchain	2026-10-05T17:56:15.7718369Z Downloaded: 1579 file(s) [attempted 1579/8542 = 18%, 1248 KB/s], Decompressed: 259
baseline	Install official verification toolchain	2026-10-05T17:56:15.8844190Z Downloaded: 1677 file(s) [attempted 1677/8542 = 19%, 968 KB/s], Decompressed: 259
baseline	Install official verification toolchain	2026-10-05T17:56:16.0083881Z Downloaded: 1781 file(s) [attempted 1781/8542 = 20%, 290 KB/s], Decompressed: 259
baseline	Install official verification toolchain	2026-10-05T17:56:16.1304093Z Downloaded: 1881 file(s) [attempted 1881/8542 = 22%, 4585 KB/s], Decompressed: 259
baseline	Install official verification toolchain	2026-10-05T17:56:16.2423042Z Downloaded: 1977 file(s) [attempted 1977/8542 = 23%, 4209 KB/s], Decompressed: 259
baseline	Install official verification toolchain	2026-10-05T17:56:16.3558495Z Downloaded: 2078 file(s) [attempted 2078/8542 = 24%, 334 KB/s], Decompressed: 259
baseline	Install official verification toolchain	2026-10-05T17:56:16.4574064Z Downloaded: 2177 file(s) [attempted 2177/8542 = 25%, 2253 KB/s], Decompressed: 259
baseline	Install official verification toolchain	2026-10-05T17:56:16.5883859Z Downloaded: 2277 file(s) [attempted 2277/8542 = 26%, 275 KB/s], Decompressed: 815
baseline	Install official verification toolchain	2026-10-05T17:56:16.7060569Z Downloaded: 2378 file(s) [attempted 2378/8542 = 27%, 1048 KB/s], Decompressed: 815
baseline	Install official verification toolchain	2026-10-05T17:56:16.8474112Z Downloaded: 2476 file(s) [attempted 2476/8542 = 28%, 4217 KB/s], Decompressed: 815
baseline	Install official verification toolchain	2026-10-05T17:56:16.9574323Z Downloaded: 2577 file(s) [attempted 2577/8542 = 30%, 220 KB/s], Decompressed: 815
baseline	Install official verification toolchain	2026-10-05T17:56:17.0864260Z Downloaded: 2673 file(s) [attempted 2673/8542 = 31%, 4598 KB/s], Decompressed: 815
baseline	Install official verification toolchain	2026-10-05T17:56:17.2103791Z Downloaded: 2774 file(s) [attempted 2774/8542 = 32%, 391 KB/s], Decompressed: 815
baseline	Install official verification toolchain	2026-10-05T17:56:17.3107697Z Downloaded: 2872 file(s) [attempted 2872/8542 = 33%, 4398 KB/s], Decompressed: 815
baseline	Install official verification toolchain	2026-10-05T17:56:17.4233752Z Downloaded: 2971 file(s) [attempted 2971/8542 = 34%, 696 KB/s], Decompressed: 815
baseline	Install official verification toolchain	2026-10-05T17:56:17.5464067Z Downloaded: 3072 file(s) [attempted 3072/8542 = 35%, 824 KB/s], Decompressed: 815
baseline	Install official verification toolchain	2026-10-05T17:56:17.6566983Z Downloaded: 3172 file(s) [attempted 3172/8542 = 37%, 507 KB/s], Decompressed: 815
baseline	Install official verification toolchain	2026-10-05T17:56:17.7601366Z Downloaded: 3271 file(s) [attempted 3271/8542 = 38%, 1020 KB/s], Decompressed: 815
baseline	Install official verification toolchain	2026-10-05T17:56:17.8773921Z Downloaded: 3362 file(s) [attempted 3362/8542 = 39%, 2031 KB/s], Decompressed: 815
baseline	Install official verification toolchain	2026-10-05T17:56:17.9804595Z Downloaded: 3421 file(s) [attempted 3421/8542 = 40%, 140 KB/s], Decompressed: 815
baseline	Install official verification toolchain	2026-10-05T17:56:18.0998022Z Downloaded: 3521 file(s) [attempted 3521/8542 = 41%, 315 KB/s], Decompressed: 815
baseline	Install official verification toolchain	2026-10-05T17:56:18.2249262Z Downloaded: 3620 file(s) [attempted 3620/8542 = 42%, 1720 KB/s], Decompressed: 815
baseline	Install official verification toolchain	2026-10-05T17:56:18.3583958Z Downloaded: 3718 file(s) [attempted 3718/8542 = 43%, 1543 KB/s], Decompressed: 815
baseline	Install official verification toolchain	2026-10-05T17:56:18.4776027Z Downloaded: 3821 file(s) [attempted 3821/8542 = 44%, 401 KB/s], Decompressed: 815
baseline	Install official verification toolchain	2026-10-05T17:56:18.6060267Z Downloaded: 3922 file(s) [attempted 3922/8542 = 45%, 1844 KB/s], Decompressed: 815
baseline	Install official verification toolchain	2026-10-05T17:56:18.7194013Z Downloaded: 4023 file(s) [attempted 4023/8542 = 47%, 2279 KB/s], Decompressed: 815
baseline	Install official verification toolchain	2026-10-05T17:56:18.8173751Z Downloaded: 4121 file(s) [attempted 4121/8542 = 48%, 847 KB/s], Decompressed: 815
baseline	Install official verification toolchain	2026-10-05T17:56:18.9283811Z Downloaded: 4201 file(s) [attempted 4201/8542 = 49%, 689 KB/s], Decompressed: 815
baseline	Install official verification toolchain	2026-10-05T17:56:19.0383708Z Downloaded: 4271 file(s) [attempted 4271/8542 = 50%, 2016 KB/s], Decompressed: 815
baseline	Install official verification toolchain	2026-10-05T17:56:19.2033677Z Downloaded: 4372 file(s) [attempted 4372/8542 = 51%, 865 KB/s], Decompressed: 815
baseline	Install official verification toolchain	2026-10-05T17:56:19.3034815Z Downloaded: 4470 file(s) [attempted 4470/8542 = 52%, 587 KB/s], Decompressed: 815
baseline	Install official verification toolchain	2026-10-05T17:56:19.4084568Z Downloaded: 4569 file(s) [attempted 4569/8542 = 53%, 188 KB/s], Decompressed: 815
baseline	Install official verification toolchain	2026-10-05T17:56:19.5214228Z Downloaded: 4667 file(s) [attempted 4667/8542 = 54%, 139 KB/s], Decompressed: 815
baseline	Install official verification toolchain	2026-10-05T17:56:19.6215494Z Downloaded: 4768 file(s) [attempted 4768/8542 = 55%, 423 KB/s], Decompressed: 815
baseline	Install official verification toolchain	2026-10-05T17:56:19.7315734Z Downloaded: 4871 file(s) [attempted 4871/8542 = 57%, 1198 KB/s], Decompressed: 815
baseline	Install official verification toolchain	2026-10-05T17:56:19.8403967Z Downloaded: 4934 file(s) [attempted 4934/8542 = 57%, 293 KB/s], Decompressed: 815
baseline	Install official verification toolchain	2026-10-05T17:56:19.9559151Z Downloaded: 5035 file(s) [attempted 5035/8542 = 58%, 151 KB/s], Decompressed: 815
baseline	Install official verification toolchain	2026-10-05T17:56:20.0690014Z Downloaded: 5134 file(s) [attempted 5134/8542 = 60%, 125 KB/s], Decompressed: 815
baseline	Install official verification toolchain	2026-10-05T17:56:20.1744343Z Downloaded: 5234 file(s) [attempted 5234/8542 = 61%, 1715 KB/s], Decompressed: 815
baseline	Install official verification toolchain	2026-10-05T17:56:20.2730133Z Downloaded: 5337 file(s) [attempted 5337/8542 = 62%, 1874 KB/s], Decompressed: 815
baseline	Install official verification toolchain	2026-10-05T17:56:20.4143849Z Downloaded: 5436 file(s) [attempted 5436/8542 = 63%, 900 KB/s], Decompressed: 815
baseline	Install official verification toolchain	2026-10-05T17:56:20.5294899Z Downloaded: 5490 file(s) [attempted 5490/8542 = 64%, 2566 KB/s], Decompressed: 815
baseline	Install official verification toolchain	2026-10-05T17:56:20.6712661Z Downloaded: 5590 file(s) [attempted 5590/8542 = 65%, 2790 KB/s], Decompressed: 815
baseline	Install official verification toolchain	2026-10-05T17:56:20.7801040Z Downloaded: 5689 file(s) [attempted 5689/8542 = 66%, 1493 KB/s], Decompressed: 815
baseline	Install official verification toolchain	2026-10-05T17:56:20.8873615Z Downloaded: 5790 file(s) [attempted 5790/8542 = 67%, 189 KB/s], Decompressed: 815
baseline	Install official verification toolchain	2026-10-05T17:56:21.0071387Z Downloaded: 5890 file(s) [attempted 5890/8542 = 68%, 2238 KB/s], Decompressed: 2237
baseline	Install official verification toolchain	2026-10-05T17:56:21.1073548Z Downloaded: 5991 file(s) [attempted 5991/8542 = 70%, 3874 KB/s], Decompressed: 2237
baseline	Install official verification toolchain	2026-10-05T17:56:21.2061109Z Downloaded: 6040 file(s) [attempted 6040/8542 = 70%, 380 KB/s], Decompressed: 2237
baseline	Install official verification toolchain	2026-10-05T17:56:21.3215680Z Downloaded: 6141 file(s) [attempted 6141/8542 = 71%, 267 KB/s], Decompressed: 2237
baseline	Install official verification toolchain	2026-10-05T17:56:21.4373689Z Downloaded: 6197 file(s) [attempted 6197/8542 = 72%, 149 KB/s], Decompressed: 2237
baseline	Install official verification toolchain	2026-10-05T17:56:21.5566026Z Downloaded: 6296 file(s) [attempted 6296/8542 = 73%, 3255 KB/s], Decompressed: 2237
baseline	Install official verification toolchain	2026-10-05T17:56:21.6706240Z Downloaded: 6394 file(s) [attempted 6394/8542 = 74%, 1246 KB/s], Decompressed: 2237
baseline	Install official verification toolchain	2026-10-05T17:56:21.7717472Z Downloaded: 6495 file(s) [attempted 6495/8542 = 76%, 518 KB/s], Decompressed: 2237
baseline	Install official verification toolchain	2026-10-05T17:56:21.8817588Z Downloaded: 6593 file(s) [attempted 6593/8542 = 77%, 1338 KB/s], Decompressed: 2237
baseline	Install official verification toolchain	2026-10-05T17:56:21.9893758Z Downloaded: 6701 file(s) [attempted 6701/8542 = 78%, 1260 KB/s], Decompressed: 2237
baseline	Install official verification toolchain	2026-10-05T17:56:22.0881497Z Downloaded: 6804 file(s) [attempted 6804/8542 = 79%, 588 KB/s], Decompressed: 2237
baseline	Install official verification toolchain	2026-10-05T17:56:22.1885335Z Downloaded: 6910 file(s) [attempted 6910/8542 = 80%, 183 KB/s], Decompressed: 2237
baseline	Install official verification toolchain	2026-10-05T17:56:22.3053861Z Downloaded: 6980 file(s) [attempted 6980/8542 = 81%, 1238 KB/s], Decompressed: 2237
baseline	Install official verification toolchain	2026-10-05T17:56:22.4283811Z Downloaded: 7064 file(s) [attempted 7064/8542 = 82%, 4999 KB/s], Decompressed: 2237
baseline	Install official verification toolchain	2026-10-05T17:56:22.5273918Z Downloaded: 7165 file(s) [attempted 7165/8542 = 83%, 4389 KB/s], Decompressed: 2237
baseline	Install official verification toolchain	2026-10-05T17:56:22.6323740Z Downloaded: 7266 file(s) [attempted 7266/8542 = 85%, 511 KB/s], Decompressed: 2237
baseline	Install official verification toolchain	2026-10-05T17:56:22.7603847Z Downloaded: 7381 file(s) [attempted 7381/8542 = 86%, 107 KB/s], Decompressed: 2237
baseline	Install official verification toolchain	2026-10-05T17:56:22.8664868Z Downloaded: 7418 file(s) [attempted 7418/8542 = 86%, 4536 KB/s], Decompressed: 2237
baseline	Install official verification toolchain	2026-10-05T17:56:22.9932825Z Downloaded: 7519 file(s) [attempted 7519/8542 = 88%, 1840 KB/s], Decompressed: 2237
baseline	Install official verification toolchain	2026-10-05T17:56:23.1286320Z Downloaded: 7622 file(s) [attempted 7622/8542 = 89%, 621 KB/s], Decompressed: 2237
baseline	Install official verification toolchain	2026-10-05T17:56:23.2297092Z Downloaded: 7723 file(s) [attempted 7723/8542 = 90%, 3449 KB/s], Decompressed: 2237
baseline	Install official verification toolchain	2026-10-05T17:56:23.3399841Z Downloaded: 7824 file(s) [attempted 7824/8542 = 91%, 8271 KB/s], Decompressed: 2237
baseline	Install official verification toolchain	2026-10-05T17:56:23.4426050Z Downloaded: 7924 file(s) [attempted 7924/8542 = 92%, 979 KB/s], Decompressed: 2237
baseline	Install official verification toolchain	2026-10-05T17:56:23.6170556Z Downloaded: 8034 file(s) [attempted 8034/8542 = 94%, 893 KB/s], Decompressed: 2237
baseline	Install official verification toolchain	2026-10-05T17:56:23.7303729Z Downloaded: 8137 file(s) [attempted 8137/8542 = 95%, 210 KB/s], Decompressed: 2237
baseline	Install official verification toolchain	2026-10-05T17:56:23.8383109Z Downloaded: 8241 file(s) [attempted 8241/8542 = 96%, 378 KB/s], Decompressed: 2237
baseline	Install official verification toolchain	2026-10-05T17:56:23.9422685Z Downloaded: 8339 file(s) [attempted 8339/8542 = 97%, 983 KB/s], Decompressed: 2237
baseline	Install official verification toolchain	2026-10-05T17:56:24.0992794Z Downloaded: 8440 file(s) [attempted 8440/8542 = 98%, 3064 KB/s], Decompressed: 2237
baseline	Install official verification toolchain	2026-10-05T17:56:24.1054218Z Downloaded: 8540 file(s) [attempted 8540/8542 = 99%, 843 KB/s], Decompressed: 2237
baseline	Install official verification toolchain	2026-10-05T17:56:24.1061221Z Downloaded: 8542 file(s) [attempted 8542/8542 = 100%, 843 KB/s], Decompressed: 2237
baseline	Install official verification toolchain	2026-10-05T17:56:40.3636735Z Decompressed 8542 file(s)
baseline	Install official verification toolchain	2026-10-05T17:56:40.3637296Z Already decompressed 8542 file(s)
baseline	Install official verification toolchain	2026-10-05T17:56:41.4836818Z info: plausible: cloning https://github.com/leanprover-community/plausible
baseline	Install official verification toolchain	2026-10-05T17:56:42.0718241Z info: plausible: checking out revision '63045536fe95024e6c18fc7b48e03f506701c5bc'
baseline	Install official verification toolchain	2026-10-05T17:56:42.0844788Z info: LeanSearchClient: cloning https://github.com/leanprover-community/LeanSearchClient
baseline	Install official verification toolchain	2026-10-05T17:56:42.5268041Z info: LeanSearchClient: checking out revision 'c5d5b8fe6e5158def25cd28eb94e4141ad97c843'
baseline	Install official verification toolchain	2026-10-05T17:56:42.5381190Z info: importGraph: cloning https://github.com/leanprover-community/import-graph
baseline	Install official verification toolchain	2026-10-05T17:56:43.2477793Z info: importGraph: checking out revision '5c7542ed018c78194f1e2b903eaf6a792b74c03d'
baseline	Install official verification toolchain	2026-10-05T17:56:43.2646081Z info: proofwidgets: cloning https://github.com/leanprover-community/ProofWidgets4
baseline	Install official verification toolchain	2026-10-05T17:56:43.9865585Z info: proofwidgets: checking out revision '24b0d9dc081c5423f8eec7e866c441e5184f29d9'
baseline	Install official verification toolchain	2026-10-05T17:56:44.6592305Z info: aesop: cloning https://github.com/leanprover-community/aesop
baseline	Install official verification toolchain	2026-10-05T17:56:45.4701058Z info: aesop: checking out revision 'e3cb2f741431ce31bf73549fb52316a57368b06f'
baseline	Install official verification toolchain	2026-10-05T17:56:45.4907646Z info: Qq: cloning https://github.com/leanprover-community/quote4
baseline	Install official verification toolchain	2026-10-05T17:56:46.0561732Z info: Qq: checking out revision 'f46324995fca5f0483b742e4eb4daec7f4ee50d2'
baseline	Install official verification toolchain	2026-10-05T17:56:46.0683654Z info: batteries: cloning https://github.com/leanprover-community/batteries
baseline	Install official verification toolchain	2026-10-05T17:56:55.0192129Z info: batteries: checking out revision 'fa08db58b30eb033edcdab331bba000827f9f785'
baseline	Install official verification toolchain	2026-10-05T17:56:55.0539934Z info: Cli: cloning https://github.com/leanprover/lean4-cli
baseline	Install official verification toolchain	2026-10-05T17:56:55.5173837Z info: Cli: checking out revision '92564e5770e4d09f2d86dfbf8ada1e9c715b384c'
baseline	Install official verification toolchain	2026-10-05T17:56:56.7323991Z ✔ [8/24] Built Batteries.Data.String.Basic (471ms)
baseline	Install official verification toolchain	2026-10-05T17:56:56.9336239Z ✔ [9/24] Built Batteries.Data.String.Basic:c.o (180ms)
baseline	Install official verification toolchain	2026-10-05T17:56:57.1344893Z ✔ [10/24] Built Batteries.Data.Array.Match (873ms)
baseline	Install official verification toolchain	2026-10-05T17:56:57.4349241Z ✔ [11/24] Built Batteries.Data.Array.Match:c.o (257ms)
baseline	Install official verification toolchain	2026-10-05T17:56:57.5375078Z ✔ [12/24] Built Batteries.Data.String.Matcher (418ms)
baseline	Install official verification toolchain	2026-10-05T17:56:57.5400390Z ✔ [13/24] Built Batteries.Tactic.OpenPrivate (1.2s)
baseline	Install official verification toolchain	2026-10-05T17:56:57.7366851Z ✔ [22/24] Built Batteries.Data.String.Matcher:c.o (180ms)
baseline	Install official verification toolchain	2026-10-05T17:56:58.6375959Z ✔ [23/24] Built Batteries.Tactic.OpenPrivate:c.o (1.1s)
baseline	Install official verification toolchain	2026-10-05T17:57:03.8861161Z Decompressing 368 already-cached file(s) (8174 already decompressed)
baseline	Install official verification toolchain	2026-10-05T17:57:03.8861882Z Current branch: HEAD
baseline	Install official verification toolchain	2026-10-05T17:57:03.8862563Z Using cache (Azure) from origin: (some leanprover-community/mathlib4)
baseline	Install official verification toolchain	2026-10-05T17:57:03.8863172Z No files to download
baseline	Install official verification toolchain	2026-10-05T17:57:03.8863528Z Decompressed 368 already-cached file(s)
baseline	Install official verification toolchain	2026-10-05T17:57:03.8864013Z Completed successfully in 2034 ms!
baseline	Install official verification toolchain	2026-10-05T17:57:03.9465632Z   ^[[32m✓^[[0m fetched dependencies into lean/.lake/packages
baseline	Install official verification toolchain	2026-10-05T17:57:03.9466080Z
baseline	Install official verification toolchain	2026-10-05T17:57:03.9466260Z ^[[1m5/6  Build^[[0m
baseline	Install official verification toolchain	2026-10-05T18:02:14.0888295Z   ^[[32m✓^[[0m contract (lean/Lz77)
baseline	Install official verification toolchain	2026-10-05T18:02:39.9395281Z   ^[[32m✓^[[0m slot and measure crates
baseline	Install official verification toolchain	2026-10-05T18:02:39.9396126Z   ^[[32m✓^[[0m C compiler for the engine (cc)
baseline	Install official verification toolchain	2026-10-05T18:02:41.0553457Z   ^[[32m✓^[[0m python deps in /home/runner/work/_temp/deflate-upstream/.venv/bin/python
baseline	Install official verification toolchain	2026-10-05T18:02:41.0554457Z   ^[[32m✓^[[0m bubblewrap for the proof sandbox
baseline	Install official verification toolchain	2026-10-05T18:02:41.0555418Z   ^[[32m✓^[[0m systemd-run for the memory cap
baseline	Install official verification toolchain	2026-10-05T18:02:41.0555747Z
baseline	Install official verification toolchain	2026-10-05T18:02:41.0555915Z ^[[1m6/6  Self-test^[[0m
baseline	Install official verification toolchain	2026-10-05T18:02:42.1322753Z ^[[32m2026-10-05 18:02:42.131^[[0m | ^[[34m^[[1mDEBUG   ^[[0m | ^[[36m__main__^[[0m:^[[36mstage_intake^[[0m:^[[36m261^[[0m - ^[[34m^[[1m[gate] parse.rs c756784f2c5bdaf7 -> slot/generated/parse.rs^[[0m
baseline	Install official verification toolchain	2026-10-05T18:02:42.1325878Z ^[[32m2026-10-05 18:02:42.132^[[0m | ^[[34m^[[1mDEBUG   ^[[0m | ^[[36m__main__^[[0m:^[[36mstage_intake^[[0m:^[[36m261^[[0m - ^[[34m^[[1m[gate] Parse.lean 1cbccb0f91b22437 -> lean/Proof/Parse.lean^[[0m
baseline	Install official verification toolchain	2026-10-05T18:02:42.1863809Z ^[[32m2026-10-05 18:02:42.185^[[0m | ^[[34m^[[1mDEBUG   ^[[0m | ^[[36msandbox.bwrap^[[0m:^[[36mrun^[[0m:^[[36m110^[[0m - ^[[34m^[[1m[bwrap] rustup exit=0 in 0.0s^[[0m
baseline	Install official verification toolchain	2026-10-05T18:02:42.4714736Z ^[[32m2026-10-05 18:02:42.470^[[0m | ^[[34m^[[1mDEBUG   ^[[0m | ^[[36msandbox.bwrap^[[0m:^[[36mrun^[[0m:^[[36m110^[[0m - ^[[34m^[[1m[bwrap] extract.sh exit=0 in 0.3s^[[0m
baseline	Install official verification toolchain	2026-10-05T18:02:43.9391451Z ^[[32m2026-10-05 18:02:43.937^[[0m | ^[[34m^[[1mDEBUG   ^[[0m | ^[[36msandbox.bwrap^[[0m:^[[36mrun^[[0m:^[[36m110^[[0m - ^[[34m^[[1m[bwrap] extract.sh exit=0 in 1.4s^[[0m
baseline	Install official verification toolchain	2026-10-05T18:02:43.9394152Z ^[[32m2026-10-05 18:02:43.938^[[0m | ^[[34m^[[1mDEBUG   ^[[0m | ^[[36m__main__^[[0m:^[[36mstage_extract^[[0m:^[[36m356^[[0m - ^[[34m^[[1m[gate] extracted Types.lean 276d4089d337e0d7, Funs.lean 642ffeac0f4efc82, Constants.lean 7f3588b4c89a448d^[[0m
baseline	Install official verification toolchain	2026-10-05T18:02:46.4006149Z ^[[32m2026-10-05 18:02:46.400^[[0m | ^[[34m^[[1mDEBUG   ^[[0m | ^[[36msandbox.bwrap^[[0m:^[[36mrun^[[0m:^[[36m110^[[0m - ^[[34m^[[1m[bwrap] lake exit=0 in 2.4s^[[0m
baseline	Install official verification toolchain	2026-10-05T18:02:47.8730883Z ^[[32m2026-10-05 18:02:47.872^[[0m | ^[[34m^[[1mDEBUG   ^[[0m | ^[[36msandbox.bwrap^[[0m:^[[36mrun^[[0m:^[[36m110^[[0m - ^[[34m^[[1m[bwrap] lake exit=1 in 1.5s^[[0m
baseline	Install official verification toolchain	2026-10-05T18:02:47.8740897Z ^[[32m2026-10-05 18:02:47.873^[[0m | ^[[33m^[[1mWARNING ^[[0m | ^[[36m__main__^[[0m:^[[36mmisconfigured^[[0m:^[[36m125^[[0m - ^[[33m^[[1m[gate] validator misconfigured: ✖ [6/367] Building AeneasMeta.Utils^[[0m
baseline	Install official verification toolchain	2026-10-05T18:02:47.8742169Z verifying /home/runner/work/_temp/deflate-upstream/miner/template
baseline	Install official verification toolchain	2026-10-05T18:02:47.8743425Z workspace: /home/runner/work/_temp/deflate-upstream/data/verification-workspace/verify-xephfb9e
baseline	Install official verification toolchain	2026-10-05T18:02:47.8744013Z
baseline	Install official verification toolchain	2026-10-05T18:02:47.8744282Z 0 intake      ok — template: parse.rs, Parse.lean
baseline	Install official verification toolchain	2026-10-05T18:02:47.8744809Z 1 policy      ok — source prefilters passed
baseline	Install official verification toolchain	2026-10-05T18:02:47.8751364Z 2 static      ok — resolved operations: core::num::{impl}::wrapping_add, core::num::{impl}::wrapping_mul, core::slice::{impl}::len
baseline	Install official verification toolchain	2026-10-05T18:02:47.8777568Z 3 extract     ok — charon+aeneas re-run by the verifier, no new axioms
baseline	Install official verification toolchain	2026-10-05T18:02:47.8778028Z
baseline	Install official verification toolchain	2026-10-05T18:02:47.8778145Z VALIDATOR ERROR
baseline	Install official verification toolchain	2026-10-05T18:02:47.8778541Z   ✖ [6/367] Building AeneasMeta.Utils
baseline	Install official verification toolchain	2026-10-05T18:02:47.8779168Z error: failed to remove output artifacts: read-only file system (error code: 4294967266)
baseline	Install official verification toolchain	2026-10-05T18:02:47.8780314Z   file: /home/runner/work/_temp/deflate-upstream/validator/lean/.lake/packages/aeneas/backends/lean/.lake/build/ir/AeneasMeta/Utils.ltar
baseline	Install official verification toolchain	2026-10-05T18:02:47.8781239Z Some required targets logged failures:
baseline	Install official verification toolchain	2026-10-05T18:02:47.8781610Z - AeneasMeta.Utils
baseline	Install official verification toolchain	2026-10-05T18:02:47.8781906Z error: build failed
baseline	Install official verification toolchain	2026-10-05T18:02:47.9332697Z ##[error]Process completed with exit code 2.
