##[group]Run bash scripts/ci-baseline.sh
^[[36;1mbash scripts/ci-baseline.sh^[[0m
shell: /usr/bin/bash -e {0}
env:
  DEFLATE_ROOT: /home/runner/work/_temp/deflate-upstream
  ELAN_HOME: /home/runner/work/_temp/deflate-upstream/validator/.work/elan
  XDG_CACHE_HOME: /home/runner/work/_temp/deflate-cache
  UV_CACHE_DIR: /home/runner/work/_temp/deflate-cache/uv
  XDG_RUNTIME_DIR: /run/user/1001
  DBUS_SESSION_BUS_ADDRESS: unix:path=/run/user/1001/bus
  VERIFY_CORPUS: corpus-stage1
  VERIFY_SANDBOX: bwrap
  GIT_TERMINAL_PROMPT: 0
##[endgroup]
^[[32m2026-10-05 18:14:49.593^[[0m | ^[[34m^[[1mDEBUG   ^[[0m | ^[[36m__main__^[[0m:^[[36mmain^[[0m:^[[36m649^[[0m - ^[[34m^[[1m[gate] benchmark sandbox: bwrap, 300s, 2048 MB, cpus=any^[[0m
^[[32m2026-10-05 18:14:49.595^[[0m | ^[[34m^[[1mDEBUG   ^[[0m | ^[[36m__main__^[[0m:^[[36mstage_intake^[[0m:^[[36m261^[[0m - ^[[34m^[[1m[gate] parse.rs c756784f2c5bdaf7 -> slot/generated/parse.rs^[[0m
^[[32m2026-10-05 18:14:49.595^[[0m | ^[[34m^[[1mDEBUG   ^[[0m | ^[[36m__main__^[[0m:^[[36mstage_intake^[[0m:^[[36m261^[[0m - ^[[34m^[[1m[gate] Parse.lean 1cbccb0f91b22437 -> lean/Proof/Parse.lean^[[0m
^[[32m2026-10-05 18:14:49.640^[[0m | ^[[34m^[[1mDEBUG   ^[[0m | ^[[36msandbox.bwrap^[[0m:^[[36mrun^[[0m:^[[36m110^[[0m - ^[[34m^[[1m[bwrap] rustup exit=0 in 0.0s^[[0m
^[[32m2026-10-05 18:14:49.842^[[0m | ^[[34m^[[1mDEBUG   ^[[0m | ^[[36msandbox.bwrap^[[0m:^[[36mrun^[[0m:^[[36m110^[[0m - ^[[34m^[[1m[bwrap] extract.sh exit=0 in 0.2s^[[0m
^[[32m2026-10-05 18:14:51.001^[[0m | ^[[34m^[[1mDEBUG   ^[[0m | ^[[36msandbox.bwrap^[[0m:^[[36mrun^[[0m:^[[36m110^[[0m - ^[[34m^[[1m[bwrap] extract.sh exit=0 in 1.1s^[[0m
^[[32m2026-10-05 18:14:51.001^[[0m | ^[[34m^[[1mDEBUG   ^[[0m | ^[[36m__main__^[[0m:^[[36mstage_extract^[[0m:^[[36m356^[[0m - ^[[34m^[[1m[gate] extracted Types.lean 276d4089d337e0d7, Funs.lean 7b1fc992d7268385, Constants.lean 7f3588b4c89a448d^[[0m
^[[32m2026-10-05 18:14:53.035^[[0m | ^[[34m^[[1mDEBUG   ^[[0m | ^[[36msandbox.bwrap^[[0m:^[[36mrun^[[0m:^[[36m110^[[0m - ^[[34m^[[1m[bwrap] lake exit=0 in 2.0s^[[0m
^[[32m2026-10-05 18:15:03.393^[[0m | ^[[34m^[[1mDEBUG   ^[[0m | ^[[36msandbox.bwrap^[[0m:^[[36mrun^[[0m:^[[36m110^[[0m - ^[[34m^[[1m[bwrap] lake exit=0 in 10.3s^[[0m
^[[32m2026-10-05 18:15:19.815^[[0m | ^[[34m^[[1mDEBUG   ^[[0m | ^[[36msandbox.bwrap^[[0m:^[[36mrun^[[0m:^[[36m110^[[0m - ^[[34m^[[1m[bwrap] lake exit=0 in 16.4s^[[0m
^[[32m2026-10-05 18:15:22.240^[[0m | ^[[34m^[[1mDEBUG   ^[[0m | ^[[36msandbox.bwrap^[[0m:^[[36mrun^[[0m:^[[36m110^[[0m - ^[[34m^[[1m[bwrap] lake exit=0 in 2.4s^[[0m
^[[32m2026-10-05 18:15:24.679^[[0m | ^[[34m^[[1mDEBUG   ^[[0m | ^[[36msandbox.bwrap^[[0m:^[[36mrun^[[0m:^[[36m110^[[0m - ^[[34m^[[1m[bwrap] lake exit=0 in 2.4s^[[0m
^[[32m2026-10-05 18:15:24.679^[[0m | ^[[34m^[[1mDEBUG   ^[[0m | ^[[36m__main__^[[0m:^[[36mstage_axioms^[[0m:^[[36m423^[[0m - ^[[34m^[[1m[gate] axiom query stdout: "'accepted' depends on axioms: [propext, Classical.choice, Quot.sound]"^[[0m
^[[32m2026-10-05 18:15:24.679^[[0m | ^[[1mINFO    ^[[0m | ^[[36m__main__^[[0m:^[[36mmain^[[0m:^[[36m703^[[0m - ^[[1m[gate] verification accepted in 35.1s (bwrap, 900s, 16384 MB)^[[0m
^[[32m2026-10-05 18:15:24.727^[[0m | ^[[34m^[[1mDEBUG   ^[[0m | ^[[36msandbox.bwrap^[[0m:^[[36mrun^[[0m:^[[36m110^[[0m - ^[[34m^[[1m[bwrap] rustc exit=0 in 0.0s^[[0m
^[[32m2026-10-05 18:15:26.606^[[0m | ^[[34m^[[1mDEBUG   ^[[0m | ^[[36msandbox.bwrap^[[0m:^[[36mrun^[[0m:^[[36m110^[[0m - ^[[34m^[[1m[bwrap] cargo exit=0 in 1.9s^[[0m
^[[32m2026-10-05 18:15:26.606^[[0m | ^[[34m^[[1mDEBUG   ^[[0m | ^[[36mbench.driver^[[0m:^[[36m_build^[[0m:^[[36m295^[[0m - ^[[34m^[[1m[bench] built incumbent in 1.9s exit=0^[[0m
^[[32m2026-10-05 18:15:28.588^[[0m | ^[[34m^[[1mDEBUG   ^[[0m | ^[[36msandbox.bwrap^[[0m:^[[36mrun^[[0m:^[[36m110^[[0m - ^[[34m^[[1m[bwrap] cargo exit=0 in 2.0s^[[0m
^[[32m2026-10-05 18:15:28.589^[[0m | ^[[34m^[[1mDEBUG   ^[[0m | ^[[36mbench.driver^[[0m:^[[36m_build^[[0m:^[[36m295^[[0m - ^[[34m^[[1m[bench] built submission in 2.0s exit=0^[[0m
^[[32m2026-10-05 18:15:40.150^[[0m | ^[[34m^[[1mDEBUG   ^[[0m | ^[[36msandbox.bwrap^[[0m:^[[36mrun^[[0m:^[[36m110^[[0m - ^[[34m^[[1m[bwrap] measure exit=0 in 11.6s^[[0m
^[[32m2026-10-05 18:15:40.151^[[0m | ^[[34m^[[1mDEBUG   ^[[0m | ^[[36mbench.driver^[[0m:^[[36m_measure^[[0m:^[[36m333^[[0m - ^[[34m^[[1m[bench] measured submission in 11.6s exit=0^[[0m
verifying miner/template
workspace: /home/runner/work/_temp/deflate-upstream/data/verification-workspace/verify-mq_umh1w

0 intake      ok — template: parse.rs, Parse.lean
1 policy      ok — source prefilters passed
2 static      ok — resolved operations: core::num::{impl}::wrapping_add, core::num::{impl}::wrapping_mul, core::slice::{impl}::len
3 extract     ok — charon+aeneas re-run by the verifier, no new axioms
4 statement   ok — `LZ77.Obligation slot.parse` typechecks (bwrap, 900s, 16384 MB)
5 axioms      ok — ['Classical.choice', 'Quot.sound', 'propext']; extraction intact
6 score       running…

Corpus: corpus-stage1
file                       raw  incumbent  submission
-----------------------------------------------------
binary.db.bin           500000      76338       95763
bundle.min.js.txt      1000000     301618      352545
catalog.xml.txt         500000      62314       87164
compressed.bin          300000     300194      300222
config.yaml.txt         400000      85384      104179
docs.md.txt             800000     226973      277586
dump.sql.txt            150000      20817       24537
genome.fasta            900000     292479      322025
images.bin              250000     223767      226178
lean.txt               1000000     235059      299321
machine-code.bin        500000     167357      185990
metrics.csv.txt        1300000     287282      329364
multibyte.txt          1100000     273630      345263
page.html.txt           600000     103618      138202
prose.txt              1500000     579041      701782
records.json.txt        400000      72255       86082
server.log              300000      29404       36107
source.c.txt           1400000     354325      437444
source.py.txt           600000     132748      164720
source.rs.txt           700000     134069      174548
sourcemap.map.txt       350000      68389       85727
sparse.bin               40000       1234        1234
tiny-app.log             28000        965        1314
tiny-config.json.txt     12000       2107        2363
weights-bf16.bin        450000     362200      365903
weights-f16.bin         250000     216274      216800
weights-f32.bin         350000     284747      287387
weights-q8.bin          250000     236246      236231
-----------------------------------------------------
TOTAL                 15930000    5130834     5885981

method        bytes     ratio    lz77  encode   total  slowdown
--------------------------------------------------------------------------------------------------------------------
incumbent   5130834  1.00000x  0.474s  0.171s  0.646s     1.00x  the incumbent
submission  5885981  1.14718x  0.068s  0.201s  0.269s     0.42x  no improvement — 14.718% larger than the incumbent.

no improvement — 14.718% larger than the incumbent.
{
  "candidates": [
    "submission"
  ],
  "raw_bytes": 15930000,
  "methods": {
    "submission": {
      "output_bytes": 5885981,
      "parse_s": 0.06804399,
      "total_s": 0.26935055399999996,
      "slowdown": 0.41706208230780295
    },
    "incumbent": {
      "output_bytes": 5130834,
      "parse_s": 0.474452578,
      "total_s": 0.64582844
    }
  },
  "corpora": [
    "corpus-stage1"
  ],
  "accepted": true
}
