R10_SEED {"case":0,"synthetic":false,"bytes":500000,"row":1,"rs_words":308806,"rs_equal":true,"seed_valid":true,"decode":true,"forward_ns":12542040,"collect_ns":8642020,"seed_ns":3183084}
R10_FORWARD {"file_index":0,"rep":0,"mask":1023,"reference_ns":17092393,"instrumented_ns":18248798,"calls":[499992, 352731, 204440, 102220, 74694, 99083, 3145, 240, 1],"sample_ns":[15622, 11883, 7938, 4956, 2703, 4708, 600, 2204, 12454497],"samples":[489, 345, 200, 100, 73, 97, 4, 1, 1],"tokens_equal":true}
R10_FORWARD {"file_index":0,"rep":1,"mask":1023,"reference_ns":15688476,"instrumented_ns":19039423,"calls":[499992, 352731, 204440, 102220, 74694, 99083, 3145, 240, 1],"sample_ns":[15684, 11823, 7851, 5013, 2658, 4649, 481, 2184, 13136188],"samples":[489, 345, 200, 100, 73, 97, 4, 1, 1],"tokens_equal":true}
R10_FORWARD {"file_index":0,"rep":2,"mask":63,"reference_ns":16456357,"instrumented_ns":19653807,"calls":[499992, 352731, 204440, 102220, 74694, 99083, 3145, 240, 1],"sample_ns":[244878, 173993, 116673, 70692, 36729, 65758, 4265, 7976, 13851171],"samples":[7813, 5512, 3195, 1598, 1168, 1549, 50, 4, 1],"tokens_equal":true}
R10_SEED {"case":1,"synthetic":false,"bytes":1000000,"row":7,"rs_words":1490531,"rs_equal":true,"seed_valid":true,"decode":true,"forward_ns":47187955,"collect_ns":32787962,"seed_ns":9940019}
R10_FORWARD {"file_index":1,"rep":0,"mask":1023,"reference_ns":65058188,"instrumented_ns":68829448,"calls":[999992, 1376190, 997948, 498974, 296860, 498411, 696, 487, 1],"sample_ns":[43730, 44229, 32599, 21523, 9247, 36338, 441, 1643, 50938948],"samples":[977, 1344, 975, 488, 290, 487, 1, 1, 1],"tokens_equal":true}
R10_FORWARD {"file_index":1,"rep":1,"mask":1023,"reference_ns":62608472,"instrumented_ns":72131504,"calls":[999992, 1376190, 997948, 498974, 296860, 498411, 696, 487, 1],"sample_ns":[33379, 44582, 32720, 23007, 9286, 25391, 441, 1582, 53590861],"samples":[977, 1344, 975, 488, 290, 487, 1, 1, 1],"tokens_equal":true}
R10_FORWARD {"file_index":1,"rep":2,"mask":63,"reference_ns":65279160,"instrumented_ns":74865771,"calls":[999992, 1376190, 997948, 498974, 296860, 498411, 696, 487, 1],"sample_ns":[558629, 685479, 519414, 331240, 142548, 367625, 24929, 13898, 56236673],"samples":[15625, 21503, 15593, 7797, 4639, 7788, 11, 8, 1],"tokens_equal":true}
R10_SEED {"case":2,"synthetic":false,"bytes":500000,"row":5,"rs_words":275022,"rs_equal":true,"seed_valid":true,"decode":true,"forward_ns":11196873,"collect_ns":7747022,"seed_ns":2680767}
R10_FORWARD {"file_index":2,"rep":0,"mask":1023,"reference_ns":15594370,"instrumented_ns":17250017,"calls":[499992, 265886, 174766, 87383, 68815, 85627, 1759, 237, 1],"sample_ns":[15770, 9153, 7361, 4593, 2341, 5742, 4378, 1653, 12216454],"samples":[489, 260, 171, 86, 68, 84, 2, 1, 1],"tokens_equal":true}
R10_FORWARD {"file_index":2,"rep":1,"mask":1023,"reference_ns":15517967,"instrumented_ns":17208018,"calls":[499992, 265886, 174766, 87383, 68815, 85627, 1759, 237, 1],"sample_ns":[15940, 9168, 7244, 4465, 2336, 5513, 4258, 1483, 12381521],"samples":[489, 260, 171, 86, 68, 84, 2, 1, 1],"tokens_equal":true}
R10_FORWARD {"file_index":2,"rep":2,"mask":63,"reference_ns":15461102,"instrumented_ns":18801088,"calls":[499992, 265886, 174766, 87383, 68815, 85627, 1759, 237, 1],"sample_ns":[255033, 134539, 107438, 64579, 34568, 70052, 6983, 5741, 13964121],"samples":[7813, 4155, 2731, 1366, 1076, 1338, 28, 4, 1],"tokens_equal":true}
R10_FORWARD {"file_index":3,"rep":0,"mask":1023,"reference_ns":10274493,"instrumented_ns":10241822,"calls":[0, 0, 0, 0, 0, 0, 0, 0, 0],"sample_ns":[0, 0, 0, 0, 0, 0, 0, 0, 0],"samples":[0, 0, 0, 0, 0, 0, 0, 0, 0],"tokens_equal":true}
R10_FORWARD {"file_index":3,"rep":1,"mask":1023,"reference_ns":10207037,"instrumented_ns":10282217,"calls":[0, 0, 0, 0, 0, 0, 0, 0, 0],"sample_ns":[0, 0, 0, 0, 0, 0, 0, 0, 0],"samples":[0, 0, 0, 0, 0, 0, 0, 0, 0],"tokens_equal":true}
R10_FORWARD {"file_index":3,"rep":2,"mask":63,"reference_ns":10165620,"instrumented_ns":10315790,"calls":[0, 0, 0, 0, 0, 0, 0, 0, 0],"sample_ns":[0, 0, 0, 0, 0, 0, 0, 0, 0],"samples":[0, 0, 0, 0, 0, 0, 0, 0, 0],"tokens_equal":true}
R10_SEED {"case":4,"synthetic":false,"bytes":400000,"row":8,"rs_words":423833,"rs_equal":true,"seed_valid":true,"decode":true,"forward_ns":16817110,"collect_ns":12066594,"seed_ns":2842559}
R10_FORWARD {"file_index":4,"rep":0,"mask":1023,"reference_ns":22459467,"instrumented_ns":24674237,"calls":[399992, 709712, 267832, 133916, 95922, 133306, 629, 194, 1],"sample_ns":[12847, 22891, 10517, 6519, 3258, 8174, 1744, 1723, 18777915],"samples":[391, 694, 262, 131, 94, 131, 1, 1, 1],"tokens_equal":true}
R10_FORWARD {"file_index":4,"rep":1,"mask":1023,"reference_ns":22328153,"instrumented_ns":24628722,"calls":[399992, 709712, 267832, 133916, 95922, 133306, 629, 194, 1],"sample_ns":[12726, 22491, 10379, 6305, 3199, 8114, 1733, 1573, 18734564],"samples":[391, 694, 262, 131, 94, 131, 1, 1, 1],"tokens_equal":true}
R10_FORWARD {"file_index":4,"rep":2,"mask":63,"reference_ns":22372676,"instrumented_ns":26505811,"calls":[399992, 709712, 267832, 133916, 95922, 133306, 629, 194, 1],"sample_ns":[203358, 346454, 168602, 94708, 46445, 124435, 7204, 5870, 20608808],"samples":[6250, 11090, 4185, 2093, 1499, 2083, 10, 4, 1],"tokens_equal":true}
R10_SEED {"case":5,"synthetic":false,"bytes":800000,"row":8,"rs_words":1172142,"rs_equal":true,"seed_valid":true,"decode":true,"forward_ns":39199493,"collect_ns":30046721,"seed_ns":7365461}
R10_FORWARD {"file_index":5,"rep":0,"mask":1023,"reference_ns":54376045,"instrumented_ns":57927195,"calls":[799992, 1305225, 727084, 363542, 268337, 362642, 965, 388, 1],"sample_ns":[26664, 42162, 29492, 17452, 8805, 20809, 1964, 2004, 43864710],"samples":[782, 1275, 711, 356, 263, 355, 1, 1, 1],"tokens_equal":true}
R10_FORWARD {"file_index":5,"rep":1,"mask":1023,"reference_ns":53053289,"instrumented_ns":61228779,"calls":[799992, 1305225, 727084, 363542, 268337, 362642, 965, 388, 1],"sample_ns":[26769, 42012, 29917, 17258, 9043, 20620, 3336, 1983, 46737425],"samples":[782, 1275, 711, 356, 263, 355, 1, 1, 1],"tokens_equal":true}
R10_FORWARD {"file_index":5,"rep":2,"mask":63,"reference_ns":55662322,"instrumented_ns":62380687,"calls":[799992, 1305225, 727084, 363542, 268337, 362642, 965, 388, 1],"sample_ns":[434682, 644810, 435399, 258736, 129053, 288928, 23524, 11892, 47858796],"samples":[12500, 20395, 11361, 5681, 4193, 5667, 16, 7, 1],"tokens_equal":true}
R10_SEED {"case":6,"synthetic":false,"bytes":150000,"row":4,"rs_words":129711,"rs_equal":true,"seed_valid":true,"decode":true,"forward_ns":4409581,"collect_ns":3294000,"seed_ns":1001948}
R10_FORWARD {"file_index":6,"rep":0,"mask":1023,"reference_ns":6021194,"instrumented_ns":6721750,"calls":[149992, 175348, 78930, 39465, 34892, 39465, 37, 73, 1],"sample_ns":[4839, 5977, 3336, 2015, 1232, 2254, 3036, 1583, 5029175],"samples":[147, 172, 78, 39, 35, 39, 1, 1, 1],"tokens_equal":true}
R10_FORWARD {"file_index":6,"rep":1,"mask":1023,"reference_ns":5980770,"instrumented_ns":6593220,"calls":[149992, 175348, 78930, 39465, 34892, 39465, 37, 73, 1],"sample_ns":[4726, 5703, 3230, 1897, 1202, 2097, 2995, 1253, 4878595],"samples":[147, 172, 78, 39, 35, 39, 1, 1, 1],"tokens_equal":true}
R10_FORWARD {"file_index":6,"rep":2,"mask":63,"reference_ns":5973896,"instrumented_ns":7192087,"calls":[149992, 175348, 78930, 39465, 34892, 39465, 37, 73, 1],"sample_ns":[74860, 96882, 47599, 28470, 17222, 31429, 3016, 2585, 5502317],"samples":[2344, 2740, 1234, 617, 546, 617, 1, 2, 1],"tokens_equal":true}
R10_FORWARD {"file_index":7,"rep":0,"mask":1023,"reference_ns":74755585,"instrumented_ns":75893127,"calls":[0, 0, 0, 0, 0, 0, 0, 0, 0],"sample_ns":[0, 0, 0, 0, 0, 0, 0, 0, 0],"samples":[0, 0, 0, 0, 0, 0, 0, 0, 0],"tokens_equal":true}
R10_FORWARD {"file_index":7,"rep":1,"mask":1023,"reference_ns":73278572,"instrumented_ns":75091332,"calls":[0, 0, 0, 0, 0, 0, 0, 0, 0],"sample_ns":[0, 0, 0, 0, 0, 0, 0, 0, 0],"samples":[0, 0, 0, 0, 0, 0, 0, 0, 0],"tokens_equal":true}
R10_FORWARD {"file_index":7,"rep":2,"mask":63,"reference_ns":72963916,"instrumented_ns":74554030,"calls":[0, 0, 0, 0, 0, 0, 0, 0, 0],"sample_ns":[0, 0, 0, 0, 0, 0, 0, 0, 0],"samples":[0, 0, 0, 0, 0, 0, 0, 0, 0],"tokens_equal":true}
R10_FORWARD {"file_index":8,"rep":0,"mask":1023,"reference_ns":11599183,"instrumented_ns":11643826,"calls":[0, 0, 0, 0, 0, 0, 0, 0, 0],"sample_ns":[0, 0, 0, 0, 0, 0, 0, 0, 0],"samples":[0, 0, 0, 0, 0, 0, 0, 0, 0],"tokens_equal":true}
R10_FORWARD {"file_index":8,"rep":1,"mask":1023,"reference_ns":11651751,"instrumented_ns":11683290,"calls":[0, 0, 0, 0, 0, 0, 0, 0, 0],"sample_ns":[0, 0, 0, 0, 0, 0, 0, 0, 0],"samples":[0, 0, 0, 0, 0, 0, 0, 0, 0],"tokens_equal":true}
R10_FORWARD {"file_index":8,"rep":2,"mask":63,"reference_ns":11525124,"instrumented_ns":11643795,"calls":[0, 0, 0, 0, 0, 0, 0, 0, 0],"sample_ns":[0, 0, 0, 0, 0, 0, 0, 0, 0],"samples":[0, 0, 0, 0, 0, 0, 0, 0, 0],"tokens_equal":true}
R10_SEED {"case":9,"synthetic":false,"bytes":1000000,"row":8,"rs_words":1236211,"rs_equal":true,"seed_valid":true,"decode":true,"forward_ns":47666547,"collect_ns":34476559,"seed_ns":8164399}
R10_FORWARD {"file_index":9,"rep":0,"mask":1023,"reference_ns":67481045,"instrumented_ns":70537863,"calls":[999992, 1715099, 758752, 379376, 272952, 378299, 1115, 486, 1],"sample_ns":[33042, 55171, 30340, 18708, 8805, 25188, 6953, 1993, 53252230],"samples":[977, 1675, 741, 371, 267, 370, 2, 1, 1],"tokens_equal":true}
R10_FORWARD {"file_index":9,"rep":1,"mask":1023,"reference_ns":63470258,"instrumented_ns":72469514,"calls":[999992, 1715099, 758752, 379376, 272952, 378299, 1115, 486, 1],"sample_ns":[32901, 55304, 30367, 20142, 8847, 24771, 9449, 1923, 55129810],"samples":[977, 1675, 741, 371, 267, 370, 2, 1, 1],"tokens_equal":true}
R10_FORWARD {"file_index":9,"rep":2,"mask":63,"reference_ns":65521341,"instrumented_ns":75302475,"calls":[999992, 1715099, 758752, 379376, 272952, 378299, 1115, 486, 1],"sample_ns":[518953, 840719, 454091, 270973, 131513, 346227, 23275, 12833, 58018295],"samples":[15625, 26799, 11856, 5928, 4265, 5911, 18, 8, 1],"tokens_equal":true}
R10_SEED {"case":10,"synthetic":false,"bytes":500000,"row":1,"rs_words":819334,"rs_equal":true,"seed_valid":true,"decode":true,"forward_ns":21510890,"collect_ns":16506380,"seed_ns":4558127}
R10_FORWARD {"file_index":10,"rep":0,"mask":1023,"reference_ns":30544550,"instrumented_ns":32536253,"calls":[499992, 860311, 555874, 277937, 188219, 277004, 987, 243, 1],"sample_ns":[16883, 26826, 20985, 12436, 6090, 11720, 852, 2093, 24082012],"samples":[489, 841, 543, 272, 184, 271, 1, 1, 1],"tokens_equal":true}
R10_FORWARD {"file_index":10,"rep":1,"mask":1023,"reference_ns":28447821,"instrumented_ns":32027414,"calls":[499992, 860311, 555874, 277937, 188219, 277004, 987, 243, 1],"sample_ns":[16668, 26884, 20918, 12244, 5998, 11596, 761, 1974, 23975123],"samples":[489, 841, 543, 272, 184, 271, 1, 1, 1],"tokens_equal":true}
R10_FORWARD {"file_index":10,"rep":2,"mask":63,"reference_ns":28483368,"instrumented_ns":34803208,"calls":[499992, 860311, 555874, 277937, 188219, 277004, 987, 243, 1],"sample_ns":[265364, 409737, 323899, 186336, 90693, 177690, 13144, 7724, 26832720],"samples":[7813, 13443, 8686, 4343, 2941, 4329, 16, 4, 1],"tokens_equal":true}
R10_SEED {"case":11,"synthetic":false,"bytes":1300000,"row":3,"rs_words":1430669,"rs_equal":true,"seed_valid":true,"decode":true,"forward_ns":50489209,"collect_ns":37003730,"seed_ns":9819214}
R10_FORWARD {"file_index":11,"rep":0,"mask":1023,"reference_ns":67898793,"instrumented_ns":71885174,"calls":[1299992, 1966067, 907548, 453774, 375471, 453180, 837, 632, 1],"sample_ns":[41755, 62725, 35276, 20577, 11645, 23018, 6322, 1843, 54406591],"samples":[1270, 1920, 887, 444, 367, 443, 1, 1, 1],"tokens_equal":true}
R10_FORWARD {"file_index":11,"rep":1,"mask":1023,"reference_ns":67695114,"instrumented_ns":75288149,"calls":[1299992, 1966067, 907548, 453774, 375471, 453180, 837, 632, 1],"sample_ns":[41953, 62443, 35710, 22318, 11763, 23070, 9137, 1673, 57153542],"samples":[1270, 1920, 887, 444, 367, 443, 1, 1, 1],"tokens_equal":true}
R10_FORWARD {"file_index":11,"rep":2,"mask":63,"reference_ns":68751232,"instrumented_ns":78154111,"calls":[1299992, 1966067, 907548, 453774, 375471, 453180, 837, 632, 1],"sample_ns":[674823, 964775, 543088, 346552, 180999, 330417, 26130, 13904, 60025927],"samples":[20313, 30720, 14181, 7091, 5867, 7081, 14, 10, 1],"tokens_equal":true}
R10_SEED {"case":12,"synthetic":false,"bytes":1100000,"row":9,"rs_words":1698843,"rs_equal":true,"seed_valid":true,"decode":true,"forward_ns":56280475,"collect_ns":40992866,"seed_ns":10466411}
R10_FORWARD {"file_index":12,"rep":0,"mask":1023,"reference_ns":82114794,"instrumented_ns":81562324,"calls":[1099992, 2037518, 1020824, 510412, 373514, 509645, 897, 533, 1],"sample_ns":[36371, 64652, 40876, 25226, 11688, 31157, 9067, 2023, 62294466],"samples":[1075, 1990, 997, 499, 365, 498, 1, 1, 1],"tokens_equal":true}
R10_FORWARD {"file_index":12,"rep":1,"mask":1023,"reference_ns":75320549,"instrumented_ns":85656156,"calls":[1099992, 2037518, 1020824, 510412, 373514, 509645, 897, 533, 1],"sample_ns":[36620, 64910, 40960, 24946, 11710, 31264, 11802, 2014, 65089787],"samples":[1075, 1990, 997, 499, 365, 498, 1, 1, 1],"tokens_equal":true}
R10_FORWARD {"file_index":12,"rep":2,"mask":63,"reference_ns":78380463,"instrumented_ns":88864326,"calls":[1099992, 2037518, 1020824, 510412, 373514, 509645, 897, 533, 1],"sample_ns":[581108, 1000447, 637029, 371944, 179561, 442578, 20079, 16049, 68517257],"samples":[17188, 31837, 15951, 7976, 5837, 7964, 15, 9, 1],"tokens_equal":true}
R10_SEED {"case":13,"synthetic":false,"bytes":600000,"row":5,"rs_words":438379,"rs_equal":true,"seed_valid":true,"decode":true,"forward_ns":16900424,"collect_ns":12414652,"seed_ns":3780116}
R10_FORWARD {"file_index":13,"rep":0,"mask":1023,"reference_ns":23052854,"instrumented_ns":25159040,"calls":[599992, 443249, 301696, 150848, 88440, 149132, 1724, 290, 1],"sample_ns":[19344, 14653, 12059, 7208, 3050, 8434, 4498, 2014, 18468227],"samples":[586, 433, 295, 148, 87, 146, 2, 1, 1],"tokens_equal":true}
R10_FORWARD {"file_index":13,"rep":1,"mask":1023,"reference_ns":23140898,"instrumented_ns":25243428,"calls":[599992, 443249, 301696, 150848, 88440, 149132, 1724, 290, 1],"sample_ns":[19621, 14600, 12154, 7160, 3069, 8305, 4448, 1744, 18566530],"samples":[586, 433, 295, 148, 87, 146, 2, 1, 1],"tokens_equal":true}
R10_FORWARD {"file_index":13,"rep":2,"mask":63,"reference_ns":22949972,"instrumented_ns":26884407,"calls":[599992, 443249, 301696, 150848, 88440, 149132, 1724, 290, 1],"sample_ns":[302431, 223200, 179273, 98340, 43240, 112152, 10763, 8075, 20190958],"samples":[9375, 6926, 4714, 2357, 1382, 2331, 27, 5, 1],"tokens_equal":true}
R10_SEED {"case":14,"synthetic":false,"bytes":1500000,"row":10,"rs_words":4545157,"rs_equal":true,"seed_valid":true,"decode":true,"forward_ns":148300534,"collect_ns":111554785,"seed_ns":26768300}
R10_FORWARD {"file_index":14,"rep":0,"mask":1023,"reference_ns":245960877,"instrumented_ns":206700661,"calls":[1499992, 6105836, 2443364, 1221682, 1292991, 1221555, 446, 732, 1],"sample_ns":[53660, 197958, 131936, 67798, 39823, 73155, 9107, 1803, 165876739],"samples":[1465, 5963, 2387, 1194, 1263, 1193, 1, 1, 1],"tokens_equal":true}
R10_FORWARD {"file_index":14,"rep":1,"mask":1023,"reference_ns":187093490,"instrumented_ns":211293252,"calls":[1499992, 6105836, 2443364, 1221682, 1292991, 1221555, 446, 732, 1],"sample_ns":[71020, 187380, 130801, 69073, 39699, 71834, 12133, 1873, 168643557],"samples":[1465, 5963, 2387, 1194, 1263, 1193, 1, 1, 1],"tokens_equal":true}
R10_FORWARD {"file_index":14,"rep":2,"mask":63,"reference_ns":190962382,"instrumented_ns":221127104,"calls":[1499992, 6105836, 2443364, 1221682, 1292991, 1221555, 446, 732, 1],"sample_ns":[858800, 2920968, 2053838, 997034, 618408, 1039533, 38423, 17899, 178513085],"samples":[23438, 95404, 38178, 19089, 20203, 19087, 7, 12, 1],"tokens_equal":true}
R10_SEED {"case":15,"synthetic":false,"bytes":400000,"row":6,"rs_words":247530,"rs_equal":true,"seed_valid":true,"decode":true,"forward_ns":8997253,"collect_ns":6845301,"seed_ns":1782573}
R10_FORWARD {"file_index":15,"rep":0,"mask":1023,"reference_ns":12610628,"instrumented_ns":13878471,"calls":[399992, 285347, 196674, 98337, 25932, 97499, 839, 190, 1],"sample_ns":[12793, 9817, 7443, 4192, 1021, 4381, 6652, 1663, 10207238],"samples":[391, 279, 193, 97, 26, 96, 1, 1, 1],"tokens_equal":true}
R10_FORWARD {"file_index":15,"rep":1,"mask":1023,"reference_ns":12372354,"instrumented_ns":13768496,"calls":[399992, 285347, 196674, 98337, 25932, 97499, 839, 190, 1],"sample_ns":[12666, 9525, 7246, 3977, 899, 4317, 6482, 1483, 10118733],"samples":[391, 279, 193, 97, 26, 96, 1, 1, 1],"tokens_equal":true}
R10_FORWARD {"file_index":15,"rep":2,"mask":63,"reference_ns":12373176,"instrumented_ns":14925113,"calls":[399992, 285347, 196674, 98337, 25932, 97499, 839, 190, 1],"sample_ns":[199419, 142884, 108872, 56835, 13623, 77517, 10240, 4017, 11268126],"samples":[6250, 4459, 3074, 1537, 406, 1524, 14, 3, 1],"tokens_equal":true}
R10_FORWARD {"file_index":16,"rep":0,"mask":1023,"reference_ns":2044200,"instrumented_ns":2032800,"calls":[0, 0, 0, 0, 0, 0, 0, 0, 0],"sample_ns":[0, 0, 0, 0, 0, 0, 0, 0, 0],"samples":[0, 0, 0, 0, 0, 0, 0, 0, 0],"tokens_equal":true}
R10_FORWARD {"file_index":16,"rep":1,"mask":1023,"reference_ns":2026227,"instrumented_ns":2027830,"calls":[0, 0, 0, 0, 0, 0, 0, 0, 0],"sample_ns":[0, 0, 0, 0, 0, 0, 0, 0, 0],"samples":[0, 0, 0, 0, 0, 0, 0, 0, 0],"tokens_equal":true}
R10_FORWARD {"file_index":16,"rep":2,"mask":63,"reference_ns":2009937,"instrumented_ns":2020076,"calls":[0, 0, 0, 0, 0, 0, 0, 0, 0],"sample_ns":[0, 0, 0, 0, 0, 0, 0, 0, 0],"samples":[0, 0, 0, 0, 0, 0, 0, 0, 0],"tokens_equal":true}
R10_SEED {"case":17,"synthetic":false,"bytes":1400000,"row":8,"rs_words":1853450,"rs_equal":true,"seed_valid":true,"decode":true,"forward_ns":72249825,"collect_ns":53906901,"seed_ns":13045018}
R10_FORWARD {"file_index":17,"rep":0,"mask":1023,"reference_ns":98541055,"instrumented_ns":105488405,"calls":[1399992, 2853653, 1131052, 565526, 427073, 564206, 1428, 680, 1],"sample_ns":[46691, 90437, 43395, 27246, 13915, 32256, 4829, 1594, 80703513],"samples":[1368, 2787, 1105, 553, 418, 551, 2, 1, 1],"tokens_equal":true}
R10_FORWARD {"file_index":17,"rep":1,"mask":1023,"reference_ns":94238424,"instrumented_ns":104486046,"calls":[1399992, 2853653, 1131052, 565526, 427073, 564206, 1428, 680, 1],"sample_ns":[46157, 90635, 43814, 27503, 13572, 32462, 4719, 1533, 80413332],"samples":[1368, 2787, 1105, 553, 418, 551, 2, 1, 1],"tokens_equal":true}
R10_FORWARD {"file_index":17,"rep":2,"mask":63,"reference_ns":94428178,"instrumented_ns":111760848,"calls":[1399992, 2853653, 1131052, 565526, 427073, 564206, 1428, 680, 1],"sample_ns":[743341, 1398135, 672070, 468517, 205883, 497937, 22954, 15370, 87736553],"samples":[21875, 44589, 17673, 8837, 6674, 8816, 23, 11, 1],"tokens_equal":true}
R10_SEED {"case":18,"synthetic":false,"bytes":600000,"row":8,"rs_words":691246,"rs_equal":true,"seed_valid":true,"decode":true,"forward_ns":28003463,"collect_ns":20027734,"seed_ns":4636874}
R10_FORWARD {"file_index":18,"rep":0,"mask":1023,"reference_ns":36901640,"instrumented_ns":40613509,"calls":[599992, 1214203, 423246, 211623, 166132, 210735, 915, 291, 1],"sample_ns":[19550, 38640, 16882, 11079, 5404, 12084, 1082, 1713, 31189402],"samples":[586, 1186, 414, 207, 163, 206, 1, 1, 1],"tokens_equal":true}
R10_FORWARD {"file_index":18,"rep":1,"mask":1023,"reference_ns":36844283,"instrumented_ns":40826827,"calls":[599992, 1214203, 423246, 211623, 166132, 210735, 915, 291, 1],"sample_ns":[19786, 39361, 16655, 10960, 5625, 11870, 982, 1543, 31367172],"samples":[586, 1186, 414, 207, 163, 206, 1, 1, 1],"tokens_equal":true}
R10_FORWARD {"file_index":18,"rep":2,"mask":63,"reference_ns":36912920,"instrumented_ns":43621456,"calls":[599992, 1214203, 423246, 211623, 166132, 210735, 915, 291, 1],"sample_ns":[308757, 589683, 259727, 157791, 80589, 183231, 6561, 7102, 34158016],"samples":[9375, 18972, 6614, 3307, 2596, 3293, 15, 5, 1],"tokens_equal":true}
R10_SEED {"case":19,"synthetic":false,"bytes":700000,"row":8,"rs_words":682142,"rs_equal":true,"seed_valid":true,"decode":true,"forward_ns":28294776,"collect_ns":20206869,"seed_ns":4701925}
R10_FORWARD {"file_index":19,"rep":0,"mask":1023,"reference_ns":37624698,"instrumented_ns":41435282,"calls":[699992, 1144906, 417604, 208802, 159371, 207186, 1641, 337, 1],"sample_ns":[22839, 36932, 16422, 10411, 5338, 13379, 922, 1583, 31613081],"samples":[684, 1119, 408, 204, 156, 203, 2, 1, 1],"tokens_equal":true}
R10_FORWARD {"file_index":19,"rep":1,"mask":1023,"reference_ns":37777843,"instrumented_ns":42204835,"calls":[699992, 1144906, 417604, 208802, 159371, 207186, 1641, 337, 1],"sample_ns":[22945, 37078, 16112, 10281, 5352, 23455, 1061, 1563, 31962943],"samples":[684, 1119, 408, 204, 156, 203, 2, 1, 1],"tokens_equal":true}
R10_FORWARD {"file_index":19,"rep":2,"mask":63,"reference_ns":37909137,"instrumented_ns":44327583,"calls":[699992, 1144906, 417604, 208802, 159371, 207186, 1641, 337, 1],"sample_ns":[368780, 558540, 258874, 151651, 77494, 197465, 13714, 8393, 34490575],"samples":[10938, 17890, 6526, 3263, 2491, 3238, 26, 6, 1],"tokens_equal":true}
R10_SEED {"case":20,"synthetic":false,"bytes":350000,"row":7,"rs_words":351215,"rs_equal":true,"seed_valid":true,"decode":true,"forward_ns":13371326,"collect_ns":8962257,"seed_ns":2223675}
R10_FORWARD {"file_index":20,"rep":0,"mask":1023,"reference_ns":18227178,"instrumented_ns":20045227,"calls":[349992, 495837, 220382, 110191, 66546, 109670, 555, 170, 1],"sample_ns":[11166, 16374, 7257, 5077, 2257, 7499, 3917, 1673, 14968594],"samples":[342, 485, 216, 108, 65, 108, 1, 1, 1],"tokens_equal":true}
R10_FORWARD {"file_index":20,"rep":1,"mask":1023,"reference_ns":18158761,"instrumented_ns":20261280,"calls":[349992, 495837, 220382, 110191, 66546, 109670, 555, 170, 1],"sample_ns":[11298, 16134, 7287, 5206, 2193, 7504, 3837, 1563, 15195697],"samples":[342, 485, 216, 108, 65, 108, 1, 1, 1],"tokens_equal":true}
R10_FORWARD {"file_index":20,"rep":2,"mask":63,"reference_ns":18263956,"instrumented_ns":21471034,"calls":[349992, 495837, 220382, 110191, 66546, 109670, 555, 170, 1],"sample_ns":[175260, 242866, 118973, 75819, 32532, 107124, 5129, 4247, 16394501],"samples":[5469, 7748, 3444, 1722, 1040, 1714, 9, 3, 1],"tokens_equal":true}
R10_FORWARD {"file_index":21,"rep":0,"mask":1023,"reference_ns":86521,"instrumented_ns":77605,"calls":[0, 0, 0, 0, 0, 0, 0, 0, 0],"sample_ns":[0, 0, 0, 0, 0, 0, 0, 0, 0],"samples":[0, 0, 0, 0, 0, 0, 0, 0, 0],"tokens_equal":true}
R10_FORWARD {"file_index":21,"rep":1,"mask":1023,"reference_ns":74409,"instrumented_ns":89968,"calls":[0, 0, 0, 0, 0, 0, 0, 0, 0],"sample_ns":[0, 0, 0, 0, 0, 0, 0, 0, 0],"samples":[0, 0, 0, 0, 0, 0, 0, 0, 0],"tokens_equal":true}
R10_FORWARD {"file_index":21,"rep":2,"mask":63,"reference_ns":85018,"instrumented_ns":73206,"calls":[0, 0, 0, 0, 0, 0, 0, 0, 0],"sample_ns":[0, 0, 0, 0, 0, 0, 0, 0, 0],"samples":[0, 0, 0, 0, 0, 0, 0, 0, 0],"tokens_equal":true}
R10_FORWARD {"file_index":22,"rep":0,"mask":1023,"reference_ns":112269,"instrumented_ns":118400,"calls":[0, 0, 0, 0, 0, 0, 0, 0, 0],"sample_ns":[0, 0, 0, 0, 0, 0, 0, 0, 0],"samples":[0, 0, 0, 0, 0, 0, 0, 0, 0],"tokens_equal":true}
R10_FORWARD {"file_index":22,"rep":1,"mask":1023,"reference_ns":101399,"instrumented_ns":115155,"calls":[0, 0, 0, 0, 0, 0, 0, 0, 0],"sample_ns":[0, 0, 0, 0, 0, 0, 0, 0, 0],"samples":[0, 0, 0, 0, 0, 0, 0, 0, 0],"tokens_equal":true}
R10_FORWARD {"file_index":22,"rep":2,"mask":63,"reference_ns":128219,"instrumented_ns":97642,"calls":[0, 0, 0, 0, 0, 0, 0, 0, 0],"sample_ns":[0, 0, 0, 0, 0, 0, 0, 0, 0],"samples":[0, 0, 0, 0, 0, 0, 0, 0, 0],"tokens_equal":true}
R10_SEED {"case":23,"synthetic":false,"bytes":12000,"row":0,"rs_words":6346,"rs_equal":true,"seed_valid":true,"decode":true,"forward_ns":234116,"collect_ns":151062,"seed_ns":50073}
R10_FORWARD {"file_index":23,"rep":0,"mask":1023,"reference_ns":336848,"instrumented_ns":345564,"calls":[11992, 4509, 5518, 2759, 549, 2708, 51, 5, 1],"sample_ns":[442, 241, 320, 160, 50, 140, 3696, 1643, 237012],"samples":[12, 5, 6, 3, 1, 3, 1, 1, 1],"tokens_equal":true}
R10_FORWARD {"file_index":23,"rep":1,"mask":1023,"reference_ns":309867,"instrumented_ns":349352,"calls":[11992, 4509, 5518, 2759, 549, 2708, 51, 5, 1],"sample_ns":[400, 180, 321, 181, 40, 99, 3587, 1323, 246870],"samples":[12, 5, 6, 3, 1, 3, 1, 1, 1],"tokens_equal":true}
R10_FORWARD {"file_index":23,"rep":2,"mask":63,"reference_ns":306902,"instrumented_ns":357426,"calls":[11992, 4509, 5518, 2759, 549, 2708, 51, 5, 1],"sample_ns":[5982, 2285, 2938, 1670, 320, 1448, 3517, 1323, 255466],"samples":[188, 71, 87, 44, 9, 43, 1, 1, 1],"tokens_equal":true}
R10_FORWARD {"file_index":24,"rep":0,"mask":1023,"reference_ns":3747606,"instrumented_ns":3505014,"calls":[0, 0, 0, 0, 0, 0, 0, 0, 0],"sample_ns":[0, 0, 0, 0, 0, 0, 0, 0, 0],"samples":[0, 0, 0, 0, 0, 0, 0, 0, 0],"tokens_equal":true}
R10_FORWARD {"file_index":24,"rep":1,"mask":1023,"reference_ns":3756252,"instrumented_ns":3481270,"calls":[0, 0, 0, 0, 0, 0, 0, 0, 0],"sample_ns":[0, 0, 0, 0, 0, 0, 0, 0, 0],"samples":[0, 0, 0, 0, 0, 0, 0, 0, 0],"tokens_equal":true}
R10_FORWARD {"file_index":24,"rep":2,"mask":63,"reference_ns":3736195,"instrumented_ns":3489565,"calls":[0, 0, 0, 0, 0, 0, 0, 0, 0],"sample_ns":[0, 0, 0, 0, 0, 0, 0, 0, 0],"samples":[0, 0, 0, 0, 0, 0, 0, 0, 0],"tokens_equal":true}
R10_FORWARD {"file_index":25,"rep":0,"mask":1023,"reference_ns":2098633,"instrumented_ns":1936880,"calls":[0, 0, 0, 0, 0, 0, 0, 0, 0],"sample_ns":[0, 0, 0, 0, 0, 0, 0, 0, 0],"samples":[0, 0, 0, 0, 0, 0, 0, 0, 0],"tokens_equal":true}
R10_FORWARD {"file_index":25,"rep":1,"mask":1023,"reference_ns":2087412,"instrumented_ns":1937011,"calls":[0, 0, 0, 0, 0, 0, 0, 0, 0],"sample_ns":[0, 0, 0, 0, 0, 0, 0, 0, 0],"samples":[0, 0, 0, 0, 0, 0, 0, 0, 0],"tokens_equal":true}
R10_FORWARD {"file_index":25,"rep":2,"mask":63,"reference_ns":2079316,"instrumented_ns":1929817,"calls":[0, 0, 0, 0, 0, 0, 0, 0, 0],"sample_ns":[0, 0, 0, 0, 0, 0, 0, 0, 0],"samples":[0, 0, 0, 0, 0, 0, 0, 0, 0],"tokens_equal":true}
R10_FORWARD {"file_index":26,"rep":0,"mask":1023,"reference_ns":12514669,"instrumented_ns":12272367,"calls":[0, 0, 0, 0, 0, 0, 0, 0, 0],"sample_ns":[0, 0, 0, 0, 0, 0, 0, 0, 0],"samples":[0, 0, 0, 0, 0, 0, 0, 0, 0],"tokens_equal":true}
R10_FORWARD {"file_index":26,"rep":1,"mask":1023,"reference_ns":12381100,"instrumented_ns":12348069,"calls":[0, 0, 0, 0, 0, 0, 0, 0, 0],"sample_ns":[0, 0, 0, 0, 0, 0, 0, 0, 0],"samples":[0, 0, 0, 0, 0, 0, 0, 0, 0],"tokens_equal":true}
R10_FORWARD {"file_index":26,"rep":2,"mask":63,"reference_ns":12353238,"instrumented_ns":12264873,"calls":[0, 0, 0, 0, 0, 0, 0, 0, 0],"sample_ns":[0, 0, 0, 0, 0, 0, 0, 0, 0],"samples":[0, 0, 0, 0, 0, 0, 0, 0, 0],"tokens_equal":true}
R10_FORWARD {"file_index":27,"rep":0,"mask":1023,"reference_ns":2088624,"instrumented_ns":1934927,"calls":[0, 0, 0, 0, 0, 0, 0, 0, 0],"sample_ns":[0, 0, 0, 0, 0, 0, 0, 0, 0],"samples":[0, 0, 0, 0, 0, 0, 0, 0, 0],"tokens_equal":true}
R10_FORWARD {"file_index":27,"rep":1,"mask":1023,"reference_ns":2104684,"instrumented_ns":1955366,"calls":[0, 0, 0, 0, 0, 0, 0, 0, 0],"sample_ns":[0, 0, 0, 0, 0, 0, 0, 0, 0],"samples":[0, 0, 0, 0, 0, 0, 0, 0, 0],"tokens_equal":true}
R10_FORWARD {"file_index":27,"rep":2,"mask":63,"reference_ns":2110775,"instrumented_ns":1947480,"calls":[0, 0, 0, 0, 0, 0, 0, 0, 0],"sample_ns":[0, 0, 0, 0, 0, 0, 0, 0, 0],"samples":[0, 0, 0, 0, 0, 0, 0, 0, 0],"tokens_equal":true}
R10_SEED {"case":0,"synthetic":true,"bytes":16,"row":0,"rs_words":16,"rs_equal":true,"seed_valid":true,"decode":true,"forward_ns":57517,"collect_ns":26639,"seed_ns":4458}
R10_SEED {"case":1,"synthetic":true,"bytes":16,"row":1,"rs_words":16,"rs_equal":true,"seed_valid":true,"decode":true,"forward_ns":40575,"collect_ns":27021,"seed_ns":2615}
R10_SEED {"case":2,"synthetic":true,"bytes":16,"row":2,"rs_words":16,"rs_equal":true,"seed_valid":true,"decode":true,"forward_ns":38983,"collect_ns":24706,"seed_ns":2385}
R10_SEED {"case":3,"synthetic":true,"bytes":16,"row":3,"rs_words":16,"rs_equal":true,"seed_valid":true,"decode":true,"forward_ns":38652,"collect_ns":26008,"seed_ns":2225}
R10_SEED {"case":4,"synthetic":true,"bytes":16,"row":4,"rs_words":8,"rs_equal":true,"seed_valid":true,"decode":true,"forward_ns":39514,"collect_ns":26339,"seed_ns":2004}
R10_SEED {"case":5,"synthetic":true,"bytes":16,"row":5,"rs_words":16,"rs_equal":true,"seed_valid":true,"decode":true,"forward_ns":39254,"collect_ns":25337,"seed_ns":2064}
R10_SEED {"case":6,"synthetic":true,"bytes":17,"row":6,"rs_words":18,"rs_equal":true,"seed_valid":true,"decode":true,"forward_ns":36899,"collect_ns":24566,"seed_ns":2184}
R10_SEED {"case":7,"synthetic":true,"bytes":17,"row":7,"rs_words":18,"rs_equal":true,"seed_valid":true,"decode":true,"forward_ns":39393,"collect_ns":20519,"seed_ns":2485}
R10_SEED {"case":8,"synthetic":true,"bytes":17,"row":8,"rs_words":18,"rs_equal":true,"seed_valid":true,"decode":true,"forward_ns":38502,"collect_ns":23744,"seed_ns":2184}
R10_SEED {"case":9,"synthetic":true,"bytes":17,"row":9,"rs_words":18,"rs_equal":true,"seed_valid":true,"decode":true,"forward_ns":34634,"collect_ns":24355,"seed_ns":1994}
R10_SEED {"case":10,"synthetic":true,"bytes":17,"row":10,"rs_words":14,"rs_equal":true,"seed_valid":true,"decode":true,"forward_ns":35005,"collect_ns":23133,"seed_ns":1903}
R10_SEED {"case":11,"synthetic":true,"bytes":17,"row":0,"rs_words":18,"rs_equal":true,"seed_valid":true,"decode":true,"forward_ns":37189,"collect_ns":23344,"seed_ns":2154}
R10_SEED {"case":12,"synthetic":true,"bytes":31,"row":1,"rs_words":46,"rs_equal":true,"seed_valid":true,"decode":true,"forward_ns":38883,"collect_ns":22702,"seed_ns":2355}
R10_SEED {"case":13,"synthetic":true,"bytes":31,"row":2,"rs_words":46,"rs_equal":true,"seed_valid":true,"decode":true,"forward_ns":36357,"collect_ns":24445,"seed_ns":2204}
R10_SEED {"case":14,"synthetic":true,"bytes":31,"row":3,"rs_words":46,"rs_equal":true,"seed_valid":true,"decode":true,"forward_ns":37359,"collect_ns":23704,"seed_ns":2114}
R10_SEED {"case":15,"synthetic":true,"bytes":31,"row":4,"rs_words":48,"rs_equal":true,"seed_valid":true,"decode":true,"forward_ns":39804,"collect_ns":21831,"seed_ns":2284}
R10_SEED {"case":16,"synthetic":true,"bytes":31,"row":5,"rs_words":8,"rs_equal":true,"seed_valid":true,"decode":true,"forward_ns":37299,"collect_ns":23032,"seed_ns":1873}
R10_SEED {"case":17,"synthetic":true,"bytes":31,"row":6,"rs_words":47,"rs_equal":true,"seed_valid":true,"decode":true,"forward_ns":53740,"collect_ns":21701,"seed_ns":2244}
R10_SEED {"case":18,"synthetic":true,"bytes":257,"row":7,"rs_words":498,"rs_equal":true,"seed_valid":true,"decode":true,"forward_ns":50264,"collect_ns":24806,"seed_ns":4789}
R10_SEED {"case":19,"synthetic":true,"bytes":257,"row":8,"rs_words":166,"rs_equal":true,"seed_valid":true,"decode":true,"forward_ns":42951,"collect_ns":23614,"seed_ns":3297}
R10_SEED {"case":20,"synthetic":true,"bytes":257,"row":9,"rs_words":179,"rs_equal":true,"seed_valid":true,"decode":true,"forward_ns":44573,"collect_ns":24165,"seed_ns":3126}
R10_SEED {"case":21,"synthetic":true,"bytes":257,"row":10,"rs_words":527,"rs_equal":true,"seed_valid":true,"decode":true,"forward_ns":50534,"collect_ns":26720,"seed_ns":5159}
R10_SEED {"case":22,"synthetic":true,"bytes":257,"row":0,"rs_words":154,"rs_equal":true,"seed_valid":true,"decode":true,"forward_ns":48871,"collect_ns":26560,"seed_ns":3867}
R10_SEED {"case":23,"synthetic":true,"bytes":257,"row":1,"rs_words":646,"rs_equal":true,"seed_valid":true,"decode":true,"forward_ns":54772,"collect_ns":31188,"seed_ns":6201}
R10_SEED {"case":24,"synthetic":true,"bytes":258,"row":2,"rs_words":500,"rs_equal":true,"seed_valid":true,"decode":true,"forward_ns":49222,"collect_ns":24626,"seed_ns":4388}
R10_SEED {"case":25,"synthetic":true,"bytes":258,"row":3,"rs_words":166,"rs_equal":true,"seed_valid":true,"decode":true,"forward_ns":44073,"collect_ns":22792,"seed_ns":3015}
R10_SEED {"case":26,"synthetic":true,"bytes":258,"row":4,"rs_words":179,"rs_equal":true,"seed_valid":true,"decode":true,"forward_ns":43631,"collect_ns":22132,"seed_ns":2906}
R10_SEED {"case":27,"synthetic":true,"bytes":258,"row":5,"rs_words":529,"rs_equal":true,"seed_valid":true,"decode":true,"forward_ns":48711,"collect_ns":24125,"seed_ns":4689}
R10_SEED {"case":28,"synthetic":true,"bytes":258,"row":6,"rs_words":233,"rs_equal":true,"seed_valid":true,"decode":true,"forward_ns":49012,"collect_ns":26219,"seed_ns":3897}
R10_SEED {"case":29,"synthetic":true,"bytes":258,"row":7,"rs_words":650,"rs_equal":true,"seed_valid":true,"decode":true,"forward_ns":52277,"collect_ns":27812,"seed_ns":5360}
R10_SEED {"case":30,"synthetic":true,"bytes":259,"row":8,"rs_words":502,"rs_equal":true,"seed_valid":true,"decode":true,"forward_ns":47679,"collect_ns":23644,"seed_ns":4308}
R10_SEED {"case":31,"synthetic":true,"bytes":259,"row":9,"rs_words":166,"rs_equal":true,"seed_valid":true,"decode":true,"forward_ns":41227,"collect_ns":22592,"seed_ns":3016}
R10_SEED {"case":32,"synthetic":true,"bytes":259,"row":10,"rs_words":179,"rs_equal":true,"seed_valid":true,"decode":true,"forward_ns":43691,"collect_ns":22833,"seed_ns":2865}
R10_SEED {"case":33,"synthetic":true,"bytes":259,"row":0,"rs_words":531,"rs_equal":true,"seed_valid":true,"decode":true,"forward_ns":49372,"collect_ns":25437,"seed_ns":4218}
R10_SEED {"case":34,"synthetic":true,"bytes":259,"row":1,"rs_words":154,"rs_equal":true,"seed_valid":true,"decode":true,"forward_ns":45565,"collect_ns":26149,"seed_ns":3526}
R10_SEED {"case":35,"synthetic":true,"bytes":259,"row":2,"rs_words":653,"rs_equal":true,"seed_valid":true,"decode":true,"forward_ns":59912,"collect_ns":36268,"seed_ns":4939}
R10_SEED {"case":36,"synthetic":true,"bytes":1023,"row":3,"rs_words":2030,"rs_equal":true,"seed_valid":true,"decode":true,"forward_ns":67526,"collect_ns":45485,"seed_ns":8105}
R10_SEED {"case":37,"synthetic":true,"bytes":1023,"row":4,"rs_words":176,"rs_equal":true,"seed_valid":true,"decode":true,"forward_ns":54392,"collect_ns":25998,"seed_ns":4338}
R10_SEED {"case":38,"synthetic":true,"bytes":1023,"row":5,"rs_words":240,"rs_equal":true,"seed_valid":true,"decode":true,"forward_ns":49052,"collect_ns":27922,"seed_ns":4588}
R10_SEED {"case":39,"synthetic":true,"bytes":1023,"row":6,"rs_words":2318,"rs_equal":true,"seed_valid":true,"decode":true,"forward_ns":70201,"collect_ns":43301,"seed_ns":13205}
R10_SEED {"case":40,"synthetic":true,"bytes":1023,"row":7,"rs_words":695,"rs_equal":true,"seed_valid":true,"decode":true,"forward_ns":66835,"collect_ns":38161,"seed_ns":8666}
R10_SEED {"case":41,"synthetic":true,"bytes":1023,"row":8,"rs_words":3223,"rs_equal":true,"seed_valid":true,"decode":true,"forward_ns":99856,"collect_ns":65051,"seed_ns":21330}
R10_SEED {"case":42,"synthetic":true,"bytes":16385,"row":9,"rs_words":32759,"rs_equal":true,"seed_valid":true,"decode":true,"forward_ns":542792,"collect_ns":419412,"seed_ns":76372}
R10_SEED {"case":43,"synthetic":true,"bytes":16385,"row":10,"rs_words":363,"rs_equal":true,"seed_valid":true,"decode":true,"forward_ns":117920,"collect_ns":80901,"seed_ns":19747}
R10_SEED {"case":44,"synthetic":true,"bytes":16385,"row":0,"rs_words":1802,"rs_equal":true,"seed_valid":true,"decode":true,"forward_ns":201796,"collect_ns":152144,"seed_ns":28784}
R10_SEED {"case":45,"synthetic":true,"bytes":16385,"row":1,"rs_words":41503,"rs_equal":true,"seed_valid":true,"decode":true,"forward_ns":682633,"collect_ns":527773,"seed_ns":137917}
R10_SEED {"case":46,"synthetic":true,"bytes":16385,"row":2,"rs_words":8240,"rs_equal":true,"seed_valid":true,"decode":true,"forward_ns":390197,"collect_ns":289370,"seed_ns":87113}
R10_SEED {"case":47,"synthetic":true,"bytes":16385,"row":3,"rs_words":55289,"rs_equal":true,"seed_valid":true,"decode":true,"forward_ns":1065657,"collect_ns":769004,"seed_ns":356554}
R10_SEED {"case":48,"synthetic":true,"bytes":32769,"row":4,"rs_words":65540,"rs_equal":true,"seed_valid":true,"decode":true,"forward_ns":1126821,"collect_ns":911439,"seed_ns":160439}
R10_SEED {"case":49,"synthetic":true,"bytes":32769,"row":5,"rs_words":561,"rs_equal":true,"seed_valid":true,"decode":true,"forward_ns":190495,"collect_ns":136966,"seed_ns":33393}
R10_SEED {"case":50,"synthetic":true,"bytes":32769,"row":6,"rs_words":7655,"rs_equal":true,"seed_valid":true,"decode":true,"forward_ns":573329,"collect_ns":397942,"seed_ns":63448}
R10_SEED {"case":51,"synthetic":true,"bytes":32769,"row":7,"rs_words":84687,"rs_equal":true,"seed_valid":true,"decode":true,"forward_ns":1427742,"collect_ns":1070095,"seed_ns":293227}
R10_SEED {"case":52,"synthetic":true,"bytes":32769,"row":8,"rs_words":17223,"rs_equal":true,"seed_valid":true,"decode":true,"forward_ns":963365,"collect_ns":610738,"seed_ns":151583}
R10_SEED {"case":53,"synthetic":true,"bytes":32769,"row":9,"rs_words":136026,"rs_equal":true,"seed_valid":true,"decode":true,"forward_ns":2747912,"collect_ns":2008945,"seed_ns":726394}
R10_SEED {"case":54,"synthetic":true,"bytes":65537,"row":10,"rs_words":131112,"rs_equal":true,"seed_valid":true,"decode":true,"forward_ns":2260764,"collect_ns":1817769,"seed_ns":277998}
R10_SEED {"case":55,"synthetic":true,"bytes":65537,"row":0,"rs_words":956,"rs_equal":true,"seed_valid":true,"decode":true,"forward_ns":362316,"collect_ns":259263,"seed_ns":58619}
R10_SEED {"case":56,"synthetic":true,"bytes":65537,"row":1,"rs_words":7219,"rs_equal":true,"seed_valid":true,"decode":true,"forward_ns":679036,"collect_ns":497608,"seed_ns":95849}
R10_SEED {"case":57,"synthetic":true,"bytes":65537,"row":2,"rs_words":173577,"rs_equal":true,"seed_valid":true,"decode":true,"forward_ns":3106882,"collect_ns":2443475,"seed_ns":584139}
R10_SEED {"case":58,"synthetic":true,"bytes":65537,"row":3,"rs_words":25747,"rs_equal":true,"seed_valid":true,"decode":true,"forward_ns":1622384,"collect_ns":1002980,"seed_ns":276816}
R10_SEED {"case":59,"synthetic":true,"bytes":65537,"row":4,"rs_words":199681,"rs_equal":true,"seed_valid":true,"decode":true,"forward_ns":4260311,"collect_ns":3110237,"seed_ns":1198043}
R10_SEED {"case":60,"synthetic":true,"bytes":98305,"row":5,"rs_words":196671,"rs_equal":true,"seed_valid":true,"decode":true,"forward_ns":3557462,"collect_ns":2658085,"seed_ns":441563}
R10_SEED {"case":61,"synthetic":true,"bytes":98305,"row":6,"rs_words":1350,"rs_equal":true,"seed_valid":true,"decode":true,"forward_ns":516783,"collect_ns":373386,"seed_ns":85079}
R10_SEED {"case":62,"synthetic":true,"bytes":98305,"row":7,"rs_words":14904,"rs_equal":true,"seed_valid":true,"decode":true,"forward_ns":1123855,"collect_ns":825219,"seed_ns":148677}
R10_SEED {"case":63,"synthetic":true,"bytes":98305,"row":8,"rs_words":262156,"rs_equal":true,"seed_valid":true,"decode":true,"forward_ns":4927676,"collect_ns":3815733,"seed_ns":930204}
R10_SEED {"case":64,"synthetic":true,"bytes":98305,"row":9,"rs_words":63296,"rs_equal":true,"seed_valid":true,"decode":true,"forward_ns":3572098,"collect_ns":2100065,"seed_ns":474094}
R10_SEED {"case":65,"synthetic":true,"bytes":98305,"row":10,"rs_words":441171,"rs_equal":true,"seed_valid":true,"decode":true,"forward_ns":10134672,"collect_ns":7742072,"seed_ns":2342877}
