warning: `cargo miri setup` failed for target `x86_64-unknown-linux-gnu`; falling back to rustc's default sysroot: error: 'cargo-miri' is not installed for the toolchain 'nightly-2026-08-18-x86_64-unknown-linux-gnu'.
help: run `rustup component add --toolchain nightly-2026-08-18-x86_64-unknown-linux-gnu miri` to install it
warning: unused attribute
    --> /home/runner/work/_temp/deflate-upstream/data/verification-workspace/verify-s5iwsnys/slot/generated/parse.rs:7271:1
     |
7271 | #[inline(never)]
     | ^^^^^^^^^^^^^^^^ help: remove this attribute
     |
note: attribute also specified here
    --> /home/runner/work/_temp/deflate-upstream/data/verification-workspace/verify-s5iwsnys/slot/generated/parse.rs:7270:1
     |
7270 | #[inline(never)]
     | ^^^^^^^^^^^^^^^^
     = warning: this was previously accepted by the compiler but is being phased out; it will become a hard error in a future release!
     = note: `#[warn(unused_attributes)]` (part of `#[warn(unused)]`) on by default

warning: value assigned to `best` is never read
    --> /home/runner/work/_temp/deflate-upstream/data/verification-workspace/verify-s5iwsnys/slot/generated/parse.rs:6092:15
     |
6092 |  let mut best=18446744073709551615u64;
     |               ^^^^^^^^^^^^^^^^^^^^^^^ this value is reassigned later and never used
...
6095 |  q9_copy32(&cand,0,&mut kept,0,ep.len());best=seedscore;let mut it=0usize;
     |                                          -------------- `best` is overwritten here before the previous value is read
     |
     = note: `#[warn(unused_assignments)]` (part of `#[warn(unused)]`) on by default

warning: unused variable: `mode`
    --> /home/runner/work/_temp/deflate-upstream/data/verification-workspace/verify-s5iwsnys/slot/generated/parse.rs:4831:101
     |
4831 |     prev: &mut [u32; 32768], xs: &mut [u32; 131072], pos: usize, k: usize, cap: usize, max3: usize, mode: usize) {
     |                                                                                                     ^^^^ help: if this is intentional, prefix it with an underscore: `_mode`
     |
     = note: `#[warn(unused_variables)]` (part of `#[warn(unused)]`) on by default

warning: value assigned to `k` is never read
    --> /home/runner/work/_temp/deflate-upstream/data/verification-workspace/verify-s5iwsnys/slot/generated/parse.rs:3486:29
     |
3486 |                 let mut k = k0;
     |                             ^^ this value is reassigned later and never used
...
3495 |                     k = c_extend(s, c, p, k0, lim);
     |                     ------------------------------ `k` is overwritten here before the previous value is read

warning: 4 warnings emitted

