ENCODER_NATIVE 0 binary.db.bin public514 82894 50441
ENCODER_NATIVE 0 binary.db.bin base573 70986 47568
ENCODER_NATIVE 0 binary.db.bin r18-573-short-range 70986 47568
ENCODER_NATIVE 1 bundle.min.js.txt public514 325697 190824
ENCODER_NATIVE 1 bundle.min.js.txt base573 287432 200874
ENCODER_NATIVE 1 bundle.min.js.txt r18-573-short-range 287432 200874
ENCODER_NATIVE 2 catalog.xml.txt public514 69271 45579
ENCODER_NATIVE 2 catalog.xml.txt base573 58178 39115
ENCODER_NATIVE 2 catalog.xml.txt r18-573-short-range 58178 39115
ENCODER_NATIVE 3 compressed.bin public514 300095 300000
ENCODER_NATIVE 3 compressed.bin base573 299566 298884
ENCODER_NATIVE 3 compressed.bin r18-573-short-range 299566 298884
ENCODER_NATIVE 4 config.yaml.txt public514 90556 59218
ENCODER_NATIVE 4 config.yaml.txt base573 81026 49938
ENCODER_NATIVE 4 config.yaml.txt r18-573-short-range 81026 49938
ENCODER_NATIVE 5 docs.md.txt public514 243632 157463
ENCODER_NATIVE 5 docs.md.txt base573 215527 126923
ENCODER_NATIVE 5 docs.md.txt r18-573-short-range 215527 126923
ENCODER_NATIVE 6 dump.sql.txt public514 19941 15151
ENCODER_NATIVE 6 dump.sql.txt base573 16407 17632
ENCODER_NATIVE 6 dump.sql.txt r18-573-short-range 16407 17632
ENCODER_NATIVE 7 genome.fasta public514 283718 176189
ENCODER_NATIVE 7 genome.fasta base573 256489 589207
ENCODER_NATIVE 7 genome.fasta r18-573-short-range 256489 589207
ENCODER_NATIVE 8 images.bin public514 229171 226885
ENCODER_NATIVE 8 images.bin base573 223467 214959
ENCODER_NATIVE 8 images.bin r18-573-short-range 223467 214959
ENCODER_NATIVE 9 lean.txt public514 264653 161293
ENCODER_NATIVE 9 lean.txt base573 222926 124023
ENCODER_NATIVE 9 lean.txt r18-573-short-range 222926 124023
ENCODER_NATIVE 10 machine-code.bin public514 171918 122482
ENCODER_NATIVE 10 machine-code.bin base573 158779 125874
ENCODER_NATIVE 10 machine-code.bin r18-573-short-range 158779 125874
ENCODER_NATIVE 11 metrics.csv.txt public514 284703 220653
ENCODER_NATIVE 11 metrics.csv.txt base573 251663 231566
ENCODER_NATIVE 11 metrics.csv.txt r18-573-short-range 251663 231566
ENCODER_NATIVE 12 multibyte.txt public514 292855 196725
ENCODER_NATIVE 12 multibyte.txt base573 254352 153046
ENCODER_NATIVE 12 multibyte.txt r18-573-short-range 254352 153046
ENCODER_NATIVE 13 page.html.txt public514 111342 75088
ENCODER_NATIVE 13 page.html.txt base573 99009 63652
ENCODER_NATIVE 13 page.html.txt r18-573-short-range 99009 63652
ENCODER_NATIVE 14 prose.txt public514 620035 365040
ENCODER_NATIVE 14 prose.txt base573 540942 305368
ENCODER_NATIVE 14 prose.txt r18-573-short-range 540942 305368
ENCODER_NATIVE 15 records.json.txt public514 75503 78317
ENCODER_NATIVE 15 records.json.txt base573 69148 74021
ENCODER_NATIVE 15 records.json.txt r18-573-short-range 69148 74021
ENCODER_NATIVE 16 server.log public514 29230 23582
ENCODER_NATIVE 16 server.log base573 25851 23213
ENCODER_NATIVE 16 server.log r18-573-short-range 25851 23213
ENCODER_NATIVE 17 source.c.txt public514 380012 235866
ENCODER_NATIVE 17 source.c.txt base573 333263 188704
ENCODER_NATIVE 17 source.c.txt r18-573-short-range 333263 188704
ENCODER_NATIVE 18 source.py.txt public514 141452 88808
ENCODER_NATIVE 18 source.py.txt base573 125172 73240
ENCODER_NATIVE 18 source.py.txt r18-573-short-range 125172 73240
ENCODER_NATIVE 19 source.rs.txt public514 144447 88318
ENCODER_NATIVE 19 source.rs.txt base573 125980 73343
ENCODER_NATIVE 19 source.rs.txt r18-573-short-range 125980 73343
ENCODER_NATIVE 20 sourcemap.map.txt public514 75873 48664
ENCODER_NATIVE 20 sourcemap.map.txt base573 64440 40402
ENCODER_NATIVE 20 sourcemap.map.txt r18-573-short-range 64440 40402
ENCODER_NATIVE 21 sparse.bin public514 1270 1458
ENCODER_NATIVE 21 sparse.bin base573 1193 1242
ENCODER_NATIVE 21 sparse.bin r18-573-short-range 1193 1242
ENCODER_NATIVE 22 tiny-app.log public514 1270 998
ENCODER_NATIVE 22 tiny-app.log base573 845 613
ENCODER_NATIVE 22 tiny-app.log r18-573-short-range 845 613
ENCODER_NATIVE 23 tiny-config.json.txt public514 2487 3094
ENCODER_NATIVE 23 tiny-config.json.txt base573 2077 2109
ENCODER_NATIVE 23 tiny-config.json.txt r18-573-short-range 2077 2109
ENCODER_NATIVE 24 weights-bf16.bin public514 365611 265242
ENCODER_NATIVE 24 weights-bf16.bin base573 353965 438343
ENCODER_NATIVE 24 weights-bf16.bin r18-573-short-range 353965 438343
ENCODER_NATIVE 25 weights-f16.bin public514 212660 250000
ENCODER_NATIVE 25 weights-f16.bin base573 212660 250000
ENCODER_NATIVE 25 weights-f16.bin r18-573-short-range 212660 250000
ENCODER_NATIVE 26 weights-f32.bin public514 284138 285782
ENCODER_NATIVE 26 weights-f32.bin base573 278988 284300
ENCODER_NATIVE 26 weights-f32.bin r18-573-short-range 278988 284300
ENCODER_NATIVE 27 weights-q8.bin public514 235572 250000
ENCODER_NATIVE 27 weights-q8.bin base573 235572 250000
ENCODER_NATIVE 27 weights-q8.bin r18-573-short-range 235572 250000
