round21	Run native encoding or mechanism diagnostic	﻿2026-10-10T14:07:12.4862565Z ##[group]Run python3 scripts/research-round13-native.py
round21	Run native encoding or mechanism diagnostic	2026-10-10T14:07:12.4863029Z ^[[36;1mpython3 scripts/research-round13-native.py^[[0m
round21	Run native encoding or mechanism diagnostic	2026-10-10T14:07:12.4927686Z shell: /usr/bin/bash -e {0}
round21	Run native encoding or mechanism diagnostic	2026-10-10T14:07:12.4927958Z env:
round21	Run native encoding or mechanism diagnostic	2026-10-10T14:07:12.4928171Z   ROUND4_SPEC: probe-c-native
round21	Run native encoding or mechanism diagnostic	2026-10-10T14:07:12.4928441Z   ROUND4_SPEC_DIR: evidence/round21
round21	Run native encoding or mechanism diagnostic	2026-10-10T14:07:12.4928708Z   ROUND21_MODE: native
round21	Run native encoding or mechanism diagnostic	2026-10-10T14:07:12.4929018Z   DEFLATE_ROOT: /home/runner/work/_temp/deflate-native-upstream
round21	Run native encoding or mechanism diagnostic	2026-10-10T14:07:12.4929376Z ##[endgroup]
round21	Run native encoding or mechanism diagnostic	2026-10-10T14:07:12.6458867Z Traceback (most recent call last):
round21	Run native encoding or mechanism diagnostic	2026-10-10T14:07:12.6459913Z   File "/home/runner/work/Miner/Miner/scripts/research-round13-native.py", line 74, in <module>
round21	Run native encoding or mechanism diagnostic	2026-10-10T14:07:12.6460839Z     if __name__=='__main__':main()
round21	Run native encoding or mechanism diagnostic	2026-10-10T14:07:12.6461322Z                             ^^^^^^
round21	Run native encoding or mechanism diagnostic	2026-10-10T14:07:12.6462047Z   File "/home/runner/work/Miner/Miner/scripts/research-round13-native.py", line 60, in main
round21	Run native encoding or mechanism diagnostic	2026-10-10T14:07:12.6463154Z     module=importlib.util.module_from_spec(loader);loader.loader.exec_module(module);module.main();return
round21	Run native encoding or mechanism diagnostic	2026-10-10T14:07:12.6464361Z                                                                                      ^^^^^^^^^^^^^
round21	Run native encoding or mechanism diagnostic	2026-10-10T14:07:12.6465244Z   File "/home/runner/work/Miner/Miner/scripts/research-round13-encoder-native.py", line 23, in main
round21	Run native encoding or mechanism diagnostic	2026-10-10T14:07:12.6466288Z     assert len(names)<=6;by={e['name']:e for e in spec['entries']};entries=[by[n]for n in names]
round21	Run native encoding or mechanism diagnostic	2026-10-10T14:07:12.6466912Z            ^^^^^^^^^^^^^
round21	Run native encoding or mechanism diagnostic	2026-10-10T14:07:12.6467243Z AssertionError
round21	Run native encoding or mechanism diagnostic	2026-10-10T14:07:12.6646137Z ##[error]Process completed with exit code 1.
