round21	Run standard candidate checks and paired measurements	﻿2026-10-10T14:06:51.0632697Z ##[group]Run export PATH="$HOME/.local/bin:$HOME/.cargo/bin:$ELAN_HOME/bin:$PATH"
round21	Run standard candidate checks and paired measurements	2026-10-10T14:06:51.0633181Z ^[[36;1mexport PATH="$HOME/.local/bin:$HOME/.cargo/bin:$ELAN_HOME/bin:$PATH"^[[0m
round21	Run standard candidate checks and paired measurements	2026-10-10T14:06:51.0633517Z ^[[36;1mexport PYTHONPATH="$DEFLATE_ROOT/validator"^[[0m
round21	Run standard candidate checks and paired measurements	2026-10-10T14:06:51.0633823Z ^[[36;1m"$DEFLATE_ROOT/.venv/bin/python" scripts/research-round4.py^[[0m
round21	Run standard candidate checks and paired measurements	2026-10-10T14:06:51.0634156Z ^[[36;1m"$DEFLATE_ROOT/.venv/bin/python" scripts/research-round5.py^[[0m
round21	Run standard candidate checks and paired measurements	2026-10-10T14:06:51.0634478Z ^[[36;1m"$DEFLATE_ROOT/.venv/bin/python" scripts/research-round14.py^[[0m
round21	Run standard candidate checks and paired measurements	2026-10-10T14:06:51.0634796Z ^[[36;1m"$DEFLATE_ROOT/.venv/bin/python" scripts/round4.py screen^[[0m
round21	Run standard candidate checks and paired measurements	2026-10-10T14:06:51.0635251Z ^[[36;1m"$DEFLATE_ROOT/.venv/bin/python" scripts/round4.py refine^[[0m
round21	Run standard candidate checks and paired measurements	2026-10-10T14:06:51.0635554Z ^[[36;1m"$DEFLATE_ROOT/.venv/bin/python" scripts/round4.py gate^[[0m
round21	Run standard candidate checks and paired measurements	2026-10-10T14:06:51.1218103Z shell: /usr/bin/bash -e {0}
round21	Run standard candidate checks and paired measurements	2026-10-10T14:06:51.1218470Z env:
round21	Run standard candidate checks and paired measurements	2026-10-10T14:06:51.1218653Z   ROUND4_SPEC: screen-b
round21	Run standard candidate checks and paired measurements	2026-10-10T14:06:51.1218931Z   ROUND4_SPEC_DIR: evidence/round21
round21	Run standard candidate checks and paired measurements	2026-10-10T14:06:51.1219327Z   ROUND21_MODE: standard
round21	Run standard candidate checks and paired measurements	2026-10-10T14:06:51.1219553Z   DEFLATE_ROOT: /home/runner/work/_temp/deflate-upstream
round21	Run standard candidate checks and paired measurements	2026-10-10T14:06:51.1219896Z   ELAN_HOME: /home/runner/work/_temp/deflate-upstream/validator/.work/elan
round21	Run standard candidate checks and paired measurements	2026-10-10T14:06:51.1220229Z   XDG_CACHE_HOME: /home/runner/work/_temp/deflate-cache
round21	Run standard candidate checks and paired measurements	2026-10-10T14:06:51.1220541Z   UV_CACHE_DIR: /home/runner/work/_temp/deflate-cache/uv
round21	Run standard candidate checks and paired measurements	2026-10-10T14:06:51.1220788Z   XDG_RUNTIME_DIR: /run/user/1001
round21	Run standard candidate checks and paired measurements	2026-10-10T14:06:51.1221024Z   DBUS_SESSION_BUS_ADDRESS: unix:path=/run/user/1001/bus
round21	Run standard candidate checks and paired measurements	2026-10-10T14:06:51.1221271Z   VERIFY_CORPUS: corpus-stage1
round21	Run standard candidate checks and paired measurements	2026-10-10T14:06:51.1221466Z   VERIFY_SANDBOX: bwrap
round21	Run standard candidate checks and paired measurements	2026-10-10T14:06:51.1221644Z   GIT_TERMINAL_PROMPT: 0
round21	Run standard candidate checks and paired measurements	2026-10-10T14:06:51.1221871Z ##[endgroup]
round21	Run standard candidate checks and paired measurements	2026-10-10T14:06:51.2728494Z ROUND5_RESEARCH_NOT_REQUESTED
round21	Run standard candidate checks and paired measurements	2026-10-10T14:06:51.3655808Z Traceback (most recent call last):
round21	Run standard candidate checks and paired measurements	2026-10-10T14:06:51.3656502Z   File "/home/runner/work/Miner/Miner/scripts/research-round13.py", line 43, in <module>
round21	Run standard candidate checks and paired measurements	2026-10-10T14:06:51.3657112Z     if __name__=='__main__':main()
round21	Run standard candidate checks and paired measurements	2026-10-10T14:06:51.3657413Z                             ^^^^^^
round21	Run standard candidate checks and paired measurements	2026-10-10T14:06:51.3657920Z   File "/home/runner/work/Miner/Miner/scripts/research-round13.py", line 28, in main
round21	Run standard candidate checks and paired measurements	2026-10-10T14:06:51.3665770Z     exec(main_source,namespace);namespace['main']()
round21	Run standard candidate checks and paired measurements	2026-10-10T14:06:51.3666139Z                                 ^^^^^^^^^^^^^^^^^^^
round21	Run standard candidate checks and paired measurements	2026-10-10T14:06:51.3666455Z   File "<string>", line 3, in main
round21	Run standard candidate checks and paired measurements	2026-10-10T14:06:51.3666915Z   File "/home/runner/work/Miner/Miner/scripts/research-round13.py", line 16, in expanded
round21	Run standard candidate checks and paired measurements	2026-10-10T14:06:51.3667383Z     text,pairs=old(s)
round21	Run standard candidate checks and paired measurements	2026-10-10T14:06:51.3667634Z                ^^^^^^
round21	Run standard candidate checks and paired measurements	2026-10-10T14:06:51.3668060Z   File "/home/runner/work/Miner/Miner/scripts/research-round12-decode.py", line 9, in harness
round21	Run standard candidate checks and paired measurements	2026-10-10T14:06:51.3668564Z     assert pairs and len(pairs)<=3
round21	Run standard candidate checks and paired measurements	2026-10-10T14:06:51.3668852Z            ^^^^^^^^^^^^^^^^^^^^^^^
round21	Run standard candidate checks and paired measurements	2026-10-10T14:06:51.3669117Z AssertionError
round21	Run standard candidate checks and paired measurements	2026-10-10T14:06:51.3730320Z Traceback (most recent call last):
round21	Run standard candidate checks and paired measurements	2026-10-10T14:06:51.3730956Z   File "/home/runner/work/Miner/Miner/scripts/research-round14.py", line 36, in <module>
round21	Run standard candidate checks and paired measurements	2026-10-10T14:06:51.3731512Z     if __name__=='__main__':main()
round21	Run standard candidate checks and paired measurements	2026-10-10T14:06:51.3731818Z                             ^^^^^^
round21	Run standard candidate checks and paired measurements	2026-10-10T14:06:51.3732283Z   File "/home/runner/work/Miner/Miner/scripts/research-round14.py", line 8, in main
round21	Run standard candidate checks and paired measurements	2026-10-10T14:06:51.3732967Z     subprocess.run([sys.executable,str(ROOT/'scripts/research-round13.py')],check=True)
round21	Run standard candidate checks and paired measurements	2026-10-10T14:06:51.3733393Z   File "/usr/lib/python3.12/subprocess.py", line 571, in run
round21	Run standard candidate checks and paired measurements	2026-10-10T14:06:51.3737289Z     raise CalledProcessError(retcode, process.args,
round21	Run standard candidate checks and paired measurements	2026-10-10T14:06:51.3738256Z subprocess.CalledProcessError: Command '['/home/runner/work/_temp/deflate-upstream/.venv/bin/python', '/home/runner/work/Miner/Miner/scripts/research-round13.py']' returned non-zero exit status 1.
round21	Run standard candidate checks and paired measurements	2026-10-10T14:06:51.3828795Z ##[error]Process completed with exit code 1.
