warning: value assigned to `lt` is never read
    --> /home/runner/work/Miner/Miner/candidates/r4-dp299-rmq/parse.rs:1221:26
     |
1221 |             let mut lt = 0usize;
     |                          ^^^^^^ this value is reassigned later and never used
...
1247 |                 lt = if wc < wi { 1 } else { 0 };
     |                 -------------------------------- `lt` is overwritten here before the previous value is read
     |
     = note: `#[warn(unused_assignments)]` (part of `#[warn(unused)]`) on by default

warning: value assigned to `k` is never read
    --> /home/runner/work/Miner/Miner/candidates/r4-dp299-rmq/parse.rs:2042:29
     |
2042 |                 let mut k = k0;
     |                             ^^ this value is reassigned later and never used
...
2051 |                     k = c_extend(s, c, p, k0, lim);
     |                     ------------------------------ `k` is overwritten here before the previous value is read

warning: value assigned to `lt` is never read
    --> /home/runner/work/Miner/Miner/references/round4-public-299/parse.rs:1230:26
     |
1230 |             let mut lt = 0usize;
     |                          ^^^^^^ this value is reassigned later and never used
...
1256 |                 lt = if wc < wi { 1 } else { 0 };
     |                 -------------------------------- `lt` is overwritten here before the previous value is read

warning: value assigned to `k` is never read
    --> /home/runner/work/Miner/Miner/references/round4-public-299/parse.rs:2051:29
     |
2051 |                 let mut k = k0;
     |                             ^^ this value is reassigned later and never used
...
2060 |                     k = c_extend(s, c, p, k0, lim);
     |                     ------------------------------ `k` is overwritten here before the previous value is read

warning: 4 warnings emitted

