R8_RESULT {"index":0,"input_bytes":500000,"tokens":48351,"decode_ok":true,"counts":[0, 0, 0, 0, 0, 0, 0, 0, 0, 0, 0, 0, 0],"nc_hist":[0, 0, 0, 0, 0, 0, 0, 0, 0, 0, 0, 0, 0, 0, 0, 0, 0]}
R8_RESULT {"index":1,"input_bytes":1000000,"tokens":201066,"decode_ok":true,"counts":[499893, 485662, 485662, 2066252, 608, 1407, 0, 0, 7311, 11620, 485662, 639248, 0],"nc_hist":[144010, 246664, 91519, 15176, 2219, 282, 21, 0, 0, 0, 2, 0, 0, 0, 0, 0, 0]}
R8_RESULT {"index":2,"input_bytes":500000,"tokens":39361,"decode_ok":true,"counts":[86046, 96149, 96149, 403797, 1190, 3630, 0, 0, 15961, 43819, 96149, 133941, 0],"nc_hist":[20451, 40959, 19704, 4120, 698, 89, 14, 2, 4, 1, 2, 1, 0, 0, 0, 1, 0]}
R8_RESULT {"index":3,"input_bytes":300000,"tokens":298884,"decode_ok":true,"counts":[0, 0, 0, 0, 0, 0, 0, 0, 0, 0, 0, 0, 0],"nc_hist":[0, 0, 0, 0, 0, 0, 0, 0, 0, 0, 0, 0, 0, 0, 0, 0, 0]}
R8_RESULT {"index":4,"input_bytes":400000,"tokens":52990,"decode_ok":true,"counts":[133306, 154716, 154716, 815820, 3365, 6411, 0, 0, 35604, 71998, 154716, 242972, 0],"nc_hist":[33976, 59752, 30033, 7012, 1318, 392, 198, 235, 128, 113, 61, 26, 20, 14, 5, 0, 23]}
R8_RESULT {"index":5,"input_bytes":800000,"tokens":131787,"decode_ok":true,"counts":[362642, 443304, 443304, 1590184, 1840, 6151, 0, 0, 17876, 61726, 443304, 651955, 0],"nc_hist":[78992, 160405, 93259, 25166, 4131, 523, 56, 16, 12, 2, 6, 2, 7, 3, 3, 9, 50]}
R8_RESULT {"index":6,"input_bytes":150000,"tokens":17023,"decode_ok":true,"counts":[0, 0, 0, 0, 0, 0, 0, 0, 0, 0, 0, 0, 0],"nc_hist":[0, 0, 0, 0, 0, 0, 0, 0, 0, 0, 0, 0, 0, 0, 0, 0, 0]}
R8_RESULT {"index":7,"input_bytes":900000,"tokens":588316,"decode_ok":true,"counts":[0, 0, 0, 0, 0, 0, 0, 0, 0, 0, 0, 0, 0],"nc_hist":[0, 0, 0, 0, 0, 0, 0, 0, 0, 0, 0, 0, 0, 0, 0, 0, 0]}
R8_RESULT {"index":8,"input_bytes":250000,"tokens":214989,"decode_ok":true,"counts":[0, 0, 0, 0, 0, 0, 0, 0, 0, 0, 0, 0, 0],"nc_hist":[0, 0, 0, 0, 0, 0, 0, 0, 0, 0, 0, 0, 0, 0, 0, 0, 0]}
R8_RESULT {"index":9,"input_bytes":1000000,"tokens":127884,"decode_ok":true,"counts":[378299, 475416, 475416, 2200029, 1325, 2443, 0, 0, 20094, 37275, 475416, 696979, 0],"nc_hist":[74571, 172368, 98288, 27158, 4987, 708, 138, 39, 15, 16, 2, 2, 1, 1, 0, 2, 3]}
R8_RESULT {"index":10,"input_bytes":500000,"tokens":119678,"decode_ok":true,"counts":[0, 0, 0, 0, 0, 0, 0, 0, 0, 0, 0, 0, 0],"nc_hist":[0, 0, 0, 0, 0, 0, 0, 0, 0, 0, 0, 0, 0, 0, 0, 0, 0]}
R8_RESULT {"index":11,"input_bytes":1300000,"tokens":232054,"decode_ok":true,"counts":[0, 0, 0, 0, 0, 0, 0, 0, 0, 0, 0, 0, 0],"nc_hist":[0, 0, 0, 0, 0, 0, 0, 0, 0, 0, 0, 0, 0, 0, 0, 0, 0]}
R8_RESULT {"index":12,"input_bytes":1100000,"tokens":150426,"decode_ok":true,"counts":[509645, 675627, 675627, 2988887, 5070, 14422, 0, 0, 35786, 97810, 675627, 1015683, 0],"nc_hist":[96637, 215454, 143339, 44751, 8203, 1146, 106, 8, 1, 0, 0, 0, 0, 0, 0, 0, 0]}
R8_RESULT {"index":13,"input_bytes":600000,"tokens":64286,"decode_ok":true,"counts":[149249, 132995, 132995, 752027, 1121, 3866, 0, 0, 10852, 30811, 132995, 176322, 0],"nc_hist":[51678, 68891, 22962, 4817, 784, 109, 8, 0, 0, 0, 0, 0, 0, 0, 0, 0, 0]}
R8_RESULT {"index":14,"input_bytes":1500000,"tokens":315971,"decode_ok":true,"counts":[1221555, 2101495, 2101495, 4483047, 4657, 6468, 0, 0, 36433, 46124, 2101495, 3371814, 0],"nc_hist":[79438, 445279, 477442, 181068, 33927, 4012, 363, 26, 0, 0, 0, 0, 0, 0, 0, 0, 0]}
R8_RESULT {"index":15,"input_bytes":400000,"tokens":73824,"decode_ok":true,"counts":[97441, 48434, 48434, 546304, 2919, 12148, 0, 0, 47715, 148809, 48434, 85778, 0],"nc_hist":[67638, 18155, 7554, 2925, 836, 131, 42, 4, 15, 17, 0, 0, 13, 28, 1, 2, 80]}
R8_RESULT {"index":16,"input_bytes":300000,"tokens":22256,"decode_ok":true,"counts":[0, 0, 0, 0, 0, 0, 0, 0, 0, 0, 0, 0, 0],"nc_hist":[0, 0, 0, 0, 0, 0, 0, 0, 0, 0, 0, 0, 0, 0, 0, 0, 0]}
R8_RESULT {"index":17,"input_bytes":1400000,"tokens":195714,"decode_ok":true,"counts":[564206, 719737, 719737, 3035295, 5929, 9930, 0, 0, 37778, 60430, 719737, 1168259, 0],"nc_hist":[120598, 248659, 141824, 40380, 8631, 1822, 593, 270, 166, 205, 229, 101, 87, 109, 100, 139, 293]}
R8_RESULT {"index":18,"input_bytes":600000,"tokens":77219,"decode_ok":true,"counts":[210735, 266256, 266256, 1251838, 3989, 6619, 0, 0, 23730, 35055, 266256, 467775, 0],"nc_hist":[47274, 95020, 51026, 12481, 2075, 697, 703, 221, 36, 324, 361, 24, 5, 177, 111, 2, 198]}
R8_RESULT {"index":19,"input_bytes":700000,"tokens":75481,"decode_ok":true,"counts":[207186, 261073, 261073, 1241346, 3050, 5301, 0, 0, 22828, 34939, 261073, 427931, 0],"nc_hist":[44312, 93702, 51338, 13621, 2515, 568, 325, 88, 6, 200, 186, 20, 0, 91, 83, 3, 128]}
R8_RESULT {"index":20,"input_bytes":350000,"tokens":40828,"decode_ok":true,"counts":[109507, 127789, 127789, 794369, 1755, 5505, 0, 0, 20039, 53867, 127789, 189165, 0],"nc_hist":[26987, 48789, 24810, 7015, 1546, 262, 38, 12, 10, 5, 9, 7, 4, 4, 2, 3, 4]}
R8_RESULT {"index":21,"input_bytes":40000,"tokens":1190,"decode_ok":true,"counts":[0, 0, 0, 0, 0, 0, 0, 0, 0, 0, 0, 0, 0],"nc_hist":[0, 0, 0, 0, 0, 0, 0, 0, 0, 0, 0, 0, 0, 0, 0, 0, 0]}
R8_RESULT {"index":22,"input_bytes":28000,"tokens":622,"decode_ok":true,"counts":[0, 0, 0, 0, 0, 0, 0, 0, 0, 0, 0, 0, 0],"nc_hist":[0, 0, 0, 0, 0, 0, 0, 0, 0, 0, 0, 0, 0, 0, 0, 0, 0]}
R8_RESULT {"index":23,"input_bytes":12000,"tokens":2143,"decode_ok":true,"counts":[0, 0, 0, 0, 0, 0, 0, 0, 0, 0, 0, 0, 0],"nc_hist":[0, 0, 0, 0, 0, 0, 0, 0, 0, 0, 0, 0, 0, 0, 0, 0, 0]}
R8_RESULT {"index":24,"input_bytes":450000,"tokens":450000,"decode_ok":true,"counts":[0, 0, 0, 0, 0, 0, 0, 0, 0, 0, 0, 0, 0],"nc_hist":[0, 0, 0, 0, 0, 0, 0, 0, 0, 0, 0, 0, 0, 0, 0, 0, 0]}
R8_RESULT {"index":25,"input_bytes":250000,"tokens":250000,"decode_ok":true,"counts":[0, 0, 0, 0, 0, 0, 0, 0, 0, 0, 0, 0, 0],"nc_hist":[0, 0, 0, 0, 0, 0, 0, 0, 0, 0, 0, 0, 0, 0, 0, 0, 0]}
R8_RESULT {"index":26,"input_bytes":350000,"tokens":284542,"decode_ok":true,"counts":[0, 0, 0, 0, 0, 0, 0, 0, 0, 0, 0, 0, 0],"nc_hist":[0, 0, 0, 0, 0, 0, 0, 0, 0, 0, 0, 0, 0, 0, 0, 0, 0]}
R8_RESULT {"index":27,"input_bytes":250000,"tokens":250000,"decode_ok":true,"counts":[0, 0, 0, 0, 0, 0, 0, 0, 0, 0, 0, 0, 0],"nc_hist":[0, 0, 0, 0, 0, 0, 0, 0, 0, 0, 0, 0, 0, 0, 0, 0, 0]}
