R19_COUNT binary.db.bin 500000 652169 652169 336187 315982 296487 296788 19194
R19_COUNT bundle.min.js.txt 1000000 1120362 1120362 538990 581372 571276 571396 9976
R19_COUNT catalog.xml.txt 500000 686265 686265 333923 352342 329517 331135 21207
R19_COUNT compressed.bin 300000 0 0 0 0 0 0 0
R19_COUNT config.yaml.txt 400000 481170 481170 225427 255743 244521 244842 10901
R19_COUNT docs.md.txt 800000 960849 960849 425732 535117 514503 514771 20346
R19_COUNT dump.sql.txt 150000 145690 145690 95716 49974 44494 44843 5131
R19_COUNT genome.fasta 900000 0 0 0 0 0 0 0
R19_COUNT images.bin 250000 0 0 0 0 0 0 0
R19_COUNT lean.txt 1000000 1272292 1272292 570190 702102 688772 688994 13108
R19_COUNT machine-code.bin 500000 523544 0 0 0 0 0 0
R19_COUNT metrics.csv.txt 1300000 1492335 0 0 0 0 0 0
R19_COUNT multibyte.txt 1100000 0 0 0 0 0 0 0
R19_COUNT page.html.txt 600000 753249 0 0 0 0 0 0
R19_COUNT prose.txt 1500000 1919450 1919450 659133 1260317 1237692 1237906 22411
R19_COUNT records.json.txt 400000 358541 0 0 0 0 0 0
R19_COUNT server.log 300000 363837 0 0 0 0 0 0
R19_COUNT source.c.txt 1400000 1877642 1877642 835510 1042132 1024105 1024321 17811
R19_COUNT source.py.txt 600000 758194 758194 361572 396622 384572 384966 11656
R19_COUNT source.rs.txt 700000 915176 915176 439374 475802 466381 466496 9306
R19_COUNT sourcemap.map.txt 350000 454565 454565 195145 259420 248829 249211 10209
R19_COUNT sparse.bin 40000 0 0 0 0 0 0 0
R19_COUNT tiny-app.log 28000 0 0 0 0 0 0 0
R19_COUNT tiny-config.json.txt 12000 0 0 0 0 0 0 0
R19_COUNT weights-bf16.bin 450000 0 0 0 0 0 0 0
R19_COUNT weights-f16.bin 250000 0 0 0 0 0 0 0
R19_COUNT weights-f32.bin 350000 0 0 0 0 0 0 0
R19_COUNT weights-q8.bin 250000 0 0 0 0 0 0 0
