[32m2026-10-06 21:32:13.995[0m | [34m[1mDEBUG   [0m | [36m__main__[0m:[36mmain[0m:[36m649[0m - [34m[1m[gate] benchmark sandbox: bwrap, 300s, 2048 MB, cpus=any[0m
[32m2026-10-06 21:32:14.000[0m | [34m[1mDEBUG   [0m | [36m__main__[0m:[36mstage_intake[0m:[36m261[0m - [34m[1m[gate] parse.rs 916f3a0b5f64b179 -> slot/generated/parse.rs[0m
[32m2026-10-06 21:32:14.001[0m | [34m[1mDEBUG   [0m | [36m__main__[0m:[36mstage_intake[0m:[36m261[0m - [34m[1m[gate] Parse.lean 13f23fc46a6d1828 -> lean/Proof/Parse.lean[0m
[32m2026-10-06 21:32:14.098[0m | [34m[1mDEBUG   [0m | [36msandbox.bwrap[0m:[36mrun[0m:[36m110[0m - [34m[1m[bwrap] rustup exit=0 in 0.0s[0m
[32m2026-10-06 21:32:14.849[0m | [34m[1mDEBUG   [0m | [36msandbox.bwrap[0m:[36mrun[0m:[36m110[0m - [34m[1m[bwrap] extract.sh exit=0 in 0.7s[0m
[32m2026-10-06 21:32:28.060[0m | [34m[1mDEBUG   [0m | [36msandbox.bwrap[0m:[36mrun[0m:[36m110[0m - [34m[1m[bwrap] extract.sh exit=0 in 12.6s[0m
[32m2026-10-06 21:32:28.061[0m | [34m[1mDEBUG   [0m | [36m__main__[0m:[36mstage_extract[0m:[36m356[0m - [34m[1m[gate] extracted Types.lean 276d4089d337e0d7, Funs.lean c20b662c239b2ae5, Constants.lean b73980f8f8222fb9[0m
[32m2026-10-06 21:32:30.573[0m | [34m[1mDEBUG   [0m | [36msandbox.bwrap[0m:[36mrun[0m:[36m110[0m - [34m[1m[bwrap] lake exit=0 in 2.5s[0m
[32m2026-10-06 21:33:02.648[0m | [34m[1mDEBUG   [0m | [36msandbox.bwrap[0m:[36mrun[0m:[36m110[0m - [34m[1m[bwrap] lake exit=0 in 32.1s[0m
[32m2026-10-06 21:34:37.567[0m | [34m[1mDEBUG   [0m | [36msandbox.bwrap[0m:[36mrun[0m:[36m110[0m - [34m[1m[bwrap] lake exit=0 in 94.9s[0m
[32m2026-10-06 21:34:41.030[0m | [34m[1mDEBUG   [0m | [36msandbox.bwrap[0m:[36mrun[0m:[36m110[0m - [34m[1m[bwrap] lake exit=0 in 3.4s[0m
[32m2026-10-06 21:34:44.098[0m | [34m[1mDEBUG   [0m | [36msandbox.bwrap[0m:[36mrun[0m:[36m110[0m - [34m[1m[bwrap] lake exit=0 in 3.1s[0m
[32m2026-10-06 21:34:44.098[0m | [34m[1mDEBUG   [0m | [36m__main__[0m:[36mstage_axioms[0m:[36m423[0m - [34m[1m[gate] axiom query stdout: "'accepted' depends on axioms: [propext, Classical.choice, Quot.sound]"[0m
[32m2026-10-06 21:34:44.099[0m | [1mINFO    [0m | [36m__main__[0m:[36mmain[0m:[36m703[0m - [1m[gate] verification accepted in 150.2s (bwrap, 900s, 16384 MB)[0m
[32m2026-10-06 21:34:44.166[0m | [34m[1mDEBUG   [0m | [36msandbox.bwrap[0m:[36mrun[0m:[36m110[0m - [34m[1m[bwrap] rustc exit=0 in 0.0s[0m
[32m2026-10-06 21:34:46.547[0m | [34m[1mDEBUG   [0m | [36msandbox.bwrap[0m:[36mrun[0m:[36m110[0m - [34m[1m[bwrap] cargo exit=0 in 2.4s[0m
[32m2026-10-06 21:34:46.548[0m | [34m[1mDEBUG   [0m | [36mbench.driver[0m:[36m_build[0m:[36m295[0m - [34m[1m[bench] built incumbent in 2.4s exit=0[0m
[32m2026-10-06 21:34:49.958[0m | [34m[1mDEBUG   [0m | [36msandbox.bwrap[0m:[36mrun[0m:[36m110[0m - [34m[1m[bwrap] cargo exit=0 in 3.4s[0m
[32m2026-10-06 21:34:49.958[0m | [34m[1mDEBUG   [0m | [36mbench.driver[0m:[36m_build[0m:[36m295[0m - [34m[1m[bench] built submission in 3.4s exit=0[0m
[32m2026-10-06 21:35:46.724[0m | [34m[1mDEBUG   [0m | [36msandbox.bwrap[0m:[36mrun[0m:[36m110[0m - [34m[1m[bwrap] measure exit=0 in 56.8s[0m
[32m2026-10-06 21:35:46.724[0m | [34m[1mDEBUG   [0m | [36mbench.driver[0m:[36m_measure[0m:[36m333[0m - [34m[1m[bench] measured submission in 56.8s exit=0[0m
verifying /home/runner/work/_temp/round4-receipts/input-r4-parse-h8d32-core
workspace: /home/runner/work/_temp/deflate-upstream/data/verification-workspace/verify-p7ioqltx

0 intake      ok — input-r4-parse-h8d32-core: parse.rs, Parse.lean
1 policy      ok — source prefilters passed
2 static      ok — resolved operations: alloc::alloc::Global::{impl}::drop_glue, alloc::vec::Vec::{impl}::drop_glue, alloc::vec::{impl}::deref, alloc::vec::{impl}::deref_mut, alloc::vec::{impl}::len, alloc::vec::{impl}::new, alloc::vec::{impl}::push, alloc::vec::{impl}::with_capacity, core::num::{impl}::leading_zeros, core::num::{impl}::saturating_add, core::num::{impl}::saturating_sub, core::num::{impl}::wrapping_add, core::num::{impl}::wrapping_mul, core::num::{impl}::wrapping_shl, core::num::{impl}::wrapping_shr, core::num::{impl}::wrapping_sub, core::slice::{impl}::len
3 extract     ok — charon+aeneas re-run by the verifier, no new axioms
4 statement   ok — `LZ77.Obligation slot.parse` typechecks (bwrap, 900s, 16384 MB)
5 axioms      ok — ['Classical.choice', 'Quot.sound', 'propext']; extraction intact
6 score       running…

Corpus: corpus-stage1
file                       raw  incumbent  submission
-----------------------------------------------------
binary.db.bin           500000      76338       71341
bundle.min.js.txt      1000000     301618      287541
catalog.xml.txt         500000      62314       58414
compressed.bin          300000     300194      299569
config.yaml.txt         400000      85384       81122
docs.md.txt             800000     226973      216048
dump.sql.txt            150000      20817       16440
genome.fasta            900000     292479      256729
images.bin              250000     223767      223489
lean.txt               1000000     235059      223067
machine-code.bin        500000     167357      159631
metrics.csv.txt        1300000     287282      252090
multibyte.txt          1100000     273630      254421
page.html.txt           600000     103618       99001
prose.txt              1500000     579041      541386
records.json.txt        400000      72255       69232
server.log              300000      29404       26033
source.c.txt           1400000     354325      333560
source.py.txt           600000     132748      125274
source.rs.txt           700000     134069      126290
sourcemap.map.txt       350000      68389       64460
sparse.bin               40000       1234        1213
tiny-app.log             28000        965         899
tiny-config.json.txt     12000       2107        2080
weights-bf16.bin        450000     362200      354028
weights-f16.bin         250000     216274      212660
weights-f32.bin         350000     284747      279107
weights-q8.bin          250000     236246      235572
-----------------------------------------------------
TOTAL                 15930000    5130834     4870697

method        bytes     ratio    lz77  encode   total  slowdown
--------------------------------------------------------------------------------------------------------------
incumbent   5130834  1.00000x  0.608s  0.220s  0.829s     1.00x  the incumbent
submission  4870697  0.94930x  3.605s  0.234s  3.840s     4.63x  ACCEPTED — 5.070% smaller than the incumbent.

ACCEPTED — 5.070% smaller than the incumbent.
