R18_RF_DOMINANCE_DIFFERENTIAL_OK 20000
R18_RF_OFFERS binary.db.bin 0 0
R18_RF_OFFERS bundle.min.js.txt 0 0
R18_RF_OFFERS catalog.xml.txt 0 0
R18_RF_OFFERS compressed.bin 0 0
R18_RF_OFFERS config.yaml.txt 0 0
R18_RF_OFFERS docs.md.txt 0 0
R18_RF_OFFERS dump.sql.txt 0 0
R18_RF_OFFERS genome.fasta 0 0
R18_RF_OFFERS images.bin 0 0
R18_RF_OFFERS lean.txt 0 0
R18_RF_OFFERS machine-code.bin 59763836 20343607
R18_RF_OFFERS metrics.csv.txt 0 0
R18_RF_OFFERS multibyte.txt 70446766 27749090
R18_RF_OFFERS page.html.txt 0 0
R18_RF_OFFERS prose.txt 0 0
R18_RF_OFFERS records.json.txt 0 0
R18_RF_OFFERS server.log 0 0
R18_RF_OFFERS source.c.txt 0 0
R18_RF_OFFERS source.py.txt 0 0
R18_RF_OFFERS source.rs.txt 0 0
R18_RF_OFFERS sourcemap.map.txt 0 0
R18_RF_OFFERS sparse.bin 0 0
R18_RF_OFFERS tiny-app.log 0 0
R18_RF_OFFERS tiny-config.json.txt 0 0
R18_RF_OFFERS weights-bf16.bin 367540 359694
R18_RF_OFFERS weights-f16.bin 0 0
R18_RF_OFFERS weights-f32.bin 386624 340464
R18_RF_OFFERS weights-q8.bin 0 0
