ENCODER_NATIVE 0 binary.db.bin public514 82894 50441
ENCODER_NATIVE 0 binary.db.bin r13-514-abs15 82894 50441
ENCODER_NATIVE 0 binary.db.bin r14-514-chain-gain 82827 50474
ENCODER_NATIVE 0 binary.db.bin r14-514-head14 82962 50819
ENCODER_NATIVE 1 bundle.min.js.txt public514 325697 190824
ENCODER_NATIVE 1 bundle.min.js.txt r13-514-abs15 325697 190824
ENCODER_NATIVE 1 bundle.min.js.txt r14-514-chain-gain 325439 191115
ENCODER_NATIVE 1 bundle.min.js.txt r14-514-head14 326113 192854
ENCODER_NATIVE 2 catalog.xml.txt public514 69271 45579
ENCODER_NATIVE 2 catalog.xml.txt r13-514-abs15 69271 45579
ENCODER_NATIVE 2 catalog.xml.txt r14-514-chain-gain 69155 45507
ENCODER_NATIVE 2 catalog.xml.txt r14-514-head14 69447 46090
ENCODER_NATIVE 3 compressed.bin public514 300095 300000
ENCODER_NATIVE 3 compressed.bin r13-514-abs15 300095 300000
ENCODER_NATIVE 3 compressed.bin r14-514-chain-gain 300095 300000
ENCODER_NATIVE 3 compressed.bin r14-514-head14 300095 300000
ENCODER_NATIVE 4 config.yaml.txt public514 90556 59218
ENCODER_NATIVE 4 config.yaml.txt r13-514-abs15 90556 59218
ENCODER_NATIVE 4 config.yaml.txt r14-514-chain-gain 90535 59235
ENCODER_NATIVE 4 config.yaml.txt r14-514-head14 90687 60010
ENCODER_NATIVE 5 docs.md.txt public514 243632 157463
ENCODER_NATIVE 5 docs.md.txt r13-514-abs15 243632 157463
ENCODER_NATIVE 5 docs.md.txt r14-514-chain-gain 243548 157538
ENCODER_NATIVE 5 docs.md.txt r14-514-head14 243954 160270
ENCODER_NATIVE 6 dump.sql.txt public514 19941 15151
ENCODER_NATIVE 6 dump.sql.txt r13-514-abs15 19941 15151
ENCODER_NATIVE 6 dump.sql.txt r14-514-chain-gain 19941 15151
ENCODER_NATIVE 6 dump.sql.txt r14-514-head14 19941 15151
ENCODER_NATIVE 7 genome.fasta public514 283718 176189
ENCODER_NATIVE 7 genome.fasta r13-514-abs15 283718 176189
ENCODER_NATIVE 7 genome.fasta r14-514-chain-gain 283718 176189
ENCODER_NATIVE 7 genome.fasta r14-514-head14 283718 176189
ENCODER_NATIVE 8 images.bin public514 229171 226885
ENCODER_NATIVE 8 images.bin r13-514-abs15 229171 226885
ENCODER_NATIVE 8 images.bin r14-514-chain-gain 229171 226885
ENCODER_NATIVE 8 images.bin r14-514-head14 229171 226885
ENCODER_NATIVE 9 lean.txt public514 264653 161293
ENCODER_NATIVE 9 lean.txt r13-514-abs15 264653 161293
ENCODER_NATIVE 9 lean.txt r14-514-chain-gain 264653 161293
ENCODER_NATIVE 9 lean.txt r14-514-head14 264653 161293
ENCODER_NATIVE 10 machine-code.bin public514 171918 122482
ENCODER_NATIVE 10 machine-code.bin r13-514-abs15 171918 122482
ENCODER_NATIVE 10 machine-code.bin r14-514-chain-gain 171835 122594
ENCODER_NATIVE 10 machine-code.bin r14-514-head14 172070 123397
ENCODER_NATIVE 11 metrics.csv.txt public514 284703 220653
ENCODER_NATIVE 11 metrics.csv.txt r13-514-abs15 284703 220653
ENCODER_NATIVE 11 metrics.csv.txt r14-514-chain-gain 284703 220653
ENCODER_NATIVE 11 metrics.csv.txt r14-514-head14 284703 220653
ENCODER_NATIVE 12 multibyte.txt public514 292855 196725
ENCODER_NATIVE 12 multibyte.txt r13-514-abs15 292855 196725
ENCODER_NATIVE 12 multibyte.txt r14-514-chain-gain 292777 196782
ENCODER_NATIVE 12 multibyte.txt r14-514-head14 294713 201178
ENCODER_NATIVE 13 page.html.txt public514 111342 75088
ENCODER_NATIVE 13 page.html.txt r13-514-abs15 111342 75088
ENCODER_NATIVE 13 page.html.txt r14-514-chain-gain 111352 75122
ENCODER_NATIVE 13 page.html.txt r14-514-head14 111479 75679
ENCODER_NATIVE 14 prose.txt public514 620035 365040
ENCODER_NATIVE 14 prose.txt r13-514-abs15 620035 365040
ENCODER_NATIVE 14 prose.txt r14-514-chain-gain 619826 365174
ENCODER_NATIVE 14 prose.txt r14-514-head14 623795 378495
ENCODER_NATIVE 15 records.json.txt public514 75503 78317
ENCODER_NATIVE 15 records.json.txt r13-514-abs15 75503 78317
ENCODER_NATIVE 15 records.json.txt r14-514-chain-gain 75490 78316
ENCODER_NATIVE 15 records.json.txt r14-514-head14 75563 78463
ENCODER_NATIVE 16 server.log public514 29230 23582
ENCODER_NATIVE 16 server.log r13-514-abs15 29230 23582
ENCODER_NATIVE 16 server.log r14-514-chain-gain 29230 23582
ENCODER_NATIVE 16 server.log r14-514-head14 29230 23582
ENCODER_NATIVE 17 source.c.txt public514 380012 235866
ENCODER_NATIVE 17 source.c.txt r13-514-abs15 380012 235866
ENCODER_NATIVE 17 source.c.txt r14-514-chain-gain 379841 235976
ENCODER_NATIVE 17 source.c.txt r14-514-head14 380718 239257
ENCODER_NATIVE 18 source.py.txt public514 141452 88808
ENCODER_NATIVE 18 source.py.txt r13-514-abs15 141452 88808
ENCODER_NATIVE 18 source.py.txt r14-514-chain-gain 141402 88850
ENCODER_NATIVE 18 source.py.txt r14-514-head14 141671 89950
ENCODER_NATIVE 19 source.rs.txt public514 144447 88318
ENCODER_NATIVE 19 source.rs.txt r13-514-abs15 144447 88318
ENCODER_NATIVE 19 source.rs.txt r14-514-chain-gain 144359 88346
ENCODER_NATIVE 19 source.rs.txt r14-514-head14 144720 89416
ENCODER_NATIVE 20 sourcemap.map.txt public514 75873 48664
ENCODER_NATIVE 20 sourcemap.map.txt r13-514-abs15 75873 48664
ENCODER_NATIVE 20 sourcemap.map.txt r14-514-chain-gain 75797 48665
ENCODER_NATIVE 20 sourcemap.map.txt r14-514-head14 75950 48936
ENCODER_NATIVE 21 sparse.bin public514 1270 1458
ENCODER_NATIVE 21 sparse.bin r13-514-abs15 1270 1458
ENCODER_NATIVE 21 sparse.bin r14-514-chain-gain 1270 1458
ENCODER_NATIVE 21 sparse.bin r14-514-head14 1270 1458
ENCODER_NATIVE 22 tiny-app.log public514 1270 998
ENCODER_NATIVE 22 tiny-app.log r13-514-abs15 1270 998
ENCODER_NATIVE 22 tiny-app.log r14-514-chain-gain 1270 998
ENCODER_NATIVE 22 tiny-app.log r14-514-head14 1270 998
ENCODER_NATIVE 23 tiny-config.json.txt public514 2487 3094
ENCODER_NATIVE 23 tiny-config.json.txt r13-514-abs15 2487 3094
ENCODER_NATIVE 23 tiny-config.json.txt r14-514-chain-gain 2487 3094
ENCODER_NATIVE 23 tiny-config.json.txt r14-514-head14 2487 3094
ENCODER_NATIVE 24 weights-bf16.bin public514 365611 265242
ENCODER_NATIVE 24 weights-bf16.bin r13-514-abs15 365611 265242
ENCODER_NATIVE 24 weights-bf16.bin r14-514-chain-gain 365611 265242
ENCODER_NATIVE 24 weights-bf16.bin r14-514-head14 365611 265242
ENCODER_NATIVE 25 weights-f16.bin public514 212660 250000
ENCODER_NATIVE 25 weights-f16.bin r13-514-abs15 212660 250000
ENCODER_NATIVE 25 weights-f16.bin r14-514-chain-gain 212660 250000
ENCODER_NATIVE 25 weights-f16.bin r14-514-head14 212660 250000
ENCODER_NATIVE 26 weights-f32.bin public514 284138 285782
ENCODER_NATIVE 26 weights-f32.bin r13-514-abs15 284138 285782
ENCODER_NATIVE 26 weights-f32.bin r14-514-chain-gain 284138 285782
ENCODER_NATIVE 26 weights-f32.bin r14-514-head14 284138 285782
ENCODER_NATIVE 27 weights-q8.bin public514 235572 250000
ENCODER_NATIVE 27 weights-q8.bin r13-514-abs15 235572 250000
ENCODER_NATIVE 27 weights-q8.bin r14-514-chain-gain 235572 250000
ENCODER_NATIVE 27 weights-q8.bin r14-514-head14 235572 250000
