[32m2026-10-06 20:45:08.775[0m | [34m[1mDEBUG   [0m | [36m__main__[0m:[36mmain[0m:[36m649[0m - [34m[1m[gate] benchmark sandbox: bwrap, 300s, 2048 MB, cpus=any[0m
[32m2026-10-06 20:45:08.779[0m | [34m[1mDEBUG   [0m | [36m__main__[0m:[36mstage_intake[0m:[36m261[0m - [34m[1m[gate] parse.rs 023d3866d4ea46ea -> slot/generated/parse.rs[0m
[32m2026-10-06 20:45:08.780[0m | [34m[1mDEBUG   [0m | [36m__main__[0m:[36mstage_intake[0m:[36m261[0m - [34m[1m[gate] Parse.lean a420b275e7adee36 -> lean/Proof/Parse.lean[0m
[32m2026-10-06 20:45:08.928[0m | [34m[1mDEBUG   [0m | [36msandbox.bwrap[0m:[36mrun[0m:[36m110[0m - [34m[1m[bwrap] rustup exit=0 in 0.0s[0m
[32m2026-10-06 20:45:09.971[0m | [34m[1mDEBUG   [0m | [36msandbox.bwrap[0m:[36mrun[0m:[36m110[0m - [34m[1m[bwrap] extract.sh exit=0 in 1.0s[0m
[32m2026-10-06 20:45:34.533[0m | [34m[1mDEBUG   [0m | [36msandbox.bwrap[0m:[36mrun[0m:[36m110[0m - [34m[1m[bwrap] extract.sh exit=0 in 23.6s[0m
[32m2026-10-06 20:45:34.535[0m | [34m[1mDEBUG   [0m | [36m__main__[0m:[36mstage_extract[0m:[36m356[0m - [34m[1m[gate] extracted Types.lean 276d4089d337e0d7, Funs.lean 89ff8a6cb0ef9da5, Constants.lean 8d267c4d89a1379b[0m
[32m2026-10-06 20:45:37.015[0m | [34m[1mDEBUG   [0m | [36msandbox.bwrap[0m:[36mrun[0m:[36m110[0m - [34m[1m[bwrap] lake exit=0 in 2.5s[0m
[32m2026-10-06 20:46:16.286[0m | [34m[1mDEBUG   [0m | [36msandbox.bwrap[0m:[36mrun[0m:[36m110[0m - [34m[1m[bwrap] lake exit=0 in 39.3s[0m
[32m2026-10-06 20:52:40.946[0m | [34m[1mDEBUG   [0m | [36msandbox.bwrap[0m:[36mrun[0m:[36m110[0m - [34m[1m[bwrap] lake exit=1 in 384.6s[0m
[32m2026-10-06 20:52:40.949[0m | [1mINFO    [0m | [36m__main__[0m:[36mfail[0m:[36m116[0m - [1m[gate] rejected at stage 4 (statement)[0m
verifying /home/runner/work/_temp/round4-receipts/input-r4-cpu-directemit
workspace: /home/runner/work/_temp/deflate-upstream/data/verification-workspace/verify-2auvjxrb

0 intake      ok — input-r4-cpu-directemit: parse.rs, Parse.lean
1 policy      ok — source prefilters passed
2 static      ok — resolved operations: alloc::alloc::Global::{impl}::drop_glue, alloc::vec::Vec::{impl}::drop_glue, alloc::vec::{impl}::deref, alloc::vec::{impl}::len, alloc::vec::{impl}::push, alloc::vec::{impl}::with_capacity, core::num::{impl}::leading_zeros, core::num::{impl}::saturating_add, core::num::{impl}::saturating_sub, core::num::{impl}::wrapping_add, core::num::{impl}::wrapping_mul, core::num::{impl}::wrapping_sub, core::slice::{impl}::len
3 extract     ok — charon+aeneas re-run by the verifier, no new axioms

REJECTED at stage 4 (statement)
  usedTactic false`
Proof/Parse.lean:3891:51: warning: this tactic is never executed

Note: This linter can be disabled with `set_option linter.unreachableTactic false`
Proof/Parse.lean:3928:6: warning: 'scalar_tac' tactic does nothing

Note: This linter can be disabled with `set_option linter.unusedTactic false`
Proof/Parse.lean:3929:6: warning: '(refine ⟨by assumption, by scalar_tac, by scalar_tac⟩)' tactic does nothing

Note: This linter can be disabled with `set_option linter.unusedTactic false`
Proof/Parse.lean:3928:6: warning: this tactic is never executed

Note: This linter can be disabled with `set_option linter.unreachableTactic false`
Proof/Parse.lean:3929:6: warning: this tactic is never executed

Note: This linter can be disabled with `set_option linter.unreachableTactic false`
Proof/Parse.lean:4092:35: warning: 'scalar_tac' tactic does nothing

Note: This linter can be disabled with `set_option linter.unusedTactic false`
Proof/Parse.lean:4092:50: warning: 'scalar_tac' tactic does nothing

Note: This linter can be disabled with `set_option linter.unusedTactic false`
Proof/Parse.lean:4092:35: warning: this tactic is never executed

Note: This linter can be disabled with `set_option linter.unreachableTactic false`
Proof/Parse.lean:4092:50: warning: this tactic is never executed

Note: This linter can be disabled with `set_option linter.unreachableTactic false`
Proof/Parse.lean:4136:4: warning: 'all_goals scalar_tac' tactic does nothing

Note: This linter can be disabled with `set_option linter.unusedTactic false`
Proof/Parse.lean:4136:14: warning: this tactic is never executed

Note: This linter can be disabled with `set_option linter.unreachableTactic false`
Proof/Parse.lean:4273:4: warning: 'all_goals scalar_tac' tactic does nothing

Note: This linter can be disabled with `set_option linter.unusedTactic false`
Proof/Parse.lean:4273:14: warning: this tactic is never executed

Note: This linter can be disabled with `set_option linter.unreachableTactic false`
