ENCODER_NATIVE 0 binary.db.bin base603 70756 48828
ENCODER_NATIVE 0 binary.db.bin cache_prototype 70923 48669
ENCODER_NATIVE 1 bundle.min.js.txt base603 287344 202339
ENCODER_NATIVE 1 bundle.min.js.txt cache_prototype 287443 202006
ENCODER_NATIVE 2 catalog.xml.txt base603 58065 38884
ENCODER_NATIVE 2 catalog.xml.txt cache_prototype 58082 38946
ENCODER_NATIVE 3 compressed.bin base603 299610 298918
ENCODER_NATIVE 3 compressed.bin cache_prototype 299610 298918
ENCODER_NATIVE 4 config.yaml.txt base603 80986 50995
ENCODER_NATIVE 4 config.yaml.txt cache_prototype 81018 51098
ENCODER_NATIVE 5 docs.md.txt base603 215495 129268
ENCODER_NATIVE 5 docs.md.txt cache_prototype 215581 129552
ENCODER_NATIVE 6 dump.sql.txt base603 16377 17697
ENCODER_NATIVE 6 dump.sql.txt cache_prototype 16397 17711
ENCODER_NATIVE 7 genome.fasta base603 256489 589207
ENCODER_NATIVE 7 genome.fasta cache_prototype 256489 589207
ENCODER_NATIVE 8 images.bin base603 223467 214959
ENCODER_NATIVE 8 images.bin cache_prototype 223467 214959
ENCODER_NATIVE 9 lean.txt base603 222834 124341
ENCODER_NATIVE 9 lean.txt cache_prototype 222894 124544
ENCODER_NATIVE 10 machine-code.bin base603 158932 120943
ENCODER_NATIVE 10 machine-code.bin cache_prototype 158932 120943
ENCODER_NATIVE 11 metrics.csv.txt base603 251318 232386
ENCODER_NATIVE 11 metrics.csv.txt cache_prototype 251318 232386
ENCODER_NATIVE 12 multibyte.txt base603 254042 149029
ENCODER_NATIVE 12 multibyte.txt cache_prototype 254042 149029
ENCODER_NATIVE 13 page.html.txt base603 98910 63805
ENCODER_NATIVE 13 page.html.txt cache_prototype 98910 63805
ENCODER_NATIVE 14 prose.txt base603 540998 311429
ENCODER_NATIVE 14 prose.txt cache_prototype 541044 311169
ENCODER_NATIVE 15 records.json.txt base603 69148 74002
ENCODER_NATIVE 15 records.json.txt cache_prototype 69148 74002
ENCODER_NATIVE 16 server.log base603 25830 23197
ENCODER_NATIVE 16 server.log cache_prototype 25830 23197
ENCODER_NATIVE 17 source.c.txt base603 333068 191328
ENCODER_NATIVE 17 source.c.txt cache_prototype 333155 191693
ENCODER_NATIVE 18 source.py.txt base603 125154 75325
ENCODER_NATIVE 18 source.py.txt cache_prototype 125177 75455
ENCODER_NATIVE 19 source.rs.txt base603 125971 74073
ENCODER_NATIVE 19 source.rs.txt cache_prototype 125992 74159
ENCODER_NATIVE 20 sourcemap.map.txt base603 64432 40223
ENCODER_NATIVE 20 sourcemap.map.txt cache_prototype 64449 40248
ENCODER_NATIVE 21 sparse.bin base603 1193 1236
ENCODER_NATIVE 21 sparse.bin cache_prototype 1193 1236
ENCODER_NATIVE 22 tiny-app.log base603 845 613
ENCODER_NATIVE 22 tiny-app.log cache_prototype 845 613
ENCODER_NATIVE 23 tiny-config.json.txt base603 2077 2109
ENCODER_NATIVE 23 tiny-config.json.txt cache_prototype 2077 2109
ENCODER_NATIVE 24 weights-bf16.bin base603 353926 438670
ENCODER_NATIVE 24 weights-bf16.bin cache_prototype 353926 438670
ENCODER_NATIVE 25 weights-f16.bin base603 212660 250000
ENCODER_NATIVE 25 weights-f16.bin cache_prototype 212660 250000
ENCODER_NATIVE 26 weights-f32.bin base603 278801 284464
ENCODER_NATIVE 26 weights-f32.bin cache_prototype 278801 284464
ENCODER_NATIVE 27 weights-q8.bin base603 235572 250000
ENCODER_NATIVE 27 weights-q8.bin cache_prototype 235572 250000
