R15_FUNCTION binary.db.bin 500000 1 98543893 1 98541729 0 0 0 0 0 0 0 0 0 0 0 0 0 0 0 0 0 0
R15_FUNCTION bundle.min.js.txt 1000000 1 125286798 0 0 1 125285517 0 0 0 0 0 0 0 0 1 122167547 0 0 0 0 0 0
R15_FUNCTION catalog.xml.txt 500000 1 33735989 0 0 1 33734677 0 0 0 0 0 0 1 33168232 0 0 0 0 0 0 0 0
R15_FUNCTION compressed.bin 300000 1 7776577 0 0 0 0 1 7775455 0 0 0 0 0 0 0 0 1 7775124 0 0 0 0
R15_FUNCTION config.yaml.txt 400000 1 63872441 0 0 0 0 1 63871349 0 0 0 0 0 0 0 0 1 63870969 0 0 0 0
R15_FUNCTION docs.md.txt 800000 1 119903526 0 0 0 0 1 119903296 0 0 0 0 0 0 0 0 1 119902946 0 0 0 0
R15_FUNCTION dump.sql.txt 150000 1 16759766 0 0 1 16759456 0 0 0 0 0 0 1 16620285 0 0 0 0 0 0 0 0
R15_FUNCTION genome.fasta 900000 1 81087203 0 0 0 0 0 0 1 81086973 0 0 0 0 0 0 0 0 1 81086633 0 0
R15_FUNCTION images.bin 250000 1 11027958 0 0 1 11026946 0 0 0 0 0 0 0 0 1 10418057 0 0 0 0 0 0
R15_FUNCTION lean.txt 1000000 1 127865824 0 0 0 0 0 0 1 127864712 0 0 0 0 0 0 0 0 1 127864332 0 0
R15_FUNCTION machine-code.bin 500000 1 144211725 0 0 0 0 0 0 0 0 1 144210072 0 0 0 0 0 0 0 0 1 142895456
R15_FUNCTION metrics.csv.txt 1300000 1 174987793 0 0 1 174987543 0 0 0 0 0 0 1 173015754 0 0 0 0 0 0 0 0
R15_FUNCTION multibyte.txt 1100000 1 230045829 0 0 0 0 0 0 0 0 1 230045578 0 0 0 0 0 0 0 0 1 227542898
R15_FUNCTION page.html.txt 600000 1 36157586 0 0 1 36156505 0 0 0 0 0 0 1 35315053 0 0 0 0 0 0 0 0
R15_FUNCTION prose.txt 1500000 1 226094977 0 0 0 0 1 226094736 0 0 0 0 0 0 0 0 1 226094346 0 0 0 0
R15_FUNCTION records.json.txt 400000 1 14956457 0 0 1 14955556 0 0 0 0 0 0 1 14547001 0 0 0 0 0 0 0 0
R15_FUNCTION server.log 300000 1 17798584 0 0 1 17797603 0 0 0 0 0 0 1 17536960 0 0 0 0 0 0 0 0
R15_FUNCTION source.c.txt 1400000 1 185614010 0 0 0 0 1 185613779 0 0 0 0 0 0 0 0 1 185613489 0 0 0 0
R15_FUNCTION source.py.txt 600000 1 94810935 0 0 0 0 0 0 1 94809754 0 0 0 0 0 0 0 0 1 94809523 0 0
R15_FUNCTION source.rs.txt 700000 1 125661811 0 0 1 125661490 0 0 0 0 0 0 0 0 1 124463929 0 0 0 0 0 0
R15_FUNCTION sourcemap.map.txt 350000 1 68938912 0 0 0 0 0 0 0 0 1 68937690 0 0 0 0 0 0 0 0 1 68160641
R15_FUNCTION sparse.bin 40000 1 255394 0 0 0 0 0 0 1 255344 0 0 0 0 0 0 0 0 1 255264 0 0
R15_FUNCTION tiny-app.log 28000 1 767004 0 0 1 766904 0 0 0 0 0 0 1 752432 0 0 0 0 0 0 0 0
R15_FUNCTION tiny-config.json.txt 12000 1 421445 0 0 1 421354 0 0 0 0 0 0 1 407112 0 0 0 0 0 0 0 0
R15_FUNCTION weights-bf16.bin 450000 1 12557497 0 0 0 0 0 0 1 12557297 0 0 0 0 0 0 0 0 1 12556957 0 0
R15_FUNCTION weights-f16.bin 250000 1 1211393 0 0 0 0 0 0 1 1210742 0 0 0 0 0 0 0 0 1 1210612 0 0
R15_FUNCTION weights-f32.bin 350000 1 11239824 0 0 0 0 1 11238673 0 0 0 0 0 0 0 0 1 11238282 0 0 0 0
R15_FUNCTION weights-q8.bin 250000 1 1570774 0 0 1 1570043 0 0 0 0 0 0 0 0 1 948267 0 0 0 0 0 0
