[32m2026-10-06 22:57:57.353[0m | [34m[1mDEBUG   [0m | [36m__main__[0m:[36mmain[0m:[36m649[0m - [34m[1m[gate] benchmark sandbox: bwrap, 300s, 2048 MB, cpus=any[0m
[32m2026-10-06 22:57:57.356[0m | [34m[1mDEBUG   [0m | [36m__main__[0m:[36mstage_intake[0m:[36m261[0m - [34m[1m[gate] parse.rs 1c94d7dec959a986 -> slot/generated/parse.rs[0m
[32m2026-10-06 22:57:57.357[0m | [34m[1mDEBUG   [0m | [36m__main__[0m:[36mstage_intake[0m:[36m261[0m - [34m[1m[gate] Parse.lean edab13f3296ddd86 -> lean/Proof/Parse.lean[0m
[32m2026-10-06 22:57:57.436[0m | [34m[1mDEBUG   [0m | [36msandbox.bwrap[0m:[36mrun[0m:[36m110[0m - [34m[1m[bwrap] rustup exit=0 in 0.0s[0m
[32m2026-10-06 22:57:58.221[0m | [34m[1mDEBUG   [0m | [36msandbox.bwrap[0m:[36mrun[0m:[36m110[0m - [34m[1m[bwrap] extract.sh exit=0 in 0.8s[0m
[32m2026-10-06 22:58:11.875[0m | [34m[1mDEBUG   [0m | [36msandbox.bwrap[0m:[36mrun[0m:[36m110[0m - [34m[1m[bwrap] extract.sh exit=0 in 13.0s[0m
[32m2026-10-06 22:58:11.877[0m | [34m[1mDEBUG   [0m | [36m__main__[0m:[36mstage_extract[0m:[36m356[0m - [34m[1m[gate] extracted Types.lean 276d4089d337e0d7, Funs.lean 73d02107528f59d8, Constants.lean b73980f8f8222fb9[0m
[32m2026-10-06 22:58:14.226[0m | [34m[1mDEBUG   [0m | [36msandbox.bwrap[0m:[36mrun[0m:[36m110[0m - [34m[1m[bwrap] lake exit=0 in 2.3s[0m
[32m2026-10-06 22:58:46.940[0m | [34m[1mDEBUG   [0m | [36msandbox.bwrap[0m:[36mrun[0m:[36m110[0m - [34m[1m[bwrap] lake exit=0 in 32.7s[0m
[32m2026-10-06 23:00:29.151[0m | [34m[1mDEBUG   [0m | [36msandbox.bwrap[0m:[36mrun[0m:[36m110[0m - [34m[1m[bwrap] lake exit=0 in 102.2s[0m
[32m2026-10-06 23:00:32.136[0m | [34m[1mDEBUG   [0m | [36msandbox.bwrap[0m:[36mrun[0m:[36m110[0m - [34m[1m[bwrap] lake exit=0 in 3.0s[0m
[32m2026-10-06 23:00:34.814[0m | [34m[1mDEBUG   [0m | [36msandbox.bwrap[0m:[36mrun[0m:[36m110[0m - [34m[1m[bwrap] lake exit=0 in 2.7s[0m
[32m2026-10-06 23:00:34.815[0m | [34m[1mDEBUG   [0m | [36m__main__[0m:[36mstage_axioms[0m:[36m423[0m - [34m[1m[gate] axiom query stdout: "'accepted' depends on axioms: [propext, Classical.choice, Quot.sound]"[0m
[32m2026-10-06 23:00:34.817[0m | [1mINFO    [0m | [36m__main__[0m:[36mmain[0m:[36m703[0m - [1m[gate] verification accepted in 157.5s (bwrap, 900s, 16384 MB)[0m
[32m2026-10-06 23:00:34.877[0m | [34m[1mDEBUG   [0m | [36msandbox.bwrap[0m:[36mrun[0m:[36m110[0m - [34m[1m[bwrap] rustc exit=0 in 0.0s[0m
[32m2026-10-06 23:00:37.151[0m | [34m[1mDEBUG   [0m | [36msandbox.bwrap[0m:[36mrun[0m:[36m110[0m - [34m[1m[bwrap] cargo exit=0 in 2.3s[0m
[32m2026-10-06 23:00:37.151[0m | [34m[1mDEBUG   [0m | [36mbench.driver[0m:[36m_build[0m:[36m295[0m - [34m[1m[bench] built incumbent in 2.3s exit=0[0m
[32m2026-10-06 23:00:40.514[0m | [34m[1mDEBUG   [0m | [36msandbox.bwrap[0m:[36mrun[0m:[36m110[0m - [34m[1m[bwrap] cargo exit=0 in 3.4s[0m
[32m2026-10-06 23:00:40.514[0m | [34m[1mDEBUG   [0m | [36mbench.driver[0m:[36m_build[0m:[36m295[0m - [34m[1m[bench] built submission in 3.4s exit=0[0m
[32m2026-10-06 23:01:49.737[0m | [34m[1mDEBUG   [0m | [36msandbox.bwrap[0m:[36mrun[0m:[36m110[0m - [34m[1m[bwrap] measure exit=0 in 69.2s[0m
[32m2026-10-06 23:01:49.738[0m | [34m[1mDEBUG   [0m | [36mbench.driver[0m:[36m_measure[0m:[36m333[0m - [34m[1m[bench] measured submission in 69.2s exit=0[0m
verifying /home/runner/work/_temp/round4-receipts/input-r4-parse-hmode-3-i8
workspace: /home/runner/work/_temp/deflate-upstream/data/verification-workspace/verify-1u0r88d1

0 intake      ok — input-r4-parse-hmode-3-i8: parse.rs, Parse.lean
1 policy      ok — source prefilters passed
2 static      ok — resolved operations: alloc::alloc::Global::{impl}::drop_glue, alloc::vec::Vec::{impl}::drop_glue, alloc::vec::{impl}::deref, alloc::vec::{impl}::deref_mut, alloc::vec::{impl}::len, alloc::vec::{impl}::new, alloc::vec::{impl}::push, alloc::vec::{impl}::with_capacity, core::num::{impl}::leading_zeros, core::num::{impl}::saturating_add, core::num::{impl}::saturating_sub, core::num::{impl}::wrapping_add, core::num::{impl}::wrapping_mul, core::num::{impl}::wrapping_shl, core::num::{impl}::wrapping_shr, core::num::{impl}::wrapping_sub, core::slice::{impl}::len
3 extract     ok — charon+aeneas re-run by the verifier, no new axioms
4 statement   ok — `LZ77.Obligation slot.parse` typechecks (bwrap, 900s, 16384 MB)
5 axioms      ok — ['Classical.choice', 'Quot.sound', 'propext']; extraction intact
6 score       running…

Corpus: corpus-stage1
file                       raw  incumbent  submission
-----------------------------------------------------
binary.db.bin           500000      76338       71321
bundle.min.js.txt      1000000     301618      287503
catalog.xml.txt         500000      62314       58414
compressed.bin          300000     300194      299569
config.yaml.txt         400000      85384       81095
docs.md.txt             800000     226973      215595
dump.sql.txt            150000      20817       16440
genome.fasta            900000     292479      256729
images.bin              250000     223767      223484
lean.txt               1000000     235059      222941
machine-code.bin        500000     167357      159542
metrics.csv.txt        1300000     287282      252090
multibyte.txt          1100000     273630      254388
page.html.txt           600000     103618       99001
prose.txt              1500000     579041      541154
records.json.txt        400000      72255       69232
server.log              300000      29404       26033
source.c.txt           1400000     354325      333365
source.py.txt           600000     132748      125187
source.rs.txt           700000     134069      126134
sourcemap.map.txt       350000      68389       64433
sparse.bin               40000       1234        1213
tiny-app.log             28000        965         899
tiny-config.json.txt     12000       2107        2080
weights-bf16.bin        450000     362200      353977
weights-f16.bin         250000     216274      212660
weights-f32.bin         350000     284747      279101
weights-q8.bin          250000     236246      235572
-----------------------------------------------------
TOTAL                 15930000    5130834     4869152

method        bytes     ratio    lz77  encode   total  slowdown
--------------------------------------------------------------------------------------------------------------
incumbent   5130834  1.00000x  0.553s  0.200s  0.753s     1.00x  the incumbent
submission  4869152  0.94900x  4.731s  0.215s  4.946s     6.57x  ACCEPTED — 5.100% smaller than the incumbent.

ACCEPTED — 5.100% smaller than the incumbent.
