ENCODER_NATIVE 0 binary.db.bin public514 82894 50441
ENCODER_NATIVE 0 binary.db.bin r15-hash32-chain-depth3 82990 50405
ENCODER_NATIVE 0 binary.db.bin r15-hash32-depth3-gain 82917 50432
ENCODER_NATIVE 1 bundle.min.js.txt public514 325697 190824
ENCODER_NATIVE 1 bundle.min.js.txt r15-hash32-chain-depth3 325650 190440
ENCODER_NATIVE 1 bundle.min.js.txt r15-hash32-depth3-gain 325397 190749
ENCODER_NATIVE 2 catalog.xml.txt public514 69271 45579
ENCODER_NATIVE 2 catalog.xml.txt r15-hash32-chain-depth3 67519 44446
ENCODER_NATIVE 2 catalog.xml.txt r15-hash32-depth3-gain 67426 44434
ENCODER_NATIVE 3 compressed.bin public514 300095 300000
ENCODER_NATIVE 3 compressed.bin r15-hash32-chain-depth3 300095 300000
ENCODER_NATIVE 3 compressed.bin r15-hash32-depth3-gain 300095 300000
ENCODER_NATIVE 4 config.yaml.txt public514 90556 59218
ENCODER_NATIVE 4 config.yaml.txt r15-hash32-chain-depth3 89678 58243
ENCODER_NATIVE 4 config.yaml.txt r15-hash32-depth3-gain 89687 58348
ENCODER_NATIVE 5 docs.md.txt public514 243632 157463
ENCODER_NATIVE 5 docs.md.txt r15-hash32-chain-depth3 240660 154280
ENCODER_NATIVE 5 docs.md.txt r15-hash32-depth3-gain 240514 154475
ENCODER_NATIVE 6 dump.sql.txt public514 19941 15151
ENCODER_NATIVE 6 dump.sql.txt r15-hash32-chain-depth3 19945 15165
ENCODER_NATIVE 6 dump.sql.txt r15-hash32-depth3-gain 19945 15165
ENCODER_NATIVE 7 genome.fasta public514 283718 176189
ENCODER_NATIVE 7 genome.fasta r15-hash32-chain-depth3 283718 176189
ENCODER_NATIVE 7 genome.fasta r15-hash32-depth3-gain 283718 176189
ENCODER_NATIVE 8 images.bin public514 229171 226885
ENCODER_NATIVE 8 images.bin r15-hash32-chain-depth3 229429 227157
ENCODER_NATIVE 8 images.bin r15-hash32-depth3-gain 229429 227157
ENCODER_NATIVE 9 lean.txt public514 264653 161293
ENCODER_NATIVE 9 lean.txt r15-hash32-chain-depth3 264368 161303
ENCODER_NATIVE 9 lean.txt r15-hash32-depth3-gain 264368 161303
ENCODER_NATIVE 10 machine-code.bin public514 171918 122482
ENCODER_NATIVE 10 machine-code.bin r15-hash32-chain-depth3 172191 122085
ENCODER_NATIVE 10 machine-code.bin r15-hash32-depth3-gain 172028 122205
ENCODER_NATIVE 11 metrics.csv.txt public514 284703 220653
ENCODER_NATIVE 11 metrics.csv.txt r15-hash32-chain-depth3 284799 221120
ENCODER_NATIVE 11 metrics.csv.txt r15-hash32-depth3-gain 284799 221120
ENCODER_NATIVE 12 multibyte.txt public514 292855 196725
ENCODER_NATIVE 12 multibyte.txt r15-hash32-chain-depth3 288983 192835
ENCODER_NATIVE 12 multibyte.txt r15-hash32-depth3-gain 288797 192917
ENCODER_NATIVE 13 page.html.txt public514 111342 75088
ENCODER_NATIVE 13 page.html.txt r15-hash32-chain-depth3 109904 74012
ENCODER_NATIVE 13 page.html.txt r15-hash32-depth3-gain 109890 74078
ENCODER_NATIVE 14 prose.txt public514 620035 365040
ENCODER_NATIVE 14 prose.txt r15-hash32-chain-depth3 609841 353871
ENCODER_NATIVE 14 prose.txt r15-hash32-depth3-gain 609462 354213
ENCODER_NATIVE 15 records.json.txt public514 75503 78317
ENCODER_NATIVE 15 records.json.txt r15-hash32-chain-depth3 75203 78162
ENCODER_NATIVE 15 records.json.txt r15-hash32-depth3-gain 75200 78170
ENCODER_NATIVE 16 server.log public514 29230 23582
ENCODER_NATIVE 16 server.log r15-hash32-chain-depth3 29271 23610
ENCODER_NATIVE 16 server.log r15-hash32-depth3-gain 29271 23610
ENCODER_NATIVE 17 source.c.txt public514 380012 235866
ENCODER_NATIVE 17 source.c.txt r15-hash32-chain-depth3 374301 230422
ENCODER_NATIVE 17 source.c.txt r15-hash32-depth3-gain 373856 230643
ENCODER_NATIVE 18 source.py.txt public514 141452 88808
ENCODER_NATIVE 18 source.py.txt r15-hash32-chain-depth3 139238 86738
ENCODER_NATIVE 18 source.py.txt r15-hash32-depth3-gain 139105 86840
ENCODER_NATIVE 19 source.rs.txt public514 144447 88318
ENCODER_NATIVE 19 source.rs.txt r15-hash32-chain-depth3 142034 86163
ENCODER_NATIVE 19 source.rs.txt r15-hash32-depth3-gain 141811 86191
ENCODER_NATIVE 20 sourcemap.map.txt public514 75873 48664
ENCODER_NATIVE 20 sourcemap.map.txt r15-hash32-chain-depth3 74054 47147
ENCODER_NATIVE 20 sourcemap.map.txt r15-hash32-depth3-gain 73990 47199
ENCODER_NATIVE 21 sparse.bin public514 1270 1458
ENCODER_NATIVE 21 sparse.bin r15-hash32-chain-depth3 1270 1458
ENCODER_NATIVE 21 sparse.bin r15-hash32-depth3-gain 1270 1458
ENCODER_NATIVE 22 tiny-app.log public514 1270 998
ENCODER_NATIVE 22 tiny-app.log r15-hash32-chain-depth3 1270 998
ENCODER_NATIVE 22 tiny-app.log r15-hash32-depth3-gain 1270 998
ENCODER_NATIVE 23 tiny-config.json.txt public514 2487 3094
ENCODER_NATIVE 23 tiny-config.json.txt r15-hash32-chain-depth3 2487 3094
ENCODER_NATIVE 23 tiny-config.json.txt r15-hash32-depth3-gain 2487 3094
ENCODER_NATIVE 24 weights-bf16.bin public514 365611 265242
ENCODER_NATIVE 24 weights-bf16.bin r15-hash32-chain-depth3 365611 265242
ENCODER_NATIVE 24 weights-bf16.bin r15-hash32-depth3-gain 365611 265242
ENCODER_NATIVE 25 weights-f16.bin public514 212660 250000
ENCODER_NATIVE 25 weights-f16.bin r15-hash32-chain-depth3 212660 250000
ENCODER_NATIVE 25 weights-f16.bin r15-hash32-depth3-gain 212660 250000
ENCODER_NATIVE 26 weights-f32.bin public514 284138 285782
ENCODER_NATIVE 26 weights-f32.bin r15-hash32-chain-depth3 284138 285782
ENCODER_NATIVE 26 weights-f32.bin r15-hash32-depth3-gain 284138 285782
ENCODER_NATIVE 27 weights-q8.bin public514 235572 250000
ENCODER_NATIVE 27 weights-q8.bin r15-hash32-chain-depth3 235572 250000
ENCODER_NATIVE 27 weights-q8.bin r15-hash32-depth3-gain 235572 250000
