ENCODER_NATIVE 0 binary.db.bin public514 82894 50441
ENCODER_NATIVE 0 binary.db.bin dna582 82894 50441
ENCODER_NATIVE 0 binary.db.bin public579 70789 48571
ENCODER_NATIVE 0 binary.db.bin r18-dna-literals 82894 50441
ENCODER_NATIVE 0 binary.db.bin r18-579-base-tiny 70986 47568
ENCODER_NATIVE 1 bundle.min.js.txt public514 325697 190824
ENCODER_NATIVE 1 bundle.min.js.txt dna582 325697 190824
ENCODER_NATIVE 1 bundle.min.js.txt public579 287331 201058
ENCODER_NATIVE 1 bundle.min.js.txt r18-dna-literals 325697 190824
ENCODER_NATIVE 1 bundle.min.js.txt r18-579-base-tiny 287432 200874
ENCODER_NATIVE 2 catalog.xml.txt public514 69271 45579
ENCODER_NATIVE 2 catalog.xml.txt dna582 69271 45579
ENCODER_NATIVE 2 catalog.xml.txt public579 58082 37777
ENCODER_NATIVE 2 catalog.xml.txt r18-dna-literals 69271 45579
ENCODER_NATIVE 2 catalog.xml.txt r18-579-base-tiny 58082 37777
ENCODER_NATIVE 3 compressed.bin public514 300095 300000
ENCODER_NATIVE 3 compressed.bin dna582 300095 300000
ENCODER_NATIVE 3 compressed.bin public579 299566 298884
ENCODER_NATIVE 3 compressed.bin r18-dna-literals 300095 300000
ENCODER_NATIVE 3 compressed.bin r18-579-base-tiny 299566 298884
ENCODER_NATIVE 4 config.yaml.txt public514 90556 59218
ENCODER_NATIVE 4 config.yaml.txt dna582 90556 59218
ENCODER_NATIVE 4 config.yaml.txt public579 81003 50840
ENCODER_NATIVE 4 config.yaml.txt r18-dna-literals 90556 59218
ENCODER_NATIVE 4 config.yaml.txt r18-579-base-tiny 81026 49938
ENCODER_NATIVE 5 docs.md.txt public514 243632 157463
ENCODER_NATIVE 5 docs.md.txt dna582 243632 157463
ENCODER_NATIVE 5 docs.md.txt public579 215502 127053
ENCODER_NATIVE 5 docs.md.txt r18-dna-literals 243632 157463
ENCODER_NATIVE 5 docs.md.txt r18-579-base-tiny 215502 127053
ENCODER_NATIVE 6 dump.sql.txt public514 19941 15151
ENCODER_NATIVE 6 dump.sql.txt dna582 19941 15151
ENCODER_NATIVE 6 dump.sql.txt public579 16384 17662
ENCODER_NATIVE 6 dump.sql.txt r18-dna-literals 19941 15151
ENCODER_NATIVE 6 dump.sql.txt r18-579-base-tiny 16407 17632
ENCODER_NATIVE 7 genome.fasta public514 283718 176189
ENCODER_NATIVE 7 genome.fasta dna582 284563 177559
ENCODER_NATIVE 7 genome.fasta public579 256489 589207
ENCODER_NATIVE 7 genome.fasta r18-dna-literals 277999 900000
ENCODER_NATIVE 7 genome.fasta r18-579-base-tiny 256489 589207
ENCODER_NATIVE 8 images.bin public514 229171 226885
ENCODER_NATIVE 8 images.bin dna582 229171 226885
ENCODER_NATIVE 8 images.bin public579 223458 214894
ENCODER_NATIVE 8 images.bin r18-dna-literals 229171 226885
ENCODER_NATIVE 8 images.bin r18-579-base-tiny 223467 214959
ENCODER_NATIVE 9 lean.txt public514 264653 161293
ENCODER_NATIVE 9 lean.txt dna582 264653 161293
ENCODER_NATIVE 9 lean.txt public579 222830 124899
ENCODER_NATIVE 9 lean.txt r18-dna-literals 264653 161293
ENCODER_NATIVE 9 lean.txt r18-579-base-tiny 222907 123394
ENCODER_NATIVE 10 machine-code.bin public514 171918 122482
ENCODER_NATIVE 10 machine-code.bin dna582 171918 122482
ENCODER_NATIVE 10 machine-code.bin public579 158779 125874
ENCODER_NATIVE 10 machine-code.bin r18-dna-literals 171918 122482
ENCODER_NATIVE 10 machine-code.bin r18-579-base-tiny 158779 125874
ENCODER_NATIVE 11 metrics.csv.txt public514 284703 220653
ENCODER_NATIVE 11 metrics.csv.txt dna582 284703 220653
ENCODER_NATIVE 11 metrics.csv.txt public579 251352 232447
ENCODER_NATIVE 11 metrics.csv.txt r18-dna-literals 284703 220653
ENCODER_NATIVE 11 metrics.csv.txt r18-579-base-tiny 251663 231566
ENCODER_NATIVE 12 multibyte.txt public514 292855 196725
ENCODER_NATIVE 12 multibyte.txt dna582 292855 196725
ENCODER_NATIVE 12 multibyte.txt public579 254275 153767
ENCODER_NATIVE 12 multibyte.txt r18-dna-literals 292855 196725
ENCODER_NATIVE 12 multibyte.txt r18-579-base-tiny 254352 153046
ENCODER_NATIVE 13 page.html.txt public514 111342 75088
ENCODER_NATIVE 13 page.html.txt dna582 111342 75088
ENCODER_NATIVE 13 page.html.txt public579 98911 63790
ENCODER_NATIVE 13 page.html.txt r18-dna-literals 111342 75088
ENCODER_NATIVE 13 page.html.txt r18-579-base-tiny 99009 63652
ENCODER_NATIVE 14 prose.txt public514 620035 365040
ENCODER_NATIVE 14 prose.txt dna582 620035 365040
ENCODER_NATIVE 14 prose.txt public579 540942 305368
ENCODER_NATIVE 14 prose.txt r18-dna-literals 620035 365040
ENCODER_NATIVE 14 prose.txt r18-579-base-tiny 540942 305368
ENCODER_NATIVE 15 records.json.txt public514 75503 78317
ENCODER_NATIVE 15 records.json.txt dna582 75503 78317
ENCODER_NATIVE 15 records.json.txt public579 69148 74021
ENCODER_NATIVE 15 records.json.txt r18-dna-literals 75503 78317
ENCODER_NATIVE 15 records.json.txt r18-579-base-tiny 69148 74021
ENCODER_NATIVE 16 server.log public514 29230 23582
ENCODER_NATIVE 16 server.log dna582 29230 23582
ENCODER_NATIVE 16 server.log public579 25851 23213
ENCODER_NATIVE 16 server.log r18-dna-literals 29230 23582
ENCODER_NATIVE 16 server.log r18-579-base-tiny 25851 23213
ENCODER_NATIVE 17 source.c.txt public514 380012 235866
ENCODER_NATIVE 17 source.c.txt dna582 380012 235866
ENCODER_NATIVE 17 source.c.txt public579 333068 191328
ENCODER_NATIVE 17 source.c.txt r18-dna-literals 380012 235866
ENCODER_NATIVE 17 source.c.txt r18-579-base-tiny 333177 191365
ENCODER_NATIVE 18 source.py.txt public514 141452 88808
ENCODER_NATIVE 18 source.py.txt dna582 141452 88808
ENCODER_NATIVE 18 source.py.txt public579 125152 72372
ENCODER_NATIVE 18 source.py.txt r18-dna-literals 141452 88808
ENCODER_NATIVE 18 source.py.txt r18-579-base-tiny 125152 72372
ENCODER_NATIVE 19 source.rs.txt public514 144447 88318
ENCODER_NATIVE 19 source.rs.txt dna582 144447 88318
ENCODER_NATIVE 19 source.rs.txt public579 125980 73343
ENCODER_NATIVE 19 source.rs.txt r18-dna-literals 144447 88318
ENCODER_NATIVE 19 source.rs.txt r18-579-base-tiny 125980 73343
ENCODER_NATIVE 20 sourcemap.map.txt public514 75873 48664
ENCODER_NATIVE 20 sourcemap.map.txt dna582 75873 48664
ENCODER_NATIVE 20 sourcemap.map.txt public579 64440 40402
ENCODER_NATIVE 20 sourcemap.map.txt r18-dna-literals 75873 48664
ENCODER_NATIVE 20 sourcemap.map.txt r18-579-base-tiny 64440 40402
ENCODER_NATIVE 21 sparse.bin public514 1270 1458
ENCODER_NATIVE 21 sparse.bin dna582 1270 1458
ENCODER_NATIVE 21 sparse.bin public579 1193 1242
ENCODER_NATIVE 21 sparse.bin r18-dna-literals 1270 1458
ENCODER_NATIVE 21 sparse.bin r18-579-base-tiny 1193 1242
ENCODER_NATIVE 22 tiny-app.log public514 1270 998
ENCODER_NATIVE 22 tiny-app.log dna582 1270 998
ENCODER_NATIVE 22 tiny-app.log public579 842 622
ENCODER_NATIVE 22 tiny-app.log r18-dna-literals 1270 998
ENCODER_NATIVE 22 tiny-app.log r18-579-base-tiny 842 622
ENCODER_NATIVE 23 tiny-config.json.txt public514 2487 3094
ENCODER_NATIVE 23 tiny-config.json.txt dna582 2487 3094
ENCODER_NATIVE 23 tiny-config.json.txt public579 2077 2109
ENCODER_NATIVE 23 tiny-config.json.txt r18-dna-literals 2487 3094
ENCODER_NATIVE 23 tiny-config.json.txt r18-579-base-tiny 2077 2109
ENCODER_NATIVE 24 weights-bf16.bin public514 365611 265242
ENCODER_NATIVE 24 weights-bf16.bin dna582 365611 265242
ENCODER_NATIVE 24 weights-bf16.bin public579 353965 438343
ENCODER_NATIVE 24 weights-bf16.bin r18-dna-literals 365611 265242
ENCODER_NATIVE 24 weights-bf16.bin r18-579-base-tiny 353965 438343
ENCODER_NATIVE 25 weights-f16.bin public514 212660 250000
ENCODER_NATIVE 25 weights-f16.bin dna582 212660 250000
ENCODER_NATIVE 25 weights-f16.bin public579 212660 250000
ENCODER_NATIVE 25 weights-f16.bin r18-dna-literals 212660 250000
ENCODER_NATIVE 25 weights-f16.bin r18-579-base-tiny 212660 250000
ENCODER_NATIVE 26 weights-f32.bin public514 284138 285782
ENCODER_NATIVE 26 weights-f32.bin dna582 284138 285782
ENCODER_NATIVE 26 weights-f32.bin public579 278988 284300
ENCODER_NATIVE 26 weights-f32.bin r18-dna-literals 284138 285782
ENCODER_NATIVE 26 weights-f32.bin r18-579-base-tiny 278988 284300
ENCODER_NATIVE 27 weights-q8.bin public514 235572 250000
ENCODER_NATIVE 27 weights-q8.bin dna582 235572 250000
ENCODER_NATIVE 27 weights-q8.bin public579 235572 250000
ENCODER_NATIVE 27 weights-q8.bin r18-dna-literals 235572 250000
ENCODER_NATIVE 27 weights-q8.bin r18-579-base-tiny 235572 250000
