ENCODER_NATIVE 0 binary.db.bin public514 82894 50441
ENCODER_NATIVE 0 binary.db.bin public550 70855 48473
ENCODER_NATIVE 0 binary.db.bin r15-550-base-only 70986 47568
ENCODER_NATIVE 0 binary.db.bin r15-550-shape-depth1 70944 48231
ENCODER_NATIVE 1 bundle.min.js.txt public514 325697 190824
ENCODER_NATIVE 1 bundle.min.js.txt public550 287331 201058
ENCODER_NATIVE 1 bundle.min.js.txt r15-550-base-only 287432 200874
ENCODER_NATIVE 1 bundle.min.js.txt r15-550-shape-depth1 287370 201032
ENCODER_NATIVE 2 catalog.xml.txt public514 69271 45579
ENCODER_NATIVE 2 catalog.xml.txt public550 58159 39195
ENCODER_NATIVE 2 catalog.xml.txt r15-550-base-only 58178 39115
ENCODER_NATIVE 2 catalog.xml.txt r15-550-shape-depth1 58169 39194
ENCODER_NATIVE 3 compressed.bin public514 300095 300000
ENCODER_NATIVE 3 compressed.bin public550 299566 298884
ENCODER_NATIVE 3 compressed.bin r15-550-base-only 299566 298884
ENCODER_NATIVE 3 compressed.bin r15-550-shape-depth1 299566 298884
ENCODER_NATIVE 4 config.yaml.txt public514 90556 59218
ENCODER_NATIVE 4 config.yaml.txt public550 81026 49938
ENCODER_NATIVE 4 config.yaml.txt r15-550-base-only 81026 49938
ENCODER_NATIVE 4 config.yaml.txt r15-550-shape-depth1 81026 49938
ENCODER_NATIVE 5 docs.md.txt public514 243632 157463
ENCODER_NATIVE 5 docs.md.txt public550 215527 126923
ENCODER_NATIVE 5 docs.md.txt r15-550-base-only 215527 126923
ENCODER_NATIVE 5 docs.md.txt r15-550-shape-depth1 215527 126923
ENCODER_NATIVE 6 dump.sql.txt public514 19941 15151
ENCODER_NATIVE 6 dump.sql.txt public550 16407 17632
ENCODER_NATIVE 6 dump.sql.txt r15-550-base-only 16407 17632
ENCODER_NATIVE 6 dump.sql.txt r15-550-shape-depth1 16407 17632
ENCODER_NATIVE 7 genome.fasta public514 283718 176189
ENCODER_NATIVE 7 genome.fasta public550 256489 589207
ENCODER_NATIVE 7 genome.fasta r15-550-base-only 256489 589207
ENCODER_NATIVE 7 genome.fasta r15-550-shape-depth1 256489 589207
ENCODER_NATIVE 8 images.bin public514 229171 226885
ENCODER_NATIVE 8 images.bin public550 223458 214894
ENCODER_NATIVE 8 images.bin r15-550-base-only 223467 214959
ENCODER_NATIVE 8 images.bin r15-550-shape-depth1 223461 214908
ENCODER_NATIVE 9 lean.txt public514 264653 161293
ENCODER_NATIVE 9 lean.txt public550 222926 124023
ENCODER_NATIVE 9 lean.txt r15-550-base-only 222926 124023
ENCODER_NATIVE 9 lean.txt r15-550-shape-depth1 222926 124023
ENCODER_NATIVE 10 machine-code.bin public514 171918 122482
ENCODER_NATIVE 10 machine-code.bin public550 158779 125874
ENCODER_NATIVE 10 machine-code.bin r15-550-base-only 158779 125874
ENCODER_NATIVE 10 machine-code.bin r15-550-shape-depth1 158779 125874
ENCODER_NATIVE 11 metrics.csv.txt public514 284703 220653
ENCODER_NATIVE 11 metrics.csv.txt public550 251352 232447
ENCODER_NATIVE 11 metrics.csv.txt r15-550-base-only 251663 231566
ENCODER_NATIVE 11 metrics.csv.txt r15-550-shape-depth1 251521 232429
ENCODER_NATIVE 12 multibyte.txt public514 292855 196725
ENCODER_NATIVE 12 multibyte.txt public550 254275 153767
ENCODER_NATIVE 12 multibyte.txt r15-550-base-only 254352 153046
ENCODER_NATIVE 12 multibyte.txt r15-550-shape-depth1 254352 153046
ENCODER_NATIVE 13 page.html.txt public514 111342 75088
ENCODER_NATIVE 13 page.html.txt public550 98911 63790
ENCODER_NATIVE 13 page.html.txt r15-550-base-only 99009 63652
ENCODER_NATIVE 13 page.html.txt r15-550-shape-depth1 98948 63813
ENCODER_NATIVE 14 prose.txt public514 620035 365040
ENCODER_NATIVE 14 prose.txt public550 540942 305368
ENCODER_NATIVE 14 prose.txt r15-550-base-only 540942 305368
ENCODER_NATIVE 14 prose.txt r15-550-shape-depth1 540942 305368
ENCODER_NATIVE 15 records.json.txt public514 75503 78317
ENCODER_NATIVE 15 records.json.txt public550 69148 74021
ENCODER_NATIVE 15 records.json.txt r15-550-base-only 69148 74021
ENCODER_NATIVE 15 records.json.txt r15-550-shape-depth1 69148 74021
ENCODER_NATIVE 16 server.log public514 29230 23582
ENCODER_NATIVE 16 server.log public550 25851 23213
ENCODER_NATIVE 16 server.log r15-550-base-only 25851 23213
ENCODER_NATIVE 16 server.log r15-550-shape-depth1 25851 23213
ENCODER_NATIVE 17 source.c.txt public514 380012 235866
ENCODER_NATIVE 17 source.c.txt public550 333179 190925
ENCODER_NATIVE 17 source.c.txt r15-550-base-only 333263 188704
ENCODER_NATIVE 17 source.c.txt r15-550-shape-depth1 333223 190805
ENCODER_NATIVE 18 source.py.txt public514 141452 88808
ENCODER_NATIVE 18 source.py.txt public550 125172 73240
ENCODER_NATIVE 18 source.py.txt r15-550-base-only 125172 73240
ENCODER_NATIVE 18 source.py.txt r15-550-shape-depth1 125172 73240
ENCODER_NATIVE 19 source.rs.txt public514 144447 88318
ENCODER_NATIVE 19 source.rs.txt public550 125980 73343
ENCODER_NATIVE 19 source.rs.txt r15-550-base-only 125980 73343
ENCODER_NATIVE 19 source.rs.txt r15-550-shape-depth1 125980 73343
ENCODER_NATIVE 20 sourcemap.map.txt public514 75873 48664
ENCODER_NATIVE 20 sourcemap.map.txt public550 64440 40402
ENCODER_NATIVE 20 sourcemap.map.txt r15-550-base-only 64440 40402
ENCODER_NATIVE 20 sourcemap.map.txt r15-550-shape-depth1 64440 40402
ENCODER_NATIVE 21 sparse.bin public514 1270 1458
ENCODER_NATIVE 21 sparse.bin public550 1193 1242
ENCODER_NATIVE 21 sparse.bin r15-550-base-only 1193 1242
ENCODER_NATIVE 21 sparse.bin r15-550-shape-depth1 1193 1242
ENCODER_NATIVE 22 tiny-app.log public514 1270 998
ENCODER_NATIVE 22 tiny-app.log public550 845 613
ENCODER_NATIVE 22 tiny-app.log r15-550-base-only 845 613
ENCODER_NATIVE 22 tiny-app.log r15-550-shape-depth1 845 613
ENCODER_NATIVE 23 tiny-config.json.txt public514 2487 3094
ENCODER_NATIVE 23 tiny-config.json.txt public550 2077 2109
ENCODER_NATIVE 23 tiny-config.json.txt r15-550-base-only 2077 2109
ENCODER_NATIVE 23 tiny-config.json.txt r15-550-shape-depth1 2077 2109
ENCODER_NATIVE 24 weights-bf16.bin public514 365611 265242
ENCODER_NATIVE 24 weights-bf16.bin public550 353965 438343
ENCODER_NATIVE 24 weights-bf16.bin r15-550-base-only 353965 438343
ENCODER_NATIVE 24 weights-bf16.bin r15-550-shape-depth1 353965 438343
ENCODER_NATIVE 25 weights-f16.bin public514 212660 250000
ENCODER_NATIVE 25 weights-f16.bin public550 212660 250000
ENCODER_NATIVE 25 weights-f16.bin r15-550-base-only 212660 250000
ENCODER_NATIVE 25 weights-f16.bin r15-550-shape-depth1 212660 250000
ENCODER_NATIVE 26 weights-f32.bin public514 284138 285782
ENCODER_NATIVE 26 weights-f32.bin public550 278988 284300
ENCODER_NATIVE 26 weights-f32.bin r15-550-base-only 278988 284300
ENCODER_NATIVE 26 weights-f32.bin r15-550-shape-depth1 278988 284300
ENCODER_NATIVE 27 weights-q8.bin public514 235572 250000
ENCODER_NATIVE 27 weights-q8.bin public550 235572 250000
ENCODER_NATIVE 27 weights-q8.bin r15-550-base-only 235572 250000
ENCODER_NATIVE 27 weights-q8.bin r15-550-shape-depth1 235572 250000
