ENCODER_NATIVE 0 binary.db.bin public514 82894 50441
ENCODER_NATIVE 0 binary.db.bin public608 70789 48571
ENCODER_NATIVE 0 binary.db.bin base603 70756 48828
ENCODER_NATIVE 0 binary.db.bin r21-sf-608-accept 70789 48571
ENCODER_NATIVE 0 binary.db.bin r21-sf-608-seambias 70788 48565
ENCODER_NATIVE 0 binary.db.bin r21-sf-603-seambias 70755 48820
ENCODER_NATIVE 1 bundle.min.js.txt public514 325697 190824
ENCODER_NATIVE 1 bundle.min.js.txt public608 287327 201062
ENCODER_NATIVE 1 bundle.min.js.txt base603 287344 202339
ENCODER_NATIVE 1 bundle.min.js.txt r21-sf-608-accept 287327 201062
ENCODER_NATIVE 1 bundle.min.js.txt r21-sf-608-seambias 287323 200937
ENCODER_NATIVE 1 bundle.min.js.txt r21-sf-603-seambias 287337 202084
ENCODER_NATIVE 2 catalog.xml.txt public514 69271 45579
ENCODER_NATIVE 2 catalog.xml.txt public608 58082 37777
ENCODER_NATIVE 2 catalog.xml.txt base603 58065 38884
ENCODER_NATIVE 2 catalog.xml.txt r21-sf-608-accept 58082 37777
ENCODER_NATIVE 2 catalog.xml.txt r21-sf-608-seambias 58082 37777
ENCODER_NATIVE 2 catalog.xml.txt r21-sf-603-seambias 58065 38884
ENCODER_NATIVE 3 compressed.bin public514 300095 300000
ENCODER_NATIVE 3 compressed.bin public608 299566 298884
ENCODER_NATIVE 3 compressed.bin base603 299610 298918
ENCODER_NATIVE 3 compressed.bin r21-sf-608-accept 299566 298884
ENCODER_NATIVE 3 compressed.bin r21-sf-608-seambias 299566 298884
ENCODER_NATIVE 3 compressed.bin r21-sf-603-seambias 299610 298918
ENCODER_NATIVE 4 config.yaml.txt public514 90556 59218
ENCODER_NATIVE 4 config.yaml.txt public608 80998 50848
ENCODER_NATIVE 4 config.yaml.txt base603 80986 50995
ENCODER_NATIVE 4 config.yaml.txt r21-sf-608-accept 80998 50848
ENCODER_NATIVE 4 config.yaml.txt r21-sf-608-seambias 80993 50558
ENCODER_NATIVE 4 config.yaml.txt r21-sf-603-seambias 80984 51035
ENCODER_NATIVE 5 docs.md.txt public514 243632 157463
ENCODER_NATIVE 5 docs.md.txt public608 215502 127053
ENCODER_NATIVE 5 docs.md.txt base603 215495 129268
ENCODER_NATIVE 5 docs.md.txt r21-sf-608-accept 215502 127053
ENCODER_NATIVE 5 docs.md.txt r21-sf-608-seambias 215502 127053
ENCODER_NATIVE 5 docs.md.txt r21-sf-603-seambias 215488 129312
ENCODER_NATIVE 6 dump.sql.txt public514 19941 15151
ENCODER_NATIVE 6 dump.sql.txt public608 16379 17669
ENCODER_NATIVE 6 dump.sql.txt base603 16377 17697
ENCODER_NATIVE 6 dump.sql.txt r21-sf-608-accept 16379 17669
ENCODER_NATIVE 6 dump.sql.txt r21-sf-608-seambias 16379 17670
ENCODER_NATIVE 6 dump.sql.txt r21-sf-603-seambias 16377 17697
ENCODER_NATIVE 7 genome.fasta public514 283718 176189
ENCODER_NATIVE 7 genome.fasta public608 256489 589207
ENCODER_NATIVE 7 genome.fasta base603 256489 589207
ENCODER_NATIVE 7 genome.fasta r21-sf-608-accept 256489 589207
ENCODER_NATIVE 7 genome.fasta r21-sf-608-seambias 256489 589207
ENCODER_NATIVE 7 genome.fasta r21-sf-603-seambias 256489 589207
ENCODER_NATIVE 8 images.bin public514 229171 226885
ENCODER_NATIVE 8 images.bin public608 223457 214892
ENCODER_NATIVE 8 images.bin base603 223467 214959
ENCODER_NATIVE 8 images.bin r21-sf-608-accept 223457 214892
ENCODER_NATIVE 8 images.bin r21-sf-608-seambias 223455 214874
ENCODER_NATIVE 8 images.bin r21-sf-603-seambias 223467 214959
ENCODER_NATIVE 9 lean.txt public514 264653 161293
ENCODER_NATIVE 9 lean.txt public608 222825 124957
ENCODER_NATIVE 9 lean.txt base603 222834 124341
ENCODER_NATIVE 9 lean.txt r21-sf-608-accept 222829 124557
ENCODER_NATIVE 9 lean.txt r21-sf-608-seambias 222820 124312
ENCODER_NATIVE 9 lean.txt r21-sf-603-seambias 222832 124270
ENCODER_NATIVE 10 machine-code.bin public514 171918 122482
ENCODER_NATIVE 10 machine-code.bin public608 158779 125874
ENCODER_NATIVE 10 machine-code.bin base603 158932 120943
ENCODER_NATIVE 10 machine-code.bin r21-sf-608-accept 158779 125874
ENCODER_NATIVE 10 machine-code.bin r21-sf-608-seambias 158779 125874
ENCODER_NATIVE 10 machine-code.bin r21-sf-603-seambias 158932 120943
ENCODER_NATIVE 11 metrics.csv.txt public514 284703 220653
ENCODER_NATIVE 11 metrics.csv.txt public608 251332 232461
ENCODER_NATIVE 11 metrics.csv.txt base603 251318 232386
ENCODER_NATIVE 11 metrics.csv.txt r21-sf-608-accept 251343 232450
ENCODER_NATIVE 11 metrics.csv.txt r21-sf-608-seambias 251300 231659
ENCODER_NATIVE 11 metrics.csv.txt r21-sf-603-seambias 251268 231707
ENCODER_NATIVE 12 multibyte.txt public514 292855 196725
ENCODER_NATIVE 12 multibyte.txt public608 254267 153686
ENCODER_NATIVE 12 multibyte.txt base603 254042 149029
ENCODER_NATIVE 12 multibyte.txt r21-sf-608-accept 254284 153124
ENCODER_NATIVE 12 multibyte.txt r21-sf-608-seambias 254268 153278
ENCODER_NATIVE 12 multibyte.txt r21-sf-603-seambias 254042 149029
ENCODER_NATIVE 13 page.html.txt public514 111342 75088
ENCODER_NATIVE 13 page.html.txt public608 98905 63780
ENCODER_NATIVE 13 page.html.txt base603 98910 63805
ENCODER_NATIVE 13 page.html.txt r21-sf-608-accept 98905 63780
ENCODER_NATIVE 13 page.html.txt r21-sf-608-seambias 98903 63685
ENCODER_NATIVE 13 page.html.txt r21-sf-603-seambias 98908 63707
ENCODER_NATIVE 14 prose.txt public514 620035 365040
ENCODER_NATIVE 14 prose.txt public608 540942 305368
ENCODER_NATIVE 14 prose.txt base603 540998 311429
ENCODER_NATIVE 14 prose.txt r21-sf-608-accept 540942 305368
ENCODER_NATIVE 14 prose.txt r21-sf-608-seambias 540942 305368
ENCODER_NATIVE 14 prose.txt r21-sf-603-seambias 540934 311195
ENCODER_NATIVE 15 records.json.txt public514 75503 78317
ENCODER_NATIVE 15 records.json.txt public608 69148 74021
ENCODER_NATIVE 15 records.json.txt base603 69148 74002
ENCODER_NATIVE 15 records.json.txt r21-sf-608-accept 69148 74021
ENCODER_NATIVE 15 records.json.txt r21-sf-608-seambias 69148 74021
ENCODER_NATIVE 15 records.json.txt r21-sf-603-seambias 69148 74002
ENCODER_NATIVE 16 server.log public514 29230 23582
ENCODER_NATIVE 16 server.log public608 25851 23213
ENCODER_NATIVE 16 server.log base603 25830 23197
ENCODER_NATIVE 16 server.log r21-sf-608-accept 25851 23213
ENCODER_NATIVE 16 server.log r21-sf-608-seambias 25851 23213
ENCODER_NATIVE 16 server.log r21-sf-603-seambias 25829 23204
ENCODER_NATIVE 17 source.c.txt public514 380012 235866
ENCODER_NATIVE 17 source.c.txt public608 333059 191326
ENCODER_NATIVE 17 source.c.txt base603 333068 191328
ENCODER_NATIVE 17 source.c.txt r21-sf-608-accept 333059 191326
ENCODER_NATIVE 17 source.c.txt r21-sf-608-seambias 333060 191326
ENCODER_NATIVE 17 source.c.txt r21-sf-603-seambias 333070 191318
ENCODER_NATIVE 18 source.py.txt public514 141452 88808
ENCODER_NATIVE 18 source.py.txt public608 125120 73687
ENCODER_NATIVE 18 source.py.txt base603 125154 75325
ENCODER_NATIVE 18 source.py.txt r21-sf-608-accept 125120 73687
ENCODER_NATIVE 18 source.py.txt r21-sf-608-seambias 125110 73357
ENCODER_NATIVE 18 source.py.txt r21-sf-603-seambias 125153 75308
ENCODER_NATIVE 19 source.rs.txt public514 144447 88318
ENCODER_NATIVE 19 source.rs.txt public608 125939 73357
ENCODER_NATIVE 19 source.rs.txt base603 125971 74073
ENCODER_NATIVE 19 source.rs.txt r21-sf-608-accept 125939 73357
ENCODER_NATIVE 19 source.rs.txt r21-sf-608-seambias 125939 73184
ENCODER_NATIVE 19 source.rs.txt r21-sf-603-seambias 125970 74048
ENCODER_NATIVE 20 sourcemap.map.txt public514 75873 48664
ENCODER_NATIVE 20 sourcemap.map.txt public608 64440 40402
ENCODER_NATIVE 20 sourcemap.map.txt base603 64432 40223
ENCODER_NATIVE 20 sourcemap.map.txt r21-sf-608-accept 64440 40402
ENCODER_NATIVE 20 sourcemap.map.txt r21-sf-608-seambias 64440 40402
ENCODER_NATIVE 20 sourcemap.map.txt r21-sf-603-seambias 64432 40223
ENCODER_NATIVE 21 sparse.bin public514 1270 1458
ENCODER_NATIVE 21 sparse.bin public608 1193 1242
ENCODER_NATIVE 21 sparse.bin base603 1193 1236
ENCODER_NATIVE 21 sparse.bin r21-sf-608-accept 1193 1242
ENCODER_NATIVE 21 sparse.bin r21-sf-608-seambias 1193 1242
ENCODER_NATIVE 21 sparse.bin r21-sf-603-seambias 1193 1236
ENCODER_NATIVE 22 tiny-app.log public514 1270 998
ENCODER_NATIVE 22 tiny-app.log public608 845 613
ENCODER_NATIVE 22 tiny-app.log base603 845 613
ENCODER_NATIVE 22 tiny-app.log r21-sf-608-accept 845 613
ENCODER_NATIVE 22 tiny-app.log r21-sf-608-seambias 845 613
ENCODER_NATIVE 22 tiny-app.log r21-sf-603-seambias 845 613
ENCODER_NATIVE 23 tiny-config.json.txt public514 2487 3094
ENCODER_NATIVE 23 tiny-config.json.txt public608 2077 2109
ENCODER_NATIVE 23 tiny-config.json.txt base603 2077 2109
ENCODER_NATIVE 23 tiny-config.json.txt r21-sf-608-accept 2077 2109
ENCODER_NATIVE 23 tiny-config.json.txt r21-sf-608-seambias 2077 2109
ENCODER_NATIVE 23 tiny-config.json.txt r21-sf-603-seambias 2077 2109
ENCODER_NATIVE 24 weights-bf16.bin public514 365611 265242
ENCODER_NATIVE 24 weights-bf16.bin public608 353928 438635
ENCODER_NATIVE 24 weights-bf16.bin base603 353926 438670
ENCODER_NATIVE 24 weights-bf16.bin r21-sf-608-accept 353928 438635
ENCODER_NATIVE 24 weights-bf16.bin r21-sf-608-seambias 353928 438635
ENCODER_NATIVE 24 weights-bf16.bin r21-sf-603-seambias 353926 438670
ENCODER_NATIVE 25 weights-f16.bin public514 212660 250000
ENCODER_NATIVE 25 weights-f16.bin public608 212660 250000
ENCODER_NATIVE 25 weights-f16.bin base603 212660 250000
ENCODER_NATIVE 25 weights-f16.bin r21-sf-608-accept 212660 250000
ENCODER_NATIVE 25 weights-f16.bin r21-sf-608-seambias 212660 250000
ENCODER_NATIVE 25 weights-f16.bin r21-sf-603-seambias 212660 250000
ENCODER_NATIVE 26 weights-f32.bin public514 284138 285782
ENCODER_NATIVE 26 weights-f32.bin public608 278917 284444
ENCODER_NATIVE 26 weights-f32.bin base603 278801 284464
ENCODER_NATIVE 26 weights-f32.bin r21-sf-608-accept 278917 284444
ENCODER_NATIVE 26 weights-f32.bin r21-sf-608-seambias 278917 284444
ENCODER_NATIVE 26 weights-f32.bin r21-sf-603-seambias 278801 284464
ENCODER_NATIVE 27 weights-q8.bin public514 235572 250000
ENCODER_NATIVE 27 weights-q8.bin public608 235572 250000
ENCODER_NATIVE 27 weights-q8.bin base603 235572 250000
ENCODER_NATIVE 27 weights-q8.bin r21-sf-608-accept 235572 250000
ENCODER_NATIVE 27 weights-q8.bin r21-sf-608-seambias 235572 250000
ENCODER_NATIVE 27 weights-q8.bin r21-sf-603-seambias 235572 250000
