warning: value assigned to `k` is never read
    --> /home/runner/work/Miner/Miner/candidates/r9-block-scalar/parse.rs:4045:29
     |
4045 |                 let mut k = k0;
     |                             ^^ this value is reassigned later and never used
...
4054 |                     k = c_extend(s, c, p, k0, lim);
     |                     ------------------------------ `k` is overwritten here before the previous value is read
     |
     = note: `#[warn(unused_assignments)]` (part of `#[warn(unused)]`) on by default

warning: value assigned to `k` is never read
    --> /home/runner/work/Miner/Miner/candidates/r7-mid361-block1/parse.rs:4012:29
     |
4012 |                 let mut k = k0;
     |                             ^^ this value is reassigned later and never used
...
4021 |                     k = c_extend(s, c, p, k0, lim);
     |                     ------------------------------ `k` is overwritten here before the previous value is read

warning: value assigned to `k` is never read
    --> /home/runner/work/Miner/Miner/candidates/r9-block-unroll4/parse.rs:4083:29
     |
4083 |                 let mut k = k0;
     |                             ^^ this value is reassigned later and never used
...
4092 |                     k = c_extend(s, c, p, k0, lim);
     |                     ------------------------------ `k` is overwritten here before the previous value is read

warning: value assigned to `k` is never read
    --> /home/runner/work/Miner/Miner/candidates/r9-block-tail/parse.rs:4016:29
     |
4016 |                 let mut k = k0;
     |                             ^^ this value is reassigned later and never used
...
4025 |                     k = c_extend(s, c, p, k0, lim);
     |                     ------------------------------ `k` is overwritten here before the previous value is read

warning: 4 warnings emitted

