TOKEN_CHANGE r15-hash32-depth2-gain r15-hash32-chain-depth2 binary.db.bin
TOKEN_CHANGE r15-hash32-depth2-gain r15-hash32-chain-depth2 bundle.min.js.txt
TOKEN_CHANGE r15-hash32-depth2-gain r15-hash32-chain-depth2 catalog.xml.txt
TOKEN_CHANGE r15-hash32-chain-depth3 r15-hash32-chain-depth2 catalog.xml.txt
TOKEN_CHANGE r15-hash32-depth2-gain r15-hash32-chain-depth2 config.yaml.txt
TOKEN_CHANGE r15-hash32-chain-depth3 r15-hash32-chain-depth2 config.yaml.txt
TOKEN_CHANGE r15-hash32-depth2-gain r15-hash32-chain-depth2 docs.md.txt
TOKEN_CHANGE r15-hash32-chain-depth3 r15-hash32-chain-depth2 docs.md.txt
TOKEN_CHANGE r15-hash32-depth2-gain r15-hash32-chain-depth2 machine-code.bin
TOKEN_CHANGE r15-hash32-depth2-gain r15-hash32-chain-depth2 multibyte.txt
TOKEN_CHANGE r15-hash32-chain-depth3 r15-hash32-chain-depth2 multibyte.txt
TOKEN_CHANGE r15-hash32-depth2-gain r15-hash32-chain-depth2 page.html.txt
TOKEN_CHANGE r15-hash32-chain-depth3 r15-hash32-chain-depth2 page.html.txt
TOKEN_CHANGE r15-hash32-depth2-gain r15-hash32-chain-depth2 prose.txt
TOKEN_CHANGE r15-hash32-chain-depth3 r15-hash32-chain-depth2 prose.txt
TOKEN_CHANGE r15-hash32-depth2-gain r15-hash32-chain-depth2 records.json.txt
TOKEN_CHANGE r15-hash32-chain-depth3 r15-hash32-chain-depth2 records.json.txt
TOKEN_CHANGE r15-hash32-depth2-gain r15-hash32-chain-depth2 source.c.txt
TOKEN_CHANGE r15-hash32-chain-depth3 r15-hash32-chain-depth2 source.c.txt
TOKEN_CHANGE r15-hash32-depth2-gain r15-hash32-chain-depth2 source.py.txt
TOKEN_CHANGE r15-hash32-chain-depth3 r15-hash32-chain-depth2 source.py.txt
TOKEN_CHANGE r15-hash32-depth2-gain r15-hash32-chain-depth2 source.rs.txt
TOKEN_CHANGE r15-hash32-chain-depth3 r15-hash32-chain-depth2 source.rs.txt
TOKEN_CHANGE r15-hash32-depth2-gain r15-hash32-chain-depth2 sourcemap.map.txt
TOKEN_CHANGE r15-hash32-chain-depth3 r15-hash32-chain-depth2 sourcemap.map.txt
EQUIVALENCE_RESULT r15-hash32-depth2-gain r15-hash32-chain-depth2 540 0
EQUIVALENCE_RESULT r15-hash32-chain-depth3 r15-hash32-chain-depth2 540 0
