[32m2026-10-08 20:30:43.516[0m | [34m[1mDEBUG   [0m | [36m__main__[0m:[36mmain[0m:[36m649[0m - [34m[1m[gate] benchmark sandbox: bwrap, 300s, 2048 MB, cpus=any[0m
[32m2026-10-08 20:30:43.519[0m | [34m[1mDEBUG   [0m | [36m__main__[0m:[36mstage_intake[0m:[36m261[0m - [34m[1m[gate] parse.rs 093d2fc36678d959 -> slot/generated/parse.rs[0m
[32m2026-10-08 20:30:43.520[0m | [34m[1mDEBUG   [0m | [36m__main__[0m:[36mstage_intake[0m:[36m261[0m - [34m[1m[gate] Parse.lean ff47a7025633a831 -> lean/Proof/Parse.lean[0m
[32m2026-10-08 20:30:43.665[0m | [34m[1mDEBUG   [0m | [36msandbox.bwrap[0m:[36mrun[0m:[36m110[0m - [34m[1m[bwrap] rustup exit=0 in 0.0s[0m
[32m2026-10-08 20:30:44.803[0m | [34m[1mDEBUG   [0m | [36msandbox.bwrap[0m:[36mrun[0m:[36m110[0m - [34m[1m[bwrap] extract.sh exit=0 in 1.1s[0m
[32m2026-10-08 20:31:08.281[0m | [34m[1mDEBUG   [0m | [36msandbox.bwrap[0m:[36mrun[0m:[36m110[0m - [34m[1m[bwrap] extract.sh exit=0 in 22.3s[0m
[32m2026-10-08 20:31:08.282[0m | [34m[1mDEBUG   [0m | [36m__main__[0m:[36mstage_extract[0m:[36m356[0m - [34m[1m[gate] extracted Types.lean b39ff7d08bc8ca3d, Funs.lean 180595291c682d23, Constants.lean 96e89485670e72c1[0m
[32m2026-10-08 20:31:10.498[0m | [34m[1mDEBUG   [0m | [36msandbox.bwrap[0m:[36mrun[0m:[36m110[0m - [34m[1m[bwrap] lake exit=0 in 2.2s[0m
[32m2026-10-08 20:32:02.642[0m | [34m[1mDEBUG   [0m | [36msandbox.bwrap[0m:[36mrun[0m:[36m110[0m - [34m[1m[bwrap] lake exit=0 in 52.1s[0m
[32m2026-10-08 20:39:30.604[0m | [34m[1mDEBUG   [0m | [36msandbox.bwrap[0m:[36mrun[0m:[36m110[0m - [34m[1m[bwrap] lake exit=0 in 448.0s[0m
[32m2026-10-08 20:39:33.250[0m | [34m[1mDEBUG   [0m | [36msandbox.bwrap[0m:[36mrun[0m:[36m110[0m - [34m[1m[bwrap] lake exit=0 in 2.6s[0m
[32m2026-10-08 20:39:35.839[0m | [34m[1mDEBUG   [0m | [36msandbox.bwrap[0m:[36mrun[0m:[36m110[0m - [34m[1m[bwrap] lake exit=0 in 2.6s[0m
[32m2026-10-08 20:39:35.839[0m | [34m[1mDEBUG   [0m | [36m__main__[0m:[36mstage_axioms[0m:[36m423[0m - [34m[1m[gate] axiom query stdout: "'accepted' depends on axioms: [propext, Classical.choice, Quot.sound]"[0m
[32m2026-10-08 20:39:35.841[0m | [1mINFO    [0m | [36m__main__[0m:[36mmain[0m:[36m703[0m - [1m[gate] verification accepted in 532.4s (bwrap, 900s, 16384 MB)[0m
[32m2026-10-08 20:39:35.897[0m | [34m[1mDEBUG   [0m | [36msandbox.bwrap[0m:[36mrun[0m:[36m110[0m - [34m[1m[bwrap] rustc exit=0 in 0.0s[0m
[32m2026-10-08 20:39:37.802[0m | [34m[1mDEBUG   [0m | [36msandbox.bwrap[0m:[36mrun[0m:[36m110[0m - [34m[1m[bwrap] cargo exit=0 in 1.9s[0m
[32m2026-10-08 20:39:37.802[0m | [34m[1mDEBUG   [0m | [36mbench.driver[0m:[36m_build[0m:[36m295[0m - [34m[1m[bench] built incumbent in 1.9s exit=0[0m
[32m2026-10-08 20:39:41.178[0m | [34m[1mDEBUG   [0m | [36msandbox.bwrap[0m:[36mrun[0m:[36m110[0m - [34m[1m[bwrap] cargo exit=0 in 3.4s[0m
[32m2026-10-08 20:39:41.178[0m | [34m[1mDEBUG   [0m | [36mbench.driver[0m:[36m_build[0m:[36m295[0m - [34m[1m[bench] built submission in 3.4s exit=0[0m
[32m2026-10-08 20:39:52.699[0m | [34m[1mDEBUG   [0m | [36msandbox.bwrap[0m:[36mrun[0m:[36m110[0m - [34m[1m[bwrap] measure exit=0 in 11.5s[0m
[32m2026-10-08 20:39:52.699[0m | [34m[1mDEBUG   [0m | [36mbench.driver[0m:[36m_measure[0m:[36m333[0m - [34m[1m[bench] measured submission in 11.5s exit=0[0m
verifying /home/runner/work/_temp/round4-receipts/input-r12-fast-pc507-abs15
workspace: /home/runner/work/_temp/deflate-upstream/data/verification-workspace/verify-ktxv5ldp

0 intake      ok — input-r12-fast-pc507-abs15: parse.rs, Parse.lean
1 policy      ok — source prefilters passed
2 static      ok — resolved operations: core::num::{impl}::leading_zeros, core::num::{impl}::saturating_add, core::num::{impl}::saturating_sub, core::num::{impl}::wrapping_add, core::num::{impl}::wrapping_mul, core::num::{impl}::wrapping_sub, core::slice::{impl}::len
3 extract     ok — charon+aeneas re-run by the verifier, no new axioms
4 statement   ok — `LZ77.Obligation slot.parse` typechecks (bwrap, 900s, 16384 MB)
5 axioms      ok — ['Classical.choice', 'Quot.sound', 'propext']; extraction intact
6 score       running…

Corpus: corpus-stage1
file                       raw  incumbent  submission
-----------------------------------------------------
binary.db.bin           500000      76338       82885
bundle.min.js.txt      1000000     301618      320804
catalog.xml.txt         500000      62314       69196
compressed.bin          300000     300194      300095
config.yaml.txt         400000      85384       90539
docs.md.txt             800000     226973      243356
dump.sql.txt            150000      20817       19948
genome.fasta            900000     292479      283718
images.bin              250000     223767      229936
lean.txt               1000000     235059      257487
machine-code.bin        500000     167357      171876
metrics.csv.txt        1300000     287282      310291
multibyte.txt          1100000     273630      292468
page.html.txt           600000     103618      111258
prose.txt              1500000     579041      604061
records.json.txt        400000      72255       74156
server.log              300000      29404       29230
source.c.txt           1400000     354325      379931
source.py.txt           600000     132748      141417
source.rs.txt           700000     134069      144447
sourcemap.map.txt       350000      68389       75804
sparse.bin               40000       1234        1252
tiny-app.log             28000        965        1214
tiny-config.json.txt     12000       2107        2708
weights-bf16.bin        450000     362200      365611
weights-f16.bin         250000     216274      212660
weights-f32.bin         350000     284747      287146
weights-q8.bin          250000     236246      235572
-----------------------------------------------------
TOTAL                 15930000    5130834     5339066

method        bytes     ratio    lz77  encode   total  slowdown
-------------------------------------------------------------------------------------------------------------------
incumbent   5130834  1.00000x  0.503s  0.181s  0.684s     1.00x  the incumbent
submission  5339066  1.04058x  0.045s  0.188s  0.233s     0.34x  no improvement — 4.058% larger than the incumbent.

no improvement — 4.058% larger than the incumbent.
