TOKEN_CHANGE r14-561-hash32 public561 binary.db.bin
TOKEN_CHANGE r14-561-hash32 public561 bundle.min.js.txt
TOKEN_CHANGE r14-561-hash32 public561 catalog.xml.txt
TOKEN_CHANGE r14-561-hash32 public561 config.yaml.txt
TOKEN_CHANGE r14-561-hash32 public561 docs.md.txt
TOKEN_CHANGE r14-561-hash32 public561 dump.sql.txt
TOKEN_CHANGE r14-561-hash32 public561 images.bin
TOKEN_CHANGE r14-561-hash32 public561 lean.txt
TOKEN_CHANGE r14-561-hash32 public561 machine-code.bin
TOKEN_CHANGE r14-561-hash32 public561 metrics.csv.txt
TOKEN_CHANGE r14-561-hash32 public561 multibyte.txt
TOKEN_CHANGE r14-561-hash32 public561 page.html.txt
TOKEN_CHANGE r14-561-hash32 public561 prose.txt
TOKEN_CHANGE r14-561-hash32 public561 records.json.txt
TOKEN_CHANGE r14-561-hash32 public561 server.log
TOKEN_CHANGE r14-561-hash32 public561 source.c.txt
TOKEN_CHANGE r14-561-hash32 public561 source.py.txt
TOKEN_CHANGE r14-561-hash32 public561 source.rs.txt
TOKEN_CHANGE r14-561-hash32 public561 sourcemap.map.txt
EQUIVALENCE_RESULT r14-561-hash32 public561 540 0
