ENCODER_NATIVE 0 binary.db.bin public514 82894 50441
ENCODER_NATIVE 0 binary.db.bin public539 83172 50310
ENCODER_NATIVE 0 binary.db.bin prev16 83172 50310
ENCODER_NATIVE 0 binary.db.bin r21-539-secondary-word8 83172 50310
ENCODER_NATIVE 0 binary.db.bin r21-539-secondary-word16 83172 50310
ENCODER_NATIVE 1 bundle.min.js.txt public514 325697 190824
ENCODER_NATIVE 1 bundle.min.js.txt public539 321313 234325
ENCODER_NATIVE 1 bundle.min.js.txt prev16 321310 234323
ENCODER_NATIVE 1 bundle.min.js.txt r21-539-secondary-word8 321310 234323
ENCODER_NATIVE 1 bundle.min.js.txt r21-539-secondary-word16 321310 234323
ENCODER_NATIVE 2 catalog.xml.txt public514 69271 45579
ENCODER_NATIVE 2 catalog.xml.txt public539 69210 45349
ENCODER_NATIVE 2 catalog.xml.txt prev16 69210 45349
ENCODER_NATIVE 2 catalog.xml.txt r21-539-secondary-word8 69210 45349
ENCODER_NATIVE 2 catalog.xml.txt r21-539-secondary-word16 69210 45349
ENCODER_NATIVE 3 compressed.bin public514 300095 300000
ENCODER_NATIVE 3 compressed.bin public539 300095 300000
ENCODER_NATIVE 3 compressed.bin prev16 300095 300000
ENCODER_NATIVE 3 compressed.bin r21-539-secondary-word8 300095 300000
ENCODER_NATIVE 3 compressed.bin r21-539-secondary-word16 300095 300000
ENCODER_NATIVE 4 config.yaml.txt public514 90556 59218
ENCODER_NATIVE 4 config.yaml.txt public539 90556 59218
ENCODER_NATIVE 4 config.yaml.txt prev16 90556 59218
ENCODER_NATIVE 4 config.yaml.txt r21-539-secondary-word8 90556 59218
ENCODER_NATIVE 4 config.yaml.txt r21-539-secondary-word16 90556 59218
ENCODER_NATIVE 5 docs.md.txt public514 243632 157463
ENCODER_NATIVE 5 docs.md.txt public539 243356 156979
ENCODER_NATIVE 5 docs.md.txt prev16 243356 156979
ENCODER_NATIVE 5 docs.md.txt r21-539-secondary-word8 243356 156979
ENCODER_NATIVE 5 docs.md.txt r21-539-secondary-word16 243356 156979
ENCODER_NATIVE 6 dump.sql.txt public514 19941 15151
ENCODER_NATIVE 6 dump.sql.txt public539 19948 15161
ENCODER_NATIVE 6 dump.sql.txt prev16 19948 15161
ENCODER_NATIVE 6 dump.sql.txt r21-539-secondary-word8 19948 15161
ENCODER_NATIVE 6 dump.sql.txt r21-539-secondary-word16 19948 15161
ENCODER_NATIVE 7 genome.fasta public514 283718 176189
ENCODER_NATIVE 7 genome.fasta public539 283718 176189
ENCODER_NATIVE 7 genome.fasta prev16 283718 176189
ENCODER_NATIVE 7 genome.fasta r21-539-secondary-word8 283718 176189
ENCODER_NATIVE 7 genome.fasta r21-539-secondary-word16 283718 176189
ENCODER_NATIVE 8 images.bin public514 229171 226885
ENCODER_NATIVE 8 images.bin public539 229936 227971
ENCODER_NATIVE 8 images.bin prev16 229936 227971
ENCODER_NATIVE 8 images.bin r21-539-secondary-word8 229936 227971
ENCODER_NATIVE 8 images.bin r21-539-secondary-word16 229936 227971
ENCODER_NATIVE 9 lean.txt public514 264653 161293
ENCODER_NATIVE 9 lean.txt public539 257487 155571
ENCODER_NATIVE 9 lean.txt prev16 257487 155571
ENCODER_NATIVE 9 lean.txt r21-539-secondary-word8 257487 155571
ENCODER_NATIVE 9 lean.txt r21-539-secondary-word16 257487 155571
ENCODER_NATIVE 10 machine-code.bin public514 171918 122482
ENCODER_NATIVE 10 machine-code.bin public539 172126 123006
ENCODER_NATIVE 10 machine-code.bin prev16 172126 123006
ENCODER_NATIVE 10 machine-code.bin r21-539-secondary-word8 172126 123006
ENCODER_NATIVE 10 machine-code.bin r21-539-secondary-word16 172126 123006
ENCODER_NATIVE 11 metrics.csv.txt public514 284703 220653
ENCODER_NATIVE 11 metrics.csv.txt public539 310291 164946
ENCODER_NATIVE 11 metrics.csv.txt prev16 284703 220653
ENCODER_NATIVE 11 metrics.csv.txt r21-539-secondary-word8 284703 220653
ENCODER_NATIVE 11 metrics.csv.txt r21-539-secondary-word16 284703 220653
ENCODER_NATIVE 12 multibyte.txt public514 292855 196725
ENCODER_NATIVE 12 multibyte.txt public539 292468 196100
ENCODER_NATIVE 12 multibyte.txt prev16 292468 196100
ENCODER_NATIVE 12 multibyte.txt r21-539-secondary-word8 292468 196100
ENCODER_NATIVE 12 multibyte.txt r21-539-secondary-word16 292468 196100
ENCODER_NATIVE 13 page.html.txt public514 111342 75088
ENCODER_NATIVE 13 page.html.txt public539 111258 74827
ENCODER_NATIVE 13 page.html.txt prev16 111258 74827
ENCODER_NATIVE 13 page.html.txt r21-539-secondary-word8 111258 74827
ENCODER_NATIVE 13 page.html.txt r21-539-secondary-word16 111258 74827
ENCODER_NATIVE 14 prose.txt public514 620035 365040
ENCODER_NATIVE 14 prose.txt public539 604061 347914
ENCODER_NATIVE 14 prose.txt prev16 604061 347914
ENCODER_NATIVE 14 prose.txt r21-539-secondary-word8 604061 347914
ENCODER_NATIVE 14 prose.txt r21-539-secondary-word16 604061 347914
ENCODER_NATIVE 15 records.json.txt public514 75503 78317
ENCODER_NATIVE 15 records.json.txt public539 75503 78317
ENCODER_NATIVE 15 records.json.txt prev16 75503 78317
ENCODER_NATIVE 15 records.json.txt r21-539-secondary-word8 75503 78317
ENCODER_NATIVE 15 records.json.txt r21-539-secondary-word16 75503 78317
ENCODER_NATIVE 16 server.log public514 29230 23582
ENCODER_NATIVE 16 server.log public539 29343 24029
ENCODER_NATIVE 16 server.log prev16 29343 24029
ENCODER_NATIVE 16 server.log r21-539-secondary-word8 29343 24029
ENCODER_NATIVE 16 server.log r21-539-secondary-word16 29343 24029
ENCODER_NATIVE 17 source.c.txt public514 380012 235866
ENCODER_NATIVE 17 source.c.txt public539 379921 235645
ENCODER_NATIVE 17 source.c.txt prev16 379921 235645
ENCODER_NATIVE 17 source.c.txt r21-539-secondary-word8 379921 235645
ENCODER_NATIVE 17 source.c.txt r21-539-secondary-word16 379921 235645
ENCODER_NATIVE 18 source.py.txt public514 141452 88808
ENCODER_NATIVE 18 source.py.txt public539 141417 88665
ENCODER_NATIVE 18 source.py.txt prev16 141417 88665
ENCODER_NATIVE 18 source.py.txt r21-539-secondary-word8 141417 88665
ENCODER_NATIVE 18 source.py.txt r21-539-secondary-word16 141417 88665
ENCODER_NATIVE 19 source.rs.txt public514 144447 88318
ENCODER_NATIVE 19 source.rs.txt public539 144386 88175
ENCODER_NATIVE 19 source.rs.txt prev16 144386 88175
ENCODER_NATIVE 19 source.rs.txt r21-539-secondary-word8 144386 88175
ENCODER_NATIVE 19 source.rs.txt r21-539-secondary-word16 144386 88175
ENCODER_NATIVE 20 sourcemap.map.txt public514 75873 48664
ENCODER_NATIVE 20 sourcemap.map.txt public539 75873 48664
ENCODER_NATIVE 20 sourcemap.map.txt prev16 75873 48664
ENCODER_NATIVE 20 sourcemap.map.txt r21-539-secondary-word8 75873 48664
ENCODER_NATIVE 20 sourcemap.map.txt r21-539-secondary-word16 75873 48664
ENCODER_NATIVE 21 sparse.bin public514 1270 1458
ENCODER_NATIVE 21 sparse.bin public539 1270 1458
ENCODER_NATIVE 21 sparse.bin prev16 1270 1458
ENCODER_NATIVE 21 sparse.bin r21-539-secondary-word8 1270 1458
ENCODER_NATIVE 21 sparse.bin r21-539-secondary-word16 1270 1458
ENCODER_NATIVE 22 tiny-app.log public514 1270 998
ENCODER_NATIVE 22 tiny-app.log public539 1214 976
ENCODER_NATIVE 22 tiny-app.log prev16 1214 976
ENCODER_NATIVE 22 tiny-app.log r21-539-secondary-word8 1214 976
ENCODER_NATIVE 22 tiny-app.log r21-539-secondary-word16 1214 976
ENCODER_NATIVE 23 tiny-config.json.txt public514 2487 3094
ENCODER_NATIVE 23 tiny-config.json.txt public539 2487 3094
ENCODER_NATIVE 23 tiny-config.json.txt prev16 2487 3094
ENCODER_NATIVE 23 tiny-config.json.txt r21-539-secondary-word8 2487 3094
ENCODER_NATIVE 23 tiny-config.json.txt r21-539-secondary-word16 2487 3094
ENCODER_NATIVE 24 weights-bf16.bin public514 365611 265242
ENCODER_NATIVE 24 weights-bf16.bin public539 365611 265242
ENCODER_NATIVE 24 weights-bf16.bin prev16 365611 265242
ENCODER_NATIVE 24 weights-bf16.bin r21-539-secondary-word8 365611 265242
ENCODER_NATIVE 24 weights-bf16.bin r21-539-secondary-word16 365611 265242
ENCODER_NATIVE 25 weights-f16.bin public514 212660 250000
ENCODER_NATIVE 25 weights-f16.bin public539 212660 250000
ENCODER_NATIVE 25 weights-f16.bin prev16 212660 250000
ENCODER_NATIVE 25 weights-f16.bin r21-539-secondary-word8 212660 250000
ENCODER_NATIVE 25 weights-f16.bin r21-539-secondary-word16 212660 250000
ENCODER_NATIVE 26 weights-f32.bin public514 284138 285782
ENCODER_NATIVE 26 weights-f32.bin public539 284138 285782
ENCODER_NATIVE 26 weights-f32.bin prev16 284138 285782
ENCODER_NATIVE 26 weights-f32.bin r21-539-secondary-word8 284138 285782
ENCODER_NATIVE 26 weights-f32.bin r21-539-secondary-word16 284138 285782
ENCODER_NATIVE 27 weights-q8.bin public514 235572 250000
ENCODER_NATIVE 27 weights-q8.bin public539 235572 250000
ENCODER_NATIVE 27 weights-q8.bin prev16 235572 250000
ENCODER_NATIVE 27 weights-q8.bin r21-539-secondary-word8 235572 250000
ENCODER_NATIVE 27 weights-q8.bin r21-539-secondary-word16 235572 250000
