TOKEN_CHANGE r16-514-lazy8-binary r16-514-lazy8 binary.db.bin
TOKEN_CHANGE r16-514-lazy8-binary r16-514-lazy8 bundle.min.js.txt
TOKEN_CHANGE r16-514-lazy16 r16-514-lazy8 catalog.xml.txt
TOKEN_CHANGE r16-514-lazy8-depth2 r16-514-lazy8 catalog.xml.txt
TOKEN_CHANGE r16-514-lazy16 r16-514-lazy8 config.yaml.txt
TOKEN_CHANGE r16-514-lazy8-depth2 r16-514-lazy8 config.yaml.txt
TOKEN_CHANGE r16-514-lazy16 r16-514-lazy8 docs.md.txt
TOKEN_CHANGE r16-514-lazy8-depth2 r16-514-lazy8 docs.md.txt
TOKEN_CHANGE r16-514-lazy8-binary r16-514-lazy8 machine-code.bin
TOKEN_CHANGE r16-514-lazy16 r16-514-lazy8 multibyte.txt
TOKEN_CHANGE r16-514-lazy8-depth2 r16-514-lazy8 multibyte.txt
TOKEN_CHANGE r16-514-lazy16 r16-514-lazy8 page.html.txt
TOKEN_CHANGE r16-514-lazy8-depth2 r16-514-lazy8 page.html.txt
TOKEN_CHANGE r16-514-lazy16 r16-514-lazy8 prose.txt
TOKEN_CHANGE r16-514-lazy8-depth2 r16-514-lazy8 prose.txt
TOKEN_CHANGE r16-514-lazy16 r16-514-lazy8 records.json.txt
TOKEN_CHANGE r16-514-lazy8-depth2 r16-514-lazy8 records.json.txt
TOKEN_CHANGE r16-514-lazy16 r16-514-lazy8 source.c.txt
TOKEN_CHANGE r16-514-lazy8-depth2 r16-514-lazy8 source.c.txt
TOKEN_CHANGE r16-514-lazy16 r16-514-lazy8 source.py.txt
TOKEN_CHANGE r16-514-lazy8-depth2 r16-514-lazy8 source.py.txt
TOKEN_CHANGE r16-514-lazy16 r16-514-lazy8 source.rs.txt
TOKEN_CHANGE r16-514-lazy8-depth2 r16-514-lazy8 source.rs.txt
TOKEN_CHANGE r16-514-lazy16 r16-514-lazy8 sourcemap.map.txt
TOKEN_CHANGE r16-514-lazy8-depth2 r16-514-lazy8 sourcemap.map.txt
EQUIVALENCE_RESULT r16-514-lazy16 r16-514-lazy8 540 0
EQUIVALENCE_RESULT r16-514-lazy8-depth2 r16-514-lazy8 540 0
EQUIVALENCE_RESULT r16-514-lazy8-binary r16-514-lazy8 540 0
