TOKEN_CHANGE r18-rf-sf-stage public586 binary.db.bin
TOKEN_CHANGE r18-rf-sf-content public586 binary.db.bin
TOKEN_CHANGE r18-rf-sf-stage public586 bundle.min.js.txt
TOKEN_CHANGE r18-rf-sf-content public586 bundle.min.js.txt
TOKEN_CHANGE r18-rf-sf-stage public586 catalog.xml.txt
TOKEN_CHANGE r18-rf-sf-content public586 catalog.xml.txt
TOKEN_CHANGE r18-rf-sf-stage public586 config.yaml.txt
TOKEN_CHANGE r18-rf-sf-content public586 config.yaml.txt
TOKEN_CHANGE r18-586-selective-rf public586 docs.md.txt
TOKEN_CHANGE r18-rf-sf-stage public586 docs.md.txt
TOKEN_CHANGE r18-rf-sf-content public586 docs.md.txt
TOKEN_CHANGE r18-rf-sf-stage public586 dump.sql.txt
TOKEN_CHANGE r18-rf-sf-content public586 dump.sql.txt
TOKEN_CHANGE r18-586-selective-rf public586 genome.fasta
TOKEN_CHANGE r18-rf-sf-stage public586 genome.fasta
TOKEN_CHANGE r18-rf-sf-content public586 genome.fasta
TOKEN_CHANGE r18-rf-sf-stage public586 images.bin
TOKEN_CHANGE r18-586-selective-rf public586 lean.txt
TOKEN_CHANGE r18-rf-sf-stage public586 lean.txt
TOKEN_CHANGE r18-rf-sf-content public586 lean.txt
TOKEN_CHANGE r18-rf-sf-stage public586 metrics.csv.txt
TOKEN_CHANGE r18-rf-sf-content public586 metrics.csv.txt
TOKEN_CHANGE r18-586-selective-rf public586 page.html.txt
TOKEN_CHANGE r18-rf-sf-stage public586 page.html.txt
TOKEN_CHANGE r18-rf-sf-content public586 page.html.txt
TOKEN_CHANGE r18-586-selective-rf public586 prose.txt
TOKEN_CHANGE r18-rf-sf-stage public586 prose.txt
TOKEN_CHANGE r18-rf-sf-content public586 prose.txt
TOKEN_CHANGE r18-rf-sf-stage public586 server.log
TOKEN_CHANGE r18-rf-sf-content public586 server.log
TOKEN_CHANGE r18-586-selective-rf public586 source.c.txt
TOKEN_CHANGE r18-rf-sf-stage public586 source.c.txt
TOKEN_CHANGE r18-rf-sf-content public586 source.c.txt
TOKEN_CHANGE r18-rf-sf-stage public586 source.py.txt
TOKEN_CHANGE r18-rf-sf-content public586 source.py.txt
TOKEN_CHANGE r18-rf-sf-stage public586 source.rs.txt
TOKEN_CHANGE r18-rf-sf-content public586 source.rs.txt
TOKEN_CHANGE r18-rf-sf-stage public586 sourcemap.map.txt
TOKEN_CHANGE r18-rf-sf-content public586 sourcemap.map.txt
TOKEN_CHANGE r18-586-selective-rf public586 tiny-app.log
TOKEN_CHANGE r18-rf-sf-stage public586 tiny-app.log
TOKEN_CHANGE r18-rf-sf-content public586 tiny-app.log
TOKEN_CHANGE r18-rf-sf-stage public586 weights-bf16.bin
TOKEN_CHANGE r18-586-selective-rf public586 synthetic-32767-2-987654321
TOKEN_CHANGE r18-rf-sf-stage public586 synthetic-32767-2-987654321
TOKEN_CHANGE r18-rf-sf-content public586 synthetic-32767-2-987654321
TOKEN_CHANGE r18-586-selective-rf public586 synthetic-32767-5-1
TOKEN_CHANGE r18-rf-sf-stage public586 synthetic-32767-5-1
TOKEN_CHANGE r18-rf-sf-content public586 synthetic-32767-5-1
TOKEN_CHANGE r18-586-selective-rf public586 synthetic-32767-5-987654321
TOKEN_CHANGE r18-rf-sf-stage public586 synthetic-32767-5-987654321
TOKEN_CHANGE r18-rf-sf-content public586 synthetic-32767-5-987654321
TOKEN_CHANGE r18-586-selective-rf public586 synthetic-32768-5-1
TOKEN_CHANGE r18-rf-sf-stage public586 synthetic-32768-5-1
TOKEN_CHANGE r18-rf-sf-content public586 synthetic-32768-5-1
TOKEN_CHANGE r18-586-selective-rf public586 synthetic-32768-5-987654321
TOKEN_CHANGE r18-rf-sf-stage public586 synthetic-32768-5-987654321
TOKEN_CHANGE r18-rf-sf-content public586 synthetic-32768-5-987654321
TOKEN_CHANGE r18-586-selective-rf public586 synthetic-32769-5-1
TOKEN_CHANGE r18-rf-sf-stage public586 synthetic-32769-5-1
TOKEN_CHANGE r18-rf-sf-content public586 synthetic-32769-5-1
TOKEN_CHANGE r18-586-selective-rf public586 synthetic-32769-5-987654321
TOKEN_CHANGE r18-rf-sf-stage public586 synthetic-32769-5-987654321
TOKEN_CHANGE r18-rf-sf-content public586 synthetic-32769-5-987654321
TOKEN_CHANGE r18-586-selective-rf public586 synthetic-65535-5-1
TOKEN_CHANGE r18-rf-sf-stage public586 synthetic-65535-5-1
TOKEN_CHANGE r18-rf-sf-content public586 synthetic-65535-5-1
TOKEN_CHANGE r18-586-selective-rf public586 synthetic-65535-5-987654321
TOKEN_CHANGE r18-rf-sf-stage public586 synthetic-65535-5-987654321
TOKEN_CHANGE r18-rf-sf-content public586 synthetic-65535-5-987654321
TOKEN_CHANGE r18-586-selective-rf public586 synthetic-65536-5-1
TOKEN_CHANGE r18-rf-sf-stage public586 synthetic-65536-5-1
TOKEN_CHANGE r18-rf-sf-content public586 synthetic-65536-5-1
TOKEN_CHANGE r18-586-selective-rf public586 synthetic-65536-5-987654321
TOKEN_CHANGE r18-rf-sf-stage public586 synthetic-65536-5-987654321
TOKEN_CHANGE r18-rf-sf-content public586 synthetic-65536-5-987654321
TOKEN_CHANGE r18-586-selective-rf public586 synthetic-65537-5-1
TOKEN_CHANGE r18-rf-sf-stage public586 synthetic-65537-5-1
TOKEN_CHANGE r18-rf-sf-content public586 synthetic-65537-5-1
TOKEN_CHANGE r18-586-selective-rf public586 synthetic-65537-5-987654321
TOKEN_CHANGE r18-rf-sf-stage public586 synthetic-65537-5-987654321
TOKEN_CHANGE r18-rf-sf-content public586 synthetic-65537-5-987654321
TOKEN_CHANGE r18-rf-sf-stage public586 synthetic-98305-1-1
TOKEN_CHANGE r18-rf-sf-content public586 synthetic-98305-1-1
TOKEN_CHANGE r18-rf-sf-stage public586 synthetic-98305-1-987654321
TOKEN_CHANGE r18-rf-sf-content public586 synthetic-98305-1-987654321
TOKEN_CHANGE r18-rf-sf-stage public586 synthetic-98305-2-1
TOKEN_CHANGE r18-rf-sf-content public586 synthetic-98305-2-1
TOKEN_CHANGE r18-rf-sf-stage public586 synthetic-98305-2-987654321
TOKEN_CHANGE r18-rf-sf-content public586 synthetic-98305-2-987654321
TOKEN_CHANGE r18-rf-sf-stage public586 synthetic-98305-4-1
TOKEN_CHANGE r18-rf-sf-stage public586 synthetic-98305-4-987654321
TOKEN_CHANGE r18-586-selective-rf public586 synthetic-98305-5-1
TOKEN_CHANGE r18-rf-sf-stage public586 synthetic-98305-5-1
TOKEN_CHANGE r18-rf-sf-content public586 synthetic-98305-5-1
TOKEN_CHANGE r18-586-selective-rf public586 synthetic-98305-5-987654321
TOKEN_CHANGE r18-rf-sf-stage public586 synthetic-98305-5-987654321
TOKEN_CHANGE r18-rf-sf-content public586 synthetic-98305-5-987654321
TOKEN_CHANGE r18-rf-sf-stage public586 synthetic-131073-2-1
TOKEN_CHANGE r18-rf-sf-content public586 synthetic-131073-2-1
TOKEN_CHANGE r18-rf-sf-stage public586 synthetic-131073-2-987654321
TOKEN_CHANGE r18-rf-sf-content public586 synthetic-131073-2-987654321
TOKEN_CHANGE r18-rf-sf-stage public586 synthetic-131073-3-1
TOKEN_CHANGE r18-rf-sf-stage public586 synthetic-131073-3-987654321
TOKEN_CHANGE r18-rf-sf-stage public586 synthetic-131073-4-1
TOKEN_CHANGE r18-rf-sf-stage public586 synthetic-131073-4-987654321
TOKEN_CHANGE r18-586-selective-rf public586 synthetic-131073-5-1
TOKEN_CHANGE r18-rf-sf-stage public586 synthetic-131073-5-1
TOKEN_CHANGE r18-rf-sf-content public586 synthetic-131073-5-1
TOKEN_CHANGE r18-586-selective-rf public586 synthetic-131073-5-987654321
TOKEN_CHANGE r18-rf-sf-stage public586 synthetic-131073-5-987654321
TOKEN_CHANGE r18-rf-sf-content public586 synthetic-131073-5-987654321
TOKEN_CHANGE r18-rf-sf-stage public586 synthetic-131071-2-1
TOKEN_CHANGE r18-rf-sf-content public586 synthetic-131071-2-1
TOKEN_CHANGE r18-rf-sf-stage public586 synthetic-131071-2-987654321
TOKEN_CHANGE r18-rf-sf-content public586 synthetic-131071-2-987654321
TOKEN_CHANGE r18-rf-sf-stage public586 synthetic-131071-3-987654321
TOKEN_CHANGE r18-rf-sf-stage public586 synthetic-131071-4-1
TOKEN_CHANGE r18-rf-sf-stage public586 synthetic-131071-4-987654321
TOKEN_CHANGE r18-586-selective-rf public586 synthetic-131071-5-1
TOKEN_CHANGE r18-rf-sf-stage public586 synthetic-131071-5-1
TOKEN_CHANGE r18-rf-sf-content public586 synthetic-131071-5-1
TOKEN_CHANGE r18-586-selective-rf public586 synthetic-131071-5-987654321
TOKEN_CHANGE r18-rf-sf-stage public586 synthetic-131071-5-987654321
TOKEN_CHANGE r18-rf-sf-content public586 synthetic-131071-5-987654321
TOKEN_CHANGE r18-rf-sf-stage public586 synthetic-131072-1-1
TOKEN_CHANGE r18-rf-sf-content public586 synthetic-131072-1-1
TOKEN_CHANGE r18-rf-sf-stage public586 synthetic-131072-1-987654321
TOKEN_CHANGE r18-rf-sf-content public586 synthetic-131072-1-987654321
TOKEN_CHANGE r18-rf-sf-stage public586 synthetic-131072-2-1
TOKEN_CHANGE r18-rf-sf-content public586 synthetic-131072-2-1
TOKEN_CHANGE r18-rf-sf-stage public586 synthetic-131072-2-987654321
TOKEN_CHANGE r18-rf-sf-content public586 synthetic-131072-2-987654321
TOKEN_CHANGE r18-rf-sf-stage public586 synthetic-131072-3-987654321
TOKEN_CHANGE r18-rf-sf-stage public586 synthetic-131072-4-1
TOKEN_CHANGE r18-rf-sf-stage public586 synthetic-131072-4-987654321
TOKEN_CHANGE r18-586-selective-rf public586 synthetic-131072-5-1
TOKEN_CHANGE r18-rf-sf-stage public586 synthetic-131072-5-1
TOKEN_CHANGE r18-rf-sf-content public586 synthetic-131072-5-1
TOKEN_CHANGE r18-586-selective-rf public586 synthetic-131072-5-987654321
TOKEN_CHANGE r18-rf-sf-stage public586 synthetic-131072-5-987654321
TOKEN_CHANGE r18-rf-sf-content public586 synthetic-131072-5-987654321
TOKEN_CHANGE r18-rf-sf-stage public586 synthetic-196607-2-1
TOKEN_CHANGE r18-rf-sf-content public586 synthetic-196607-2-1
TOKEN_CHANGE r18-rf-sf-stage public586 synthetic-196607-2-987654321
TOKEN_CHANGE r18-rf-sf-content public586 synthetic-196607-2-987654321
TOKEN_CHANGE r18-rf-sf-stage public586 synthetic-196607-4-1
TOKEN_CHANGE r18-rf-sf-stage public586 synthetic-196607-4-987654321
TOKEN_CHANGE r18-rf-sf-stage public586 synthetic-196608-1-1
TOKEN_CHANGE r18-rf-sf-content public586 synthetic-196608-1-1
TOKEN_CHANGE r18-rf-sf-stage public586 synthetic-196608-1-987654321
TOKEN_CHANGE r18-rf-sf-content public586 synthetic-196608-1-987654321
TOKEN_CHANGE r18-rf-sf-stage public586 synthetic-196608-2-1
TOKEN_CHANGE r18-rf-sf-content public586 synthetic-196608-2-1
TOKEN_CHANGE r18-rf-sf-stage public586 synthetic-196608-2-987654321
TOKEN_CHANGE r18-rf-sf-content public586 synthetic-196608-2-987654321
TOKEN_CHANGE r18-rf-sf-stage public586 synthetic-196608-4-1
TOKEN_CHANGE r18-rf-sf-stage public586 synthetic-196608-4-987654321
TOKEN_CHANGE r18-rf-sf-stage public586 synthetic-196609-2-1
TOKEN_CHANGE r18-rf-sf-content public586 synthetic-196609-2-1
TOKEN_CHANGE r18-rf-sf-stage public586 synthetic-196609-2-987654321
TOKEN_CHANGE r18-rf-sf-content public586 synthetic-196609-2-987654321
TOKEN_CHANGE r18-rf-sf-stage public586 synthetic-196609-3-1
TOKEN_CHANGE r18-rf-sf-stage public586 synthetic-196609-4-1
TOKEN_CHANGE r18-rf-sf-stage public586 synthetic-196609-4-987654321
TOKEN_CHANGE r18-rf-sf-stage public586 synthetic-262145-2-1
TOKEN_CHANGE r18-rf-sf-content public586 synthetic-262145-2-1
TOKEN_CHANGE r18-rf-sf-stage public586 synthetic-262145-2-987654321
TOKEN_CHANGE r18-rf-sf-content public586 synthetic-262145-2-987654321
TOKEN_CHANGE r18-rf-sf-stage public586 synthetic-262145-4-1
TOKEN_CHANGE r18-rf-sf-stage public586 synthetic-262145-4-987654321
TOKEN_CHANGE r18-rf-sf-stage public586 synthetic-262145-5-987654321
EQUIVALENCE_RESULT r18-586-selective-rf public586 540 0
EQUIVALENCE_RESULT r18-rf-sf-stage public586 540 0
EQUIVALENCE_RESULT r18-rf-sf-content public586 540 0
