TOKEN_CHANGE r22-595-nofold public595 binary.db.bin
TOKEN_CHANGE r22-595-nofold public595 bundle.min.js.txt
TOKEN_CHANGE r22-595-nofold public595 catalog.xml.txt
TOKEN_CHANGE r22-595-nofold public595 config.yaml.txt
TOKEN_CHANGE r22-595-nofold public595 docs.md.txt
TOKEN_CHANGE r22-595-nofold public595 dump.sql.txt
TOKEN_CHANGE r22-595-nofold public595 images.bin
TOKEN_CHANGE r22-595-row6-chain public595 lean.txt
TOKEN_CHANGE r22-595-nofold public595 lean.txt
TOKEN_CHANGE r22-595-nofold public595 machine-code.bin
TOKEN_CHANGE r22-595-nofold public595 metrics.csv.txt
TOKEN_CHANGE r22-595-nofold public595 multibyte.txt
TOKEN_CHANGE r22-595-nofold public595 page.html.txt
TOKEN_CHANGE r22-595-nofold public595 prose.txt
TOKEN_CHANGE r22-595-nofold public595 records.json.txt
TOKEN_CHANGE r22-595-nofold public595 server.log
TOKEN_CHANGE r22-595-nofold public595 source.c.txt
TOKEN_CHANGE r22-595-nofold public595 source.py.txt
TOKEN_CHANGE r22-595-nofold public595 source.rs.txt
TOKEN_CHANGE r22-595-nofold public595 sourcemap.map.txt
EQUIVALENCE_RESULT r22-595-row6-chain public595 540 0
EQUIVALENCE_RESULT r22-595-nofold public595 540 0
