PHASE 0 binary.db.bin 500000 0 true 125876388 57615082 708179 48473 70855
PHASE 0 binary.db.bin 500000 1 true 125807184 57485736 711344 48473 70855
PHASE 0 binary.db.bin 500000 2 true 125897700 57242940 712245 48473 70855
PHASE 1 bundle.min.js.txt 1000000 0 true 159573518 97525968 2310006 201058 287331
PHASE 1 bundle.min.js.txt 1000000 1 true 157651457 94198456 2331478 201058 287331
PHASE 1 bundle.min.js.txt 1000000 2 true 156410985 94305268 2356035 201058 287331
PHASE 2 catalog.xml.txt 500000 0 true 42970933 61683692 673616 39195 58159
PHASE 2 catalog.xml.txt 500000 1 true 43113508 61567896 671744 39195 58159
PHASE 2 catalog.xml.txt 500000 2 true 42634807 61910524 682960 39195 58159
PHASE 3 compressed.bin 300000 0 false 10243597 40 31 298884 299566
PHASE 3 compressed.bin 300000 1 false 10375697 50 40 298884 299566
PHASE 3 compressed.bin 300000 2 false 10099340 110 40 298884 299566
PHASE 4 config.yaml.txt 400000 0 false 81439763 40 40 49938 81026
PHASE 4 config.yaml.txt 400000 1 false 81417980 320 30 49938 81026
PHASE 4 config.yaml.txt 400000 2 false 81069684 50 40 49938 81026
PHASE 5 docs.md.txt 800000 0 false 153135843 191 40 126923 215527
PHASE 5 docs.md.txt 800000 1 false 153032628 50 40 126923 215527
PHASE 5 docs.md.txt 800000 2 false 152705664 191 100 126923 215527
PHASE 6 dump.sql.txt 150000 0 false 21001362 50 30 17632 16407
PHASE 6 dump.sql.txt 150000 1 false 21140100 50 40 17632 16407
PHASE 6 dump.sql.txt 150000 2 false 21068412 250 110 17632 16407
PHASE 7 genome.fasta 900000 0 false 104804831 50 40 589207 256489
PHASE 7 genome.fasta 900000 1 false 104949069 50 40 589207 256489
PHASE 7 genome.fasta 900000 2 false 104514333 30 110 589207 256489
PHASE 8 images.bin 250000 0 true 13680464 7417614 467325 214894 223458
PHASE 8 images.bin 250000 1 true 13631880 7457213 467405 214894 223458
PHASE 8 images.bin 250000 2 true 13702618 7453367 467516 214894 223458
PHASE 9 lean.txt 1000000 0 false 158880943 831 40 124023 222926
PHASE 9 lean.txt 1000000 1 false 158718410 901 30 124023 222926
PHASE 9 lean.txt 1000000 2 false 158540014 1112 40 124023 222926
PHASE 10 machine-code.bin 500000 0 false 178860792 1252 40 125874 158779
PHASE 10 machine-code.bin 500000 1 false 178661902 1352 40 125874 158779
PHASE 10 machine-code.bin 500000 2 false 179942915 1111 40 125874 158779
PHASE 11 metrics.csv.txt 1300000 0 true 220762440 127695698 2150684 232447 251352
PHASE 11 metrics.csv.txt 1300000 1 true 220271880 127630459 2156954 232447 251352
PHASE 11 metrics.csv.txt 1300000 2 true 220271659 127193730 2174862 232447 251352
PHASE 12 multibyte.txt 1100000 0 true 279536624 117142125 2111126 153767 254275
PHASE 12 multibyte.txt 1100000 1 true 279339978 117222657 2120780 153767 254275
PHASE 12 multibyte.txt 1100000 2 true 280032412 117179561 2155472 153767 254275
PHASE 13 page.html.txt 600000 0 true 45790525 65065947 955161 63790 98911
PHASE 13 page.html.txt 600000 1 true 46176318 64926606 961050 63790 98911
PHASE 13 page.html.txt 600000 2 true 46146323 65023853 946217 63790 98911
PHASE 14 prose.txt 1500000 0 false 292115582 61 40 305368 540942
PHASE 14 prose.txt 1500000 1 false 295819010 50 40 305368 540942
PHASE 14 prose.txt 1500000 2 false 293764340 60 40 305368 540942
PHASE 15 records.json.txt 400000 0 false 19021208 40 40 74021 69148
PHASE 15 records.json.txt 400000 1 false 18932033 30 40 74021 69148
PHASE 15 records.json.txt 400000 2 false 18934457 141 30 74021 69148
PHASE 16 server.log 300000 0 false 22587519 70 40 23213 25851
PHASE 16 server.log 300000 1 false 22392204 50 30 23213 25851
PHASE 16 server.log 300000 2 false 22497052 181 120 23213 25851
PHASE 17 source.c.txt 1400000 0 true 239777228 144890731 2754476 190925 333179
PHASE 17 source.c.txt 1400000 1 true 237410027 145072044 2679683 190925 333179
PHASE 17 source.c.txt 1400000 2 true 237740676 144796038 2737831 190925 333179
PHASE 18 source.py.txt 600000 0 false 121207038 1442 40 73240 125172
PHASE 18 source.py.txt 600000 1 false 122075949 1543 40 73240 125172
PHASE 18 source.py.txt 600000 2 false 121066997 1503 100 73240 125172
PHASE 19 source.rs.txt 700000 0 false 161091218 50 40 73343 125980
PHASE 19 source.rs.txt 700000 1 false 161047432 51 80 73343 125980
PHASE 19 source.rs.txt 700000 2 false 160977747 260 30 73343 125980
PHASE 20 sourcemap.map.txt 350000 0 false 86226681 921 40 40402 64440
PHASE 20 sourcemap.map.txt 350000 1 false 86091187 972 110 40402 64440
PHASE 20 sourcemap.map.txt 350000 2 false 85928211 1363 100 40402 64440
PHASE 21 sparse.bin 40000 0 false 314755 40 40 1242 1193
PHASE 21 sparse.bin 40000 1 false 320984 40 30 1242 1193
PHASE 21 sparse.bin 40000 2 false 314604 31 30 1242 1193
PHASE 22 tiny-app.log 28000 0 false 950304 40 30 613 845
PHASE 22 tiny-app.log 28000 1 false 921080 30 31 613 845
PHASE 22 tiny-app.log 28000 2 false 972838 40 30 613 845
PHASE 23 tiny-config.json.txt 12000 0 false 534366 30 40 2109 2077
PHASE 23 tiny-config.json.txt 12000 1 false 490450 30 41 2109 2077
PHASE 23 tiny-config.json.txt 12000 2 false 490791 50 30 2109 2077
PHASE 24 weights-bf16.bin 450000 0 false 16388419 40 40 438343 353965
PHASE 24 weights-bf16.bin 450000 1 false 16410623 30 30 438343 353965
PHASE 24 weights-bf16.bin 450000 2 false 16420538 260 30 438343 353965
PHASE 25 weights-f16.bin 250000 0 true 1526533 4821706 436729 250000 212660
PHASE 25 weights-f16.bin 250000 1 true 1548436 4849528 436909 250000 212660
PHASE 25 weights-f16.bin 250000 2 true 1514435 4884911 446874 250000 212660
PHASE 26 weights-f32.bin 350000 0 true 14401150 15779761 760178 284300 278988
PHASE 26 weights-f32.bin 350000 1 true 14424746 15724467 769732 284300 278988
PHASE 26 weights-f32.bin 350000 2 true 14439959 15672389 762381 284300 278988
PHASE 27 weights-q8.bin 250000 0 true 1981500 5080005 446784 250000 235572
PHASE 27 weights-q8.bin 250000 1 true 1971835 4926454 436739 250000 235572
PHASE 27 weights-q8.bin 250000 2 true 1998295 4903620 446994 250000 235572
