FAST_CASE r11-fast-gaprepeat public-0 500000 53937 53874 0 1 1 59565 38592 11066 11066 30 749 1
FAST_CASE r11-fast-gaprepeat public-1 1000000 243227 243041 0 1 1 233783 99487 92857 92857 158 1860 1
FAST_CASE r11-fast-gaprepeat public-2 500000 47944 47408 0 1 1 49308 26028 16267 16267 69 9024 1
FAST_CASE r11-fast-gaprepeat public-3 300000 300000 300000 1 1 1 2186 0 0 0 0 0 1
FAST_CASE r11-fast-gaprepeat public-4 400000 61348 61343 0 1 1 62803 32753 20691 20691 14 291 1
FAST_CASE r11-fast-gaprepeat public-5 800000 164254 164215 0 1 1 164989 86308 52257 52257 48 1054 1
FAST_CASE r11-fast-gaprepeat public-6 150000 15172 15154 0 1 1 11250 8233 1072 1072 23 313 1
FAST_CASE r11-fast-gaprepeat public-7 900000 900000 900000 1 1 1 0 0 0 0 0 0 1
FAST_CASE r11-fast-gaprepeat public-8 250000 228496 227685 0 1 1 25003 1209 22529 22529 13 445 1
FAST_CASE r11-fast-gaprepeat public-9 1000000 162453 162521 0 1 1 171800 100456 44474 44474 48 903 1
FAST_CASE r11-fast-gaprepeat public-10 500000 127777 127767 0 1 1 132714 74265 23126 23126 16 124 1
FAST_CASE r11-fast-gaprepeat public-11 1300000 222648 222596 0 1 1 185062 84611 67881 67881 85 2115 1
FAST_CASE r11-fast-gaprepeat public-12 1100000 206109 205674 0 1 1 206469 99656 75260 75260 73 3940 1
FAST_CASE r11-fast-gaprepeat public-13 600000 78273 78155 0 1 1 78806 36113 30296 30296 105 1998 1
FAST_CASE r11-fast-gaprepeat public-14 1500000 378433 378431 0 1 1 393307 258588 73795 73795 5 37 1
FAST_CASE r11-fast-gaprepeat public-15 400000 79429 78920 0 1 1 37534 9500 25535 25535 52 6416 1
FAST_CASE r11-fast-gaprepeat public-16 300000 23960 23914 0 1 1 18979 7621 8731 8731 20 496 1
FAST_CASE r11-fast-gaprepeat public-17 1400000 245274 245251 0 1 1 258436 149601 71416 71416 46 2420 1
FAST_CASE r11-fast-gaprepeat public-18 600000 92689 92690 0 1 1 97516 55389 27972 27972 18 811 1
FAST_CASE r11-fast-gaprepeat public-19 700000 92142 92133 0 1 1 99257 58695 26750 26750 13 1022 1
FAST_CASE r11-fast-gaprepeat public-20 350000 51406 51394 0 1 1 52549 30734 13739 13739 22 518 1
FAST_CASE r11-fast-gaprepeat public-21 40000 1446 1446 1 1 1 0 0 0 0 0 0 1
FAST_CASE r11-fast-gaprepeat public-22 28000 1043 1043 1 1 1 0 0 0 0 0 0 1
FAST_CASE r11-fast-gaprepeat public-23 12000 3393 3393 1 1 1 0 0 0 0 0 0 1
FAST_CASE r11-fast-gaprepeat public-24 450000 264860 264860 1 1 1 0 0 0 0 0 0 1
FAST_CASE r11-fast-gaprepeat public-25 250000 250000 250000 1 1 1 1995 0 0 0 0 0 1
FAST_CASE r11-fast-gaprepeat public-26 350000 294892 294895 0 1 1 89462 15878 55525 55525 1 6 1
FAST_CASE r11-fast-gaprepeat public-27 250000 250000 250000 1 1 1 1995 0 0 0 0 0 1
FAST_CASE r11-fast-gaprepeat synthetic-0-0-1 0 0 0 1 1 1 0 0 0 0 0 0 1
FAST_CASE r11-fast-gaprepeat synthetic-0-0-987654321 0 0 0 1 1 1 0 0 0 0 0 0 1
FAST_CASE r11-fast-gaprepeat synthetic-0-1-1 0 0 0 1 1 1 0 0 0 0 0 0 1
FAST_CASE r11-fast-gaprepeat synthetic-0-1-987654321 0 0 0 1 1 1 0 0 0 0 0 0 1
FAST_CASE r11-fast-gaprepeat synthetic-0-2-1 0 0 0 1 1 1 0 0 0 0 0 0 1
FAST_CASE r11-fast-gaprepeat synthetic-0-2-987654321 0 0 0 1 1 1 0 0 0 0 0 0 1
FAST_CASE r11-fast-gaprepeat synthetic-0-3-1 0 0 0 1 1 1 0 0 0 0 0 0 1
FAST_CASE r11-fast-gaprepeat synthetic-0-3-987654321 0 0 0 1 1 1 0 0 0 0 0 0 1
FAST_CASE r11-fast-gaprepeat synthetic-0-4-1 0 0 0 1 1 1 0 0 0 0 0 0 1
FAST_CASE r11-fast-gaprepeat synthetic-0-4-987654321 0 0 0 1 1 1 0 0 0 0 0 0 1
FAST_CASE r11-fast-gaprepeat synthetic-0-5-1 0 0 0 1 1 1 0 0 0 0 0 0 1
FAST_CASE r11-fast-gaprepeat synthetic-0-5-987654321 0 0 0 1 1 1 0 0 0 0 0 0 1
FAST_CASE r11-fast-gaprepeat synthetic-0-6-1 0 0 0 1 1 1 0 0 0 0 0 0 1
FAST_CASE r11-fast-gaprepeat synthetic-0-6-987654321 0 0 0 1 1 1 0 0 0 0 0 0 1
FAST_CASE r11-fast-gaprepeat synthetic-0-7-1 0 0 0 1 1 1 0 0 0 0 0 0 1
FAST_CASE r11-fast-gaprepeat synthetic-0-7-987654321 0 0 0 1 1 1 0 0 0 0 0 0 1
FAST_CASE r11-fast-gaprepeat synthetic-1-0-1 1 1 1 1 1 1 0 0 0 0 0 0 1
FAST_CASE r11-fast-gaprepeat synthetic-1-0-987654321 1 1 1 1 1 1 0 0 0 0 0 0 1
FAST_CASE r11-fast-gaprepeat synthetic-1-1-1 1 1 1 1 1 1 0 0 0 0 0 0 1
FAST_CASE r11-fast-gaprepeat synthetic-1-1-987654321 1 1 1 1 1 1 0 0 0 0 0 0 1
FAST_CASE r11-fast-gaprepeat synthetic-1-2-1 1 1 1 1 1 1 0 0 0 0 0 0 1
FAST_CASE r11-fast-gaprepeat synthetic-1-2-987654321 1 1 1 1 1 1 0 0 0 0 0 0 1
FAST_CASE r11-fast-gaprepeat synthetic-1-3-1 1 1 1 1 1 1 0 0 0 0 0 0 1
FAST_CASE r11-fast-gaprepeat synthetic-1-3-987654321 1 1 1 1 1 1 0 0 0 0 0 0 1
FAST_CASE r11-fast-gaprepeat synthetic-1-4-1 1 1 1 1 1 1 0 0 0 0 0 0 1
FAST_CASE r11-fast-gaprepeat synthetic-1-4-987654321 1 1 1 1 1 1 0 0 0 0 0 0 1
FAST_CASE r11-fast-gaprepeat synthetic-1-5-1 1 1 1 1 1 1 0 0 0 0 0 0 1
FAST_CASE r11-fast-gaprepeat synthetic-1-5-987654321 1 1 1 1 1 1 0 0 0 0 0 0 1
FAST_CASE r11-fast-gaprepeat synthetic-1-6-1 1 1 1 1 1 1 0 0 0 0 0 0 1
FAST_CASE r11-fast-gaprepeat synthetic-1-6-987654321 1 1 1 1 1 1 0 0 0 0 0 0 1
FAST_CASE r11-fast-gaprepeat synthetic-1-7-1 1 1 1 1 1 1 0 0 0 0 0 0 1
FAST_CASE r11-fast-gaprepeat synthetic-1-7-987654321 1 1 1 1 1 1 0 0 0 0 0 0 1
FAST_CASE r11-fast-gaprepeat synthetic-3-0-1 3 3 3 1 1 1 0 0 0 0 0 0 1
FAST_CASE r11-fast-gaprepeat synthetic-3-0-987654321 3 3 3 1 1 1 0 0 0 0 0 0 1
FAST_CASE r11-fast-gaprepeat synthetic-3-1-1 3 3 3 1 1 1 0 0 0 0 0 0 1
FAST_CASE r11-fast-gaprepeat synthetic-3-1-987654321 3 3 3 1 1 1 0 0 0 0 0 0 1
FAST_CASE r11-fast-gaprepeat synthetic-3-2-1 3 3 3 1 1 1 0 0 0 0 0 0 1
FAST_CASE r11-fast-gaprepeat synthetic-3-2-987654321 3 3 3 1 1 1 0 0 0 0 0 0 1
FAST_CASE r11-fast-gaprepeat synthetic-3-3-1 3 3 3 1 1 1 0 0 0 0 0 0 1
FAST_CASE r11-fast-gaprepeat synthetic-3-3-987654321 3 3 3 1 1 1 0 0 0 0 0 0 1
FAST_CASE r11-fast-gaprepeat synthetic-3-4-1 3 3 3 1 1 1 0 0 0 0 0 0 1
FAST_CASE r11-fast-gaprepeat synthetic-3-4-987654321 3 3 3 1 1 1 0 0 0 0 0 0 1
FAST_CASE r11-fast-gaprepeat synthetic-3-5-1 3 3 3 1 1 1 0 0 0 0 0 0 1
FAST_CASE r11-fast-gaprepeat synthetic-3-5-987654321 3 3 3 1 1 1 0 0 0 0 0 0 1
FAST_CASE r11-fast-gaprepeat synthetic-3-6-1 3 3 3 1 1 1 0 0 0 0 0 0 1
FAST_CASE r11-fast-gaprepeat synthetic-3-6-987654321 3 3 3 1 1 1 0 0 0 0 0 0 1
FAST_CASE r11-fast-gaprepeat synthetic-3-7-1 3 3 3 1 1 1 0 0 0 0 0 0 1
FAST_CASE r11-fast-gaprepeat synthetic-3-7-987654321 3 3 3 1 1 1 0 0 0 0 0 0 1
FAST_CASE r11-fast-gaprepeat synthetic-4-0-1 4 4 4 1 1 1 0 0 0 0 0 0 1
FAST_CASE r11-fast-gaprepeat synthetic-4-0-987654321 4 4 4 1 1 1 0 0 0 0 0 0 1
FAST_CASE r11-fast-gaprepeat synthetic-4-1-1 4 4 4 1 1 1 0 0 0 0 0 0 1
FAST_CASE r11-fast-gaprepeat synthetic-4-1-987654321 4 4 4 1 1 1 0 0 0 0 0 0 1
FAST_CASE r11-fast-gaprepeat synthetic-4-2-1 4 4 4 1 1 1 0 0 0 0 0 0 1
FAST_CASE r11-fast-gaprepeat synthetic-4-2-987654321 4 4 4 1 1 1 0 0 0 0 0 0 1
FAST_CASE r11-fast-gaprepeat synthetic-4-3-1 4 4 4 1 1 1 0 0 0 0 0 0 1
FAST_CASE r11-fast-gaprepeat synthetic-4-3-987654321 4 4 4 1 1 1 0 0 0 0 0 0 1
FAST_CASE r11-fast-gaprepeat synthetic-4-4-1 4 4 4 1 1 1 0 0 0 0 0 0 1
FAST_CASE r11-fast-gaprepeat synthetic-4-4-987654321 4 4 4 1 1 1 0 0 0 0 0 0 1
FAST_CASE r11-fast-gaprepeat synthetic-4-5-1 4 4 4 1 1 1 0 0 0 0 0 0 1
FAST_CASE r11-fast-gaprepeat synthetic-4-5-987654321 4 4 4 1 1 1 0 0 0 0 0 0 1
FAST_CASE r11-fast-gaprepeat synthetic-4-6-1 4 4 4 1 1 1 0 0 0 0 0 0 1
FAST_CASE r11-fast-gaprepeat synthetic-4-6-987654321 4 4 4 1 1 1 0 0 0 0 0 0 1
FAST_CASE r11-fast-gaprepeat synthetic-4-7-1 4 4 4 1 1 1 0 0 0 0 0 0 1
FAST_CASE r11-fast-gaprepeat synthetic-4-7-987654321 4 4 4 1 1 1 0 0 0 0 0 0 1
FAST_CASE r11-fast-gaprepeat synthetic-7-0-1 7 7 7 1 1 1 0 0 0 0 0 0 1
FAST_CASE r11-fast-gaprepeat synthetic-7-0-987654321 7 7 7 1 1 1 0 0 0 0 0 0 1
FAST_CASE r11-fast-gaprepeat synthetic-7-1-1 7 7 7 1 1 1 0 0 0 0 0 0 1
FAST_CASE r11-fast-gaprepeat synthetic-7-1-987654321 7 7 7 1 1 1 0 0 0 0 0 0 1
FAST_CASE r11-fast-gaprepeat synthetic-7-2-1 7 7 7 1 1 1 0 0 0 0 0 0 1
FAST_CASE r11-fast-gaprepeat synthetic-7-2-987654321 7 7 7 1 1 1 0 0 0 0 0 0 1
FAST_CASE r11-fast-gaprepeat synthetic-7-3-1 7 7 7 1 1 1 0 0 0 0 0 0 1
FAST_CASE r11-fast-gaprepeat synthetic-7-3-987654321 7 7 7 1 1 1 0 0 0 0 0 0 1
FAST_CASE r11-fast-gaprepeat synthetic-7-4-1 7 7 7 1 1 1 0 0 0 0 0 0 1
FAST_CASE r11-fast-gaprepeat synthetic-7-4-987654321 7 7 7 1 1 1 0 0 0 0 0 0 1
FAST_CASE r11-fast-gaprepeat synthetic-7-5-1 7 7 7 1 1 1 0 0 0 0 0 0 1
FAST_CASE r11-fast-gaprepeat synthetic-7-5-987654321 7 7 7 1 1 1 0 0 0 0 0 0 1
FAST_CASE r11-fast-gaprepeat synthetic-7-6-1 7 7 7 1 1 1 0 0 0 0 0 0 1
FAST_CASE r11-fast-gaprepeat synthetic-7-6-987654321 7 7 7 1 1 1 0 0 0 0 0 0 1
FAST_CASE r11-fast-gaprepeat synthetic-7-7-1 7 7 7 1 1 1 0 0 0 0 0 0 1
FAST_CASE r11-fast-gaprepeat synthetic-7-7-987654321 7 7 7 1 1 1 0 0 0 0 0 0 1
FAST_CASE r11-fast-gaprepeat synthetic-8-0-1 8 8 8 1 1 1 0 0 0 0 0 0 1
FAST_CASE r11-fast-gaprepeat synthetic-8-0-987654321 8 8 8 1 1 1 0 0 0 0 0 0 1
FAST_CASE r11-fast-gaprepeat synthetic-8-1-1 8 8 8 1 1 1 0 0 0 0 0 0 1
FAST_CASE r11-fast-gaprepeat synthetic-8-1-987654321 8 8 8 1 1 1 0 0 0 0 0 0 1
FAST_CASE r11-fast-gaprepeat synthetic-8-2-1 8 8 8 1 1 1 0 0 0 0 0 0 1
FAST_CASE r11-fast-gaprepeat synthetic-8-2-987654321 8 8 8 1 1 1 0 0 0 0 0 0 1
FAST_CASE r11-fast-gaprepeat synthetic-8-3-1 8 8 8 1 1 1 0 0 0 0 0 0 1
FAST_CASE r11-fast-gaprepeat synthetic-8-3-987654321 8 8 8 1 1 1 0 0 0 0 0 0 1
FAST_CASE r11-fast-gaprepeat synthetic-8-4-1 8 8 8 1 1 1 0 0 0 0 0 0 1
FAST_CASE r11-fast-gaprepeat synthetic-8-4-987654321 8 8 8 1 1 1 0 0 0 0 0 0 1
FAST_CASE r11-fast-gaprepeat synthetic-8-5-1 8 8 8 1 1 1 0 0 0 0 0 0 1
FAST_CASE r11-fast-gaprepeat synthetic-8-5-987654321 8 8 8 1 1 1 0 0 0 0 0 0 1
FAST_CASE r11-fast-gaprepeat synthetic-8-6-1 8 8 8 1 1 1 0 0 0 0 0 0 1
FAST_CASE r11-fast-gaprepeat synthetic-8-6-987654321 8 8 8 1 1 1 0 0 0 0 0 0 1
FAST_CASE r11-fast-gaprepeat synthetic-8-7-1 8 8 8 1 1 1 0 0 0 0 0 0 1
FAST_CASE r11-fast-gaprepeat synthetic-8-7-987654321 8 8 8 1 1 1 0 0 0 0 0 0 1
FAST_CASE r11-fast-gaprepeat synthetic-15-0-1 15 15 15 1 1 1 0 0 0 0 0 0 1
FAST_CASE r11-fast-gaprepeat synthetic-15-0-987654321 15 15 15 1 1 1 0 0 0 0 0 0 1
FAST_CASE r11-fast-gaprepeat synthetic-15-1-1 15 15 15 1 1 1 0 0 0 0 0 0 1
FAST_CASE r11-fast-gaprepeat synthetic-15-1-987654321 15 15 15 1 1 1 0 0 0 0 0 0 1
FAST_CASE r11-fast-gaprepeat synthetic-15-2-1 15 15 15 1 1 1 0 0 0 0 0 0 1
FAST_CASE r11-fast-gaprepeat synthetic-15-2-987654321 15 15 15 1 1 1 0 0 0 0 0 0 1
FAST_CASE r11-fast-gaprepeat synthetic-15-3-1 15 15 15 1 1 1 0 0 0 0 0 0 1
FAST_CASE r11-fast-gaprepeat synthetic-15-3-987654321 15 15 15 1 1 1 0 0 0 0 0 0 1
FAST_CASE r11-fast-gaprepeat synthetic-15-4-1 15 15 15 1 1 1 0 0 0 0 0 0 1
FAST_CASE r11-fast-gaprepeat synthetic-15-4-987654321 15 15 15 1 1 1 0 0 0 0 0 0 1
FAST_CASE r11-fast-gaprepeat synthetic-15-5-1 15 15 15 1 1 1 0 0 0 0 0 0 1
FAST_CASE r11-fast-gaprepeat synthetic-15-5-987654321 15 15 15 1 1 1 0 0 0 0 0 0 1
FAST_CASE r11-fast-gaprepeat synthetic-15-6-1 15 15 15 1 1 1 0 0 0 0 0 0 1
FAST_CASE r11-fast-gaprepeat synthetic-15-6-987654321 15 15 15 1 1 1 0 0 0 0 0 0 1
FAST_CASE r11-fast-gaprepeat synthetic-15-7-1 15 15 15 1 1 1 0 0 0 0 0 0 1
FAST_CASE r11-fast-gaprepeat synthetic-15-7-987654321 15 15 15 1 1 1 0 0 0 0 0 0 1
FAST_CASE r11-fast-gaprepeat synthetic-16-0-1 16 16 16 1 1 1 0 0 0 0 0 0 1
FAST_CASE r11-fast-gaprepeat synthetic-16-0-987654321 16 16 16 1 1 1 0 0 0 0 0 0 1
FAST_CASE r11-fast-gaprepeat synthetic-16-1-1 16 16 16 1 1 1 0 0 0 0 0 0 1
FAST_CASE r11-fast-gaprepeat synthetic-16-1-987654321 16 16 16 1 1 1 0 0 0 0 0 0 1
FAST_CASE r11-fast-gaprepeat synthetic-16-2-1 16 16 16 1 1 1 0 0 0 0 0 0 1
FAST_CASE r11-fast-gaprepeat synthetic-16-2-987654321 16 16 16 1 1 1 0 0 0 0 0 0 1
FAST_CASE r11-fast-gaprepeat synthetic-16-3-1 16 16 16 1 1 1 0 0 0 0 0 0 1
FAST_CASE r11-fast-gaprepeat synthetic-16-3-987654321 16 16 16 1 1 1 0 0 0 0 0 0 1
FAST_CASE r11-fast-gaprepeat synthetic-16-4-1 16 16 16 1 1 1 0 0 0 0 0 0 1
FAST_CASE r11-fast-gaprepeat synthetic-16-4-987654321 16 16 16 1 1 1 0 0 0 0 0 0 1
FAST_CASE r11-fast-gaprepeat synthetic-16-5-1 16 16 16 1 1 1 0 0 0 0 0 0 1
FAST_CASE r11-fast-gaprepeat synthetic-16-5-987654321 16 16 16 1 1 1 0 0 0 0 0 0 1
FAST_CASE r11-fast-gaprepeat synthetic-16-6-1 16 16 16 1 1 1 0 0 0 0 0 0 1
FAST_CASE r11-fast-gaprepeat synthetic-16-6-987654321 16 16 16 1 1 1 0 0 0 0 0 0 1
FAST_CASE r11-fast-gaprepeat synthetic-16-7-1 16 16 16 1 1 1 0 0 0 0 0 0 1
FAST_CASE r11-fast-gaprepeat synthetic-16-7-987654321 16 16 16 1 1 1 0 0 0 0 0 0 1
FAST_CASE r11-fast-gaprepeat synthetic-17-0-1 17 17 17 1 1 1 0 0 0 0 0 0 1
FAST_CASE r11-fast-gaprepeat synthetic-17-0-987654321 17 17 17 1 1 1 0 0 0 0 0 0 1
FAST_CASE r11-fast-gaprepeat synthetic-17-1-1 17 17 17 1 1 1 0 0 0 0 0 0 1
FAST_CASE r11-fast-gaprepeat synthetic-17-1-987654321 17 17 17 1 1 1 0 0 0 0 0 0 1
FAST_CASE r11-fast-gaprepeat synthetic-17-2-1 17 17 17 1 1 1 0 0 0 0 0 0 1
FAST_CASE r11-fast-gaprepeat synthetic-17-2-987654321 17 17 17 1 1 1 0 0 0 0 0 0 1
FAST_CASE r11-fast-gaprepeat synthetic-17-3-1 17 17 17 1 1 1 0 0 0 0 0 0 1
FAST_CASE r11-fast-gaprepeat synthetic-17-3-987654321 17 17 17 1 1 1 0 0 0 0 0 0 1
FAST_CASE r11-fast-gaprepeat synthetic-17-4-1 17 17 17 1 1 1 0 0 0 0 0 0 1
FAST_CASE r11-fast-gaprepeat synthetic-17-4-987654321 17 17 17 1 1 1 0 0 0 0 0 0 1
FAST_CASE r11-fast-gaprepeat synthetic-17-5-1 17 17 17 1 1 1 0 0 0 0 0 0 1
FAST_CASE r11-fast-gaprepeat synthetic-17-5-987654321 17 17 17 1 1 1 0 0 0 0 0 0 1
FAST_CASE r11-fast-gaprepeat synthetic-17-6-1 17 17 17 1 1 1 0 0 0 0 0 0 1
FAST_CASE r11-fast-gaprepeat synthetic-17-6-987654321 17 17 17 1 1 1 0 0 0 0 0 0 1
FAST_CASE r11-fast-gaprepeat synthetic-17-7-1 17 17 17 1 1 1 0 0 0 0 0 0 1
FAST_CASE r11-fast-gaprepeat synthetic-17-7-987654321 17 17 17 1 1 1 0 0 0 0 0 0 1
FAST_CASE r11-fast-gaprepeat synthetic-31-0-1 31 31 31 1 1 1 0 0 0 0 0 0 1
FAST_CASE r11-fast-gaprepeat synthetic-31-0-987654321 31 31 31 1 1 1 0 0 0 0 0 0 1
FAST_CASE r11-fast-gaprepeat synthetic-31-1-1 31 31 31 1 1 1 0 0 0 0 0 0 1
FAST_CASE r11-fast-gaprepeat synthetic-31-1-987654321 31 31 31 1 1 1 0 0 0 0 0 0 1
FAST_CASE r11-fast-gaprepeat synthetic-31-2-1 31 31 31 1 1 1 0 0 0 0 0 0 1
FAST_CASE r11-fast-gaprepeat synthetic-31-2-987654321 31 31 31 1 1 1 0 0 0 0 0 0 1
FAST_CASE r11-fast-gaprepeat synthetic-31-3-1 31 31 31 1 1 1 0 0 0 0 0 0 1
FAST_CASE r11-fast-gaprepeat synthetic-31-3-987654321 31 31 31 1 1 1 0 0 0 0 0 0 1
FAST_CASE r11-fast-gaprepeat synthetic-31-4-1 31 31 31 1 1 1 0 0 0 0 0 0 1
FAST_CASE r11-fast-gaprepeat synthetic-31-4-987654321 31 10 10 1 1 1 0 0 0 0 0 0 1
FAST_CASE r11-fast-gaprepeat synthetic-31-5-1 31 31 31 1 1 1 0 0 0 0 0 0 1
FAST_CASE r11-fast-gaprepeat synthetic-31-5-987654321 31 31 31 1 1 1 0 0 0 0 0 0 1
FAST_CASE r11-fast-gaprepeat synthetic-31-6-1 31 31 31 1 1 1 0 0 0 0 0 0 1
FAST_CASE r11-fast-gaprepeat synthetic-31-6-987654321 31 31 31 1 1 1 0 0 0 0 0 0 1
FAST_CASE r11-fast-gaprepeat synthetic-31-7-1 31 31 31 1 1 1 0 0 0 0 0 0 1
FAST_CASE r11-fast-gaprepeat synthetic-31-7-987654321 31 31 31 1 1 1 0 0 0 0 0 0 1
FAST_CASE r11-fast-gaprepeat synthetic-32-0-1 32 32 32 1 1 1 0 0 0 0 0 0 1
FAST_CASE r11-fast-gaprepeat synthetic-32-0-987654321 32 32 32 1 1 1 0 0 0 0 0 0 1
FAST_CASE r11-fast-gaprepeat synthetic-32-1-1 32 32 32 1 1 1 0 0 0 0 0 0 1
FAST_CASE r11-fast-gaprepeat synthetic-32-1-987654321 32 32 32 1 1 1 0 0 0 0 0 0 1
FAST_CASE r11-fast-gaprepeat synthetic-32-2-1 32 32 32 1 1 1 0 0 0 0 0 0 1
FAST_CASE r11-fast-gaprepeat synthetic-32-2-987654321 32 32 32 1 1 1 0 0 0 0 0 0 1
FAST_CASE r11-fast-gaprepeat synthetic-32-3-1 32 32 32 1 1 1 0 0 0 0 0 0 1
FAST_CASE r11-fast-gaprepeat synthetic-32-3-987654321 32 32 32 1 1 1 0 0 0 0 0 0 1
FAST_CASE r11-fast-gaprepeat synthetic-32-4-1 32 32 32 1 1 1 0 0 0 0 0 0 1
FAST_CASE r11-fast-gaprepeat synthetic-32-4-987654321 32 11 11 1 1 1 0 0 0 0 0 0 1
FAST_CASE r11-fast-gaprepeat synthetic-32-5-1 32 32 32 1 1 1 0 0 0 0 0 0 1
FAST_CASE r11-fast-gaprepeat synthetic-32-5-987654321 32 32 32 1 1 1 0 0 0 0 0 0 1
FAST_CASE r11-fast-gaprepeat synthetic-32-6-1 32 32 32 1 1 1 0 0 0 0 0 0 1
FAST_CASE r11-fast-gaprepeat synthetic-32-6-987654321 32 32 32 1 1 1 0 0 0 0 0 0 1
FAST_CASE r11-fast-gaprepeat synthetic-32-7-1 32 32 32 1 1 1 0 0 0 0 0 0 1
FAST_CASE r11-fast-gaprepeat synthetic-32-7-987654321 32 32 32 1 1 1 0 0 0 0 0 0 1
FAST_CASE r11-fast-gaprepeat synthetic-257-0-1 257 257 257 1 1 1 0 0 0 0 0 0 1
FAST_CASE r11-fast-gaprepeat synthetic-257-0-987654321 257 257 257 1 1 1 0 0 0 0 0 0 1
FAST_CASE r11-fast-gaprepeat synthetic-257-1-1 257 80 80 1 1 1 0 0 0 0 0 0 1
FAST_CASE r11-fast-gaprepeat synthetic-257-1-987654321 257 80 80 1 1 1 0 0 0 0 0 0 1
FAST_CASE r11-fast-gaprepeat synthetic-257-2-1 257 102 102 1 1 1 0 0 0 0 0 0 1
FAST_CASE r11-fast-gaprepeat synthetic-257-2-987654321 257 85 85 1 1 1 0 0 0 0 0 0 1
FAST_CASE r11-fast-gaprepeat synthetic-257-3-1 257 257 257 1 1 1 0 0 0 0 0 0 1
FAST_CASE r11-fast-gaprepeat synthetic-257-3-987654321 257 257 257 1 1 1 0 0 0 0 0 0 1
FAST_CASE r11-fast-gaprepeat synthetic-257-4-1 257 59 59 1 1 1 0 0 0 0 0 0 1
FAST_CASE r11-fast-gaprepeat synthetic-257-4-987654321 257 46 46 1 1 1 0 0 0 0 0 0 1
FAST_CASE r11-fast-gaprepeat synthetic-257-5-1 257 257 257 1 1 1 0 0 0 0 0 0 1
FAST_CASE r11-fast-gaprepeat synthetic-257-5-987654321 257 257 257 1 1 1 0 0 0 0 0 0 1
FAST_CASE r11-fast-gaprepeat synthetic-257-6-1 257 64 64 1 1 1 0 0 0 0 0 0 1
FAST_CASE r11-fast-gaprepeat synthetic-257-6-987654321 257 64 64 1 1 1 0 0 0 0 0 0 1
FAST_CASE r11-fast-gaprepeat synthetic-257-7-1 257 64 64 1 1 1 0 0 0 0 0 0 1
FAST_CASE r11-fast-gaprepeat synthetic-257-7-987654321 257 64 64 1 1 1 0 0 0 0 0 0 1
FAST_CASE r11-fast-gaprepeat synthetic-258-0-1 258 258 258 1 1 1 0 0 0 0 0 0 1
FAST_CASE r11-fast-gaprepeat synthetic-258-0-987654321 258 258 258 1 1 1 0 0 0 0 0 0 1
FAST_CASE r11-fast-gaprepeat synthetic-258-1-1 258 80 80 1 1 1 0 0 0 0 0 0 1
FAST_CASE r11-fast-gaprepeat synthetic-258-1-987654321 258 80 80 1 1 1 0 0 0 0 0 0 1
FAST_CASE r11-fast-gaprepeat synthetic-258-2-1 258 103 103 1 1 1 0 0 0 0 0 0 1
FAST_CASE r11-fast-gaprepeat synthetic-258-2-987654321 258 85 85 1 1 1 0 0 0 0 0 0 1
FAST_CASE r11-fast-gaprepeat synthetic-258-3-1 258 258 258 1 1 1 0 0 0 0 0 0 1
FAST_CASE r11-fast-gaprepeat synthetic-258-3-987654321 258 258 258 1 1 1 0 0 0 0 0 0 1
FAST_CASE r11-fast-gaprepeat synthetic-258-4-1 258 60 60 1 1 1 0 0 0 0 0 0 1
FAST_CASE r11-fast-gaprepeat synthetic-258-4-987654321 258 47 47 1 1 1 0 0 0 0 0 0 1
FAST_CASE r11-fast-gaprepeat synthetic-258-5-1 258 258 258 1 1 1 0 0 0 0 0 0 1
FAST_CASE r11-fast-gaprepeat synthetic-258-5-987654321 258 258 258 1 1 1 0 0 0 0 0 0 1
FAST_CASE r11-fast-gaprepeat synthetic-258-6-1 258 65 65 1 1 1 0 0 0 0 0 0 1
FAST_CASE r11-fast-gaprepeat synthetic-258-6-987654321 258 65 65 1 1 1 0 0 0 0 0 0 1
FAST_CASE r11-fast-gaprepeat synthetic-258-7-1 258 65 65 1 1 1 0 0 0 0 0 0 1
FAST_CASE r11-fast-gaprepeat synthetic-258-7-987654321 258 65 65 1 1 1 0 0 0 0 0 0 1
FAST_CASE r11-fast-gaprepeat synthetic-259-0-1 259 259 259 1 1 1 0 0 0 0 0 0 1
FAST_CASE r11-fast-gaprepeat synthetic-259-0-987654321 259 259 259 1 1 1 0 0 0 0 0 0 1
FAST_CASE r11-fast-gaprepeat synthetic-259-1-1 259 80 80 1 1 1 0 0 0 0 0 0 1
FAST_CASE r11-fast-gaprepeat synthetic-259-1-987654321 259 80 80 1 1 1 0 0 0 0 0 0 1
FAST_CASE r11-fast-gaprepeat synthetic-259-2-1 259 104 104 1 1 1 0 0 0 0 0 0 1
FAST_CASE r11-fast-gaprepeat synthetic-259-2-987654321 259 85 85 1 1 1 0 0 0 0 0 0 1
FAST_CASE r11-fast-gaprepeat synthetic-259-3-1 259 259 259 1 1 1 0 0 0 0 0 0 1
FAST_CASE r11-fast-gaprepeat synthetic-259-3-987654321 259 259 259 1 1 1 0 0 0 0 0 0 1
FAST_CASE r11-fast-gaprepeat synthetic-259-4-1 259 61 61 1 1 1 0 0 0 0 0 0 1
FAST_CASE r11-fast-gaprepeat synthetic-259-4-987654321 259 48 48 1 1 1 0 0 0 0 0 0 1
FAST_CASE r11-fast-gaprepeat synthetic-259-5-1 259 259 259 1 1 1 0 0 0 0 0 0 1
FAST_CASE r11-fast-gaprepeat synthetic-259-5-987654321 259 259 259 1 1 1 0 0 0 0 0 0 1
FAST_CASE r11-fast-gaprepeat synthetic-259-6-1 259 66 66 1 1 1 0 0 0 0 0 0 1
FAST_CASE r11-fast-gaprepeat synthetic-259-6-987654321 259 66 66 1 1 1 0 0 0 0 0 0 1
FAST_CASE r11-fast-gaprepeat synthetic-259-7-1 259 66 66 1 1 1 0 0 0 0 0 0 1
FAST_CASE r11-fast-gaprepeat synthetic-259-7-987654321 259 66 66 1 1 1 0 0 0 0 0 0 1
FAST_CASE r11-fast-gaprepeat synthetic-1023-0-1 1023 1023 1023 1 1 1 0 0 0 0 0 0 1
FAST_CASE r11-fast-gaprepeat synthetic-1023-0-987654321 1023 1023 1023 1 1 1 0 0 0 0 0 0 1
FAST_CASE r11-fast-gaprepeat synthetic-1023-1-1 1023 85 85 1 1 1 0 0 0 0 0 0 1
FAST_CASE r11-fast-gaprepeat synthetic-1023-1-987654321 1023 85 85 1 1 1 0 0 0 0 0 0 1
FAST_CASE r11-fast-gaprepeat synthetic-1023-2-1 1023 242 242 1 1 1 0 0 0 0 0 0 1
FAST_CASE r11-fast-gaprepeat synthetic-1023-2-987654321 1023 152 152 1 1 1 0 0 0 0 0 0 1
FAST_CASE r11-fast-gaprepeat synthetic-1023-3-1 1023 1023 1023 1 1 1 0 0 0 0 0 0 1
FAST_CASE r11-fast-gaprepeat synthetic-1023-3-987654321 1023 1023 1023 1 1 1 0 0 0 0 0 0 1
FAST_CASE r11-fast-gaprepeat synthetic-1023-4-1 1023 204 204 1 1 1 0 0 0 0 0 0 1
FAST_CASE r11-fast-gaprepeat synthetic-1023-4-987654321 1023 297 297 1 1 1 0 0 0 0 0 0 1
FAST_CASE r11-fast-gaprepeat synthetic-1023-5-1 1023 1023 1023 1 1 1 0 0 0 0 0 0 1
FAST_CASE r11-fast-gaprepeat synthetic-1023-5-987654321 1023 1023 1023 1 1 1 0 0 0 0 0 0 1
FAST_CASE r11-fast-gaprepeat synthetic-1023-6-1 1023 67 67 1 1 1 0 0 0 0 0 0 1
FAST_CASE r11-fast-gaprepeat synthetic-1023-6-987654321 1023 67 67 1 1 1 0 0 0 0 0 0 1
FAST_CASE r11-fast-gaprepeat synthetic-1023-7-1 1023 59 59 1 1 1 0 0 0 0 0 0 1
FAST_CASE r11-fast-gaprepeat synthetic-1023-7-987654321 1023 59 59 1 1 1 0 0 0 0 0 0 1
FAST_CASE r11-fast-gaprepeat synthetic-16383-0-1 16383 16383 16383 1 1 1 0 0 0 0 0 0 1
FAST_CASE r11-fast-gaprepeat synthetic-16383-0-987654321 16383 16383 16383 1 1 1 0 0 0 0 0 0 1
FAST_CASE r11-fast-gaprepeat synthetic-16383-1-1 16383 171 171 1 1 1 0 0 0 0 0 0 1
FAST_CASE r11-fast-gaprepeat synthetic-16383-1-987654321 16383 171 171 1 1 1 0 0 0 0 0 0 1
FAST_CASE r11-fast-gaprepeat synthetic-16383-2-1 16383 2651 2651 1 1 1 0 0 0 0 0 0 1
FAST_CASE r11-fast-gaprepeat synthetic-16383-2-987654321 16383 2061 2061 1 1 1 0 0 0 0 0 0 1
FAST_CASE r11-fast-gaprepeat synthetic-16383-3-1 16383 16383 16383 1 1 1 0 0 0 0 0 0 1
FAST_CASE r11-fast-gaprepeat synthetic-16383-3-987654321 16383 16383 16383 1 1 1 0 0 0 0 0 0 1
FAST_CASE r11-fast-gaprepeat synthetic-16383-4-1 16383 5089 5089 1 1 1 0 0 0 0 0 0 1
FAST_CASE r11-fast-gaprepeat synthetic-16383-4-987654321 16383 4963 4963 1 1 1 0 0 0 0 0 0 1
FAST_CASE r11-fast-gaprepeat synthetic-16383-5-1 16383 16383 16383 1 1 1 0 0 0 0 0 0 1
FAST_CASE r11-fast-gaprepeat synthetic-16383-5-987654321 16383 16383 16383 1 1 1 0 0 0 0 0 0 1
FAST_CASE r11-fast-gaprepeat synthetic-16383-6-1 16383 150 150 1 1 1 0 0 0 0 0 0 1
FAST_CASE r11-fast-gaprepeat synthetic-16383-6-987654321 16383 150 150 1 1 1 0 0 0 0 0 0 1
FAST_CASE r11-fast-gaprepeat synthetic-16383-7-1 16383 135 135 1 1 1 0 0 0 0 0 0 1
FAST_CASE r11-fast-gaprepeat synthetic-16383-7-987654321 16383 135 135 1 1 1 0 0 0 0 0 0 1
FAST_CASE r11-fast-gaprepeat synthetic-16384-0-1 16384 16384 16384 1 1 1 0 0 0 0 0 0 1
FAST_CASE r11-fast-gaprepeat synthetic-16384-0-987654321 16384 16384 16384 1 1 1 0 0 0 0 0 0 1
FAST_CASE r11-fast-gaprepeat synthetic-16384-1-1 16384 172 172 1 1 1 0 0 0 0 0 0 1
FAST_CASE r11-fast-gaprepeat synthetic-16384-1-987654321 16384 172 172 1 1 1 0 0 0 0 0 0 1
FAST_CASE r11-fast-gaprepeat synthetic-16384-2-1 16384 2652 2652 1 1 1 0 0 0 0 0 0 1
FAST_CASE r11-fast-gaprepeat synthetic-16384-2-987654321 16384 2061 2061 1 1 1 0 0 0 0 0 0 1
FAST_CASE r11-fast-gaprepeat synthetic-16384-3-1 16384 16384 16384 1 1 1 0 0 0 0 0 0 1
FAST_CASE r11-fast-gaprepeat synthetic-16384-3-987654321 16384 16384 16384 1 1 1 0 0 0 0 0 0 1
FAST_CASE r11-fast-gaprepeat synthetic-16384-4-1 16384 5090 5090 1 1 1 0 0 0 0 0 0 1
FAST_CASE r11-fast-gaprepeat synthetic-16384-4-987654321 16384 4964 4964 1 1 1 0 0 0 0 0 0 1
FAST_CASE r11-fast-gaprepeat synthetic-16384-5-1 16384 16384 16384 1 1 1 0 0 0 0 0 0 1
FAST_CASE r11-fast-gaprepeat synthetic-16384-5-987654321 16384 16384 16384 1 1 1 0 0 0 0 0 0 1
FAST_CASE r11-fast-gaprepeat synthetic-16384-6-1 16384 151 151 1 1 1 0 0 0 0 0 0 1
FAST_CASE r11-fast-gaprepeat synthetic-16384-6-987654321 16384 151 151 1 1 1 0 0 0 0 0 0 1
FAST_CASE r11-fast-gaprepeat synthetic-16384-7-1 16384 118 118 1 1 1 0 0 0 0 0 0 1
FAST_CASE r11-fast-gaprepeat synthetic-16384-7-987654321 16384 118 118 1 1 1 0 0 0 0 0 0 1
FAST_CASE r11-fast-gaprepeat synthetic-16385-0-1 16385 16385 16385 1 1 1 0 0 0 0 0 0 1
FAST_CASE r11-fast-gaprepeat synthetic-16385-0-987654321 16385 16385 16385 1 1 1 0 0 0 0 0 0 1
FAST_CASE r11-fast-gaprepeat synthetic-16385-1-1 16385 173 173 1 1 1 0 0 0 0 0 0 1
FAST_CASE r11-fast-gaprepeat synthetic-16385-1-987654321 16385 173 173 1 1 1 0 0 0 0 0 0 1
FAST_CASE r11-fast-gaprepeat synthetic-16385-2-1 16385 2653 2653 1 1 1 0 0 0 0 0 0 1
FAST_CASE r11-fast-gaprepeat synthetic-16385-2-987654321 16385 2061 2061 1 1 1 0 0 0 0 0 0 1
FAST_CASE r11-fast-gaprepeat synthetic-16385-3-1 16385 16385 16385 1 1 1 0 0 0 0 0 0 1
FAST_CASE r11-fast-gaprepeat synthetic-16385-3-987654321 16385 16385 16385 1 1 1 0 0 0 0 0 0 1
FAST_CASE r11-fast-gaprepeat synthetic-16385-4-1 16385 5091 5091 1 1 1 0 0 0 0 0 0 1
FAST_CASE r11-fast-gaprepeat synthetic-16385-4-987654321 16385 4965 4965 1 1 1 0 0 0 0 0 0 1
FAST_CASE r11-fast-gaprepeat synthetic-16385-5-1 16385 16385 16385 1 1 1 0 0 0 0 0 0 1
FAST_CASE r11-fast-gaprepeat synthetic-16385-5-987654321 16385 16385 16385 1 1 1 0 0 0 0 0 0 1
FAST_CASE r11-fast-gaprepeat synthetic-16385-6-1 16385 144 144 1 1 1 0 0 0 0 0 0 1
FAST_CASE r11-fast-gaprepeat synthetic-16385-6-987654321 16385 144 144 1 1 1 0 0 0 0 0 0 1
FAST_CASE r11-fast-gaprepeat synthetic-16385-7-1 16385 118 118 1 1 1 0 0 0 0 0 0 1
FAST_CASE r11-fast-gaprepeat synthetic-16385-7-987654321 16385 118 118 1 1 1 0 0 0 0 0 0 1
FAST_CASE r11-fast-gaprepeat synthetic-32767-0-1 32767 32767 32767 1 1 1 0 0 0 0 0 0 1
FAST_CASE r11-fast-gaprepeat synthetic-32767-0-987654321 32767 32767 32767 1 1 1 0 0 0 0 0 0 1
FAST_CASE r11-fast-gaprepeat synthetic-32767-1-1 32767 250 250 1 1 1 0 0 0 0 0 0 1
FAST_CASE r11-fast-gaprepeat synthetic-32767-1-987654321 32767 250 250 1 1 1 0 0 0 0 0 0 1
FAST_CASE r11-fast-gaprepeat synthetic-32767-2-1 32767 5046 5046 1 1 1 0 0 0 0 0 0 1
FAST_CASE r11-fast-gaprepeat synthetic-32767-2-987654321 32767 4279 4279 1 1 1 0 0 0 0 0 0 1
FAST_CASE r11-fast-gaprepeat synthetic-32767-3-1 32767 32767 32767 1 1 1 0 0 0 0 0 0 1
FAST_CASE r11-fast-gaprepeat synthetic-32767-3-987654321 32767 32767 32767 1 1 1 0 0 0 0 0 0 1
FAST_CASE r11-fast-gaprepeat synthetic-32767-4-1 32767 10073 10073 1 1 1 0 0 0 0 0 0 1
FAST_CASE r11-fast-gaprepeat synthetic-32767-4-987654321 32767 9981 9981 1 1 1 0 0 0 0 0 0 1
FAST_CASE r11-fast-gaprepeat synthetic-32767-5-1 32767 32767 32767 1 1 1 0 0 0 0 0 0 1
FAST_CASE r11-fast-gaprepeat synthetic-32767-5-987654321 32767 32767 32767 1 1 1 0 0 0 0 0 0 1
FAST_CASE r11-fast-gaprepeat synthetic-32767-6-1 32767 230 230 1 1 1 0 0 0 0 0 0 1
FAST_CASE r11-fast-gaprepeat synthetic-32767-6-987654321 32767 230 230 1 1 1 0 0 0 0 0 0 1
FAST_CASE r11-fast-gaprepeat synthetic-32767-7-1 32767 192 192 1 1 1 0 0 0 0 0 0 1
FAST_CASE r11-fast-gaprepeat synthetic-32767-7-987654321 32767 192 192 1 1 1 0 0 0 0 0 0 1
FAST_CASE r11-fast-gaprepeat synthetic-32768-0-1 32768 32768 32768 1 1 1 0 0 0 0 0 0 1
FAST_CASE r11-fast-gaprepeat synthetic-32768-0-987654321 32768 32768 32768 1 1 1 0 0 0 0 0 0 1
FAST_CASE r11-fast-gaprepeat synthetic-32768-1-1 32768 251 251 1 1 1 0 0 0 0 0 0 1
FAST_CASE r11-fast-gaprepeat synthetic-32768-1-987654321 32768 251 251 1 1 1 0 0 0 0 0 0 1
FAST_CASE r11-fast-gaprepeat synthetic-32768-2-1 32768 5047 5047 1 1 1 0 0 0 0 0 0 1
FAST_CASE r11-fast-gaprepeat synthetic-32768-2-987654321 32768 4280 4280 1 1 1 0 0 0 0 0 0 1
FAST_CASE r11-fast-gaprepeat synthetic-32768-3-1 32768 32768 32768 1 1 1 0 0 0 0 0 0 1
FAST_CASE r11-fast-gaprepeat synthetic-32768-3-987654321 32768 32768 32768 1 1 1 0 0 0 0 0 0 1
FAST_CASE r11-fast-gaprepeat synthetic-32768-4-1 32768 10074 10074 1 1 1 0 0 0 0 0 0 1
FAST_CASE r11-fast-gaprepeat synthetic-32768-4-987654321 32768 9982 9982 1 1 1 0 0 0 0 0 0 1
FAST_CASE r11-fast-gaprepeat synthetic-32768-5-1 32768 32768 32768 1 1 1 0 0 0 0 0 0 1
FAST_CASE r11-fast-gaprepeat synthetic-32768-5-987654321 32768 32768 32768 1 1 1 0 0 0 0 0 0 1
FAST_CASE r11-fast-gaprepeat synthetic-32768-6-1 32768 230 230 1 1 1 0 0 0 0 0 0 1
FAST_CASE r11-fast-gaprepeat synthetic-32768-6-987654321 32768 230 230 1 1 1 0 0 0 0 0 0 1
FAST_CASE r11-fast-gaprepeat synthetic-32768-7-1 32768 193 193 1 1 1 0 0 0 0 0 0 1
FAST_CASE r11-fast-gaprepeat synthetic-32768-7-987654321 32768 193 193 1 1 1 0 0 0 0 0 0 1
FAST_CASE r11-fast-gaprepeat synthetic-32769-0-1 32769 32769 32769 1 1 1 0 0 0 0 0 0 1
FAST_CASE r11-fast-gaprepeat synthetic-32769-0-987654321 32769 32769 32769 1 1 1 0 0 0 0 0 0 1
FAST_CASE r11-fast-gaprepeat synthetic-32769-1-1 32769 252 252 1 1 1 0 0 0 0 0 0 1
FAST_CASE r11-fast-gaprepeat synthetic-32769-1-987654321 32769 252 252 1 1 1 0 0 0 0 0 0 1
FAST_CASE r11-fast-gaprepeat synthetic-32769-2-1 32769 5048 5048 1 1 1 0 0 0 0 0 0 1
FAST_CASE r11-fast-gaprepeat synthetic-32769-2-987654321 32769 4281 4281 1 1 1 0 0 0 0 0 0 1
FAST_CASE r11-fast-gaprepeat synthetic-32769-3-1 32769 32769 32769 1 1 1 0 0 0 0 0 0 1
FAST_CASE r11-fast-gaprepeat synthetic-32769-3-987654321 32769 32769 32769 1 1 1 0 0 0 0 0 0 1
FAST_CASE r11-fast-gaprepeat synthetic-32769-4-1 32769 10075 10075 1 1 1 0 0 0 0 0 0 1
FAST_CASE r11-fast-gaprepeat synthetic-32769-4-987654321 32769 9983 9983 1 1 1 0 0 0 0 0 0 1
FAST_CASE r11-fast-gaprepeat synthetic-32769-5-1 32769 32769 32769 1 1 1 0 0 0 0 0 0 1
FAST_CASE r11-fast-gaprepeat synthetic-32769-5-987654321 32769 32769 32769 1 1 1 0 0 0 0 0 0 1
FAST_CASE r11-fast-gaprepeat synthetic-32769-6-1 32769 231 231 1 1 1 0 0 0 0 0 0 1
FAST_CASE r11-fast-gaprepeat synthetic-32769-6-987654321 32769 231 231 1 1 1 0 0 0 0 0 0 1
FAST_CASE r11-fast-gaprepeat synthetic-32769-7-1 32769 194 194 1 1 1 0 0 0 0 0 0 1
FAST_CASE r11-fast-gaprepeat synthetic-32769-7-987654321 32769 194 194 1 1 1 0 0 0 0 0 0 1
FAST_CASE r11-fast-gaprepeat synthetic-65535-0-1 65535 65535 65535 1 1 1 0 0 0 0 0 0 1
FAST_CASE r11-fast-gaprepeat synthetic-65535-0-987654321 65535 65535 65535 1 1 1 0 0 0 0 0 0 1
FAST_CASE r11-fast-gaprepeat synthetic-65535-1-1 65535 379 379 1 1 1 0 0 0 0 0 0 1
FAST_CASE r11-fast-gaprepeat synthetic-65535-1-987654321 65535 379 379 1 1 1 0 0 0 0 0 0 1
FAST_CASE r11-fast-gaprepeat synthetic-65535-2-1 65535 9631 9631 1 1 1 0 0 0 0 0 0 1
FAST_CASE r11-fast-gaprepeat synthetic-65535-2-987654321 65535 8865 8865 1 1 1 0 0 0 0 0 0 1
FAST_CASE r11-fast-gaprepeat synthetic-65535-3-1 65535 65535 65535 1 1 1 0 0 0 0 0 0 1
FAST_CASE r11-fast-gaprepeat synthetic-65535-3-987654321 65535 65535 65535 1 1 1 0 0 0 0 0 0 1
FAST_CASE r11-fast-gaprepeat synthetic-65535-4-1 65535 19580 19580 1 1 1 0 0 0 0 0 0 1
FAST_CASE r11-fast-gaprepeat synthetic-65535-4-987654321 65535 19281 19281 1 1 1 0 0 0 0 0 0 1
FAST_CASE r11-fast-gaprepeat synthetic-65535-5-1 65535 65535 65535 1 1 1 0 0 0 0 0 0 1
FAST_CASE r11-fast-gaprepeat synthetic-65535-5-987654321 65535 65535 65535 1 1 1 0 0 0 0 0 0 1
FAST_CASE r11-fast-gaprepeat synthetic-65535-6-1 65535 65535 65535 1 1 1 0 0 0 0 0 0 1
FAST_CASE r11-fast-gaprepeat synthetic-65535-6-987654321 65535 65535 65535 1 1 1 0 0 0 0 0 0 1
FAST_CASE r11-fast-gaprepeat synthetic-65535-7-1 65535 321 321 1 1 1 0 0 0 0 0 0 1
FAST_CASE r11-fast-gaprepeat synthetic-65535-7-987654321 65535 321 321 1 1 1 0 0 0 0 0 0 1
FAST_CASE r11-fast-gaprepeat synthetic-65536-0-1 65536 65536 65536 1 1 1 0 0 0 0 0 0 1
FAST_CASE r11-fast-gaprepeat synthetic-65536-0-987654321 65536 65536 65536 1 1 1 0 0 0 0 0 0 1
FAST_CASE r11-fast-gaprepeat synthetic-65536-1-1 65536 380 380 1 1 1 0 0 0 0 0 0 1
FAST_CASE r11-fast-gaprepeat synthetic-65536-1-987654321 65536 380 380 1 1 1 0 0 0 0 0 0 1
FAST_CASE r11-fast-gaprepeat synthetic-65536-2-1 65536 9632 9632 1 1 1 0 0 0 0 0 0 1
FAST_CASE r11-fast-gaprepeat synthetic-65536-2-987654321 65536 8866 8866 1 1 1 0 0 0 0 0 0 1
FAST_CASE r11-fast-gaprepeat synthetic-65536-3-1 65536 65536 65536 1 1 1 0 0 0 0 0 0 1
FAST_CASE r11-fast-gaprepeat synthetic-65536-3-987654321 65536 65536 65536 1 1 1 0 0 0 0 0 0 1
FAST_CASE r11-fast-gaprepeat synthetic-65536-4-1 65536 19581 19581 1 1 1 0 0 0 0 0 0 1
FAST_CASE r11-fast-gaprepeat synthetic-65536-4-987654321 65536 19282 19282 1 1 1 0 0 0 0 0 0 1
FAST_CASE r11-fast-gaprepeat synthetic-65536-5-1 65536 65536 65536 1 1 1 0 0 0 0 0 0 1
FAST_CASE r11-fast-gaprepeat synthetic-65536-5-987654321 65536 65536 65536 1 1 1 0 0 0 0 0 0 1
FAST_CASE r11-fast-gaprepeat synthetic-65536-6-1 65536 401 401 1 1 1 0 0 0 0 0 0 1
FAST_CASE r11-fast-gaprepeat synthetic-65536-6-987654321 65536 401 401 1 1 1 0 0 0 0 0 0 1
FAST_CASE r11-fast-gaprepeat synthetic-65536-7-1 65536 322 322 1 1 1 0 0 0 0 0 0 1
FAST_CASE r11-fast-gaprepeat synthetic-65536-7-987654321 65536 322 322 1 1 1 0 0 0 0 0 0 1
FAST_CASE r11-fast-gaprepeat synthetic-65537-0-1 65537 65297 65297 1 1 1 1396 1 870 870 0 0 1
FAST_CASE r11-fast-gaprepeat synthetic-65537-0-987654321 65537 65297 65297 1 1 1 1396 1 870 870 0 0 1
FAST_CASE r11-fast-gaprepeat synthetic-65537-1-1 65537 346 345 0 1 1 306 256 11 11 4 1032 1
FAST_CASE r11-fast-gaprepeat synthetic-65537-1-987654321 65537 346 345 0 1 1 306 256 11 11 4 1032 1
FAST_CASE r11-fast-gaprepeat synthetic-65537-2-1 65537 2255 2277 0 1 1 2643 1631 202 202 15 560 1
FAST_CASE r11-fast-gaprepeat synthetic-65537-2-987654321 65537 2091 2067 0 1 1 2357 1451 170 170 8 633 1
FAST_CASE r11-fast-gaprepeat synthetic-65537-3-1 65537 36903 36903 1 1 1 0 0 0 0 0 0 1
FAST_CASE r11-fast-gaprepeat synthetic-65537-3-987654321 65537 37031 37031 1 1 1 0 0 0 0 0 0 1
FAST_CASE r11-fast-gaprepeat synthetic-65537-4-1 65537 3017 3017 1 1 1 3446 2945 84 84 0 0 1
FAST_CASE r11-fast-gaprepeat synthetic-65537-4-987654321 65537 2961 2961 1 1 1 3369 2869 71 71 0 0 1
FAST_CASE r11-fast-gaprepeat synthetic-65537-5-1 65537 65537 65537 1 1 1 0 0 0 0 0 0 1
FAST_CASE r11-fast-gaprepeat synthetic-65537-5-987654321 65537 65537 65537 1 1 1 0 0 0 0 0 0 1
FAST_CASE r11-fast-gaprepeat synthetic-65537-6-1 65537 338 338 1 1 1 323 275 0 0 0 0 1
FAST_CASE r11-fast-gaprepeat synthetic-65537-6-987654321 65537 338 338 1 1 1 323 275 0 0 0 0 1
FAST_CASE r11-fast-gaprepeat synthetic-65537-7-1 65537 307 307 0 1 1 280 253 1 1 1 258 1
FAST_CASE r11-fast-gaprepeat synthetic-65537-7-987654321 65537 307 307 0 1 1 280 253 1 1 1 258 1
FAST_CASE r11-fast-gaprepeat synthetic-98305-0-1 98305 98065 98065 1 1 1 1656 1 1130 1130 0 0 1
FAST_CASE r11-fast-gaprepeat synthetic-98305-0-987654321 98305 98065 98065 1 1 1 1656 1 1130 1130 0 0 1
FAST_CASE r11-fast-gaprepeat synthetic-98305-1-1 98305 475 474 0 1 1 435 385 11 11 4 1032 1
FAST_CASE r11-fast-gaprepeat synthetic-98305-1-987654321 98305 475 474 0 1 1 435 385 11 11 4 1032 1
FAST_CASE r11-fast-gaprepeat synthetic-98305-2-1 98305 3236 3258 0 1 1 3782 2354 261 261 15 560 1
FAST_CASE r11-fast-gaprepeat synthetic-98305-2-987654321 98305 3152 3092 0 1 1 3571 2221 244 244 8 633 1
FAST_CASE r11-fast-gaprepeat synthetic-98305-3-1 98305 55273 55273 1 1 1 0 0 0 0 0 0 1
FAST_CASE r11-fast-gaprepeat synthetic-98305-3-987654321 98305 55457 55457 1 1 1 0 0 0 0 0 0 1
FAST_CASE r11-fast-gaprepeat synthetic-98305-4-1 98305 4333 4333 1 1 1 4974 4352 94 94 0 0 1
FAST_CASE r11-fast-gaprepeat synthetic-98305-4-987654321 98305 4398 4398 1 1 1 5021 4375 82 82 0 0 1
FAST_CASE r11-fast-gaprepeat synthetic-98305-5-1 98305 98305 98305 1 1 1 0 0 0 0 0 0 1
FAST_CASE r11-fast-gaprepeat synthetic-98305-5-987654321 98305 98305 98305 1 1 1 0 0 0 0 0 0 1
FAST_CASE r11-fast-gaprepeat synthetic-98305-6-1 98305 475 475 1 1 1 460 412 0 0 0 0 1
FAST_CASE r11-fast-gaprepeat synthetic-98305-6-987654321 98305 475 475 1 1 1 460 412 0 0 0 0 1
FAST_CASE r11-fast-gaprepeat synthetic-98305-7-1 98305 434 434 0 1 1 407 380 1 1 1 258 1
FAST_CASE r11-fast-gaprepeat synthetic-98305-7-987654321 98305 434 434 0 1 1 407 380 1 1 1 258 1
FAST_CASE r11-fast-gaprepeat synthetic-131073-0-1 131073 130833 130833 1 1 1 1867 1 1341 1341 0 0 1
FAST_CASE r11-fast-gaprepeat synthetic-131073-0-987654321 131073 130833 130833 1 1 1 1867 1 1341 1341 0 0 1
FAST_CASE r11-fast-gaprepeat synthetic-131073-1-1 131073 604 603 0 1 1 564 514 11 11 4 1032 1
FAST_CASE r11-fast-gaprepeat synthetic-131073-1-987654321 131073 604 603 0 1 1 564 514 11 11 4 1032 1
FAST_CASE r11-fast-gaprepeat synthetic-131073-2-1 131073 4280 4302 0 1 1 4966 3091 332 332 15 560 1
FAST_CASE r11-fast-gaprepeat synthetic-131073-2-987654321 131073 4113 4060 0 1 1 4696 2936 310 310 8 633 1
FAST_CASE r11-fast-gaprepeat synthetic-131073-3-1 131073 73693 73693 1 1 1 0 0 0 0 0 0 1
FAST_CASE r11-fast-gaprepeat synthetic-131073-3-987654321 131073 73823 73823 1 1 1 0 0 0 0 0 0 1
FAST_CASE r11-fast-gaprepeat synthetic-131073-4-1 131073 5677 5677 1 1 1 6533 5793 114 114 0 0 1
FAST_CASE r11-fast-gaprepeat synthetic-131073-4-987654321 131073 5746 5746 1 1 1 6578 5839 91 91 0 0 1
FAST_CASE r11-fast-gaprepeat synthetic-131073-5-1 131073 131073 131073 1 1 1 0 0 0 0 0 0 1
FAST_CASE r11-fast-gaprepeat synthetic-131073-5-987654321 131073 131073 131073 1 1 1 0 0 0 0 0 0 1
FAST_CASE r11-fast-gaprepeat synthetic-131073-6-1 131073 613 613 1 1 1 599 551 0 0 0 0 1
FAST_CASE r11-fast-gaprepeat synthetic-131073-6-987654321 131073 613 613 1 1 1 599 551 0 0 0 0 1
FAST_CASE r11-fast-gaprepeat synthetic-131073-7-1 131073 561 561 0 1 1 534 507 1 1 1 258 1
FAST_CASE r11-fast-gaprepeat synthetic-131073-7-987654321 131073 561 561 0 1 1 534 507 1 1 1 258 1
