ENCODER_NATIVE 0 binary.db.bin public514 82894 50441
ENCODER_NATIVE 0 binary.db.bin public539 83172 50310
ENCODER_NATIVE 0 binary.db.bin csv18 83172 50310
ENCODER_NATIVE 0 binary.db.bin prev16base 83172 50310
ENCODER_NATIVE 0 binary.db.bin r20-539-csv-ring16k 83260 50390
ENCODER_NATIVE 1 bundle.min.js.txt public514 325697 190824
ENCODER_NATIVE 1 bundle.min.js.txt public539 321313 234325
ENCODER_NATIVE 1 bundle.min.js.txt csv18 321313 234325
ENCODER_NATIVE 1 bundle.min.js.txt prev16base 321310 234323
ENCODER_NATIVE 1 bundle.min.js.txt r20-539-csv-ring16k 321454 234388
ENCODER_NATIVE 2 catalog.xml.txt public514 69271 45579
ENCODER_NATIVE 2 catalog.xml.txt public539 69210 45349
ENCODER_NATIVE 2 catalog.xml.txt csv18 69210 45349
ENCODER_NATIVE 2 catalog.xml.txt prev16base 69210 45349
ENCODER_NATIVE 2 catalog.xml.txt r20-539-csv-ring16k 69240 45350
ENCODER_NATIVE 3 compressed.bin public514 300095 300000
ENCODER_NATIVE 3 compressed.bin public539 300095 300000
ENCODER_NATIVE 3 compressed.bin csv18 300095 300000
ENCODER_NATIVE 3 compressed.bin prev16base 300095 300000
ENCODER_NATIVE 3 compressed.bin r20-539-csv-ring16k 300095 300000
ENCODER_NATIVE 4 config.yaml.txt public514 90556 59218
ENCODER_NATIVE 4 config.yaml.txt public539 90556 59218
ENCODER_NATIVE 4 config.yaml.txt csv18 90556 59218
ENCODER_NATIVE 4 config.yaml.txt prev16base 90556 59218
ENCODER_NATIVE 4 config.yaml.txt r20-539-csv-ring16k 90597 59248
ENCODER_NATIVE 5 docs.md.txt public514 243632 157463
ENCODER_NATIVE 5 docs.md.txt public539 243356 156979
ENCODER_NATIVE 5 docs.md.txt csv18 243356 156979
ENCODER_NATIVE 5 docs.md.txt prev16base 243356 156979
ENCODER_NATIVE 5 docs.md.txt r20-539-csv-ring16k 243537 157121
ENCODER_NATIVE 6 dump.sql.txt public514 19941 15151
ENCODER_NATIVE 6 dump.sql.txt public539 19948 15161
ENCODER_NATIVE 6 dump.sql.txt csv18 19948 15161
ENCODER_NATIVE 6 dump.sql.txt prev16base 19948 15161
ENCODER_NATIVE 6 dump.sql.txt r20-539-csv-ring16k 19948 15161
ENCODER_NATIVE 7 genome.fasta public514 283718 176189
ENCODER_NATIVE 7 genome.fasta public539 283718 176189
ENCODER_NATIVE 7 genome.fasta csv18 283718 176189
ENCODER_NATIVE 7 genome.fasta prev16base 283718 176189
ENCODER_NATIVE 7 genome.fasta r20-539-csv-ring16k 283718 176189
ENCODER_NATIVE 8 images.bin public514 229171 226885
ENCODER_NATIVE 8 images.bin public539 229936 227971
ENCODER_NATIVE 8 images.bin csv18 229936 227971
ENCODER_NATIVE 8 images.bin prev16base 229936 227971
ENCODER_NATIVE 8 images.bin r20-539-csv-ring16k 229936 227971
ENCODER_NATIVE 9 lean.txt public514 264653 161293
ENCODER_NATIVE 9 lean.txt public539 257487 155571
ENCODER_NATIVE 9 lean.txt csv18 257487 155571
ENCODER_NATIVE 9 lean.txt prev16base 257487 155571
ENCODER_NATIVE 9 lean.txt r20-539-csv-ring16k 257629 155641
ENCODER_NATIVE 10 machine-code.bin public514 171918 122482
ENCODER_NATIVE 10 machine-code.bin public539 172126 123006
ENCODER_NATIVE 10 machine-code.bin csv18 172126 123006
ENCODER_NATIVE 10 machine-code.bin prev16base 172126 123006
ENCODER_NATIVE 10 machine-code.bin r20-539-csv-ring16k 172271 123112
ENCODER_NATIVE 11 metrics.csv.txt public514 284703 220653
ENCODER_NATIVE 11 metrics.csv.txt public539 310291 164946
ENCODER_NATIVE 11 metrics.csv.txt csv18 284703 220653
ENCODER_NATIVE 11 metrics.csv.txt prev16base 284703 220653
ENCODER_NATIVE 11 metrics.csv.txt r20-539-csv-ring16k 284703 220653
ENCODER_NATIVE 12 multibyte.txt public514 292855 196725
ENCODER_NATIVE 12 multibyte.txt public539 292468 196100
ENCODER_NATIVE 12 multibyte.txt csv18 292468 196100
ENCODER_NATIVE 12 multibyte.txt prev16base 292468 196100
ENCODER_NATIVE 12 multibyte.txt r20-539-csv-ring16k 292962 196381
ENCODER_NATIVE 13 page.html.txt public514 111342 75088
ENCODER_NATIVE 13 page.html.txt public539 111258 74827
ENCODER_NATIVE 13 page.html.txt csv18 111258 74827
ENCODER_NATIVE 13 page.html.txt prev16base 111258 74827
ENCODER_NATIVE 13 page.html.txt r20-539-csv-ring16k 111323 74842
ENCODER_NATIVE 14 prose.txt public514 620035 365040
ENCODER_NATIVE 14 prose.txt public539 604061 347914
ENCODER_NATIVE 14 prose.txt csv18 604061 347914
ENCODER_NATIVE 14 prose.txt prev16base 604061 347914
ENCODER_NATIVE 14 prose.txt r20-539-csv-ring16k 604061 347914
ENCODER_NATIVE 15 records.json.txt public514 75503 78317
ENCODER_NATIVE 15 records.json.txt public539 75503 78317
ENCODER_NATIVE 15 records.json.txt csv18 75503 78317
ENCODER_NATIVE 15 records.json.txt prev16base 75503 78317
ENCODER_NATIVE 15 records.json.txt r20-539-csv-ring16k 75524 78326
ENCODER_NATIVE 16 server.log public514 29230 23582
ENCODER_NATIVE 16 server.log public539 29343 24029
ENCODER_NATIVE 16 server.log csv18 29343 24029
ENCODER_NATIVE 16 server.log prev16base 29343 24029
ENCODER_NATIVE 16 server.log r20-539-csv-ring16k 29343 24029
ENCODER_NATIVE 17 source.c.txt public514 380012 235866
ENCODER_NATIVE 17 source.c.txt public539 379921 235645
ENCODER_NATIVE 17 source.c.txt csv18 379921 235645
ENCODER_NATIVE 17 source.c.txt prev16base 379921 235645
ENCODER_NATIVE 17 source.c.txt r20-539-csv-ring16k 380211 235831
ENCODER_NATIVE 18 source.py.txt public514 141452 88808
ENCODER_NATIVE 18 source.py.txt public539 141417 88665
ENCODER_NATIVE 18 source.py.txt csv18 141417 88665
ENCODER_NATIVE 18 source.py.txt prev16base 141417 88665
ENCODER_NATIVE 18 source.py.txt r20-539-csv-ring16k 141499 88723
ENCODER_NATIVE 19 source.rs.txt public514 144447 88318
ENCODER_NATIVE 19 source.rs.txt public539 144386 88175
ENCODER_NATIVE 19 source.rs.txt csv18 144386 88175
ENCODER_NATIVE 19 source.rs.txt prev16base 144386 88175
ENCODER_NATIVE 19 source.rs.txt r20-539-csv-ring16k 144478 88248
ENCODER_NATIVE 20 sourcemap.map.txt public514 75873 48664
ENCODER_NATIVE 20 sourcemap.map.txt public539 75873 48664
ENCODER_NATIVE 20 sourcemap.map.txt csv18 75873 48664
ENCODER_NATIVE 20 sourcemap.map.txt prev16base 75873 48664
ENCODER_NATIVE 20 sourcemap.map.txt r20-539-csv-ring16k 75920 48703
ENCODER_NATIVE 21 sparse.bin public514 1270 1458
ENCODER_NATIVE 21 sparse.bin public539 1270 1458
ENCODER_NATIVE 21 sparse.bin csv18 1270 1458
ENCODER_NATIVE 21 sparse.bin prev16base 1270 1458
ENCODER_NATIVE 21 sparse.bin r20-539-csv-ring16k 1270 1458
ENCODER_NATIVE 22 tiny-app.log public514 1270 998
ENCODER_NATIVE 22 tiny-app.log public539 1214 976
ENCODER_NATIVE 22 tiny-app.log csv18 1214 976
ENCODER_NATIVE 22 tiny-app.log prev16base 1214 976
ENCODER_NATIVE 22 tiny-app.log r20-539-csv-ring16k 1214 976
ENCODER_NATIVE 23 tiny-config.json.txt public514 2487 3094
ENCODER_NATIVE 23 tiny-config.json.txt public539 2487 3094
ENCODER_NATIVE 23 tiny-config.json.txt csv18 2487 3094
ENCODER_NATIVE 23 tiny-config.json.txt prev16base 2487 3094
ENCODER_NATIVE 23 tiny-config.json.txt r20-539-csv-ring16k 2487 3094
ENCODER_NATIVE 24 weights-bf16.bin public514 365611 265242
ENCODER_NATIVE 24 weights-bf16.bin public539 365611 265242
ENCODER_NATIVE 24 weights-bf16.bin csv18 365611 265242
ENCODER_NATIVE 24 weights-bf16.bin prev16base 365611 265242
ENCODER_NATIVE 24 weights-bf16.bin r20-539-csv-ring16k 365611 265242
ENCODER_NATIVE 25 weights-f16.bin public514 212660 250000
ENCODER_NATIVE 25 weights-f16.bin public539 212660 250000
ENCODER_NATIVE 25 weights-f16.bin csv18 212660 250000
ENCODER_NATIVE 25 weights-f16.bin prev16base 212660 250000
ENCODER_NATIVE 25 weights-f16.bin r20-539-csv-ring16k 212660 250000
ENCODER_NATIVE 26 weights-f32.bin public514 284138 285782
ENCODER_NATIVE 26 weights-f32.bin public539 284138 285782
ENCODER_NATIVE 26 weights-f32.bin csv18 284138 285782
ENCODER_NATIVE 26 weights-f32.bin prev16base 284138 285782
ENCODER_NATIVE 26 weights-f32.bin r20-539-csv-ring16k 284138 285782
ENCODER_NATIVE 27 weights-q8.bin public514 235572 250000
ENCODER_NATIVE 27 weights-q8.bin public539 235572 250000
ENCODER_NATIVE 27 weights-q8.bin csv18 235572 250000
ENCODER_NATIVE 27 weights-q8.bin prev16base 235572 250000
ENCODER_NATIVE 27 weights-q8.bin r20-539-csv-ring16k 235572 250000
