ENCODER_NATIVE 0 binary.db.bin public514 82894 50441
ENCODER_NATIVE 0 binary.db.bin r15-550-base-only 70986 47568
ENCODER_NATIVE 0 binary.db.bin r15-550-base-range4 70986 47568
ENCODER_NATIVE 1 bundle.min.js.txt public514 325697 190824
ENCODER_NATIVE 1 bundle.min.js.txt r15-550-base-only 287432 200874
ENCODER_NATIVE 1 bundle.min.js.txt r15-550-base-range4 287432 200874
ENCODER_NATIVE 2 catalog.xml.txt public514 69271 45579
ENCODER_NATIVE 2 catalog.xml.txt r15-550-base-only 58178 39115
ENCODER_NATIVE 2 catalog.xml.txt r15-550-base-range4 58178 39115
ENCODER_NATIVE 3 compressed.bin public514 300095 300000
ENCODER_NATIVE 3 compressed.bin r15-550-base-only 299566 298884
ENCODER_NATIVE 3 compressed.bin r15-550-base-range4 299566 298884
ENCODER_NATIVE 4 config.yaml.txt public514 90556 59218
ENCODER_NATIVE 4 config.yaml.txt r15-550-base-only 81026 49938
ENCODER_NATIVE 4 config.yaml.txt r15-550-base-range4 81026 49938
ENCODER_NATIVE 5 docs.md.txt public514 243632 157463
ENCODER_NATIVE 5 docs.md.txt r15-550-base-only 215527 126923
ENCODER_NATIVE 5 docs.md.txt r15-550-base-range4 215527 126923
ENCODER_NATIVE 6 dump.sql.txt public514 19941 15151
ENCODER_NATIVE 6 dump.sql.txt r15-550-base-only 16407 17632
ENCODER_NATIVE 6 dump.sql.txt r15-550-base-range4 16407 17632
ENCODER_NATIVE 7 genome.fasta public514 283718 176189
ENCODER_NATIVE 7 genome.fasta r15-550-base-only 256489 589207
ENCODER_NATIVE 7 genome.fasta r15-550-base-range4 256489 589207
ENCODER_NATIVE 8 images.bin public514 229171 226885
ENCODER_NATIVE 8 images.bin r15-550-base-only 223467 214959
ENCODER_NATIVE 8 images.bin r15-550-base-range4 223467 214959
ENCODER_NATIVE 9 lean.txt public514 264653 161293
ENCODER_NATIVE 9 lean.txt r15-550-base-only 222926 124023
ENCODER_NATIVE 9 lean.txt r15-550-base-range4 222926 124023
ENCODER_NATIVE 10 machine-code.bin public514 171918 122482
ENCODER_NATIVE 10 machine-code.bin r15-550-base-only 158779 125874
ENCODER_NATIVE 10 machine-code.bin r15-550-base-range4 158779 125874
ENCODER_NATIVE 11 metrics.csv.txt public514 284703 220653
ENCODER_NATIVE 11 metrics.csv.txt r15-550-base-only 251663 231566
ENCODER_NATIVE 11 metrics.csv.txt r15-550-base-range4 251663 231566
ENCODER_NATIVE 12 multibyte.txt public514 292855 196725
ENCODER_NATIVE 12 multibyte.txt r15-550-base-only 254352 153046
ENCODER_NATIVE 12 multibyte.txt r15-550-base-range4 254352 153046
ENCODER_NATIVE 13 page.html.txt public514 111342 75088
ENCODER_NATIVE 13 page.html.txt r15-550-base-only 99009 63652
ENCODER_NATIVE 13 page.html.txt r15-550-base-range4 99009 63652
ENCODER_NATIVE 14 prose.txt public514 620035 365040
ENCODER_NATIVE 14 prose.txt r15-550-base-only 540942 305368
ENCODER_NATIVE 14 prose.txt r15-550-base-range4 540942 305368
ENCODER_NATIVE 15 records.json.txt public514 75503 78317
ENCODER_NATIVE 15 records.json.txt r15-550-base-only 69148 74021
ENCODER_NATIVE 15 records.json.txt r15-550-base-range4 69148 74021
ENCODER_NATIVE 16 server.log public514 29230 23582
ENCODER_NATIVE 16 server.log r15-550-base-only 25851 23213
ENCODER_NATIVE 16 server.log r15-550-base-range4 25851 23213
ENCODER_NATIVE 17 source.c.txt public514 380012 235866
ENCODER_NATIVE 17 source.c.txt r15-550-base-only 333263 188704
ENCODER_NATIVE 17 source.c.txt r15-550-base-range4 333263 188704
ENCODER_NATIVE 18 source.py.txt public514 141452 88808
ENCODER_NATIVE 18 source.py.txt r15-550-base-only 125172 73240
ENCODER_NATIVE 18 source.py.txt r15-550-base-range4 125172 73240
ENCODER_NATIVE 19 source.rs.txt public514 144447 88318
ENCODER_NATIVE 19 source.rs.txt r15-550-base-only 125980 73343
ENCODER_NATIVE 19 source.rs.txt r15-550-base-range4 125980 73343
ENCODER_NATIVE 20 sourcemap.map.txt public514 75873 48664
ENCODER_NATIVE 20 sourcemap.map.txt r15-550-base-only 64440 40402
ENCODER_NATIVE 20 sourcemap.map.txt r15-550-base-range4 64440 40402
ENCODER_NATIVE 21 sparse.bin public514 1270 1458
ENCODER_NATIVE 21 sparse.bin r15-550-base-only 1193 1242
ENCODER_NATIVE 21 sparse.bin r15-550-base-range4 1193 1242
ENCODER_NATIVE 22 tiny-app.log public514 1270 998
ENCODER_NATIVE 22 tiny-app.log r15-550-base-only 845 613
ENCODER_NATIVE 22 tiny-app.log r15-550-base-range4 845 613
ENCODER_NATIVE 23 tiny-config.json.txt public514 2487 3094
ENCODER_NATIVE 23 tiny-config.json.txt r15-550-base-only 2077 2109
ENCODER_NATIVE 23 tiny-config.json.txt r15-550-base-range4 2077 2109
ENCODER_NATIVE 24 weights-bf16.bin public514 365611 265242
ENCODER_NATIVE 24 weights-bf16.bin r15-550-base-only 353965 438343
ENCODER_NATIVE 24 weights-bf16.bin r15-550-base-range4 353965 438343
ENCODER_NATIVE 25 weights-f16.bin public514 212660 250000
ENCODER_NATIVE 25 weights-f16.bin r15-550-base-only 212660 250000
ENCODER_NATIVE 25 weights-f16.bin r15-550-base-range4 212660 250000
ENCODER_NATIVE 26 weights-f32.bin public514 284138 285782
ENCODER_NATIVE 26 weights-f32.bin r15-550-base-only 278988 284300
ENCODER_NATIVE 26 weights-f32.bin r15-550-base-range4 278988 284300
ENCODER_NATIVE 27 weights-q8.bin public514 235572 250000
ENCODER_NATIVE 27 weights-q8.bin r15-550-base-only 235572 250000
ENCODER_NATIVE 27 weights-q8.bin r15-550-base-range4 235572 250000
