ENCODER_NATIVE 0 binary.db.bin public514 82894 50441
ENCODER_NATIVE 0 binary.db.bin r13-514-ef32-aux4 82894 50441
ENCODER_NATIVE 0 binary.db.bin r13-514-ef32-aux4-gain 82894 50441
ENCODER_NATIVE 0 binary.db.bin r13-514-ef32-aux4-seven 82894 50441
ENCODER_NATIVE 1 bundle.min.js.txt public514 325697 190824
ENCODER_NATIVE 1 bundle.min.js.txt r13-514-ef32-aux4 325697 190824
ENCODER_NATIVE 1 bundle.min.js.txt r13-514-ef32-aux4-gain 325697 190824
ENCODER_NATIVE 1 bundle.min.js.txt r13-514-ef32-aux4-seven 325697 190824
ENCODER_NATIVE 2 catalog.xml.txt public514 69271 45579
ENCODER_NATIVE 2 catalog.xml.txt r13-514-ef32-aux4 69271 45579
ENCODER_NATIVE 2 catalog.xml.txt r13-514-ef32-aux4-gain 69271 45579
ENCODER_NATIVE 2 catalog.xml.txt r13-514-ef32-aux4-seven 69271 45579
ENCODER_NATIVE 3 compressed.bin public514 300095 300000
ENCODER_NATIVE 3 compressed.bin r13-514-ef32-aux4 300095 300000
ENCODER_NATIVE 3 compressed.bin r13-514-ef32-aux4-gain 300095 300000
ENCODER_NATIVE 3 compressed.bin r13-514-ef32-aux4-seven 300095 300000
ENCODER_NATIVE 4 config.yaml.txt public514 90556 59218
ENCODER_NATIVE 4 config.yaml.txt r13-514-ef32-aux4 90556 59218
ENCODER_NATIVE 4 config.yaml.txt r13-514-ef32-aux4-gain 90556 59218
ENCODER_NATIVE 4 config.yaml.txt r13-514-ef32-aux4-seven 90556 59218
ENCODER_NATIVE 5 docs.md.txt public514 243632 157463
ENCODER_NATIVE 5 docs.md.txt r13-514-ef32-aux4 243632 157463
ENCODER_NATIVE 5 docs.md.txt r13-514-ef32-aux4-gain 243632 157463
ENCODER_NATIVE 5 docs.md.txt r13-514-ef32-aux4-seven 243632 157463
ENCODER_NATIVE 6 dump.sql.txt public514 19941 15151
ENCODER_NATIVE 6 dump.sql.txt r13-514-ef32-aux4 19941 15151
ENCODER_NATIVE 6 dump.sql.txt r13-514-ef32-aux4-gain 19941 15151
ENCODER_NATIVE 6 dump.sql.txt r13-514-ef32-aux4-seven 19941 15151
ENCODER_NATIVE 7 genome.fasta public514 283718 176189
ENCODER_NATIVE 7 genome.fasta r13-514-ef32-aux4 283718 176189
ENCODER_NATIVE 7 genome.fasta r13-514-ef32-aux4-gain 283718 176189
ENCODER_NATIVE 7 genome.fasta r13-514-ef32-aux4-seven 283718 176189
ENCODER_NATIVE 8 images.bin public514 229171 226885
ENCODER_NATIVE 8 images.bin r13-514-ef32-aux4 229171 226885
ENCODER_NATIVE 8 images.bin r13-514-ef32-aux4-gain 229171 226885
ENCODER_NATIVE 8 images.bin r13-514-ef32-aux4-seven 229171 226885
ENCODER_NATIVE 9 lean.txt public514 264653 161293
ENCODER_NATIVE 9 lean.txt r13-514-ef32-aux4 264653 161293
ENCODER_NATIVE 9 lean.txt r13-514-ef32-aux4-gain 264653 161293
ENCODER_NATIVE 9 lean.txt r13-514-ef32-aux4-seven 264653 161293
ENCODER_NATIVE 10 machine-code.bin public514 171918 122482
ENCODER_NATIVE 10 machine-code.bin r13-514-ef32-aux4 171918 122482
ENCODER_NATIVE 10 machine-code.bin r13-514-ef32-aux4-gain 171918 122482
ENCODER_NATIVE 10 machine-code.bin r13-514-ef32-aux4-seven 171918 122482
ENCODER_NATIVE 11 metrics.csv.txt public514 284703 220653
ENCODER_NATIVE 11 metrics.csv.txt r13-514-ef32-aux4 284703 220653
ENCODER_NATIVE 11 metrics.csv.txt r13-514-ef32-aux4-gain 284703 220653
ENCODER_NATIVE 11 metrics.csv.txt r13-514-ef32-aux4-seven 284703 220653
ENCODER_NATIVE 12 multibyte.txt public514 292855 196725
ENCODER_NATIVE 12 multibyte.txt r13-514-ef32-aux4 292855 196725
ENCODER_NATIVE 12 multibyte.txt r13-514-ef32-aux4-gain 292855 196725
ENCODER_NATIVE 12 multibyte.txt r13-514-ef32-aux4-seven 292855 196725
ENCODER_NATIVE 13 page.html.txt public514 111342 75088
ENCODER_NATIVE 13 page.html.txt r13-514-ef32-aux4 111342 75088
ENCODER_NATIVE 13 page.html.txt r13-514-ef32-aux4-gain 111342 75088
ENCODER_NATIVE 13 page.html.txt r13-514-ef32-aux4-seven 111342 75088
ENCODER_NATIVE 14 prose.txt public514 620035 365040
ENCODER_NATIVE 14 prose.txt r13-514-ef32-aux4 620035 365040
ENCODER_NATIVE 14 prose.txt r13-514-ef32-aux4-gain 620035 365040
ENCODER_NATIVE 14 prose.txt r13-514-ef32-aux4-seven 620035 365040
ENCODER_NATIVE 15 records.json.txt public514 75503 78317
ENCODER_NATIVE 15 records.json.txt r13-514-ef32-aux4 75503 78317
ENCODER_NATIVE 15 records.json.txt r13-514-ef32-aux4-gain 75503 78317
ENCODER_NATIVE 15 records.json.txt r13-514-ef32-aux4-seven 75503 78317
ENCODER_NATIVE 16 server.log public514 29230 23582
ENCODER_NATIVE 16 server.log r13-514-ef32-aux4 29230 23582
ENCODER_NATIVE 16 server.log r13-514-ef32-aux4-gain 29230 23582
ENCODER_NATIVE 16 server.log r13-514-ef32-aux4-seven 29230 23582
ENCODER_NATIVE 17 source.c.txt public514 380012 235866
ENCODER_NATIVE 17 source.c.txt r13-514-ef32-aux4 380012 235866
ENCODER_NATIVE 17 source.c.txt r13-514-ef32-aux4-gain 380012 235866
ENCODER_NATIVE 17 source.c.txt r13-514-ef32-aux4-seven 380012 235866
ENCODER_NATIVE 18 source.py.txt public514 141452 88808
ENCODER_NATIVE 18 source.py.txt r13-514-ef32-aux4 141452 88808
ENCODER_NATIVE 18 source.py.txt r13-514-ef32-aux4-gain 141452 88808
ENCODER_NATIVE 18 source.py.txt r13-514-ef32-aux4-seven 141452 88808
ENCODER_NATIVE 19 source.rs.txt public514 144447 88318
ENCODER_NATIVE 19 source.rs.txt r13-514-ef32-aux4 144447 88318
ENCODER_NATIVE 19 source.rs.txt r13-514-ef32-aux4-gain 144447 88318
ENCODER_NATIVE 19 source.rs.txt r13-514-ef32-aux4-seven 144447 88318
ENCODER_NATIVE 20 sourcemap.map.txt public514 75873 48664
ENCODER_NATIVE 20 sourcemap.map.txt r13-514-ef32-aux4 75873 48664
ENCODER_NATIVE 20 sourcemap.map.txt r13-514-ef32-aux4-gain 75873 48664
ENCODER_NATIVE 20 sourcemap.map.txt r13-514-ef32-aux4-seven 75873 48664
ENCODER_NATIVE 21 sparse.bin public514 1270 1458
ENCODER_NATIVE 21 sparse.bin r13-514-ef32-aux4 1270 1458
ENCODER_NATIVE 21 sparse.bin r13-514-ef32-aux4-gain 1270 1458
ENCODER_NATIVE 21 sparse.bin r13-514-ef32-aux4-seven 1270 1458
ENCODER_NATIVE 22 tiny-app.log public514 1270 998
ENCODER_NATIVE 22 tiny-app.log r13-514-ef32-aux4 1270 998
ENCODER_NATIVE 22 tiny-app.log r13-514-ef32-aux4-gain 1270 998
ENCODER_NATIVE 22 tiny-app.log r13-514-ef32-aux4-seven 1270 998
ENCODER_NATIVE 23 tiny-config.json.txt public514 2487 3094
ENCODER_NATIVE 23 tiny-config.json.txt r13-514-ef32-aux4 2487 3094
ENCODER_NATIVE 23 tiny-config.json.txt r13-514-ef32-aux4-gain 2487 3094
ENCODER_NATIVE 23 tiny-config.json.txt r13-514-ef32-aux4-seven 2487 3094
ENCODER_NATIVE 24 weights-bf16.bin public514 365611 265242
ENCODER_NATIVE 24 weights-bf16.bin r13-514-ef32-aux4 365611 265242
ENCODER_NATIVE 24 weights-bf16.bin r13-514-ef32-aux4-gain 365611 265242
ENCODER_NATIVE 24 weights-bf16.bin r13-514-ef32-aux4-seven 365611 265242
ENCODER_NATIVE 25 weights-f16.bin public514 212660 250000
ENCODER_NATIVE 25 weights-f16.bin r13-514-ef32-aux4 212660 250000
ENCODER_NATIVE 25 weights-f16.bin r13-514-ef32-aux4-gain 212660 250000
ENCODER_NATIVE 25 weights-f16.bin r13-514-ef32-aux4-seven 212660 250000
ENCODER_NATIVE 26 weights-f32.bin public514 284138 285782
ENCODER_NATIVE 26 weights-f32.bin r13-514-ef32-aux4 287623 274567
ENCODER_NATIVE 26 weights-f32.bin r13-514-ef32-aux4-gain 285752 281367
ENCODER_NATIVE 26 weights-f32.bin r13-514-ef32-aux4-seven 283921 285124
ENCODER_NATIVE 27 weights-q8.bin public514 235572 250000
ENCODER_NATIVE 27 weights-q8.bin r13-514-ef32-aux4 235572 250000
ENCODER_NATIVE 27 weights-q8.bin r13-514-ef32-aux4-gain 235572 250000
ENCODER_NATIVE 27 weights-q8.bin r13-514-ef32-aux4-seven 235572 250000
