[32m2026-10-06 21:27:10.573[0m | [34m[1mDEBUG   [0m | [36m__main__[0m:[36mmain[0m:[36m649[0m - [34m[1m[gate] benchmark sandbox: bwrap, 300s, 2048 MB, cpus=any[0m
[32m2026-10-06 21:27:10.576[0m | [34m[1mDEBUG   [0m | [36m__main__[0m:[36mstage_intake[0m:[36m261[0m - [34m[1m[gate] parse.rs 8589dc90cd895e84 -> slot/generated/parse.rs[0m
[32m2026-10-06 21:27:10.576[0m | [34m[1mDEBUG   [0m | [36m__main__[0m:[36mstage_intake[0m:[36m261[0m - [34m[1m[gate] Parse.lean 01c6b293c60336e8 -> lean/Proof/Parse.lean[0m
[32m2026-10-06 21:27:10.661[0m | [34m[1mDEBUG   [0m | [36msandbox.bwrap[0m:[36mrun[0m:[36m110[0m - [34m[1m[bwrap] rustup exit=0 in 0.0s[0m
[32m2026-10-06 21:27:11.294[0m | [34m[1mDEBUG   [0m | [36msandbox.bwrap[0m:[36mrun[0m:[36m110[0m - [34m[1m[bwrap] extract.sh exit=0 in 0.6s[0m
[32m2026-10-06 21:27:29.748[0m | [34m[1mDEBUG   [0m | [36msandbox.bwrap[0m:[36mrun[0m:[36m110[0m - [34m[1m[bwrap] extract.sh exit=0 in 18.0s[0m
[32m2026-10-06 21:27:29.749[0m | [34m[1mDEBUG   [0m | [36m__main__[0m:[36mstage_extract[0m:[36m356[0m - [34m[1m[gate] extracted Types.lean 276d4089d337e0d7, Funs.lean dcf2d8211ce2c4f4, Constants.lean 8d267c4d89a1379b[0m
[32m2026-10-06 21:27:31.789[0m | [34m[1mDEBUG   [0m | [36msandbox.bwrap[0m:[36mrun[0m:[36m110[0m - [34m[1m[bwrap] lake exit=0 in 2.0s[0m
[32m2026-10-06 21:28:02.157[0m | [34m[1mDEBUG   [0m | [36msandbox.bwrap[0m:[36mrun[0m:[36m110[0m - [34m[1m[bwrap] lake exit=0 in 30.4s[0m
[32m2026-10-06 21:32:23.903[0m | [34m[1mDEBUG   [0m | [36msandbox.bwrap[0m:[36mrun[0m:[36m110[0m - [34m[1m[bwrap] lake exit=1 in 261.7s[0m
[32m2026-10-06 21:32:23.905[0m | [1mINFO    [0m | [36m__main__[0m:[36mfail[0m:[36m116[0m - [1m[gate] rejected at stage 4 (statement)[0m
verifying /home/runner/work/_temp/round4-receipts/input-r4-cpu-directemit-wrap
workspace: /home/runner/work/_temp/deflate-upstream/data/verification-workspace/verify-cngag3j7

0 intake      ok — input-r4-cpu-directemit-wrap: parse.rs, Parse.lean
1 policy      ok — source prefilters passed
2 static      ok — resolved operations: alloc::alloc::Global::{impl}::drop_glue, alloc::vec::Vec::{impl}::drop_glue, alloc::vec::{impl}::deref, alloc::vec::{impl}::len, alloc::vec::{impl}::push, alloc::vec::{impl}::with_capacity, core::num::{impl}::leading_zeros, core::num::{impl}::saturating_add, core::num::{impl}::saturating_sub, core::num::{impl}::wrapping_add, core::num::{impl}::wrapping_mul, core::num::{impl}::wrapping_sub, core::slice::{impl}::len
3 extract     ok — charon+aeneas re-run by the verifier, no new axioms

REJECTED at stage 4 (statement)
  usedTactic false`
Proof/Parse.lean:3893:51: warning: this tactic is never executed

Note: This linter can be disabled with `set_option linter.unreachableTactic false`
Proof/Parse.lean:3930:6: warning: 'scalar_tac' tactic does nothing

Note: This linter can be disabled with `set_option linter.unusedTactic false`
Proof/Parse.lean:3931:6: warning: '(refine ⟨by assumption, by scalar_tac, by scalar_tac⟩)' tactic does nothing

Note: This linter can be disabled with `set_option linter.unusedTactic false`
Proof/Parse.lean:3930:6: warning: this tactic is never executed

Note: This linter can be disabled with `set_option linter.unreachableTactic false`
Proof/Parse.lean:3931:6: warning: this tactic is never executed

Note: This linter can be disabled with `set_option linter.unreachableTactic false`
Proof/Parse.lean:4094:35: warning: 'scalar_tac' tactic does nothing

Note: This linter can be disabled with `set_option linter.unusedTactic false`
Proof/Parse.lean:4094:50: warning: 'scalar_tac' tactic does nothing

Note: This linter can be disabled with `set_option linter.unusedTactic false`
Proof/Parse.lean:4094:35: warning: this tactic is never executed

Note: This linter can be disabled with `set_option linter.unreachableTactic false`
Proof/Parse.lean:4094:50: warning: this tactic is never executed

Note: This linter can be disabled with `set_option linter.unreachableTactic false`
Proof/Parse.lean:4138:4: warning: 'all_goals scalar_tac' tactic does nothing

Note: This linter can be disabled with `set_option linter.unusedTactic false`
Proof/Parse.lean:4138:14: warning: this tactic is never executed

Note: This linter can be disabled with `set_option linter.unreachableTactic false`
Proof/Parse.lean:4275:4: warning: 'all_goals scalar_tac' tactic does nothing

Note: This linter can be disabled with `set_option linter.unusedTactic false`
Proof/Parse.lean:4275:14: warning: this tactic is never executed

Note: This linter can be disabled with `set_option linter.unreachableTactic false`
