TOKEN_CHANGE r15-hash32-chain-gain r14-514-hash32 binary.db.bin
TOKEN_CHANGE r15-hash32-chain-gain r14-514-hash32 bundle.min.js.txt
TOKEN_CHANGE r15-hash32-chain-gain r14-514-hash32 catalog.xml.txt
TOKEN_CHANGE r15-hash32-chain-depth2 r14-514-hash32 catalog.xml.txt
TOKEN_CHANGE r15-hash32-chain-gain r14-514-hash32 config.yaml.txt
TOKEN_CHANGE r15-hash32-chain-depth2 r14-514-hash32 config.yaml.txt
TOKEN_CHANGE r15-hash32-chain-gain r14-514-hash32 docs.md.txt
TOKEN_CHANGE r15-hash32-chain-depth2 r14-514-hash32 docs.md.txt
TOKEN_CHANGE r15-hash32-chain-gain r14-514-hash32 machine-code.bin
TOKEN_CHANGE r15-hash32-chain-gain r14-514-hash32 multibyte.txt
TOKEN_CHANGE r15-hash32-chain-depth2 r14-514-hash32 multibyte.txt
TOKEN_CHANGE r15-hash32-chain-gain r14-514-hash32 page.html.txt
TOKEN_CHANGE r15-hash32-chain-depth2 r14-514-hash32 page.html.txt
TOKEN_CHANGE r15-hash32-chain-gain r14-514-hash32 prose.txt
TOKEN_CHANGE r15-hash32-chain-depth2 r14-514-hash32 prose.txt
TOKEN_CHANGE r15-hash32-chain-gain r14-514-hash32 records.json.txt
TOKEN_CHANGE r15-hash32-chain-depth2 r14-514-hash32 records.json.txt
TOKEN_CHANGE r15-hash32-chain-gain r14-514-hash32 source.c.txt
TOKEN_CHANGE r15-hash32-chain-depth2 r14-514-hash32 source.c.txt
TOKEN_CHANGE r15-hash32-chain-gain r14-514-hash32 source.py.txt
TOKEN_CHANGE r15-hash32-chain-depth2 r14-514-hash32 source.py.txt
TOKEN_CHANGE r15-hash32-chain-gain r14-514-hash32 source.rs.txt
TOKEN_CHANGE r15-hash32-chain-depth2 r14-514-hash32 source.rs.txt
TOKEN_CHANGE r15-hash32-chain-gain r14-514-hash32 sourcemap.map.txt
TOKEN_CHANGE r15-hash32-chain-depth2 r14-514-hash32 sourcemap.map.txt
EQUIVALENCE_RESULT r15-hash32-chain-gain r14-514-hash32 540 0
EQUIVALENCE_RESULT r15-hash32-chain-depth2 r14-514-hash32 540 0
