TOKEN_CHANGE r18-361-rf-text public361 bundle.min.js.txt
TOKEN_CHANGE r18-361-rf-text public361 catalog.xml.txt
TOKEN_CHANGE r18-361-rf-text public361 config.yaml.txt
TOKEN_CHANGE r18-361-rf-text public361 docs.md.txt
TOKEN_CHANGE r18-361-rf-text public361 dump.sql.txt
TOKEN_CHANGE r18-361-rf-text public361 lean.txt
TOKEN_CHANGE r18-361-rf-text public361 multibyte.txt
TOKEN_CHANGE r18-361-rf-text public361 page.html.txt
TOKEN_CHANGE r18-361-rf-text public361 prose.txt
TOKEN_CHANGE r18-361-rf-text public361 records.json.txt
TOKEN_CHANGE r18-361-rf-text public361 server.log
TOKEN_CHANGE r18-361-rf-text public361 source.c.txt
TOKEN_CHANGE r18-361-rf-text public361 source.py.txt
TOKEN_CHANGE r18-361-rf-text public361 source.rs.txt
TOKEN_CHANGE r18-361-rf-text public361 sourcemap.map.txt
TOKEN_CHANGE r18-361-rf-text public361 synthetic-32768-2-1
TOKEN_CHANGE r18-361-rf-text public361 synthetic-32768-2-987654321
TOKEN_CHANGE r18-361-rf-text public361 synthetic-32769-2-1
TOKEN_CHANGE r18-361-rf-text public361 synthetic-32769-2-987654321
TOKEN_CHANGE r18-361-rf-text public361 synthetic-65535-2-1
TOKEN_CHANGE r18-361-rf-text public361 synthetic-65535-2-987654321
TOKEN_CHANGE r18-361-rf-text public361 synthetic-65536-2-1
TOKEN_CHANGE r18-361-rf-text public361 synthetic-65536-2-987654321
TOKEN_CHANGE r18-361-rf-text public361 synthetic-65537-2-1
TOKEN_CHANGE r18-361-rf-text public361 synthetic-65537-2-987654321
TOKEN_CHANGE r18-361-rf-text public361 synthetic-98305-2-1
TOKEN_CHANGE r18-361-rf-text public361 synthetic-98305-2-987654321
TOKEN_CHANGE r18-361-rf-text public361 synthetic-131073-2-1
TOKEN_CHANGE r18-361-rf-text public361 synthetic-131073-2-987654321
TOKEN_CHANGE r18-361-rf-text public361 synthetic-131071-2-1
TOKEN_CHANGE r18-361-rf-text public361 synthetic-131071-2-987654321
TOKEN_CHANGE r18-361-rf-text public361 synthetic-131072-2-1
TOKEN_CHANGE r18-361-rf-text public361 synthetic-131072-2-987654321
TOKEN_CHANGE r18-361-rf-text public361 synthetic-196607-2-1
TOKEN_CHANGE r18-361-rf-text public361 synthetic-196607-2-987654321
TOKEN_CHANGE r18-361-rf-text public361 synthetic-196608-2-1
TOKEN_CHANGE r18-361-rf-text public361 synthetic-196608-2-987654321
TOKEN_CHANGE r18-361-rf-text public361 synthetic-196609-2-1
TOKEN_CHANGE r18-361-rf-text public361 synthetic-196609-2-987654321
TOKEN_CHANGE r18-361-rf-text public361 synthetic-262145-2-1
TOKEN_CHANGE r18-361-rf-text public361 synthetic-262145-2-987654321
EQUIVALENCE_RESULT r18-361-rf-text public361 540 0
