R15_FUNCTION binary.db.bin 500000 1 178367558 1 112482271 1 65242915 1 1278352 3 32219099 3 28205109 2 1097372
R15_FUNCTION bundle.min.js.txt 1000000 1 235661399 1 152473294 1 81118172 1 2627537 12 37512104 12 24270587 2 4299335
R15_FUNCTION catalog.xml.txt 500000 1 122261213 1 122259050 0 0 0 0 0 0 0 0 0 0
R15_FUNCTION compressed.bin 300000 1 9507892 1 9507420 0 0 0 0 0 0 0 0 0 0
R15_FUNCTION config.yaml.txt 400000 1 115741373 1 78782533 1 36310957 1 1044735 4 16956250 4 14527855 2 1163988
R15_FUNCTION docs.md.txt 800000 1 148880515 1 148878712 0 0 0 0 0 0 0 0 0 0
R15_FUNCTION dump.sql.txt 150000 1 32247073 1 19581292 1 12513276 1 379991 1 6454067 1 4786757 2 295373
R15_FUNCTION genome.fasta 900000 1 94779979 1 94778706 0 0 0 0 0 0 0 0 0 0
R15_FUNCTION images.bin 250000 1 20654841 1 13174824 1 7127037 1 694569 3 1224090 3 557182 2 2031982
R15_FUNCTION lean.txt 1000000 1 242256546 1 149334354 1 91221109 1 3331454 8 44339240 8 31700589 2 3021514
R15_FUNCTION machine-code.bin 500000 1 173578802 1 173575617 0 0 0 0 0 0 0 0 0 0
R15_FUNCTION metrics.csv.txt 1300000 1 366575540 1 215033214 1 149645858 1 3353636 13 85630247 13 42978113 2 3914996
R15_FUNCTION multibyte.txt 1100000 1 427439032 1 290285842 1 135241332 1 2915526 9 75143864 9 44395936 2 3535876
R15_FUNCTION page.html.txt 600000 1 105785253 1 48259636 1 56677860 1 1587782 4 24983131 4 25409226 2 1386053
R15_FUNCTION prose.txt 1500000 1 223189087 1 223186912 0 0 0 0 0 0 0 0 0 0
R15_FUNCTION records.json.txt 400000 1 21359289 1 21357746 0 0 0 0 0 0 0 0 0 0
R15_FUNCTION server.log 300000 1 23272068 1 23271417 0 0 0 0 0 0 0 0 0 0
R15_FUNCTION source.c.txt 1400000 1 394240309 1 257877939 1 133864497 1 3645221 13 64672049 13 46727329 2 4423809
R15_FUNCTION source.py.txt 600000 1 208413738 1 153982622 1 53444729 1 1568115 5 25465392 5 20582316 2 1701995
R15_FUNCTION source.rs.txt 700000 1 137090984 1 137088830 0 0 0 0 0 0 0 0 0 0
R15_FUNCTION sourcemap.map.txt 350000 1 115006568 1 83921871 1 30572399 1 918850 3 14692964 3 12082138 2 901005
R15_FUNCTION sparse.bin 40000 1 334436 1 333865 0 0 0 0 0 0 0 0 0 0
R15_FUNCTION tiny-app.log 28000 1 912869 1 912347 0 0 0 0 0 0 0 0 0 0
R15_FUNCTION tiny-config.json.txt 12000 1 535872 1 535382 0 0 0 0 0 0 0 0 0 0
R15_FUNCTION weights-bf16.bin 450000 1 17250210 1 17249748 0 0 0 0 0 0 0 0 0 0
R15_FUNCTION weights-f16.bin 250000 1 1359735 1 1358422 0 0 0 0 0 0 0 0 0 0
R15_FUNCTION weights-f32.bin 350000 1 13573169 1 13572168 0 0 0 0 0 0 0 0 0 0
R15_FUNCTION weights-q8.bin 250000 1 1904864 1 1903442 0 0 0 0 0 0 0 0 0 0
