TRANSFER 0 binary-records-0.bin r13-514-abs15 500000 0 127374 156380
TRANSFER 0 binary-records-0.bin r16-514-lazy8-binary 500000 0 127319 156340
TRANSFER 0 binary-records-0.bin r16-514-lazy8-depth2 500000 0 127374 156380
TRANSFER 1 binary-records-1.bin r13-514-abs15 500000 0 128391 157579
TRANSFER 1 binary-records-1.bin r16-514-lazy8-binary 500000 0 128342 157519
TRANSFER 1 binary-records-1.bin r16-514-lazy8-depth2 500000 0 128391 157579
TRANSFER 2 logs-0.bin r13-514-abs15 800000 5 133302 229101
TRANSFER 2 logs-0.bin r16-514-lazy8-binary 800000 5 136451 226616
TRANSFER 2 logs-0.bin r16-514-lazy8-depth2 800000 5 134078 224876
TRANSFER 3 logs-1.bin r13-514-abs15 800000 5 133466 229337
TRANSFER 3 logs-1.bin r16-514-lazy8-binary 800000 5 136361 226732
TRANSFER 3 logs-1.bin r16-514-lazy8-depth2 800000 5 134096 225045
TRANSFER 4 multilingual-0.bin r13-514-abs15 800000 5 77386 131057
TRANSFER 4 multilingual-0.bin r16-514-lazy8-binary 800000 5 77952 127436
TRANSFER 4 multilingual-0.bin r16-514-lazy8-depth2 800000 5 75307 124889
TRANSFER 5 multilingual-1.bin r13-514-abs15 800000 5 77444 131136
TRANSFER 5 multilingual-1.bin r16-514-lazy8-binary 800000 5 78097 127584
TRANSFER 5 multilingual-1.bin r16-514-lazy8-depth2 800000 5 75448 125077
TRANSFER 6 noisy-periods-0.bin r13-514-abs15 800000 5 92648 147183
TRANSFER 6 noisy-periods-0.bin r16-514-lazy8-binary 800000 5 93267 143769
TRANSFER 6 noisy-periods-0.bin r16-514-lazy8-depth2 800000 5 92565 143710
TRANSFER 7 noisy-periods-1.bin r13-514-abs15 800000 5 93046 147363
TRANSFER 7 noisy-periods-1.bin r16-514-lazy8-binary 800000 5 93517 143806
TRANSFER 7 noisy-periods-1.bin r16-514-lazy8-depth2 800000 5 92769 143588
TRANSFER 8 short-fragments-0.bin r13-514-abs15 800000 5 164628 272544
TRANSFER 8 short-fragments-0.bin r16-514-lazy8-binary 800000 5 165613 271433
TRANSFER 8 short-fragments-0.bin r16-514-lazy8-depth2 800000 5 164079 270731
TRANSFER 9 short-fragments-1.bin r13-514-abs15 800000 5 166103 274792
TRANSFER 9 short-fragments-1.bin r16-514-lazy8-binary 800000 5 167154 273359
TRANSFER 9 short-fragments-1.bin r16-514-lazy8-depth2 800000 5 165658 272642
TRANSFER 10 source-0.bin r13-514-abs15 800000 5 70207 127744
TRANSFER 10 source-0.bin r16-514-lazy8-binary 800000 5 70300 127408
TRANSFER 10 source-0.bin r16-514-lazy8-depth2 800000 5 68087 125871
TRANSFER 11 source-1.bin r13-514-abs15 800000 5 70236 127824
TRANSFER 11 source-1.bin r16-514-lazy8-binary 800000 5 70302 127456
TRANSFER 11 source-1.bin r16-514-lazy8-depth2 800000 5 68066 125920
