ENCODER_NATIVE 0 binary.db.bin public514 82894 50441
ENCODER_NATIVE 0 binary.db.bin dna582 82894 50441
ENCODER_NATIVE 0 binary.db.bin public583 84046 51456
ENCODER_NATIVE 0 binary.db.bin r18-dna-pack6 82894 50441
ENCODER_NATIVE 0 binary.db.bin r18-583-abs15 84046 51456
ENCODER_NATIVE 1 bundle.min.js.txt public514 325697 190824
ENCODER_NATIVE 1 bundle.min.js.txt dna582 325697 190824
ENCODER_NATIVE 1 bundle.min.js.txt public583 320713 232799
ENCODER_NATIVE 1 bundle.min.js.txt r18-dna-pack6 325697 190824
ENCODER_NATIVE 1 bundle.min.js.txt r18-583-abs15 320709 232797
ENCODER_NATIVE 2 catalog.xml.txt public514 69271 45579
ENCODER_NATIVE 2 catalog.xml.txt dna582 69271 45579
ENCODER_NATIVE 2 catalog.xml.txt public583 69214 45371
ENCODER_NATIVE 2 catalog.xml.txt r18-dna-pack6 69271 45579
ENCODER_NATIVE 2 catalog.xml.txt r18-583-abs15 69214 45371
ENCODER_NATIVE 3 compressed.bin public514 300095 300000
ENCODER_NATIVE 3 compressed.bin dna582 300095 300000
ENCODER_NATIVE 3 compressed.bin public583 300095 300000
ENCODER_NATIVE 3 compressed.bin r18-dna-pack6 300095 300000
ENCODER_NATIVE 3 compressed.bin r18-583-abs15 300095 300000
ENCODER_NATIVE 4 config.yaml.txt public514 90556 59218
ENCODER_NATIVE 4 config.yaml.txt dna582 90556 59218
ENCODER_NATIVE 4 config.yaml.txt public583 92304 60736
ENCODER_NATIVE 4 config.yaml.txt r18-dna-pack6 90556 59218
ENCODER_NATIVE 4 config.yaml.txt r18-583-abs15 92304 60736
ENCODER_NATIVE 5 docs.md.txt public514 243632 157463
ENCODER_NATIVE 5 docs.md.txt dna582 243632 157463
ENCODER_NATIVE 5 docs.md.txt public583 248368 161736
ENCODER_NATIVE 5 docs.md.txt r18-dna-pack6 243632 157463
ENCODER_NATIVE 5 docs.md.txt r18-583-abs15 248368 161736
ENCODER_NATIVE 6 dump.sql.txt public514 19941 15151
ENCODER_NATIVE 6 dump.sql.txt dna582 19941 15151
ENCODER_NATIVE 6 dump.sql.txt public583 23493 14061
ENCODER_NATIVE 6 dump.sql.txt r18-dna-pack6 19941 15151
ENCODER_NATIVE 6 dump.sql.txt r18-583-abs15 23493 14061
ENCODER_NATIVE 7 genome.fasta public514 283718 176189
ENCODER_NATIVE 7 genome.fasta dna582 284563 177559
ENCODER_NATIVE 7 genome.fasta public583 283718 176189
ENCODER_NATIVE 7 genome.fasta r18-dna-pack6 300875 199904
ENCODER_NATIVE 7 genome.fasta r18-583-abs15 283718 176189
ENCODER_NATIVE 8 images.bin public514 229171 226885
ENCODER_NATIVE 8 images.bin dna582 229171 226885
ENCODER_NATIVE 8 images.bin public583 228838 226640
ENCODER_NATIVE 8 images.bin r18-dna-pack6 229171 226885
ENCODER_NATIVE 8 images.bin r18-583-abs15 228838 226640
ENCODER_NATIVE 9 lean.txt public514 264653 161293
ENCODER_NATIVE 9 lean.txt dna582 264653 161293
ENCODER_NATIVE 9 lean.txt public583 257404 155365
ENCODER_NATIVE 9 lean.txt r18-dna-pack6 264653 161293
ENCODER_NATIVE 9 lean.txt r18-583-abs15 257404 155365
ENCODER_NATIVE 10 machine-code.bin public514 171918 122482
ENCODER_NATIVE 10 machine-code.bin dna582 171918 122482
ENCODER_NATIVE 10 machine-code.bin public583 171918 122482
ENCODER_NATIVE 10 machine-code.bin r18-dna-pack6 171918 122482
ENCODER_NATIVE 10 machine-code.bin r18-583-abs15 171918 122482
ENCODER_NATIVE 11 metrics.csv.txt public514 284703 220653
ENCODER_NATIVE 11 metrics.csv.txt dna582 284703 220653
ENCODER_NATIVE 11 metrics.csv.txt public583 284600 220182
ENCODER_NATIVE 11 metrics.csv.txt r18-dna-pack6 284703 220653
ENCODER_NATIVE 11 metrics.csv.txt r18-583-abs15 284600 220182
ENCODER_NATIVE 12 multibyte.txt public514 292855 196725
ENCODER_NATIVE 12 multibyte.txt dna582 292855 196725
ENCODER_NATIVE 12 multibyte.txt public583 292402 195966
ENCODER_NATIVE 12 multibyte.txt r18-dna-pack6 292855 196725
ENCODER_NATIVE 12 multibyte.txt r18-583-abs15 292402 195966
ENCODER_NATIVE 13 page.html.txt public514 111342 75088
ENCODER_NATIVE 13 page.html.txt dna582 111342 75088
ENCODER_NATIVE 13 page.html.txt public583 111253 74822
ENCODER_NATIVE 13 page.html.txt r18-dna-pack6 111342 75088
ENCODER_NATIVE 13 page.html.txt r18-583-abs15 111253 74822
ENCODER_NATIVE 14 prose.txt public514 620035 365040
ENCODER_NATIVE 14 prose.txt dna582 620035 365040
ENCODER_NATIVE 14 prose.txt public583 613444 358257
ENCODER_NATIVE 14 prose.txt r18-dna-pack6 620035 365040
ENCODER_NATIVE 14 prose.txt r18-583-abs15 613444 358257
ENCODER_NATIVE 15 records.json.txt public514 75503 78317
ENCODER_NATIVE 15 records.json.txt dna582 75503 78317
ENCODER_NATIVE 15 records.json.txt public583 77110 79622
ENCODER_NATIVE 15 records.json.txt r18-dna-pack6 75503 78317
ENCODER_NATIVE 15 records.json.txt r18-583-abs15 77110 79622
ENCODER_NATIVE 16 server.log public514 29230 23582
ENCODER_NATIVE 16 server.log dna582 29230 23582
ENCODER_NATIVE 16 server.log public583 29252 23331
ENCODER_NATIVE 16 server.log r18-dna-pack6 29230 23582
ENCODER_NATIVE 16 server.log r18-583-abs15 29252 23331
ENCODER_NATIVE 17 source.c.txt public514 380012 235866
ENCODER_NATIVE 17 source.c.txt dna582 380012 235866
ENCODER_NATIVE 17 source.c.txt public583 379921 235645
ENCODER_NATIVE 17 source.c.txt r18-dna-pack6 380012 235866
ENCODER_NATIVE 17 source.c.txt r18-583-abs15 379921 235645
ENCODER_NATIVE 18 source.py.txt public514 141452 88808
ENCODER_NATIVE 18 source.py.txt dna582 141452 88808
ENCODER_NATIVE 18 source.py.txt public583 141412 88658
ENCODER_NATIVE 18 source.py.txt r18-dna-pack6 141452 88808
ENCODER_NATIVE 18 source.py.txt r18-583-abs15 141412 88658
ENCODER_NATIVE 19 source.rs.txt public514 144447 88318
ENCODER_NATIVE 19 source.rs.txt dna582 144447 88318
ENCODER_NATIVE 19 source.rs.txt public583 144386 88175
ENCODER_NATIVE 19 source.rs.txt r18-dna-pack6 144447 88318
ENCODER_NATIVE 19 source.rs.txt r18-583-abs15 144386 88175
ENCODER_NATIVE 20 sourcemap.map.txt public514 75873 48664
ENCODER_NATIVE 20 sourcemap.map.txt dna582 75873 48664
ENCODER_NATIVE 20 sourcemap.map.txt public583 74656 47525
ENCODER_NATIVE 20 sourcemap.map.txt r18-dna-pack6 75873 48664
ENCODER_NATIVE 20 sourcemap.map.txt r18-583-abs15 74656 47525
ENCODER_NATIVE 21 sparse.bin public514 1270 1458
ENCODER_NATIVE 21 sparse.bin dna582 1270 1458
ENCODER_NATIVE 21 sparse.bin public583 1270 1458
ENCODER_NATIVE 21 sparse.bin r18-dna-pack6 1270 1458
ENCODER_NATIVE 21 sparse.bin r18-583-abs15 1270 1458
ENCODER_NATIVE 22 tiny-app.log public514 1270 998
ENCODER_NATIVE 22 tiny-app.log dna582 1270 998
ENCODER_NATIVE 22 tiny-app.log public583 1134 865
ENCODER_NATIVE 22 tiny-app.log r18-dna-pack6 1270 998
ENCODER_NATIVE 22 tiny-app.log r18-583-abs15 1134 865
ENCODER_NATIVE 23 tiny-config.json.txt public514 2487 3094
ENCODER_NATIVE 23 tiny-config.json.txt dna582 2487 3094
ENCODER_NATIVE 23 tiny-config.json.txt public583 2487 3094
ENCODER_NATIVE 23 tiny-config.json.txt r18-dna-pack6 2487 3094
ENCODER_NATIVE 23 tiny-config.json.txt r18-583-abs15 2487 3094
ENCODER_NATIVE 24 weights-bf16.bin public514 365611 265242
ENCODER_NATIVE 24 weights-bf16.bin dna582 365611 265242
ENCODER_NATIVE 24 weights-bf16.bin public583 365611 265242
ENCODER_NATIVE 24 weights-bf16.bin r18-dna-pack6 365611 265242
ENCODER_NATIVE 24 weights-bf16.bin r18-583-abs15 365611 265242
ENCODER_NATIVE 25 weights-f16.bin public514 212660 250000
ENCODER_NATIVE 25 weights-f16.bin dna582 212660 250000
ENCODER_NATIVE 25 weights-f16.bin public583 212660 250000
ENCODER_NATIVE 25 weights-f16.bin r18-dna-pack6 212660 250000
ENCODER_NATIVE 25 weights-f16.bin r18-583-abs15 212660 250000
ENCODER_NATIVE 26 weights-f32.bin public514 284138 285782
ENCODER_NATIVE 26 weights-f32.bin dna582 284138 285782
ENCODER_NATIVE 26 weights-f32.bin public583 284138 285782
ENCODER_NATIVE 26 weights-f32.bin r18-dna-pack6 284138 285782
ENCODER_NATIVE 26 weights-f32.bin r18-583-abs15 284138 285782
ENCODER_NATIVE 27 weights-q8.bin public514 235572 250000
ENCODER_NATIVE 27 weights-q8.bin dna582 235572 250000
ENCODER_NATIVE 27 weights-q8.bin public583 235572 250000
ENCODER_NATIVE 27 weights-q8.bin r18-dna-pack6 235572 250000
ENCODER_NATIVE 27 weights-q8.bin r18-583-abs15 235572 250000
