warning: value assigned to `k` is never read
    --> /home/runner/work/_temp/round9-finder-build/baseline.rs:4012:29
     |
4012 |                 let mut k = k0;
     |                             ^^ this value is reassigned later and never used
...
4021 |                     k = c_extend(s, c, p, k0, lim);
     |                     ------------------------------ `k` is overwritten here before the previous value is read
     |
     = note: `#[warn(unused_assignments)]` (part of `#[warn(unused)]`) on by default

warning: value assigned to `k` is never read
    --> /home/runner/work/_temp/round9-finder-build/baseline-observed.rs:4013:29
     |
4013 |                 let mut k = k0;
     |                             ^^ this value is reassigned later and never used
...
4022 |                     k = c_extend(s, c, p, k0, lim);
     |                     ------------------------------ `k` is overwritten here before the previous value is read

warning: value assigned to `best` is never read
    --> /home/runner/work/_temp/round9-finder-build/q9.rs:1106:15
     |
1106 |  let mut best=18446744073709551615u64;
     |               ^^^^^^^^^^^^^^^^^^^^^^^ this value is reassigned later and never used
...
1109 |  q9_copy32(&cand,0,&mut kept,0,ep.len());best=seedscore;let mut it=0usize;
     |                                          -------------- `best` is overwritten here before the previous value is read

warning: unused variable: `mode`
    --> /home/runner/work/_temp/round9-finder-build/q9.rs:1635:101
     |
1635 |     prev: &mut [u32; 32768], xs: &mut [u32; 131072], pos: usize, k: usize, cap: usize, max3: usize, mode: usize) {
     |                                                                                                     ^^^^ help: if this is intentional, prefix it with an underscore: `_mode`
     |
     = note: `#[warn(unused_variables)]` (part of `#[warn(unused)]`) on by default

warning: value assigned to `k` is never read
    --> /home/runner/work/_temp/round9-finder-build/q9.rs:5431:29
     |
5431 |                 let mut k = k0;
     |                             ^^ this value is reassigned later and never used
...
5440 |                     k = c_extend(s, c, p, k0, lim);
     |                     ------------------------------ `k` is overwritten here before the previous value is read

warning: 5 warnings emitted

