R9_BEGIN 0
R9_RESULT {"index":0,"input_bytes":500000,"class":4,"engine":2,"tokens":48351,"token_equivalent":true,"decode_ok":true,"q9_finder_ns":[76587067,77878862],"baseline_parse_ns":[17861985,17382622],"cache_positions":463615,"cache_records":973638,"cache_capacity_bytes":10666720,"counts":[0, 0, 0, 0, 0, 0, 0, 0, 0, 0, 0, 0, 0, 0, 0, 0, 0, 0, 0, 0, 973638, 53809756],"nc_hist":[0, 0, 0, 0, 0, 0, 0, 0, 0, 0, 0, 0, 0, 0, 0, 0, 0]}
R9_BEGIN 1
R9_RESULT {"index":1,"input_bytes":1000000,"class":11,"engine":1,"tokens":201066,"token_equivalent":true,"decode_ok":true,"q9_finder_ns":[82467270,83560150],"baseline_parse_ns":[36649786,36756908],"cache_positions":863230,"cache_records":1344313,"cache_capacity_bytes":21333376,"counts":[500457, 486688, 505421, 27768, 2537, 51405, 9075, 2123594, 2165924, 51405, 9075, 2114519, 13975, 26, 468589, 439, 39430, 20896, 0, 3656465, 1344313, 16523265],"nc_hist":[144010, 246920, 91716, 15254, 2244, 288, 23, 0, 0, 0, 2, 0, 0, 0, 0, 0, 0]}
R9_BEGIN 2
R9_RESULT {"index":2,"input_bytes":500000,"class":5,"engine":1,"tokens":39365,"token_equivalent":true,"decode_ok":true,"q9_finder_ns":[72028566,75639471],"baseline_parse_ns":[8809654,8813561],"cache_positions":479564,"cache_records":1002764,"cache_capacity_bytes":10666720,"counts":[87803, 99918, 101562, 4167, 304, 30638, 2729, 683604, 711513, 30638, 2729, 680875, 2690, 15, 78655, 285, 6166, 4537, 0, 1050595, 1002764, 62012653],"nc_hist":[20451, 41496, 20363, 4499, 843, 117, 21, 3, 5, 1, 2, 1, 0, 0, 0, 1, 0]}
R9_BEGIN 3
R9_RESULT {"index":3,"input_bytes":300000,"class":3,"engine":0,"tokens":298884,"token_equivalent":true,"decode_ok":true,"q9_finder_ns":[2941744,2963947],"baseline_parse_ns":[10908480,10569731],"cache_positions":1659,"cache_records":1699,"cache_capacity_bytes":800012,"counts":[0, 0, 0, 0, 0, 0, 0, 0, 0, 0, 0, 0, 0, 0, 0, 0, 0, 0, 0, 0, 1699, 11435],"nc_hist":[0, 0, 0, 0, 0, 0, 0, 0, 0, 0, 0, 0, 0, 0, 0, 0, 0]}
R9_BEGIN 4
R9_RESULT {"index":4,"input_bytes":400000,"class":12,"engine":1,"tokens":52977,"token_equivalent":true,"decode_ok":true,"q9_finder_ns":[41370543,43667382],"baseline_parse_ns":[14184223,14147935],"cache_positions":367034,"cache_records":609093,"cache_capacity_bytes":8533376,"counts":[133916, 156001, 150445, 5079, 559, 20885, 2388, 887262, 905759, 20885, 2388, 884874, 3757, 14, 114251, 105, 8069, 13676, 0, 1434169, 609093, 14042313],"nc_hist":[33976, 59948, 30261, 7145, 1354, 406, 199, 237, 128, 113, 61, 26, 20, 14, 5, 0, 23]}
R9_BEGIN 5
R9_RESULT {"index":5,"input_bytes":800000,"class":12,"engine":1,"tokens":131788,"token_equivalent":true,"decode_ok":true,"q9_finder_ns":[80402398,79621376],"baseline_parse_ns":[32122663,32088368],"cache_positions":724592,"cache_records":1228864,"cache_capacity_bytes":17066720,"counts":[363542, 445058, 448792, 14984, 2637, 20527, 10808, 1700387, 1710106, 20527, 10808, 1689579, 10058, 16, 284202, 216, 23938, 20336, 0, 3101908, 1228864, 23203962],"nc_hist":[78992, 160746, 93600, 25321, 4183, 531, 59, 16, 12, 2, 6, 2, 7, 3, 3, 9, 50]}
R9_BEGIN 6
R9_RESULT {"index":6,"input_bytes":150000,"class":8,"engine":2,"tokens":17023,"token_equivalent":true,"decode_ok":true,"q9_finder_ns":[17024416,17356312],"baseline_parse_ns":[5833154,5811564],"cache_positions":146745,"cache_records":207000,"cache_capacity_bytes":3200096,"counts":[0, 0, 0, 0, 0, 0, 0, 0, 0, 0, 0, 0, 0, 0, 0, 0, 0, 0, 0, 0, 207000, 5518582],"nc_hist":[0, 0, 0, 0, 0, 0, 0, 0, 0, 0, 0, 0, 0, 0, 0, 0, 0]}
R9_BEGIN 7
R9_RESULT {"index":7,"input_bytes":900000,"class":1,"engine":0,"tokens":588316,"token_equivalent":true,"decode_ok":true,"q9_finder_ns":[158480856,157113138],"baseline_parse_ns":[72505294,72292112],"cache_positions":897753,"cache_records":3189818,"cache_capacity_bytes":28800128,"counts":[0, 0, 0, 0, 0, 0, 0, 0, 0, 0, 0, 0, 0, 0, 0, 0, 0, 0, 0, 0, 3189818, 16948091],"nc_hist":[0, 0, 0, 0, 0, 0, 0, 0, 0, 0, 0, 0, 0, 0, 0, 0, 0]}
R9_BEGIN 8
R9_RESULT {"index":8,"input_bytes":250000,"class":3,"engine":0,"tokens":214989,"token_equivalent":true,"decode_ok":true,"q9_finder_ns":[5942801,5897354],"baseline_parse_ns":[12416983,11947317],"cache_positions":31902,"cache_records":57245,"cache_capacity_bytes":666672,"counts":[0, 0, 0, 0, 0, 0, 0, 0, 0, 0, 0, 0, 0, 0, 0, 0, 0, 0, 0, 0, 57245, 1421934],"nc_hist":[0, 0, 0, 0, 0, 0, 0, 0, 0, 0, 0, 0, 0, 0, 0, 0, 0]}
R9_BEGIN 9
R9_RESULT {"index":9,"input_bytes":1000000,"class":12,"engine":1,"tokens":127885,"token_equivalent":true,"decode_ok":true,"q9_finder_ns":[96890194,98328905],"baseline_parse_ns":[40212961,40073919],"cache_positions":928408,"cache_records":1588807,"cache_capacity_bytes":21333376,"counts":[379376, 477459, 470324, 12584, 1938, 19688, 8494, 2308841, 2320035, 19688, 8494, 2300347, 8312, 62, 256751, 1317, 19942, 27197, 0, 3993584, 1588807, 23387963],"nc_hist":[74571, 172785, 98720, 27325, 5033, 721, 140, 39, 15, 16, 2, 2, 1, 1, 0, 2, 3]}
R9_BEGIN 10
R9_RESULT {"index":10,"input_bytes":500000,"class":4,"engine":2,"tokens":119678,"token_equivalent":true,"decode_ok":true,"q9_finder_ns":[45042884,46420611],"baseline_parse_ns":[28580236,28093339],"cache_positions":399377,"cache_records":614851,"cache_capacity_bytes":8000048,"counts":[0, 0, 0, 0, 0, 0, 0, 0, 0, 0, 0, 0, 0, 0, 0, 0, 0, 0, 0, 0, 614851, 17092619],"nc_hist":[0, 0, 0, 0, 0, 0, 0, 0, 0, 0, 0, 0, 0, 0, 0, 0, 0]}
R9_BEGIN 11
R9_RESULT {"index":11,"input_bytes":1300000,"class":7,"engine":2,"tokens":232054,"token_equivalent":true,"decode_ok":true,"q9_finder_ns":[145732890,148313644],"baseline_parse_ns":[66978778,64319436],"cache_positions":1227651,"cache_records":1973794,"cache_capacity_bytes":27733376,"counts":[0, 0, 0, 0, 0, 0, 0, 0, 0, 0, 0, 0, 0, 0, 0, 0, 0, 0, 0, 0, 1973794, 39472331],"nc_hist":[0, 0, 0, 0, 0, 0, 0, 0, 0, 0, 0, 0, 0, 0, 0, 0, 0]}
R9_BEGIN 12
R9_RESULT {"index":12,"input_bytes":1100000,"class":13,"engine":1,"tokens":150405,"token_equivalent":true,"decode_ok":true,"q9_finder_ns":[119003842,123531726],"baseline_parse_ns":[45273258,45104391],"cache_positions":1007094,"cache_records":1955325,"cache_capacity_bytes":23466720,"counts":[510412, 678019, 691533, 28491, 4457, 275347, 19804, 3132263, 3387806, 275347, 19804, 3112459, 21407, 149, 690567, 1674, 45084, 31728, 0, 5540033, 1955325, 52350278],"nc_hist":[96637, 215502, 143528, 45039, 8352, 1209, 125, 19, 1, 0, 0, 0, 0, 0, 0, 0, 0]}
R9_BEGIN 13
R9_RESULT {"index":13,"input_bytes":600000,"class":6,"engine":1,"tokens":64286,"token_equivalent":true,"decode_ok":true,"q9_finder_ns":[63707312,67356580],"baseline_parse_ns":[13852378,13868358],"cache_positions":548537,"cache_records":956413,"cache_capacity_bytes":12800096,"counts":[150966, 136467, 136726, 4229, 373, 18018, 4492, 937501, 951027, 18018, 4492, 933009, 2025, 6, 64266, 109, 5803, 5596, 0, 1416047, 956413, 26854724],"nc_hist":[51678, 69442, 23667, 5168, 877, 125, 9, 0, 0, 0, 0, 0, 0, 0, 0, 0, 0]}
R9_BEGIN 14
R9_RESULT {"index":14,"input_bytes":1500000,"class":15,"engine":1,"tokens":315967,"token_equivalent":true,"decode_ok":true,"q9_finder_ns":[145257554,151167111],"baseline_parse_ns":[140681569,118725307],"cache_positions":1427303,"cache_records":2666639,"cache_capacity_bytes":32000096,"counts":[1221682, 2101793, 2114837, 55341, 21635, 69250, 55308, 4487638, 4501580, 69250, 55308, 4432330, 56651, 26, 1205237, 333, 108956, 96196, 0, 10727336, 2666639, 14232373],"nc_hist":[79438, 445308, 477497, 181094, 33934, 4020, 364, 27, 0, 0, 0, 0, 0, 0, 0, 0, 0]}
R9_BEGIN 15
R9_RESULT {"index":15,"input_bytes":400000,"class":10,"engine":1,"tokens":73826,"token_equivalent":true,"decode_ok":true,"q9_finder_ns":[53796633,55775152],"baseline_parse_ns":[7739076,7690865],"cache_positions":332965,"cache_records":703892,"cache_capacity_bytes":8533376,"counts":[98279, 50523, 50043, 2355, 145, 57880, 3258, 737291, 791913, 57880, 3258, 734033, 2643, 35, 94458, 347, 3672, 4180, 0, 1063157, 703892, 50394170],"nc_hist":[67638, 18252, 7943, 3158, 925, 156, 45, 5, 15, 18, 0, 0, 13, 28, 1, 2, 80]}
R9_BEGIN 16
R9_RESULT {"index":16,"input_bytes":300000,"class":9,"engine":3,"tokens":22256,"token_equivalent":true,"decode_ok":true,"q9_finder_ns":[34474877,34633696],"baseline_parse_ns":[2040586,2020498],"cache_positions":287390,"cache_records":470343,"cache_capacity_bytes":6400096,"counts":[0, 0, 0, 0, 0, 0, 0, 0, 0, 0, 0, 0, 0, 0, 0, 0, 0, 0, 0, 0, 470343, 20369424],"nc_hist":[0, 0, 0, 0, 0, 0, 0, 0, 0, 0, 0, 0, 0, 0, 0, 0, 0]}
R9_BEGIN 17
R9_RESULT {"index":17,"input_bytes":1400000,"class":12,"engine":1,"tokens":195707,"token_equivalent":true,"decode_ok":true,"q9_finder_ns":[143234049,147000459],"baseline_parse_ns":[59213754,59170381],"cache_positions":1283687,"cache_records":2216669,"cache_capacity_bytes":29866720,"counts":[565526, 722398, 704855, 22097, 2993, 63599, 11837, 3193022, 3244784, 63599, 11837, 3181185, 18077, 47, 541750, 422, 36906, 54636, 0, 5768141, 2216669, 38690259],"nc_hist":[120598, 249083, 142383, 40636, 8690, 1839, 598, 270, 166, 205, 229, 101, 87, 109, 100, 139, 293]}
R9_BEGIN 18
R9_RESULT {"index":18,"input_bytes":600000,"class":12,"engine":1,"tokens":77204,"token_equivalent":true,"decode_ok":true,"q9_finder_ns":[71963443,71524856],"baseline_parse_ns":[23543794,23383632],"cache_positions":554349,"cache_records":1000818,"cache_capacity_bytes":12800096,"counts":[211623, 268000, 255937, 9833, 955, 43859, 4321, 1347554, 1387092, 43859, 4321, 1343233, 8267, 126, 220627, 681, 15519, 27675, 0, 2386119, 1000818, 18883272],"nc_hist":[47274, 95365, 51342, 12652, 2117, 704, 707, 223, 36, 324, 361, 24, 5, 178, 111, 2, 198]}
R9_BEGIN 19
R9_RESULT {"index":19,"input_bytes":700000,"class":12,"engine":1,"tokens":75484,"token_equivalent":true,"decode_ok":true,"q9_finder_ns":[84126667,86147456],"baseline_parse_ns":[23761554,23731748],"cache_positions":656824,"cache_records":1250118,"cache_capacity_bytes":14933376,"counts":[208802, 264538, 255770, 8243, 745, 42824, 3003, 1441061, 1480882, 42824, 3003, 1438058, 6390, 49, 181090, 133, 12769, 21596, 0, 2446094, 1250118, 35972780],"nc_hist":[44312, 94201, 51930, 13976, 2654, 593, 331, 88, 6, 200, 186, 20, 0, 91, 83, 3, 128]}
R9_BEGIN 20
R9_RESULT {"index":20,"input_bytes":350000,"class":11,"engine":1,"tokens":40831,"token_equivalent":true,"decode_ok":true,"q9_finder_ns":[39924688,39495470],"baseline_parse_ns":[11152620,11046290],"cache_positions":323423,"cache_records":579440,"cache_capacity_bytes":7466720,"counts":[110028, 129099, 131481, 6878, 222, 25345, 1397, 839325, 863273, 25345, 1397, 837928, 4970, 23, 186729, 72, 10159, 7810, 0, 1376139, 579440, 9437539],"nc_hist":[26987, 48896, 24983, 7146, 1634, 282, 40, 12, 10, 5, 9, 7, 4, 4, 2, 3, 4]}
R9_BEGIN 21
R9_RESULT {"index":21,"input_bytes":40000,"class":2,"engine":3,"tokens":1190,"token_equivalent":true,"decode_ok":true,"q9_finder_ns":[5158142,5155507],"baseline_parse_ns":[78197,72677],"cache_positions":38924,"cache_records":39000,"cache_capacity_bytes":640032,"counts":[0, 0, 0, 0, 0, 0, 0, 0, 0, 0, 0, 0, 0, 0, 0, 0, 0, 0, 0, 0, 39000, 9124679],"nc_hist":[0, 0, 0, 0, 0, 0, 0, 0, 0, 0, 0, 0, 0, 0, 0, 0, 0]}
R9_BEGIN 22
R9_RESULT {"index":22,"input_bytes":28000,"class":0,"engine":3,"tokens":622,"token_equivalent":true,"decode_ok":true,"q9_finder_ns":[4308721,4295806],"baseline_parse_ns":[115378,97845],"cache_positions":27551,"cache_records":60588,"cache_capacity_bytes":597376,"counts":[0, 0, 0, 0, 0, 0, 0, 0, 0, 0, 0, 0, 0, 0, 0, 0, 0, 0, 0, 0, 60588, 6196014],"nc_hist":[0, 0, 0, 0, 0, 0, 0, 0, 0, 0, 0, 0, 0, 0, 0, 0, 0]}
R9_BEGIN 23
R9_RESULT {"index":23,"input_bytes":12000,"class":14,"engine":2,"tokens":2143,"token_equivalent":true,"decode_ok":true,"q9_finder_ns":[1328454,1282728],"baseline_parse_ns":[306297,308431],"cache_positions":9876,"cache_records":18024,"cache_capacity_bytes":256096,"counts":[0, 0, 0, 0, 0, 0, 0, 0, 0, 0, 0, 0, 0, 0, 0, 0, 0, 0, 0, 0, 18024, 1731191],"nc_hist":[0, 0, 0, 0, 0, 0, 0, 0, 0, 0, 0, 0, 0, 0, 0, 0, 0]}
R9_BEGIN 24
R9_RESULT {"index":24,"input_bytes":450000,"class":3,"engine":0,"tokens":450000,"token_equivalent":true,"decode_ok":true,"q9_finder_ns":[9198677,9235116],"baseline_parse_ns":[3698741,3475741],"cache_positions":174927,"cache_records":175862,"cache_capacity_bytes":3600040,"counts":[0, 0, 0, 0, 0, 0, 0, 0, 0, 0, 0, 0, 0, 0, 0, 0, 0, 0, 0, 0, 175862, 531982],"nc_hist":[0, 0, 0, 0, 0, 0, 0, 0, 0, 0, 0, 0, 0, 0, 0, 0, 0]}
R9_BEGIN 25
R9_RESULT {"index":25,"input_bytes":250000,"class":3,"engine":0,"tokens":250000,"token_equivalent":true,"decode_ok":true,"q9_finder_ns":[3930819,3929496],"baseline_parse_ns":[1956087,1920850],"cache_positions":41027,"cache_records":41073,"cache_capacity_bytes":666672,"counts":[0, 0, 0, 0, 0, 0, 0, 0, 0, 0, 0, 0, 0, 0, 0, 0, 0, 0, 0, 0, 41073, 123647],"nc_hist":[0, 0, 0, 0, 0, 0, 0, 0, 0, 0, 0, 0, 0, 0, 0, 0, 0]}
R9_BEGIN 26
R9_RESULT {"index":26,"input_bytes":350000,"class":3,"engine":0,"tokens":284542,"token_equivalent":true,"decode_ok":true,"q9_finder_ns":[7715051,7730510],"baseline_parse_ns":[12163164,12206827],"cache_positions":107817,"cache_records":137023,"cache_capacity_bytes":1866680,"counts":[0, 0, 0, 0, 0, 0, 0, 0, 0, 0, 0, 0, 0, 0, 0, 0, 0, 0, 0, 0, 137023, 492937],"nc_hist":[0, 0, 0, 0, 0, 0, 0, 0, 0, 0, 0, 0, 0, 0, 0, 0, 0]}
R9_BEGIN 27
R9_RESULT {"index":27,"input_bytes":250000,"class":3,"engine":0,"tokens":250000,"token_equivalent":true,"decode_ok":true,"q9_finder_ns":[2584391,2569884],"baseline_parse_ns":[1932512,1927724],"cache_positions":2814,"cache_records":2815,"cache_capacity_bytes":666672,"counts":[0, 0, 0, 0, 0, 0, 0, 0, 0, 0, 0, 0, 0, 0, 0, 0, 0, 0, 0, 0, 2815, 8477],"nc_hist":[0, 0, 0, 0, 0, 0, 0, 0, 0, 0, 0, 0, 0, 0, 0, 0, 0]}
R9_BEGIN 28
R9_RESULT {"index":28,"input_bytes":65537,"class":12,"engine":1,"tokens":727,"token_equivalent":true,"decode_ok":true,"q9_finder_ns":[20880535,20919779],"baseline_parse_ns":[626822,615781],"cache_positions":64750,"cache_records":143436,"cache_capacity_bytes":1398144,"counts":[1318, 2472, 2532, 142, 0, 7636, 0, 76743, 84379, 7636, 0, 76743, 0, 0, 0, 0, 330, 270, 0, 349606, 143436, 15506878],"nc_hist":[600, 234, 245, 15, 17, 17, 50, 13, 12, 89, 24, 2, 0, 0, 0, 0, 0]}
R9_BEGIN 29
R9_RESULT {"index":29,"input_bytes":131073,"class":12,"engine":1,"tokens":1439,"token_equivalent":true,"decode_ok":true,"q9_finder_ns":[44437083,44690160],"baseline_parse_ns":[1226752,1216643],"cache_positions":129592,"cache_records":287760,"cache_capacity_bytes":2796288,"counts":[2825, 5401, 5955, 380, 0, 19290, 0, 157926, 177216, 19290, 0, 157926, 84, 0, 330, 0, 1207, 653, 0, 761820, 287760, 30721042],"nc_hist":[1212, 630, 502, 22, 25, 21, 84, 17, 15, 220, 74, 3, 0, 0, 0, 0, 0]}
R9_BEGIN 30
R9_RESULT {"index":30,"input_bytes":65537,"class":15,"engine":1,"tokens":717,"token_equivalent":true,"decode_ok":true,"q9_finder_ns":[15556650,15704730],"baseline_parse_ns":[669692,683939],"cache_positions":64783,"cache_records":132447,"cache_capacity_bytes":1398144,"counts":[1106, 3066, 2514, 130, 0, 523, 0, 64739, 65262, 523, 0, 64739, 0, 0, 0, 0, 207, 759, 0, 542653, 132447, 15383740],"nc_hist":[537, 313, 17, 8, 7, 8, 10, 10, 9, 6, 6, 5, 11, 107, 47, 5, 0]}
R9_BEGIN 31
R9_RESULT {"index":31,"input_bytes":131073,"class":15,"engine":1,"tokens":1385,"token_equivalent":true,"decode_ok":true,"q9_finder_ns":[32203656,32230356],"baseline_parse_ns":[1327592,1306272],"cache_positions":129704,"cache_records":267596,"cache_capacity_bytes":2796288,"counts":[2261, 6550, 5398, 317, 0, 1265, 0, 129341, 130606, 1265, 0, 129341, 0, 0, 0, 0, 522, 1674, 0, 1158587, 267596, 31160406],"nc_hist":[1049, 683, 50, 10, 13, 9, 13, 9, 10, 12, 10, 11, 7, 257, 105, 13, 0]}
R9_BEGIN 32
R9_RESULT {"index":32,"input_bytes":65537,"class":5,"engine":1,"tokens":747,"token_equivalent":true,"decode_ok":true,"q9_finder_ns":[15475067,15508430],"baseline_parse_ns":[473873,457633],"cache_positions":64780,"cache_records":143805,"cache_capacity_bytes":1398144,"counts":[1440, 1991, 2426, 168, 0, 3014, 0, 66898, 69912, 3014, 0, 66898, 1, 1, 16, 26, 500, 65, 0, 233456, 143805, 16631760],"nc_hist":[622, 450, 120, 19, 15, 115, 85, 13, 1, 0, 0, 0, 0, 0, 0, 0, 0]}
R9_BEGIN 33
R9_RESULT {"index":33,"input_bytes":131073,"class":5,"engine":1,"tokens":1512,"token_equivalent":true,"decode_ok":true,"q9_finder_ns":[32439550,32408071],"baseline_parse_ns":[899886,879297],"cache_positions":129633,"cache_records":295656,"cache_capacity_bytes":2796288,"counts":[3131, 4267, 5729, 439, 0, 13746, 0, 134643, 148389, 13746, 0, 134643, 2, 1, 152, 32, 1593, 131, 0, 474433, 295656, 34316183],"nc_hist":[1310, 1022, 292, 38, 10, 274, 159, 25, 1, 0, 0, 0, 0, 0, 0, 0, 0]}
