[32m2026-10-06 19:37:28.744[0m | [34m[1mDEBUG   [0m | [36m__main__[0m:[36mmain[0m:[36m649[0m - [34m[1m[gate] benchmark sandbox: bwrap, 300s, 2048 MB, cpus=any[0m
[32m2026-10-06 19:37:28.750[0m | [34m[1mDEBUG   [0m | [36m__main__[0m:[36mstage_intake[0m:[36m261[0m - [34m[1m[gate] parse.rs 5e61b341d942c0e8 -> slot/generated/parse.rs[0m
[32m2026-10-06 19:37:28.750[0m | [34m[1mDEBUG   [0m | [36m__main__[0m:[36mstage_intake[0m:[36m261[0m - [34m[1m[gate] Parse.lean e2c200cf084eca95 -> lean/Proof/Parse.lean[0m
[32m2026-10-06 19:37:28.850[0m | [34m[1mDEBUG   [0m | [36msandbox.bwrap[0m:[36mrun[0m:[36m110[0m - [34m[1m[bwrap] rustup exit=0 in 0.0s[0m
[32m2026-10-06 19:37:29.591[0m | [34m[1mDEBUG   [0m | [36msandbox.bwrap[0m:[36mrun[0m:[36m110[0m - [34m[1m[bwrap] extract.sh exit=0 in 0.7s[0m
[32m2026-10-06 19:37:52.849[0m | [34m[1mDEBUG   [0m | [36msandbox.bwrap[0m:[36mrun[0m:[36m110[0m - [34m[1m[bwrap] extract.sh exit=0 in 22.7s[0m
[32m2026-10-06 19:37:52.850[0m | [34m[1mDEBUG   [0m | [36m__main__[0m:[36mstage_extract[0m:[36m356[0m - [34m[1m[gate] extracted Types.lean 276d4089d337e0d7, Funs.lean ee8fa3160792882e, Constants.lean 8d267c4d89a1379b[0m
[32m2026-10-06 19:37:55.218[0m | [34m[1mDEBUG   [0m | [36msandbox.bwrap[0m:[36mrun[0m:[36m110[0m - [34m[1m[bwrap] lake exit=0 in 2.4s[0m
[32m2026-10-06 19:38:36.258[0m | [34m[1mDEBUG   [0m | [36msandbox.bwrap[0m:[36mrun[0m:[36m110[0m - [34m[1m[bwrap] lake exit=0 in 41.0s[0m
[32m2026-10-06 19:45:13.485[0m | [34m[1mDEBUG   [0m | [36msandbox.bwrap[0m:[36mrun[0m:[36m110[0m - [34m[1m[bwrap] lake exit=0 in 397.2s[0m
[32m2026-10-06 19:45:16.386[0m | [34m[1mDEBUG   [0m | [36msandbox.bwrap[0m:[36mrun[0m:[36m110[0m - [34m[1m[bwrap] lake exit=0 in 2.9s[0m
[32m2026-10-06 19:45:19.040[0m | [34m[1mDEBUG   [0m | [36msandbox.bwrap[0m:[36mrun[0m:[36m110[0m - [34m[1m[bwrap] lake exit=0 in 2.6s[0m
[32m2026-10-06 19:45:19.041[0m | [34m[1mDEBUG   [0m | [36m__main__[0m:[36mstage_axioms[0m:[36m423[0m - [34m[1m[gate] axiom query stdout: "'accepted' depends on axioms: [propext, Classical.choice, Quot.sound]"[0m
[32m2026-10-06 19:45:19.043[0m | [1mINFO    [0m | [36m__main__[0m:[36mmain[0m:[36m703[0m - [1m[gate] verification accepted in 470.3s (bwrap, 900s, 16384 MB)[0m
[32m2026-10-06 19:45:19.104[0m | [34m[1mDEBUG   [0m | [36msandbox.bwrap[0m:[36mrun[0m:[36m110[0m - [34m[1m[bwrap] rustc exit=0 in 0.0s[0m
[32m2026-10-06 19:45:21.456[0m | [34m[1mDEBUG   [0m | [36msandbox.bwrap[0m:[36mrun[0m:[36m110[0m - [34m[1m[bwrap] cargo exit=0 in 2.4s[0m
[32m2026-10-06 19:45:21.456[0m | [34m[1mDEBUG   [0m | [36mbench.driver[0m:[36m_build[0m:[36m295[0m - [34m[1m[bench] built incumbent in 2.4s exit=0[0m
[32m2026-10-06 19:45:25.165[0m | [34m[1mDEBUG   [0m | [36msandbox.bwrap[0m:[36mrun[0m:[36m110[0m - [34m[1m[bwrap] cargo exit=0 in 3.7s[0m
[32m2026-10-06 19:45:25.165[0m | [34m[1mDEBUG   [0m | [36mbench.driver[0m:[36m_build[0m:[36m295[0m - [34m[1m[bench] built submission in 3.7s exit=0[0m
[32m2026-10-06 19:45:38.254[0m | [34m[1mDEBUG   [0m | [36msandbox.bwrap[0m:[36mrun[0m:[36m110[0m - [34m[1m[bwrap] measure exit=0 in 13.1s[0m
[32m2026-10-06 19:45:38.255[0m | [34m[1mDEBUG   [0m | [36mbench.driver[0m:[36m_measure[0m:[36m333[0m - [34m[1m[bench] measured submission in 13.1s exit=0[0m
verifying /home/runner/work/_temp/round4-receipts/input-r4-cpu-foldni
workspace: /home/runner/work/_temp/deflate-upstream/data/verification-workspace/verify-z1ql9__q

0 intake      ok — input-r4-cpu-foldni: parse.rs, Parse.lean
1 policy      ok — source prefilters passed
2 static      ok — resolved operations: alloc::alloc::Global::{impl}::drop_glue, alloc::vec::Vec::{impl}::drop_glue, alloc::vec::{impl}::deref, alloc::vec::{impl}::len, alloc::vec::{impl}::push, alloc::vec::{impl}::with_capacity, core::num::{impl}::leading_zeros, core::num::{impl}::saturating_add, core::num::{impl}::saturating_sub, core::num::{impl}::wrapping_add, core::num::{impl}::wrapping_mul, core::num::{impl}::wrapping_sub, core::slice::{impl}::len
3 extract     ok — charon+aeneas re-run by the verifier, no new axioms
4 statement   ok — `LZ77.Obligation slot.parse` typechecks (bwrap, 900s, 16384 MB)
5 axioms      ok — ['Classical.choice', 'Quot.sound', 'propext']; extraction intact
6 score       running…

Corpus: corpus-stage1
file                       raw  incumbent  submission
-----------------------------------------------------
binary.db.bin           500000      76338       86898
bundle.min.js.txt      1000000     301618      328069
catalog.xml.txt         500000      62314       72321
compressed.bin          300000     300194      300095
config.yaml.txt         400000      85384       92446
docs.md.txt             800000     226973      249422
dump.sql.txt            150000      20817       19950
genome.fasta            900000     292479      277999
images.bin              250000     223767      230461
lean.txt               1000000     235059      265116
machine-code.bin        500000     167357      177260
metrics.csv.txt        1300000     287282      285567
multibyte.txt          1100000     273630      303718
page.html.txt           600000     103618      114895
prose.txt              1500000     579041      633866
records.json.txt        400000      72255       76898
server.log              300000      29404       29289
source.c.txt           1400000     354325      389594
source.py.txt           600000     132748      145497
source.rs.txt           700000     134069      148916
sourcemap.map.txt       350000      68389       78310
sparse.bin               40000       1234        1280
tiny-app.log             28000        965        1262
tiny-config.json.txt     12000       2107        2670
weights-bf16.bin        450000     362200      365682
weights-f16.bin         250000     216274      212660
weights-f32.bin         350000     284747      284695
weights-q8.bin          250000     236246      235572
-----------------------------------------------------
TOTAL                 15930000    5130834     5410408

method        bytes     ratio    lz77  encode   total  slowdown
-------------------------------------------------------------------------------------------------------------------
incumbent   5130834  1.00000x  0.550s  0.205s  0.756s     1.00x  the incumbent
submission  5410408  1.05449x  0.042s  0.225s  0.267s     0.35x  no improvement — 5.449% larger than the incumbent.

no improvement — 5.449% larger than the incumbent.
