ENCODER_NATIVE 0 binary.db.bin public514 82894 50441
ENCODER_NATIVE 0 binary.db.bin public595 82894 50441
ENCODER_NATIVE 0 binary.db.bin combo 82894 50441
ENCODER_NATIVE 0 binary.db.bin r23-595-chain3 82894 50441
ENCODER_NATIVE 1 bundle.min.js.txt public514 325697 190824
ENCODER_NATIVE 1 bundle.min.js.txt public595 325697 190824
ENCODER_NATIVE 1 bundle.min.js.txt combo 325697 190824
ENCODER_NATIVE 1 bundle.min.js.txt r23-595-chain3 325697 190824
ENCODER_NATIVE 2 catalog.xml.txt public514 69271 45579
ENCODER_NATIVE 2 catalog.xml.txt public595 69271 45579
ENCODER_NATIVE 2 catalog.xml.txt combo 69271 45579
ENCODER_NATIVE 2 catalog.xml.txt r23-595-chain3 69271 45579
ENCODER_NATIVE 3 compressed.bin public514 300095 300000
ENCODER_NATIVE 3 compressed.bin public595 300095 300000
ENCODER_NATIVE 3 compressed.bin combo 300095 300000
ENCODER_NATIVE 3 compressed.bin r23-595-chain3 300095 300000
ENCODER_NATIVE 4 config.yaml.txt public514 90556 59218
ENCODER_NATIVE 4 config.yaml.txt public595 90556 59218
ENCODER_NATIVE 4 config.yaml.txt combo 90556 59218
ENCODER_NATIVE 4 config.yaml.txt r23-595-chain3 90556 59218
ENCODER_NATIVE 5 docs.md.txt public514 243632 157463
ENCODER_NATIVE 5 docs.md.txt public595 243632 157463
ENCODER_NATIVE 5 docs.md.txt combo 243632 157463
ENCODER_NATIVE 5 docs.md.txt r23-595-chain3 243632 157463
ENCODER_NATIVE 6 dump.sql.txt public514 19941 15151
ENCODER_NATIVE 6 dump.sql.txt public595 19941 15151
ENCODER_NATIVE 6 dump.sql.txt combo 19941 15151
ENCODER_NATIVE 6 dump.sql.txt r23-595-chain3 19941 15151
ENCODER_NATIVE 7 genome.fasta public514 283718 176189
ENCODER_NATIVE 7 genome.fasta public595 283718 176189
ENCODER_NATIVE 7 genome.fasta combo 283718 176189
ENCODER_NATIVE 7 genome.fasta r23-595-chain3 283718 176189
ENCODER_NATIVE 8 images.bin public514 229171 226885
ENCODER_NATIVE 8 images.bin public595 229171 226885
ENCODER_NATIVE 8 images.bin combo 229171 226885
ENCODER_NATIVE 8 images.bin r23-595-chain3 229171 226885
ENCODER_NATIVE 9 lean.txt public514 264653 161293
ENCODER_NATIVE 9 lean.txt public595 264642 161269
ENCODER_NATIVE 9 lean.txt combo 257404 155365
ENCODER_NATIVE 9 lean.txt r23-595-chain3 254307 152672
ENCODER_NATIVE 10 machine-code.bin public514 171918 122482
ENCODER_NATIVE 10 machine-code.bin public595 171918 122482
ENCODER_NATIVE 10 machine-code.bin combo 171918 122482
ENCODER_NATIVE 10 machine-code.bin r23-595-chain3 171918 122482
ENCODER_NATIVE 11 metrics.csv.txt public514 284703 220653
ENCODER_NATIVE 11 metrics.csv.txt public595 284703 220653
ENCODER_NATIVE 11 metrics.csv.txt combo 284703 220653
ENCODER_NATIVE 11 metrics.csv.txt r23-595-chain3 284703 220653
ENCODER_NATIVE 12 multibyte.txt public514 292855 196725
ENCODER_NATIVE 12 multibyte.txt public595 292855 196725
ENCODER_NATIVE 12 multibyte.txt combo 292855 196725
ENCODER_NATIVE 12 multibyte.txt r23-595-chain3 292855 196725
ENCODER_NATIVE 13 page.html.txt public514 111342 75088
ENCODER_NATIVE 13 page.html.txt public595 111342 75088
ENCODER_NATIVE 13 page.html.txt combo 111342 75088
ENCODER_NATIVE 13 page.html.txt r23-595-chain3 111342 75088
ENCODER_NATIVE 14 prose.txt public514 620035 365040
ENCODER_NATIVE 14 prose.txt public595 620035 365040
ENCODER_NATIVE 14 prose.txt combo 620035 365040
ENCODER_NATIVE 14 prose.txt r23-595-chain3 620035 365040
ENCODER_NATIVE 15 records.json.txt public514 75503 78317
ENCODER_NATIVE 15 records.json.txt public595 75503 78317
ENCODER_NATIVE 15 records.json.txt combo 75503 78317
ENCODER_NATIVE 15 records.json.txt r23-595-chain3 75503 78317
ENCODER_NATIVE 16 server.log public514 29230 23582
ENCODER_NATIVE 16 server.log public595 29230 23582
ENCODER_NATIVE 16 server.log combo 29230 23582
ENCODER_NATIVE 16 server.log r23-595-chain3 29230 23582
ENCODER_NATIVE 17 source.c.txt public514 380012 235866
ENCODER_NATIVE 17 source.c.txt public595 380012 235866
ENCODER_NATIVE 17 source.c.txt combo 380012 235866
ENCODER_NATIVE 17 source.c.txt r23-595-chain3 380012 235866
ENCODER_NATIVE 18 source.py.txt public514 141452 88808
ENCODER_NATIVE 18 source.py.txt public595 141452 88808
ENCODER_NATIVE 18 source.py.txt combo 141452 88808
ENCODER_NATIVE 18 source.py.txt r23-595-chain3 141452 88808
ENCODER_NATIVE 19 source.rs.txt public514 144447 88318
ENCODER_NATIVE 19 source.rs.txt public595 144447 88318
ENCODER_NATIVE 19 source.rs.txt combo 144447 88318
ENCODER_NATIVE 19 source.rs.txt r23-595-chain3 144447 88318
ENCODER_NATIVE 20 sourcemap.map.txt public514 75873 48664
ENCODER_NATIVE 20 sourcemap.map.txt public595 75873 48664
ENCODER_NATIVE 20 sourcemap.map.txt combo 75873 48664
ENCODER_NATIVE 20 sourcemap.map.txt r23-595-chain3 75873 48664
ENCODER_NATIVE 21 sparse.bin public514 1270 1458
ENCODER_NATIVE 21 sparse.bin public595 1270 1458
ENCODER_NATIVE 21 sparse.bin combo 1270 1458
ENCODER_NATIVE 21 sparse.bin r23-595-chain3 1270 1458
ENCODER_NATIVE 22 tiny-app.log public514 1270 998
ENCODER_NATIVE 22 tiny-app.log public595 1134 865
ENCODER_NATIVE 22 tiny-app.log combo 1134 865
ENCODER_NATIVE 22 tiny-app.log r23-595-chain3 1134 865
ENCODER_NATIVE 23 tiny-config.json.txt public514 2487 3094
ENCODER_NATIVE 23 tiny-config.json.txt public595 2487 3094
ENCODER_NATIVE 23 tiny-config.json.txt combo 2487 3094
ENCODER_NATIVE 23 tiny-config.json.txt r23-595-chain3 2487 3094
ENCODER_NATIVE 24 weights-bf16.bin public514 365611 265242
ENCODER_NATIVE 24 weights-bf16.bin public595 365611 265242
ENCODER_NATIVE 24 weights-bf16.bin combo 365611 265242
ENCODER_NATIVE 24 weights-bf16.bin r23-595-chain3 365611 265242
ENCODER_NATIVE 25 weights-f16.bin public514 212660 250000
ENCODER_NATIVE 25 weights-f16.bin public595 212660 250000
ENCODER_NATIVE 25 weights-f16.bin combo 212660 250000
ENCODER_NATIVE 25 weights-f16.bin r23-595-chain3 212660 250000
ENCODER_NATIVE 26 weights-f32.bin public514 284138 285782
ENCODER_NATIVE 26 weights-f32.bin public595 284138 285782
ENCODER_NATIVE 26 weights-f32.bin combo 284138 285782
ENCODER_NATIVE 26 weights-f32.bin r23-595-chain3 284138 285782
ENCODER_NATIVE 27 weights-q8.bin public514 235572 250000
ENCODER_NATIVE 27 weights-q8.bin public595 235572 250000
ENCODER_NATIVE 27 weights-q8.bin combo 235572 250000
ENCODER_NATIVE 27 weights-q8.bin r23-595-chain3 235572 250000
