ENCODER_NATIVE 0 binary.db.bin public514 82894 50441
ENCODER_NATIVE 0 binary.db.bin r13-514-abs15 82894 50441
ENCODER_NATIVE 0 binary.db.bin r16-514-lazy8-depth2 82894 50441
ENCODER_NATIVE 0 binary.db.bin r16-514-quality-hash32 82990 50405
ENCODER_NATIVE 0 binary.db.bin r16-514-quality-slack2 82894 50441
ENCODER_NATIVE 1 bundle.min.js.txt public514 325697 190824
ENCODER_NATIVE 1 bundle.min.js.txt r13-514-abs15 325697 190824
ENCODER_NATIVE 1 bundle.min.js.txt r16-514-lazy8-depth2 325697 190824
ENCODER_NATIVE 1 bundle.min.js.txt r16-514-quality-hash32 325650 190440
ENCODER_NATIVE 1 bundle.min.js.txt r16-514-quality-slack2 325697 190824
ENCODER_NATIVE 2 catalog.xml.txt public514 69271 45579
ENCODER_NATIVE 2 catalog.xml.txt r13-514-abs15 69271 45579
ENCODER_NATIVE 2 catalog.xml.txt r16-514-lazy8-depth2 67435 45214
ENCODER_NATIVE 2 catalog.xml.txt r16-514-quality-hash32 67108 44940
ENCODER_NATIVE 2 catalog.xml.txt r16-514-quality-slack2 67464 45388
ENCODER_NATIVE 3 compressed.bin public514 300095 300000
ENCODER_NATIVE 3 compressed.bin r13-514-abs15 300095 300000
ENCODER_NATIVE 3 compressed.bin r16-514-lazy8-depth2 300095 300000
ENCODER_NATIVE 3 compressed.bin r16-514-quality-hash32 300095 300000
ENCODER_NATIVE 3 compressed.bin r16-514-quality-slack2 300095 300000
ENCODER_NATIVE 4 config.yaml.txt public514 90556 59218
ENCODER_NATIVE 4 config.yaml.txt r13-514-abs15 90556 59218
ENCODER_NATIVE 4 config.yaml.txt r16-514-lazy8-depth2 89033 58614
ENCODER_NATIVE 4 config.yaml.txt r16-514-quality-hash32 88944 58511
ENCODER_NATIVE 4 config.yaml.txt r16-514-quality-slack2 88992 58800
ENCODER_NATIVE 5 docs.md.txt public514 243632 157463
ENCODER_NATIVE 5 docs.md.txt r13-514-abs15 243632 157463
ENCODER_NATIVE 5 docs.md.txt r16-514-lazy8-depth2 237572 155429
ENCODER_NATIVE 5 docs.md.txt r16-514-quality-hash32 237567 155270
ENCODER_NATIVE 5 docs.md.txt r16-514-quality-slack2 237571 156302
ENCODER_NATIVE 6 dump.sql.txt public514 19941 15151
ENCODER_NATIVE 6 dump.sql.txt r13-514-abs15 19941 15151
ENCODER_NATIVE 6 dump.sql.txt r16-514-lazy8-depth2 19941 15151
ENCODER_NATIVE 6 dump.sql.txt r16-514-quality-hash32 19945 15165
ENCODER_NATIVE 6 dump.sql.txt r16-514-quality-slack2 19849 15277
ENCODER_NATIVE 7 genome.fasta public514 283718 176189
ENCODER_NATIVE 7 genome.fasta r13-514-abs15 283718 176189
ENCODER_NATIVE 7 genome.fasta r16-514-lazy8-depth2 283718 176189
ENCODER_NATIVE 7 genome.fasta r16-514-quality-hash32 283718 176189
ENCODER_NATIVE 7 genome.fasta r16-514-quality-slack2 283718 176189
ENCODER_NATIVE 8 images.bin public514 229171 226885
ENCODER_NATIVE 8 images.bin r13-514-abs15 229171 226885
ENCODER_NATIVE 8 images.bin r16-514-lazy8-depth2 229171 226885
ENCODER_NATIVE 8 images.bin r16-514-quality-hash32 229429 227157
ENCODER_NATIVE 8 images.bin r16-514-quality-slack2 229171 226885
ENCODER_NATIVE 9 lean.txt public514 264653 161293
ENCODER_NATIVE 9 lean.txt r13-514-abs15 264653 161293
ENCODER_NATIVE 9 lean.txt r16-514-lazy8-depth2 264653 161293
ENCODER_NATIVE 9 lean.txt r16-514-quality-hash32 264368 161303
ENCODER_NATIVE 9 lean.txt r16-514-quality-slack2 264653 161293
ENCODER_NATIVE 10 machine-code.bin public514 171918 122482
ENCODER_NATIVE 10 machine-code.bin r13-514-abs15 171918 122482
ENCODER_NATIVE 10 machine-code.bin r16-514-lazy8-depth2 171918 122482
ENCODER_NATIVE 10 machine-code.bin r16-514-quality-hash32 172191 122085
ENCODER_NATIVE 10 machine-code.bin r16-514-quality-slack2 171918 122482
ENCODER_NATIVE 11 metrics.csv.txt public514 284703 220653
ENCODER_NATIVE 11 metrics.csv.txt r13-514-abs15 284703 220653
ENCODER_NATIVE 11 metrics.csv.txt r16-514-lazy8-depth2 284703 220653
ENCODER_NATIVE 11 metrics.csv.txt r16-514-quality-hash32 284799 221120
ENCODER_NATIVE 11 metrics.csv.txt r16-514-quality-slack2 284451 221117
ENCODER_NATIVE 12 multibyte.txt public514 292855 196725
ENCODER_NATIVE 12 multibyte.txt r13-514-abs15 292855 196725
ENCODER_NATIVE 12 multibyte.txt r16-514-lazy8-depth2 286248 195379
ENCODER_NATIVE 12 multibyte.txt r16-514-quality-hash32 286043 194977
ENCODER_NATIVE 12 multibyte.txt r16-514-quality-slack2 286093 196064
ENCODER_NATIVE 13 page.html.txt public514 111342 75088
ENCODER_NATIVE 13 page.html.txt r13-514-abs15 111342 75088
ENCODER_NATIVE 13 page.html.txt r16-514-lazy8-depth2 109037 74341
ENCODER_NATIVE 13 page.html.txt r16-514-quality-hash32 109222 74444
ENCODER_NATIVE 13 page.html.txt r16-514-quality-slack2 108856 74489
ENCODER_NATIVE 14 prose.txt public514 620035 365040
ENCODER_NATIVE 14 prose.txt r13-514-abs15 620035 365040
ENCODER_NATIVE 14 prose.txt r16-514-lazy8-depth2 601675 365864
ENCODER_NATIVE 14 prose.txt r16-514-quality-hash32 601594 365520
ENCODER_NATIVE 14 prose.txt r16-514-quality-slack2 602063 369193
ENCODER_NATIVE 15 records.json.txt public514 75503 78317
ENCODER_NATIVE 15 records.json.txt r13-514-abs15 75503 78317
ENCODER_NATIVE 15 records.json.txt r16-514-lazy8-depth2 74750 78008
ENCODER_NATIVE 15 records.json.txt r16-514-quality-hash32 75021 78314
ENCODER_NATIVE 15 records.json.txt r16-514-quality-slack2 74644 78059
ENCODER_NATIVE 16 server.log public514 29230 23582
ENCODER_NATIVE 16 server.log r13-514-abs15 29230 23582
ENCODER_NATIVE 16 server.log r16-514-lazy8-depth2 29230 23582
ENCODER_NATIVE 16 server.log r16-514-quality-hash32 29271 23610
ENCODER_NATIVE 16 server.log r16-514-quality-slack2 29167 23623
ENCODER_NATIVE 17 source.c.txt public514 380012 235866
ENCODER_NATIVE 17 source.c.txt r13-514-abs15 380012 235866
ENCODER_NATIVE 17 source.c.txt r16-514-lazy8-depth2 370487 232014
ENCODER_NATIVE 17 source.c.txt r16-514-quality-hash32 370586 232237
ENCODER_NATIVE 17 source.c.txt r16-514-quality-slack2 370277 233310
ENCODER_NATIVE 18 source.py.txt public514 141452 88808
ENCODER_NATIVE 18 source.py.txt r13-514-abs15 141452 88808
ENCODER_NATIVE 18 source.py.txt r16-514-lazy8-depth2 138167 87299
ENCODER_NATIVE 18 source.py.txt r16-514-quality-hash32 138166 87325
ENCODER_NATIVE 18 source.py.txt r16-514-quality-slack2 138145 87698
ENCODER_NATIVE 19 source.rs.txt public514 144447 88318
ENCODER_NATIVE 19 source.rs.txt r13-514-abs15 144447 88318
ENCODER_NATIVE 19 source.rs.txt r16-514-lazy8-depth2 140754 86535
ENCODER_NATIVE 19 source.rs.txt r16-514-quality-hash32 140585 86404
ENCODER_NATIVE 19 source.rs.txt r16-514-quality-slack2 140664 86925
ENCODER_NATIVE 20 sourcemap.map.txt public514 75873 48664
ENCODER_NATIVE 20 sourcemap.map.txt r13-514-abs15 75873 48664
ENCODER_NATIVE 20 sourcemap.map.txt r16-514-lazy8-depth2 74069 47859
ENCODER_NATIVE 20 sourcemap.map.txt r16-514-quality-hash32 74061 47851
ENCODER_NATIVE 20 sourcemap.map.txt r16-514-quality-slack2 74008 48024
ENCODER_NATIVE 21 sparse.bin public514 1270 1458
ENCODER_NATIVE 21 sparse.bin r13-514-abs15 1270 1458
ENCODER_NATIVE 21 sparse.bin r16-514-lazy8-depth2 1270 1458
ENCODER_NATIVE 21 sparse.bin r16-514-quality-hash32 1270 1458
ENCODER_NATIVE 21 sparse.bin r16-514-quality-slack2 1270 1458
ENCODER_NATIVE 22 tiny-app.log public514 1270 998
ENCODER_NATIVE 22 tiny-app.log r13-514-abs15 1270 998
ENCODER_NATIVE 22 tiny-app.log r16-514-lazy8-depth2 1270 998
ENCODER_NATIVE 22 tiny-app.log r16-514-quality-hash32 1270 998
ENCODER_NATIVE 22 tiny-app.log r16-514-quality-slack2 1270 998
ENCODER_NATIVE 23 tiny-config.json.txt public514 2487 3094
ENCODER_NATIVE 23 tiny-config.json.txt r13-514-abs15 2487 3094
ENCODER_NATIVE 23 tiny-config.json.txt r16-514-lazy8-depth2 2487 3094
ENCODER_NATIVE 23 tiny-config.json.txt r16-514-quality-hash32 2487 3094
ENCODER_NATIVE 23 tiny-config.json.txt r16-514-quality-slack2 2487 3094
ENCODER_NATIVE 24 weights-bf16.bin public514 365611 265242
ENCODER_NATIVE 24 weights-bf16.bin r13-514-abs15 365611 265242
ENCODER_NATIVE 24 weights-bf16.bin r16-514-lazy8-depth2 365611 265242
ENCODER_NATIVE 24 weights-bf16.bin r16-514-quality-hash32 365611 265242
ENCODER_NATIVE 24 weights-bf16.bin r16-514-quality-slack2 365611 265242
ENCODER_NATIVE 25 weights-f16.bin public514 212660 250000
ENCODER_NATIVE 25 weights-f16.bin r13-514-abs15 212660 250000
ENCODER_NATIVE 25 weights-f16.bin r16-514-lazy8-depth2 212660 250000
ENCODER_NATIVE 25 weights-f16.bin r16-514-quality-hash32 212660 250000
ENCODER_NATIVE 25 weights-f16.bin r16-514-quality-slack2 212660 250000
ENCODER_NATIVE 26 weights-f32.bin public514 284138 285782
ENCODER_NATIVE 26 weights-f32.bin r13-514-abs15 284138 285782
ENCODER_NATIVE 26 weights-f32.bin r16-514-lazy8-depth2 284138 285782
ENCODER_NATIVE 26 weights-f32.bin r16-514-quality-hash32 284138 285782
ENCODER_NATIVE 26 weights-f32.bin r16-514-quality-slack2 284138 285782
ENCODER_NATIVE 27 weights-q8.bin public514 235572 250000
ENCODER_NATIVE 27 weights-q8.bin r13-514-abs15 235572 250000
ENCODER_NATIVE 27 weights-q8.bin r16-514-lazy8-depth2 235572 250000
ENCODER_NATIVE 27 weights-q8.bin r16-514-quality-hash32 235572 250000
ENCODER_NATIVE 27 weights-q8.bin r16-514-quality-slack2 235572 250000
