EF32_NATIVE 0 0 1 0 0 true
EF32_NATIVE 0 0 987654321 0 0 true
EF32_NATIVE 0 1 1 0 0 true
EF32_NATIVE 0 1 987654321 0 0 true
EF32_NATIVE 1 0 1 1 1 true
EF32_NATIVE 1 0 987654321 1 1 true
EF32_NATIVE 1 1 1 1 1 true
EF32_NATIVE 1 1 987654321 1 1 true
EF32_NATIVE 15 0 1 15 15 true
EF32_NATIVE 15 0 987654321 15 15 true
EF32_NATIVE 15 1 1 15 15 true
EF32_NATIVE 15 1 987654321 15 15 true
EF32_NATIVE 16 0 1 16 16 true
EF32_NATIVE 16 0 987654321 16 16 true
EF32_NATIVE 16 1 1 16 16 true
EF32_NATIVE 16 1 987654321 16 16 true
EF32_NATIVE 17 0 1 17 17 true
EF32_NATIVE 17 0 987654321 17 17 true
EF32_NATIVE 17 1 1 17 17 true
EF32_NATIVE 17 1 987654321 17 17 true
EF32_NATIVE 31 0 1 31 31 true
EF32_NATIVE 31 0 987654321 31 31 true
EF32_NATIVE 31 1 1 31 31 true
EF32_NATIVE 31 1 987654321 31 31 true
EF32_NATIVE 32 0 1 32 32 true
EF32_NATIVE 32 0 987654321 32 32 true
EF32_NATIVE 32 1 1 32 32 true
EF32_NATIVE 32 1 987654321 32 32 true
EF32_NATIVE 32767 0 1 16378 10642 false
EF32_NATIVE 32767 0 987654321 16383 10633 false
EF32_NATIVE 32767 1 1 20459 16731 false
EF32_NATIVE 32767 1 987654321 20460 16732 false
EF32_NATIVE 32768 0 1 16377 10640 false
EF32_NATIVE 32768 0 987654321 16382 10631 false
EF32_NATIVE 32768 1 1 20458 16729 false
EF32_NATIVE 32768 1 987654321 20461 16733 false
EF32_NATIVE 32769 0 1 16378 10641 false
EF32_NATIVE 32769 0 987654321 16383 10632 false
EF32_NATIVE 32769 1 1 20459 16730 false
EF32_NATIVE 32769 1 987654321 20462 16734 false
EF32_NATIVE 65535 0 1 32734 19245 false
EF32_NATIVE 65535 0 987654321 32737 19235 false
EF32_NATIVE 65535 1 1 41038 32014 false
EF32_NATIVE 65535 1 987654321 40935 31858 false
EF32_NATIVE 65536 0 1 32733 19243 false
EF32_NATIVE 65536 0 987654321 32736 19233 false
EF32_NATIVE 65536 1 1 41037 32012 false
EF32_NATIVE 65536 1 987654321 40936 31859 false
EF32_NATIVE 65537 0 1 32734 19244 false
EF32_NATIVE 65537 0 987654321 32737 19234 false
EF32_NATIVE 65537 1 1 41038 32013 false
EF32_NATIVE 65537 1 987654321 40937 31860 false
EF32_NATIVE 131072 0 1 65439 36426 false
EF32_NATIVE 131072 0 987654321 65443 36417 false
EF32_NATIVE 131072 1 1 81852 62192 false
EF32_NATIVE 131072 1 987654321 81922 62160 false
EF32_NATIVE 262144 0 1 130854 70779 false
EF32_NATIVE 262144 0 987654321 130848 70775 false
EF32_NATIVE 262144 1 1 163506 122446 false
EF32_NATIVE 262144 1 987654321 163783 122704 false
EF32_NATIVE 350000 0 1 174700 93772 false
EF32_NATIVE 350000 0 987654321 174687 93831 false
EF32_NATIVE 350000 1 1 218134 162634 false
EF32_NATIVE 350000 1 987654321 218894 163678 false
EF32_NATIVE_RESULT 64 36
