Proof/Parse.lean:108:17: warning: Could not generate mvcgen spec for Submission.E_M.format_id_spec: (kernel) constant has already been declared 'Submission.E_M.format_id_spec.mvcgen_spec'
Proof/Parse.lean:2254:17: warning: Could not generate mvcgen spec for Submission.r70_ite_true_spec: (kernel) constant has already been declared 'Submission.r70_ite_true_spec.mvcgen_spec'
Proof/Parse.lean:2260:17: warning: Could not generate mvcgen spec for Submission.r70_ite_true_spec: (kernel) constant has already been declared 'Submission.r70_ite_true_spec.mvcgen_spec'
Proof/Parse.lean:2266:17: warning: Could not generate mvcgen spec for Submission.r70_ite_true_spec: (kernel) constant has already been declared 'Submission.r70_ite_true_spec.mvcgen_spec'
Proof/Parse.lean:2272:17: warning: Could not generate mvcgen spec for Submission.r70_ite_true_spec: (kernel) constant has already been declared 'Submission.r70_ite_true_spec.mvcgen_spec'
Proof/Parse.lean:2275:17: warning: Could not generate mvcgen spec for Submission.r70_ite_true_spec: (kernel) constant has already been declared 'Submission.r70_ite_true_spec.mvcgen_spec'
Proof/Parse.lean:2278:17: warning: Could not generate mvcgen spec for Submission.r70_ite_true_spec: (kernel) constant has already been declared 'Submission.r70_ite_true_spec.mvcgen_spec'
Proof/Parse.lean:2281:17: warning: Could not generate mvcgen spec for Submission.r70_ite_true_spec: (kernel) constant has already been declared 'Submission.r70_ite_true_spec.mvcgen_spec'
Proof/Parse.lean:2284:17: warning: Could not generate mvcgen spec for Submission.r70_ite_true_spec: (kernel) constant has already been declared 'Submission.r70_ite_true_spec.mvcgen_spec'
Proof/Parse.lean:2287:17: warning: Could not generate mvcgen spec for Submission.r70_ite_true_spec: (kernel) constant has already been declared 'Submission.r70_ite_true_spec.mvcgen_spec'
Proof/Parse.lean:2290:17: warning: Could not generate mvcgen spec for Submission.r70_ite_true_spec: (kernel) constant has already been declared 'Submission.r70_ite_true_spec.mvcgen_spec'
Proof/Parse.lean:2293:17: warning: Could not generate mvcgen spec for Submission.r70_ite_true_spec: (kernel) constant has already been declared 'Submission.r70_ite_true_spec.mvcgen_spec'
Proof/Parse.lean:2296:17: warning: Could not generate mvcgen spec for Submission.r70_ite_true_spec: (kernel) constant has already been declared 'Submission.r70_ite_true_spec.mvcgen_spec'
Proof/Parse.lean:2299:17: warning: Could not generate mvcgen spec for Submission.r70_ite_true_spec: (kernel) constant has already been declared 'Submission.r70_ite_true_spec.mvcgen_spec'
Proof/Parse.lean:2302:17: warning: Could not generate mvcgen spec for Submission.r70_ite_true_spec: (kernel) constant has already been declared 'Submission.r70_ite_true_spec.mvcgen_spec'
Proof/Parse.lean:2305:17: warning: Could not generate mvcgen spec for Submission.r70_ite_true_spec: (kernel) constant has already been declared 'Submission.r70_ite_true_spec.mvcgen_spec'
Proof/Parse.lean:2308:17: warning: Could not generate mvcgen spec for Submission.r70_ite_true_spec: (kernel) constant has already been declared 'Submission.r70_ite_true_spec.mvcgen_spec'
Proof/Parse.lean:2311:17: warning: Could not generate mvcgen spec for Submission.r70_ite_true_spec: (kernel) constant has already been declared 'Submission.r70_ite_true_spec.mvcgen_spec'
Proof/Parse.lean:2314:17: warning: Could not generate mvcgen spec for Submission.r70_ite_true_spec: (kernel) constant has already been declared 'Submission.r70_ite_true_spec.mvcgen_spec'
Proof/Parse.lean:2317:17: warning: Could not generate mvcgen spec for Submission.r70_ite_true_spec: (kernel) constant has already been declared 'Submission.r70_ite_true_spec.mvcgen_spec'
Proof/Parse.lean:2320:17: warning: Could not generate mvcgen spec for Submission.r70_ite_true_spec: (kernel) constant has already been declared 'Submission.r70_ite_true_spec.mvcgen_spec'
Proof/Parse.lean:2323:17: warning: Could not generate mvcgen spec for Submission.r70_ite_true_spec: (kernel) constant has already been declared 'Submission.r70_ite_true_spec.mvcgen_spec'
Proof/Parse.lean:2326:17: warning: Could not generate mvcgen spec for Submission.r70_ite_true_spec: (kernel) constant has already been declared 'Submission.r70_ite_true_spec.mvcgen_spec'
Proof/Parse.lean:2329:17: warning: Could not generate mvcgen spec for Submission.r70_ite_true_spec: (kernel) constant has already been declared 'Submission.r70_ite_true_spec.mvcgen_spec'
Proof/Parse.lean:2332:17: warning: Could not generate mvcgen spec for Submission.r70_ite_true_spec: (kernel) constant has already been declared 'Submission.r70_ite_true_spec.mvcgen_spec'
Proof/Parse.lean:2335:17: warning: Could not generate mvcgen spec for Submission.r70_ite_true_spec: (kernel) constant has already been declared 'Submission.r70_ite_true_spec.mvcgen_spec'
Proof/Parse.lean:2338:17: warning: Could not generate mvcgen spec for Submission.r70_ite_true_spec: (kernel) constant has already been declared 'Submission.r70_ite_true_spec.mvcgen_spec'
Proof/Parse.lean:2341:17: warning: Could not generate mvcgen spec for Submission.r70_ite_true_spec: (kernel) constant has already been declared 'Submission.r70_ite_true_spec.mvcgen_spec'
Proof/Parse.lean:2670:17: warning: Could not generate mvcgen spec for Submission.r70_ite_true_spec: (kernel) constant has already been declared 'Submission.r70_ite_true_spec.mvcgen_spec'
Proof/Parse.lean:2676:17: warning: Could not generate mvcgen spec for Submission.r70_ite_true_spec: (kernel) constant has already been declared 'Submission.r70_ite_true_spec.mvcgen_spec'
Proof/Parse.lean:2682:17: warning: Could not generate mvcgen spec for Submission.r70_ite_true_spec: (kernel) constant has already been declared 'Submission.r70_ite_true_spec.mvcgen_spec'
Proof/Parse.lean:2688:17: warning: Could not generate mvcgen spec for Submission.r70_ite_true_spec: (kernel) constant has already been declared 'Submission.r70_ite_true_spec.mvcgen_spec'
Proof/Parse.lean:2714:17: warning: Could not generate mvcgen spec for Submission.r70_ite_true_spec: (kernel) constant has already been declared 'Submission.r70_ite_true_spec.mvcgen_spec'
Proof/Parse.lean:2720:17: warning: Could not generate mvcgen spec for Submission.r70_ite_true_spec: (kernel) constant has already been declared 'Submission.r70_ite_true_spec.mvcgen_spec'
Proof/Parse.lean:2747:17: warning: Could not generate mvcgen spec for Submission.r70_ite_true_spec: (kernel) constant has already been declared 'Submission.r70_ite_true_spec.mvcgen_spec'
Proof/Parse.lean:2774:17: warning: Could not generate mvcgen spec for Submission.r70_ite_true_spec: (kernel) constant has already been declared 'Submission.r70_ite_true_spec.mvcgen_spec'
Proof/Parse.lean:2780:17: warning: Could not generate mvcgen spec for Submission.r70_ite_true_spec: (kernel) constant has already been declared 'Submission.r70_ite_true_spec.mvcgen_spec'
Proof/Parse.lean:2807:17: warning: Could not generate mvcgen spec for Submission.r70_ite_true_spec: (kernel) constant has already been declared 'Submission.r70_ite_true_spec.mvcgen_spec'
Proof/Parse.lean:2818:17: warning: Could not generate mvcgen spec for Submission.EO.EA.ite_true_spec: (kernel) constant has already been declared 'Submission.EO.EA.ite_true_spec.mvcgen_spec'
Proof/Parse.lean:2888:17: warning: Could not generate mvcgen spec for Submission.r70_ite_true_spec: (kernel) constant has already been declared 'Submission.r70_ite_true_spec.mvcgen_spec'
Proof/Parse.lean:2894:17: warning: Could not generate mvcgen spec for Submission.r70_ite_true_spec: (kernel) constant has already been declared 'Submission.r70_ite_true_spec.mvcgen_spec'
Proof/Parse.lean:2933:17: warning: Could not generate mvcgen spec for Submission.EY.EA.fl_rle_parse_loop_spec: (kernel) constant has already been declared 'Submission.EY.EA.fl_rle_parse_loop_spec.mvcgen_spec'
Proof/Parse.lean:2948:17: warning: Could not generate mvcgen spec for Submission.EY.EA.ite_true_spec: (kernel) constant has already been declared 'Submission.EY.EA.ite_true_spec.mvcgen_spec'
Proof/Parse.lean:2956:17: warning: Could not generate mvcgen spec for Submission.EY.EA.fl_rle_parse_spec: (kernel) constant has already been declared 'Submission.EY.EA.fl_rle_parse_spec.mvcgen_spec'
Proof/Parse.lean:2990:17: warning: Could not generate mvcgen spec for Submission.r70_ite_true_spec: (kernel) constant has already been declared 'Submission.r70_ite_true_spec.mvcgen_spec'
Proof/Parse.lean:3018:17: warning: Could not generate mvcgen spec for Submission.r70_ite_true_spec: (kernel) constant has already been declared 'Submission.r70_ite_true_spec.mvcgen_spec'
Proof/Parse.lean:3029:17: warning: Could not generate mvcgen spec for Submission.EY.EA.ite_true_spec: (kernel) constant has already been declared 'Submission.EY.EA.ite_true_spec.mvcgen_spec'
Proof/Parse.lean:3063:17: warning: Could not generate mvcgen spec for Submission.EY.EA.ite_true_spec: (kernel) constant has already been declared 'Submission.EY.EA.ite_true_spec.mvcgen_spec'
Proof/Parse.lean:3074:48: warning: Used `tac1 <;> tac2` where `(tac1; tac2)` would suffice

Note: This linter can be disabled with `set_option linter.unnecessarySeqFocus false`
Proof/Parse.lean:3083:17: warning: Could not generate mvcgen spec for Submission.EY.EA.sh_replay_spec: (kernel) constant has already been declared 'Submission.EY.EA.sh_replay_spec.mvcgen_spec'
Proof/Parse.lean:3085:17: warning: Could not generate mvcgen spec for Submission.EY.EA.ite_true_spec: (kernel) constant has already been declared 'Submission.EY.EA.ite_true_spec.mvcgen_spec'
Proof/Parse.lean:3093:17: warning: Could not generate mvcgen spec for Submission.EY.EA.sh_rle_phase_spec: (kernel) constant has already been declared 'Submission.EY.EA.sh_rle_phase_spec.mvcgen_spec'
Proof/Parse.lean:3097:17: warning: Could not generate mvcgen spec for Submission.EY.EA.match_len_spec: (kernel) constant has already been declared 'Submission.EY.EA.match_len_spec.mvcgen_spec'
Proof/Parse.lean:3097:17: warning: Could not generate mvcgen spec for Submission.EY.EA.emit_lits_spec: (kernel) constant has already been declared 'Submission.EY.EA.emit_lits_spec.mvcgen_spec'
Proof/Parse.lean:3097:17: warning: Could not generate mvcgen spec for Submission.EY.EA.emit_step_spec: (kernel) constant has already been declared 'Submission.EY.EA.emit_step_spec.mvcgen_spec'
Proof/Parse.lean:3097:17: warning: Could not generate mvcgen spec for Submission.EY.EA.lane_emit_spec: (kernel) constant has already been declared 'Submission.EY.EA.lane_emit_spec.mvcgen_spec'
Proof/Parse.lean:3173:17: warning: Could not generate mvcgen spec for Submission.EO.EA.ld8_spec: (kernel) constant has already been declared 'Submission.EO.EA.ld8_spec.mvcgen_spec'
Proof/Parse.lean:3173:17: warning: Could not generate mvcgen spec for Submission.EO.EA.first_diff_spec: (kernel) constant has already been declared 'Submission.EO.EA.first_diff_spec.mvcgen_spec'
Proof/Parse.lean:3173:17: warning: Could not generate mvcgen spec for Submission.EO.EA.fast_len_spec: (kernel) constant has already been declared 'Submission.EO.EA.fast_len_spec.mvcgen_spec'
Proof/Parse.lean:3173:17: warning: Could not generate mvcgen spec for Submission.EO.EA.emit_lits_spec: (kernel) constant has already been declared 'Submission.EO.EA.emit_lits_spec.mvcgen_spec'
Proof/Parse.lean:3173:17: warning: Could not generate mvcgen spec for Submission.EO.EA.emit_step_spec: (kernel) constant has already been declared 'Submission.EO.EA.emit_step_spec.mvcgen_spec'
Proof/Parse.lean:3176:17: warning: Could not generate mvcgen spec for Submission.EO.EA.ite_true_spec: (kernel) constant has already been declared 'Submission.EO.EA.ite_true_spec.mvcgen_spec'
Proof/Parse.lean:3312:17: warning: Could not generate mvcgen spec for Submission.N70.n_find_spec: (kernel) constant has already been declared 'Submission.N70.n_find_spec.mvcgen_spec'
Proof/Parse.lean:3312:17: warning: Could not generate mvcgen spec for Submission.N70.n_insert_spec: (kernel) constant has already been declared 'Submission.N70.n_insert_spec.mvcgen_spec'
Proof/Parse.lean:3348:17: warning: Could not generate mvcgen spec for Submission.N70.n_run_loop_spec: (kernel) constant has already been declared 'Submission.N70.n_run_loop_spec.mvcgen_spec'
Proof/Parse.lean:3357:17: warning: Could not generate mvcgen spec for Submission.N70.n_run_spec: (kernel) constant has already been declared 'Submission.N70.n_run_spec.mvcgen_spec'
Proof/Parse.lean:3360:17: warning: Could not generate mvcgen spec for Submission.EO.EA.ld8_spec: (kernel) constant has already been declared 'Submission.EO.EA.ld8_spec.mvcgen_spec'
Proof/Parse.lean:3360:17: warning: Could not generate mvcgen spec for Submission.EO.EA.first_diff_spec: (kernel) constant has already been declared 'Submission.EO.EA.first_diff_spec.mvcgen_spec'
Proof/Parse.lean:3360:17: warning: Could not generate mvcgen spec for Submission.EO.EA.fast_len_spec: (kernel) constant has already been declared 'Submission.EO.EA.fast_len_spec.mvcgen_spec'
Proof/Parse.lean:3360:17: warning: Could not generate mvcgen spec for Submission.EO.EA.emit_lits_spec: (kernel) constant has already been declared 'Submission.EO.EA.emit_lits_spec.mvcgen_spec'
Proof/Parse.lean:3360:17: warning: Could not generate mvcgen spec for Submission.EO.EA.emit_step_spec: (kernel) constant has already been declared 'Submission.EO.EA.emit_step_spec.mvcgen_spec'
Proof/Parse.lean:3362:17: warning: Could not generate mvcgen spec for Submission.EO.EA.ite_true_spec: (kernel) constant has already been declared 'Submission.EO.EA.ite_true_spec.mvcgen_spec'
Proof/Parse.lean:3362:17: warning: Could not generate mvcgen spec for Submission.EO.EA.ite_prod_spec: (kernel) constant has already been declared 'Submission.EO.EA.ite_prod_spec.mvcgen_spec'
Proof/Parse.lean:4007:17: warning: Could not generate mvcgen spec for Submission.EO.EA.sh_add_spec: (kernel) constant has already been declared 'Submission.EO.EA.sh_add_spec.mvcgen_spec'
Proof/Parse.lean:4007:17: warning: Could not generate mvcgen spec for Submission.EO.EA.sh_table_spec: (kernel) constant has already been declared 'Submission.EO.EA.sh_table_spec.mvcgen_spec'
Proof/Parse.lean:4009:17: warning: Could not generate mvcgen spec for Submission.EO.EA.ite_prod_spec: (kernel) constant has already been declared 'Submission.EO.EA.ite_prod_spec.mvcgen_spec'
Proof/Parse.lean:4017:17: warning: Could not generate mvcgen spec for Submission.EY.sparse_spec: (kernel) constant has already been declared 'Submission.EY.sparse_spec.mvcgen_spec'
Proof/Parse.lean:4021:17: warning: Could not generate mvcgen spec for Submission.EO.EA.ld8_spec: (kernel) constant has already been declared 'Submission.EO.EA.ld8_spec.mvcgen_spec'
Proof/Parse.lean:4021:17: warning: Could not generate mvcgen spec for Submission.EO.EA.first_diff_spec: (kernel) constant has already been declared 'Submission.EO.EA.first_diff_spec.mvcgen_spec'
Proof/Parse.lean:4021:17: warning: Could not generate mvcgen spec for Submission.EO.EA.fast_len_spec: (kernel) constant has already been declared 'Submission.EO.EA.fast_len_spec.mvcgen_spec'
Proof/Parse.lean:4021:17: warning: Could not generate mvcgen spec for Submission.EO.EA.emit_lits_spec: (kernel) constant has already been declared 'Submission.EO.EA.emit_lits_spec.mvcgen_spec'
Proof/Parse.lean:4021:17: warning: Could not generate mvcgen spec for Submission.EO.EA.emit_step_spec: (kernel) constant has already been declared 'Submission.EO.EA.emit_step_spec.mvcgen_spec'
Proof/Parse.lean:4021:17: warning: Could not generate mvcgen spec for Submission.EO.EA.ite_true_spec: (kernel) constant has already been declared 'Submission.EO.EA.ite_true_spec.mvcgen_spec'
Proof/Parse.lean:4021:17: warning: Could not generate mvcgen spec for Submission.EO.EA.ite_prod_spec: (kernel) constant has already been declared 'Submission.EO.EA.ite_prod_spec.mvcgen_spec'
Proof/Parse.lean:4026:17: warning: Could not generate mvcgen spec for Submission.EO.EA.ld8_spec: (kernel) constant has already been declared 'Submission.EO.EA.ld8_spec.mvcgen_spec'
Proof/Parse.lean:4026:17: warning: Could not generate mvcgen spec for Submission.EO.EA.first_diff_spec: (kernel) constant has already been declared 'Submission.EO.EA.first_diff_spec.mvcgen_spec'
Proof/Parse.lean:4026:17: warning: Could not generate mvcgen spec for Submission.EO.EA.fast_len_spec: (kernel) constant has already been declared 'Submission.EO.EA.fast_len_spec.mvcgen_spec'
Proof/Parse.lean:4026:17: warning: Could not generate mvcgen spec for Submission.EO.EA.emit_lits_spec: (kernel) constant has already been declared 'Submission.EO.EA.emit_lits_spec.mvcgen_spec'
Proof/Parse.lean:4026:17: warning: Could not generate mvcgen spec for Submission.EO.EA.emit_step_spec: (kernel) constant has already been declared 'Submission.EO.EA.emit_step_spec.mvcgen_spec'
Proof/Parse.lean:4029:17: warning: Could not generate mvcgen spec for Submission.EO.EA.ite_true_spec: (kernel) constant has already been declared 'Submission.EO.EA.ite_true_spec.mvcgen_spec'
Proof/Parse.lean:4029:17: warning: Could not generate mvcgen spec for Submission.EO.EA.ite_prod_spec: (kernel) constant has already been declared 'Submission.EO.EA.ite_prod_spec.mvcgen_spec'
Proof/Parse.lean:4039:17: warning: Could not generate mvcgen spec for Submission.EO.EA.ld8_spec: (kernel) constant has already been declared 'Submission.EO.EA.ld8_spec.mvcgen_spec'
Proof/Parse.lean:4039:17: warning: Could not generate mvcgen spec for Submission.EO.EA.first_diff_spec: (kernel) constant has already been declared 'Submission.EO.EA.first_diff_spec.mvcgen_spec'
Proof/Parse.lean:4039:17: warning: Could not generate mvcgen spec for Submission.EO.EA.fast_len_spec: (kernel) constant has already been declared 'Submission.EO.EA.fast_len_spec.mvcgen_spec'
Proof/Parse.lean:4039:17: warning: Could not generate mvcgen spec for Submission.EO.EA.emit_lits_spec: (kernel) constant has already been declared 'Submission.EO.EA.emit_lits_spec.mvcgen_spec'
Proof/Parse.lean:4039:17: warning: Could not generate mvcgen spec for Submission.EO.EA.emit_step_spec: (kernel) constant has already been declared 'Submission.EO.EA.emit_step_spec.mvcgen_spec'
Proof/Parse.lean:4042:17: warning: Could not generate mvcgen spec for Submission.EO.EA.ite_true_spec: (kernel) constant has already been declared 'Submission.EO.EA.ite_true_spec.mvcgen_spec'
Proof/Parse.lean:4042:17: warning: Could not generate mvcgen spec for Submission.EO.EA.ite_prod_spec: (kernel) constant has already been declared 'Submission.EO.EA.ite_prod_spec.mvcgen_spec'
Proof/Parse.lean:4052:17: warning: Could not generate mvcgen spec for Submission.FX0.run_spec: (kernel) constant has already been declared 'Submission.FX0.run_spec.mvcgen_spec'
Proof/Parse.lean:4337:17: warning: Could not generate mvcgen spec for Submission.EO.EA.emit_lits_spec: (kernel) constant has already been declared 'Submission.EO.EA.emit_lits_spec.mvcgen_spec'
Proof/Parse.lean:4482:17: warning: Could not generate mvcgen spec for Submission.R109.bfraw_spec: (kernel) constant has already been declared 'Submission.R109.bfraw_spec.mvcgen_spec'
Proof/Parse.lean:4807:17: warning: Could not generate mvcgen spec for Submission.EO.EA.match_len_spec: (kernel) constant has already been declared 'Submission.EO.EA.match_len_spec.mvcgen_spec'
Proof/Parse.lean:4807:17: warning: Could not generate mvcgen spec for Submission.EO.EA.emit_step_spec: (kernel) constant has already been declared 'Submission.EO.EA.emit_step_spec.mvcgen_spec'
Proof/Parse.lean:4814:17: warning: Could not generate mvcgen spec for Submission.EO.EA.sh_lc_spec: (kernel) constant has already been declared 'Submission.EO.EA.sh_lc_spec.mvcgen_spec'
Proof/Parse.lean:4814:17: warning: Could not generate mvcgen spec for Submission.EO.EA.sh_dc_spec: (kernel) constant has already been declared 'Submission.EO.EA.sh_dc_spec.mvcgen_spec'
Proof/Parse.lean:4814:17: warning: Could not generate mvcgen spec for Submission.EO.EA.sh_fill_spec: (kernel) constant has already been declared 'Submission.EO.EA.sh_fill_spec.mvcgen_spec'
Proof/Parse.lean:4816:17: warning: Could not generate mvcgen spec for Submission.r70_ite_true_spec: (kernel) constant has already been declared 'Submission.r70_ite_true_spec.mvcgen_spec'
Proof/Parse.lean:4819:17: warning: Could not generate mvcgen spec for Submission.r70_ite_true_spec: (kernel) constant has already been declared 'Submission.r70_ite_true_spec.mvcgen_spec'
Proof/Parse.lean:4822:17: warning: Could not generate mvcgen spec for Submission.r70_ite_true_spec: (kernel) constant has already been declared 'Submission.r70_ite_true_spec.mvcgen_spec'
Proof/Parse.lean:4825:17: warning: Could not generate mvcgen spec for Submission.r70_ite_true_spec: (kernel) constant has already been declared 'Submission.r70_ite_true_spec.mvcgen_spec'
Proof/Parse.lean:4828:17: warning: Could not generate mvcgen spec for Submission.r70_ite_true_spec: (kernel) constant has already been declared 'Submission.r70_ite_true_spec.mvcgen_spec'
Proof/Parse.lean:4831:17: warning: Could not generate mvcgen spec for Submission.EO.EA.ite_true_spec: (kernel) constant has already been declared 'Submission.EO.EA.ite_true_spec.mvcgen_spec'
Proof/Parse.lean:4834:17: warning: Could not generate mvcgen spec for Submission.EO.EA.ite_true_spec: (kernel) constant has already been declared 'Submission.EO.EA.ite_true_spec.mvcgen_spec'
Proof/Parse.lean:4838:17: warning: Could not generate mvcgen spec for Submission.r70_ite_true_spec: (kernel) constant has already been declared 'Submission.r70_ite_true_spec.mvcgen_spec'
Proof/Parse.lean:4840:17: warning: Could not generate mvcgen spec for Submission.FX0.run_spec: (kernel) constant has already been declared 'Submission.FX0.run_spec.mvcgen_spec'
Proof/Parse.lean:5618:61: error: unsolved goals
case hbound
H : Usize
s : Slice U8
i : Usize
km : U32
hi4 : ↑i + 8 ≤ s.length
hH : 0 < ↑H
hmax : s.length ≤ Usize.max
h✝ : km = 0#u32
i1 : U64
_✝³ : [> let i1 ← slot.pc_be8 s i <]
i1_post : ↑i1 = word8 s ↑i
k : U64
_✝² : [> let k ← i1 >>> 16#i32 <]
k_post1 : ↑k = ↑i1 >>> 16
k_post2 : k.bv = i1.bv >>> 16
i2 : U64
_✝¹ : [> let i2 ← k >>> 40#i32 <]
i2_post1 : ↑i2 = ↑k >>> 40
i2_post2 : i2.bv = k.bv >>> 40
i3 : U64
_✝ : [> let i3 ← lift (i2 &&& 255#u64) <]
i3_post1 : ↑i3 = ↑(i2 &&& 255#u64)
i3_post2 : i3.bv = i2.bv &&& 255#u64.bv
i4 : Usize
_ : [> let i4 ← lift (UScalar.cast UScalarTy.Usize i3) <]
i4_post : i4 = UScalar.cast UScalarTy.Usize i3
⊢ ↑i4 < slot.R18_DNA_DIGIT.length

case hbound
H : Usize
s : Slice U8
i : Usize
km : U32
hi4 : ↑i + 8 ≤ s.length
hH : 0 < ↑H
hmax : s.length ≤ Usize.max
h✝ : km = 0#u32
i1 : U64
_✝⁸ : [> let i1 ← slot.pc_be8 s i <]
i1_post : ↑i1 = word8 s ↑i
k : U64
_✝⁷ : [> let k ← i1 >>> 16#i32 <]
k_post1 : ↑k = ↑i1 >>> 16
k_post2 : k.bv = i1.bv >>> 16
i2 : U64
_✝⁶ : [> let i2 ← k >>> 40#i32 <]
i2_post1 : ↑i2 = ↑k >>> 40
i2_post2 : i2.bv = k.bv >>> 40
i3 : U64
_✝⁵ : [> let i3 ← lift (i2 &&& 255#u64) <]
i3_post1 : ↑i3 = ↑(i2 &&& 255#u64)
i3_post2 : i3.bv = i2.bv &&& 255#u64.bv
i4 : Usize
_✝⁴ : [> let i4 ← lift (UScalar.cast UScalarTy.Usize i3) <]
i4_post : i4 = UScalar.cast UScalarTy.Usize i3
i5 : U8
_✝³ : [> let i5 ← slot.R18_DNA_DIGIT.index_usize i4 <]
i5_post : i5 = (↑slot.R18_DNA_DIGIT)[↑i4]
d0 : Usize
_✝² : [> let d0 ← lift (UScalar.cast UScalarTy.Usize i5) <]
d0_post : d0 = UScalar.cast UScalarTy.Usize i5
i6 : U64
_✝¹ : [> let i6 ← k >>> 32#i32 <]
i6_post1 : ↑i6 = ↑k >>> 32
i6_post2 : i6.bv = k.bv >>> 32
i7 : U64
_✝ : [> let i7 ← lift (i6 &&& 255#u64) <]
i7_post1 : ↑i7 = ↑(i6 &&& 255#u64)
i7_post2 : i7.bv = i6.bv &&& 255#u64.bv
i8 : Usize
_ : [> let i8 ← lift (UScalar.cast UScalarTy.Usize i7) <]
i8_post : i8 = UScalar.cast UScalarTy.Usize i7
⊢ ↑i8 < slot.R18_DNA_DIGIT.length

case hbound
H : Usize
s : Slice U8
i : Usize
km : U32
hi4 : ↑i + 8 ≤ s.length
hH : 0 < ↑H
hmax : s.length ≤ Usize.max
h✝ : km = 0#u32
i1 : U64
_✝¹³ : [> let i1 ← slot.pc_be8 s i <]
i1_post : ↑i1 = word8 s ↑i
k : U64
_✝¹² : [> let k ← i1 >>> 16#i32 <]
k_post1 : ↑k = ↑i1 >>> 16
k_post2 : k.bv = i1.bv >>> 16
i2 : U64
_✝¹¹ : [> let i2 ← k >>> 40#i32 <]
i2_post1 : ↑i2 = ↑k >>> 40
i2_post2 : i2.bv = k.bv >>> 40
i3 : U64
_✝¹⁰ : [> let i3 ← lift (i2 &&& 255#u64) <]
i3_post1 : ↑i3 = ↑(i2 &&& 255#u64)
i3_post2 : i3.bv = i2.bv &&& 255#u64.bv
i4 : Usize
_✝⁹ : [> let i4 ← lift (UScalar.cast UScalarTy.Usize i3) <]
i4_post : i4 = UScalar.cast UScalarTy.Usize i3
i5 : U8
_✝⁸ : [> let i5 ← slot.R18_DNA_DIGIT.index_usize i4 <]
i5_post : i5 = (↑slot.R18_DNA_DIGIT)[↑i4]
d0 : Usize
_✝⁷ : [> let d0 ← lift (UScalar.cast UScalarTy.Usize i5) <]
d0_post : d0 = UScalar.cast UScalarTy.Usize i5
i6 : U64
_✝⁶ : [> let i6 ← k >>> 32#i32 <]
i6_post1 : ↑i6 = ↑k >>> 32
i6_post2 : i6.bv = k.bv >>> 32
i7 : U64
_✝⁵ : [> let i7 ← lift (i6 &&& 255#u64) <]
i7_post1 : ↑i7 = ↑(i6 &&& 255#u64)
i7_post2 : i7.bv = i6.bv &&& 255#u64.bv
i8 : Usize
_✝⁴ : [> let i8 ← lift (UScalar.cast UScalarTy.Usize i7) <]
i8_post : i8 = UScalar.cast UScalarTy.Usize i7
i9 : U8
_✝³ : [> let i9 ← slot.R18_DNA_DIGIT.index_usize i8 <]
i9_post : i9 = (↑slot.R18_DNA_DIGIT)[↑i8]
d1 : Usize
_✝² : [> let d1 ← lift (UScalar.cast UScalarTy.Usize i9) <]
d1_post : d1 = UScalar.cast UScalarTy.Usize i9
i10 : U64
_✝¹ : [> let i10 ← k >>> 24#i32 <]
i10_post1 : ↑i10 = ↑k >>> 24
i10_post2 : i10.bv = k.bv >>> 24
i11 : U64
_✝ : [> let i11 ← lift (i10 &&& 255#u64) <]
i11_post1 : ↑i11 = ↑(i10 &&& 255#u64)
i11_post2 : i11.bv = i10.bv &&& 255#u64.bv
i12 : Usize
_ : [> let i12 ← lift (UScalar.cast UScalarTy.Usize i11) <]
i12_post : i12 = UScalar.cast UScalarTy.Usize i11
⊢ ↑i12 < slot.R18_DNA_DIGIT.length

case hbound
H : Usize
s : Slice U8
i : Usize
km : U32
hi4 : ↑i + 8 ≤ s.length
hH : 0 < ↑H
hmax : s.length ≤ Usize.max
h✝ : km = 0#u32
i1 : U64
_✝¹⁸ : [> let i1 ← slot.pc_be8 s i <]
i1_post : ↑i1 = word8 s ↑i
k : U64
_✝¹⁷ : [> let k ← i1 >>> 16#i32 <]
k_post1 : ↑k = ↑i1 >>> 16
k_post2 : k.bv = i1.bv >>> 16
i2 : U64
_✝¹⁶ : [> let i2 ← k >>> 40#i32 <]
i2_post1 : ↑i2 = ↑k >>> 40
i2_post2 : i2.bv = k.bv >>> 40
i3 : U64
_✝¹⁵ : [> let i3 ← lift (i2 &&& 255#u64) <]
i3_post1 : ↑i3 = ↑(i2 &&& 255#u64)
i3_post2 : i3.bv = i2.bv &&& 255#u64.bv
i4 : Usize
_✝¹⁴ : [> let i4 ← lift (UScalar.cast UScalarTy.Usize i3) <]
i4_post : i4 = UScalar.cast UScalarTy.Usize i3
i5 : U8
_✝¹³ : [> let i5 ← slot.R18_DNA_DIGIT.index_usize i4 <]
i5_post : i5 = (↑slot.R18_DNA_DIGIT)[↑i4]
d0 : Usize
_✝¹² : [> let d0 ← lift (UScalar.cast UScalarTy.Usize i5) <]
d0_post : d0 = UScalar.cast UScalarTy.Usize i5
i6 : U64
_✝¹¹ : [> let i6 ← k >>> 32#i32 <]
i6_post1 : ↑i6 = ↑k >>> 32
i6_post2 : i6.bv = k.bv >>> 32
i7 : U64
_✝¹⁰ : [> let i7 ← lift (i6 &&& 255#u64) <]
i7_post1 : ↑i7 = ↑(i6 &&& 255#u64)
i7_post2 : i7.bv = i6.bv &&& 255#u64.bv
i8 : Usize
_✝⁹ : [> let i8 ← lift (UScalar.cast UScalarTy.Usize i7) <]
i8_post : i8 = UScalar.cast UScalarTy.Usize i7
i9 : U8
_✝⁸ : [> let i9 ← slot.R18_DNA_DIGIT.index_usize i8 <]
i9_post : i9 = (↑slot.R18_DNA_DIGIT)[↑i8]
d1 : Usize
_✝⁷ : [> let d1 ← lift (UScalar.cast UScalarTy.Usize i9) <]
d1_post : d1 = UScalar.cast UScalarTy.Usize i9
i10 : U64
_✝⁶ : [> let i10 ← k >>> 24#i32 <]
i10_post1 : ↑i10 = ↑k >>> 24
i10_post2 : i10.bv = k.bv >>> 24
i11 : U64
_✝⁵ : [> let i11 ← lift (i10 &&& 255#u64) <]
i11_post1 : ↑i11 = ↑(i10 &&& 255#u64)
i11_post2 : i11.bv = i10.bv &&& 255#u64.bv
i12 : Usize
_✝⁴ : [> let i12 ← lift (UScalar.cast UScalarTy.Usize i11) <]
i12_post : i12 = UScalar.cast UScalarTy.Usize i11
i13 : U8
_✝³ : [> let i13 ← slot.R18_DNA_DIGIT.index_usize i12 <]
i13_post : i13 = (↑slot.R18_DNA_DIGIT)[↑i12]
d2 : Usize
_✝² : [> let d2 ← lift (UScalar.cast UScalarTy.Usize i13) <]
d2_post : d2 = UScalar.cast UScalarTy.Usize i13
i14 : U64
_✝¹ : [> let i14 ← k >>> 16#i32 <]
i14_post1 : ↑i14 = ↑k >>> 16
i14_post2 : i14.bv = k.bv >>> 16
i15 : U64
_✝ : [> let i15 ← lift (i14 &&& 255#u64) <]
i15_post1 : ↑i15 = ↑(i14 &&& 255#u64)
i15_post2 : i15.bv = i14.bv &&& 255#u64.bv
i16 : Usize
_ : [> let i16 ← lift (UScalar.cast UScalarTy.Usize i15) <]
i16_post : i16 = UScalar.cast UScalarTy.Usize i15
⊢ ↑i16 < slot.R18_DNA_DIGIT.length

case hbound
H : Usize
s : Slice U8
i : Usize
km : U32
hi4 : ↑i + 8 ≤ s.length
hH : 0 < ↑H
hmax : s.length ≤ Usize.max
h✝ : km = 0#u32
i1 : U64
_✝²³ : [> let i1 ← slot.pc_be8 s i <]
i1_post : ↑i1 = word8 s ↑i
k : U64
_✝²² : [> let k ← i1 >>> 16#i32 <]
k_post1 : ↑k = ↑i1 >>> 16
k_post2 : k.bv = i1.bv >>> 16
i2 : U64
_✝²¹ : [> let i2 ← k >>> 40#i32 <]
i2_post1 : ↑i2 = ↑k >>> 40
i2_post2 : i2.bv = k.bv >>> 40
i3 : U64
_✝²⁰ : [> let i3 ← lift (i2 &&& 255#u64) <]
i3_post1 : ↑i3 = ↑(i2 &&& 255#u64)
i3_post2 : i3.bv = i2.bv &&& 255#u64.bv
i4 : Usize
_✝¹⁹ : [> let i4 ← lift (UScalar.cast UScalarTy.Usize i3) <]
i4_post : i4 = UScalar.cast UScalarTy.Usize i3
i5 : U8
_✝¹⁸ : [> let i5 ← slot.R18_DNA_DIGIT.index_usize i4 <]
i5_post : i5 = (↑slot.R18_DNA_DIGIT)[↑i4]
d0 : Usize
_✝¹⁷ : [> let d0 ← lift (UScalar.cast UScalarTy.Usize i5) <]
d0_post : d0 = UScalar.cast UScalarTy.Usize i5
i6 : U64
_✝¹⁶ : [> let i6 ← k >>> 32#i32 <]
i6_post1 : ↑i6 = ↑k >>> 32
i6_post2 : i6.bv = k.bv >>> 32
i7 : U64
_✝¹⁵ : [> let i7 ← lift (i6 &&& 255#u64) <]
i7_post1 : ↑i7 = ↑(i6 &&& 255#u64)
i7_post2 : i7.bv = i6.bv &&& 255#u64.bv
i8 : Usize
_✝¹⁴ : [> let i8 ← lift (UScalar.cast UScalarTy.Usize i7) <]
i8_post : i8 = UScalar.cast UScalarTy.Usize i7
i9 : U8
_✝¹³ : [> let i9 ← slot.R18_DNA_DIGIT.index_usize i8 <]
i9_post : i9 = (↑slot.R18_DNA_DIGIT)[↑i8]
d1 : Usize
_✝¹² : [> let d1 ← lift (UScalar.cast UScalarTy.Usize i9) <]
d1_post : d1 = UScalar.cast UScalarTy.Usize i9
i10 : U64
_✝¹¹ : [> let i10 ← k >>> 24#i32 <]
i10_post1 : ↑i10 = ↑k >>> 24
i10_post2 : i10.bv = k.bv >>> 24
i11 : U64
_✝¹⁰ : [> let i11 ← lift (i10 &&& 255#u64) <]
i11_post1 : ↑i11 = ↑(i10 &&& 255#u64)
i11_post2 : i11.bv = i10.bv &&& 255#u64.bv
i12 : Usize
_✝⁹ : [> let i12 ← lift (UScalar.cast UScalarTy.Usize i11) <]
i12_post : i12 = UScalar.cast UScalarTy.Usize i11
i13 : U8
_✝⁸ : [> let i13 ← slot.R18_DNA_DIGIT.index_usize i12 <]
i13_post : i13 = (↑slot.R18_DNA_DIGIT)[↑i12]
d2 : Usize
_✝⁷ : [> let d2 ← lift (UScalar.cast UScalarTy.Usize i13) <]
d2_post : d2 = UScalar.cast UScalarTy.Usize i13
i14 : U64
_✝⁶ : [> let i14 ← k >>> 16#i32 <]
i14_post1 : ↑i14 = ↑k >>> 16
i14_post2 : i14.bv = k.bv >>> 16
i15 : U64
_✝⁵ : [> let i15 ← lift (i14 &&& 255#u64) <]
i15_post1 : ↑i15 = ↑(i14 &&& 255#u64)
i15_post2 : i15.bv = i14.bv &&& 255#u64.bv
i16 : Usize
_✝⁴ : [> let i16 ← lift (UScalar.cast UScalarTy.Usize i15) <]
i16_post : i16 = UScalar.cast UScalarTy.Usize i15
i17 : U8
_✝³ : [> let i17 ← slot.R18_DNA_DIGIT.index_usize i16 <]
i17_post : i17 = (↑slot.R18_DNA_DIGIT)[↑i16]
d3 : Usize
_✝² : [> let d3 ← lift (UScalar.cast UScalarTy.Usize i17) <]
d3_post : d3 = UScalar.cast UScalarTy.Usize i17
i18 : U64
_✝¹ : [> let i18 ← k >>> 8#i32 <]
i18_post1 : ↑i18 = ↑k >>> 8
i18_post2 : i18.bv = k.bv >>> 8
i19 : U64
_✝ : [> let i19 ← lift (i18 &&& 255#u64) <]
i19_post1 : ↑i19 = ↑(i18 &&& 255#u64)
i19_post2 : i19.bv = i18.bv &&& 255#u64.bv
i20 : Usize
_ : [> let i20 ← lift (UScalar.cast UScalarTy.Usize i19) <]
i20_post : i20 = UScalar.cast UScalarTy.Usize i19
⊢ ↑i20 < slot.R18_DNA_DIGIT.length

case hbound
H : Usize
s : Slice U8
i : Usize
km : U32
hi4 : ↑i + 8 ≤ s.length
hH : 0 < ↑H
hmax : s.length ≤ Usize.max
h✝ : km = 0#u32
i1 : U64
_✝²⁸ : [> let i1 ← slot.pc_be8 s i <]
i1_post : ↑i1 = word8 s ↑i
k : U64
_✝²⁷ : [> let k ← i1 >>> 16#i32 <]
k_post1 : ↑k = ↑i1 >>> 16
k_post2 : k.bv = i1.bv >>> 16
i2 : U64
_✝²⁶ : [> let i2 ← k >>> 40#i32 <]
i2_post1 : ↑i2 = ↑k >>> 40
i2_post2 : i2.bv = k.bv >>> 40
i3 : U64
_✝²⁵ : [> let i3 ← lift (i2 &&& 255#u64) <]
i3_post1 : ↑i3 = ↑(i2 &&& 255#u64)
i3_post2 : i3.bv = i2.bv &&& 255#u64.bv
i4 : Usize
_✝²⁴ : [> let i4 ← lift (UScalar.cast UScalarTy.Usize i3) <]
i4_post : i4 = UScalar.cast UScalarTy.Usize i3
i5 : U8
_✝²³ : [> let i5 ← slot.R18_DNA_DIGIT.index_usize i4 <]
i5_post : i5 = (↑slot.R18_DNA_DIGIT)[↑i4]
d0 : Usize
_✝²² : [> let d0 ← lift (UScalar.cast UScalarTy.Usize i5) <]
d0_post : d0 = UScalar.cast UScalarTy.Usize i5
i6 : U64
_✝²¹ : [> let i6 ← k >>> 32#i32 <]
i6_post1 : ↑i6 = ↑k >>> 32
i6_post2 : i6.bv = k.bv >>> 32
i7 : U64
_✝²⁰ : [> let i7 ← lift (i6 &&& 255#u64) <]
i7_post1 : ↑i7 = ↑(i6 &&& 255#u64)
i7_post2 : i7.bv = i6.bv &&& 255#u64.bv
i8 : Usize
_✝¹⁹ : [> let i8 ← lift (UScalar.cast UScalarTy.Usize i7) <]
i8_post : i8 = UScalar.cast UScalarTy.Usize i7
i9 : U8
_✝¹⁸ : [> let i9 ← slot.R18_DNA_DIGIT.index_usize i8 <]
i9_post : i9 = (↑slot.R18_DNA_DIGIT)[↑i8]
d1 : Usize
_✝¹⁷ : [> let d1 ← lift (UScalar.cast UScalarTy.Usize i9) <]
d1_post : d1 = UScalar.cast UScalarTy.Usize i9
i10 : U64
_✝¹⁶ : [> let i10 ← k >>> 24#i32 <]
i10_post1 : ↑i10 = ↑k >>> 24
i10_post2 : i10.bv = k.bv >>> 24
i11 : U64
_✝¹⁵ : [> let i11 ← lift (i10 &&& 255#u64) <]
i11_post1 : ↑i11 = ↑(i10 &&& 255#u64)
i11_post2 : i11.bv = i10.bv &&& 255#u64.bv
i12 : Usize
_✝¹⁴ : [> let i12 ← lift (UScalar.cast UScalarTy.Usize i11) <]
i12_post : i12 = UScalar.cast UScalarTy.Usize i11
i13 : U8
_✝¹³ : [> let i13 ← slot.R18_DNA_DIGIT.index_usize i12 <]
i13_post : i13 = (↑slot.R18_DNA_DIGIT)[↑i12]
d2 : Usize
_✝¹² : [> let d2 ← lift (UScalar.cast UScalarTy.Usize i13) <]
d2_post : d2 = UScalar.cast UScalarTy.Usize i13
i14 : U64
_✝¹¹ : [> let i14 ← k >>> 16#i32 <]
i14_post1 : ↑i14 = ↑k >>> 16
i14_post2 : i14.bv = k.bv >>> 16
i15 : U64
_✝¹⁰ : [> let i15 ← lift (i14 &&& 255#u64) <]
i15_post1 : ↑i15 = ↑(i14 &&& 255#u64)
i15_post2 : i15.bv = i14.bv &&& 255#u64.bv
i16 : Usize
_✝⁹ : [> let i16 ← lift (UScalar.cast UScalarTy.Usize i15) <]
i16_post : i16 = UScalar.cast UScalarTy.Usize i15
i17 : U8
_✝⁸ : [> let i17 ← slot.R18_DNA_DIGIT.index_usize i16 <]
i17_post : i17 = (↑slot.R18_DNA_DIGIT)[↑i16]
d3 : Usize
_✝⁷ : [> let d3 ← lift (UScalar.cast UScalarTy.Usize i17) <]
d3_post : d3 = UScalar.cast UScalarTy.Usize i17
i18 : U64
_✝⁶ : [> let i18 ← k >>> 8#i32 <]
i18_post1 : ↑i18 = ↑k >>> 8
i18_post2 : i18.bv = k.bv >>> 8
i19 : U64
_✝⁵ : [> let i19 ← lift (i18 &&& 255#u64) <]
i19_post1 : ↑i19 = ↑(i18 &&& 255#u64)
i19_post2 : i19.bv = i18.bv &&& 255#u64.bv
i20 : Usize
_✝⁴ : [> let i20 ← lift (UScalar.cast UScalarTy.Usize i19) <]
i20_post : i20 = UScalar.cast UScalarTy.Usize i19
i21 : U8
_✝³ : [> let i21 ← slot.R18_DNA_DIGIT.index_usize i20 <]
i21_post : i21 = (↑slot.R18_DNA_DIGIT)[↑i20]
d4 : Usize
_✝² : [> let d4 ← lift (UScalar.cast UScalarTy.Usize i21) <]
d4_post : d4 = UScalar.cast UScalarTy.Usize i21
i22 : U64
_✝¹ : [> let i22 ← k >>> 0#i32 <]
i22_post1 : ↑i22 = ↑k >>> 0
i22_post2 : i22.bv = k.bv >>> 0
i23 : U64
_✝ : [> let i23 ← lift (i22 &&& 255#u64) <]
i23_post1 : ↑i23 = ↑(i22 &&& 255#u64)
i23_post2 : i23.bv = i22.bv &&& 255#u64.bv
i24 : Usize
_ : [> let i24 ← lift (UScalar.cast UScalarTy.Usize i23) <]
i24_post : i24 = UScalar.cast UScalarTy.Usize i23
⊢ ↑i24 < slot.R18_DNA_DIGIT.length

H : Usize
s : Slice U8
i : Usize
km : U32
hi4 : ↑i + 8 ≤ s.length
hH : 0 < ↑H
hmax : s.length ≤ Usize.max
h✝ : km = 0#u32
i1 : U64
_✝⁴⁰ : [> let i1 ← slot.pc_be8 s i <]
i1_post : ↑i1 = word8 s ↑i
k : U64
_✝³⁹ : [> let k ← i1 >>> 16#i32 <]
k_post1 : ↑k = ↑i1 >>> 16
k_post2 : k.bv = i1.bv >>> 16
i2 : U64
_✝³⁸ : [> let i2 ← k >>> 40#i32 <]
i2_post1 : ↑i2 = ↑k >>> 40
i2_post2 : i2.bv = k.bv >>> 40
i3 : U64
_✝³⁷ : [> let i3 ← lift (i2 &&& 255#u64) <]
i3_post1 : ↑i3 = ↑(i2 &&& 255#u64)
i3_post2 : i3.bv = i2.bv &&& 255#u64.bv
i4 : Usize
_✝³⁶ : [> let i4 ← lift (UScalar.cast UScalarTy.Usize i3) <]
i4_post : i4 = UScalar.cast UScalarTy.Usize i3
i5 : U8
_✝³⁵ : [> let i5 ← slot.R18_DNA_DIGIT.index_usize i4 <]
i5_post : i5 = (↑slot.R18_DNA_DIGIT)[↑i4]
d0 : Usize
_✝³⁴ : [> let d0 ← lift (UScalar.cast UScalarTy.Usize i5) <]
d0_post : d0 = UScalar.cast UScalarTy.Usize i5
i6 : U64
_✝³³ : [> let i6 ← k >>> 32#i32 <]
i6_post1 : ↑i6 = ↑k >>> 32
i6_post2 : i6.bv = k.bv >>> 32
i7 : U64
_✝³² : [> let i7 ← lift (i6 &&& 255#u64) <]
i7_post1 : ↑i7 = ↑(i6 &&& 255#u64)
i7_post2 : i7.bv = i6.bv &&& 255#u64.bv
i8 : Usize
_✝³¹ : [> let i8 ← lift (UScalar.cast UScalarTy.Usize i7) <]
i8_post : i8 = UScalar.cast UScalarTy.Usize i7
i9 : U8
_✝³⁰ : [> let i9 ← slot.R18_DNA_DIGIT.index_usize i8 <]
i9_post : i9 = (↑slot.R18_DNA_DIGIT)[↑i8]
d1 : Usize
_✝²⁹ : [> let d1 ← lift (UScalar.cast UScalarTy.Usize i9) <]
d1_post : d1 = UScalar.cast UScalarTy.Usize i9
i10 : U64
_✝²⁸ : [> let i10 ← k >>> 24#i32 <]
i10_post1 : ↑i10 = ↑k >>> 24
i10_post2 : i10.bv = k.bv >>> 24
i11 : U64
_✝²⁷ : [> let i11 ← lift (i10 &&& 255#u64) <]
i11_post1 : ↑i11 = ↑(i10 &&& 255#u64)
i11_post2 : i11.bv = i10.bv &&& 255#u64.bv
i12 : Usize
_✝²⁶ : [> let i12 ← lift (UScalar.cast UScalarTy.Usize i11) <]
i12_post : i12 = UScalar.cast UScalarTy.Usize i11
i13 : U8
_✝²⁵ : [> let i13 ← slot.R18_DNA_DIGIT.index_usize i12 <]
i13_post : i13 = (↑slot.R18_DNA_DIGIT)[↑i12]
d2 : Usize
_✝²⁴ : [> let d2 ← lift (UScalar.cast UScalarTy.Usize i13) <]
d2_post : d2 = UScalar.cast UScalarTy.Usize i13
i14 : U64
_✝²³ : [> let i14 ← k >>> 16#i32 <]
i14_post1 : ↑i14 = ↑k >>> 16
i14_post2 : i14.bv = k.bv >>> 16
i15 : U64
_✝²² : [> let i15 ← lift (i14 &&& 255#u64) <]
i15_post1 : ↑i15 = ↑(i14 &&& 255#u64)
i15_post2 : i15.bv = i14.bv &&& 255#u64.bv
i16 : Usize
_✝²¹ : [> let i16 ← lift (UScalar.cast UScalarTy.Usize i15) <]
i16_post : i16 = UScalar.cast UScalarTy.Usize i15
i17 : U8
_✝²⁰ : [> let i17 ← slot.R18_DNA_DIGIT.index_usize i16 <]
i17_post : i17 = (↑slot.R18_DNA_DIGIT)[↑i16]
d3 : Usize
_✝¹⁹ : [> let d3 ← lift (UScalar.cast UScalarTy.Usize i17) <]
d3_post : d3 = UScalar.cast UScalarTy.Usize i17
i18 : U64
_✝¹⁸ : [> let i18 ← k >>> 8#i32 <]
i18_post1 : ↑i18 = ↑k >>> 8
i18_post2 : i18.bv = k.bv >>> 8
i19 : U64
_✝¹⁷ : [> let i19 ← lift (i18 &&& 255#u64) <]
i19_post1 : ↑i19 = ↑(i18 &&& 255#u64)
i19_post2 : i19.bv = i18.bv &&& 255#u64.bv
i20 : Usize
_✝¹⁶ : [> let i20 ← lift (UScalar.cast UScalarTy.Usize i19) <]
i20_post : i20 = UScalar.cast UScalarTy.Usize i19
i21 : U8
_✝¹⁵ : [> let i21 ← slot.R18_DNA_DIGIT.index_usize i20 <]
i21_post : i21 = (↑slot.R18_DNA_DIGIT)[↑i20]
d4 : Usize
_✝¹⁴ : [> let d4 ← lift (UScalar.cast UScalarTy.Usize i21) <]
d4_post : d4 = UScalar.cast UScalarTy.Usize i21
i22 : U64
_✝¹³ : [> let i22 ← k >>> 0#i32 <]
i22_post1 : ↑i22 = ↑k >>> 0
i22_post2 : i22.bv = k.bv >>> 0
i23 : U64
_✝¹² : [> let i23 ← lift (i22 &&& 255#u64) <]
i23_post1 : ↑i23 = ↑(i22 &&& 255#u64)
i23_post2 : i23.bv = i22.bv &&& 255#u64.bv
i24 : Usize
_✝¹¹ : [> let i24 ← lift (UScalar.cast UScalarTy.Usize i23) <]
i24_post : i24 = UScalar.cast UScalarTy.Usize i23
i25 : U8
_✝¹⁰ : [> let i25 ← slot.R18_DNA_DIGIT.index_usize i24 <]
i25_post : i25 = (↑slot.R18_DNA_DIGIT)[↑i24]
d5 : Usize
_✝⁹ : [> let d5 ← lift (UScalar.cast UScalarTy.Usize i25) <]
d5_post : d5 = UScalar.cast UScalarTy.Usize i25
i26 : Usize
_✝⁸ : [> let i26 ← lift (core.num.Usize.wrapping_mul d0 6#usize) <]
i26_post : i26 = core.num.Usize.wrapping_mul d0 6#usize
i27 : Usize
_✝⁷ : [> let i27 ← lift (core.num.Usize.wrapping_add i26 d1) <]
i27_post : i27 = core.num.Usize.wrapping_add i26 d1
i28 : Usize
_✝⁶ : [> let i28 ← lift (core.num.Usize.wrapping_mul i27 6#usize) <]
i28_post : i28 = core.num.Usize.wrapping_mul i27 6#usize
i29 : Usize
_✝⁵ : [> let i29 ← lift (core.num.Usize.wrapping_add i28 d2) <]
i29_post : i29 = core.num.Usize.wrapping_add i28 d2
i30 : Usize
_✝⁴ : [> let i30 ← lift (core.num.Usize.wrapping_mul i29 6#usize) <]
i30_post : i30 = core.num.Usize.wrapping_mul i29 6#usize
i31 : Usize
_✝³ : [> let i31 ← lift (core.num.Usize.wrapping_add i30 d3) <]
i31_post : i31 = core.num.Usize.wrapping_add i30 d3
i32 : Usize
_✝² : [> let i32 ← lift (core.num.Usize.wrapping_mul i31 6#usize) <]
i32_post : i32 = core.num.Usize.wrapping_mul i31 6#usize
i33 : Usize
_✝¹ : [> let i33 ← lift (core.num.Usize.wrapping_add i32 d4) <]
i33_post : i33 = core.num.Usize.wrapping_add i32 d4
i34 : Usize
_✝ : [> let i34 ← lift (core.num.Usize.wrapping_mul i33 6#usize) <]
i34_post : i34 = core.num.Usize.wrapping_mul i33 6#usize
key : Usize
_ : [> let key ← lift (core.num.Usize.wrapping_add i34 d5) <]
key_post : key = core.num.Usize.wrapping_add i34 d5
⊢ (do
      let slot ←
        if d0 < 6#usize then
            if d1 < 6#usize then
              if d2 < 6#usize then
                if d3 < 6#usize then
                  if d4 < 6#usize then
                    if d5 < 6#usize then ok key
                    else do
                      let i35 ← lift (core.num.U64.wrapping_mul k 11400714819323198485#u64)
                      let i36 ← i35 >>> 48#i32
                      let i37 ← lift (UScalar.cast UScalarTy.Usize i36)
                      let i38 ← i37 % 18880#usize
                      46656#usize + i38
                  else do
                    let i35 ← lift (core.num.U64.wrapping_mul k 11400714819323198485#u64)
                    let i36 ← i35 >>> 48#i32
                    let i37 ← lift (UScalar.cast UScalarTy.Usize i36)
                    let i38 ← i37 % 18880#usize
                    46656#usize + i38
                else do
                  let i35 ← lift (core.num.U64.wrapping_mul k 11400714819323198485#u64)
                  let i36 ← i35 >>> 48#i32
                  let i37 ← lift (UScalar.cast UScalarTy.Usize i36)
                  let i38 ← i37 % 18880#usize
                  46656#usize + i38
              else do
                let i35 ← lift (core.num.U64.wrapping_mul k 11400714819323198485#u64)
                let i36 ← i35 >>> 48#i32
                let i37 ← lift (UScalar.cast UScalarTy.Usize i36)
                let i38 ← i37 % 18880#usize
                46656#usize + i38
            else do
              let i35 ← lift (core.num.U64.wrapping_mul k 11400714819323198485#u64)
              let i36 ← i35 >>> 48#i32
              let i37 ← lift (UScalar.cast UScalarTy.Usize i36)
              let i38 ← i37 % 18880#usize
              46656#usize + i38
          else do
            let i35 ← lift (core.num.U64.wrapping_mul k 11400714819323198485#u64)
            let i36 ← i35 >>> 48#i32
            let i37 ← lift (UScalar.cast UScalarTy.Usize i36)
            let i38 ← i37 % 18880#usize
            46656#usize + i38
      slot % H) ⦃
    r => ↑r < ↑H ⦄
Proof/Parse.lean:6145:17: warning: Could not generate mvcgen spec for Submission.Q4.lift_spec: (kernel) constant has already been declared 'Submission.Q4.lift_spec.mvcgen_spec'
Proof/Parse.lean:6145:17: warning: Could not generate mvcgen spec for Submission.Q4.e_piece_spec: (kernel) constant has already been declared 'Submission.Q4.e_piece_spec.mvcgen_spec'
Proof/Parse.lean:6145:17: warning: Could not generate mvcgen spec for Submission.Q4.e_lens_spec: (kernel) constant has already been declared 'Submission.Q4.e_lens_spec.mvcgen_spec'
Proof/Parse.lean:6145:17: warning: Could not generate mvcgen spec for Submission.Q4.same_spec: (kernel) constant has already been declared 'Submission.Q4.same_spec.mvcgen_spec'
Proof/Parse.lean:6145:17: warning: Could not generate mvcgen spec for Submission.Q4.be8_spec: (kernel) constant has already been declared 'Submission.Q4.be8_spec.mvcgen_spec'
Proof/Parse.lean:6145:17: warning: Could not generate mvcgen spec for Submission.Q4.lz_spec: (kernel) constant has already been declared 'Submission.Q4.lz_spec.mvcgen_spec'
Proof/Parse.lean:6145:17: warning: Could not generate mvcgen spec for Submission.Q4.lz32_spec: (kernel) constant has already been declared 'Submission.Q4.lz32_spec.mvcgen_spec'
Proof/Parse.lean:6145:17: warning: Could not generate mvcgen spec for Submission.Q4.put_match_spec: (kernel) constant has already been declared 'Submission.Q4.put_match_spec.mvcgen_spec'
Proof/Parse.lean:6145:17: warning: Could not generate mvcgen spec for Submission.U118_MAIN.sat_add_spec: (kernel) constant has already been declared 'Submission.U118_MAIN.sat_add_spec.mvcgen_spec'
Proof/Parse.lean:6712:17: warning: Could not generate mvcgen spec for Submission.Q4.flush_spec: (kernel) constant has already been declared 'Submission.Q4.flush_spec.mvcgen_spec'
Proof/Parse.lean:6733:17: warning: Could not generate mvcgen spec for Submission.ETINY.emit_spec: (kernel) constant has already been declared 'Submission.ETINY.emit_spec.mvcgen_spec'
Proof/Parse.lean:6819:17: warning: Could not generate mvcgen spec for Submission.Q4.be8_spec: (kernel) constant has already been declared 'Submission.Q4.be8_spec.mvcgen_spec'
Proof/Parse.lean:6819:17: warning: Could not generate mvcgen spec for Submission.Q4.lz_spec: (kernel) constant has already been declared 'Submission.Q4.lz_spec.mvcgen_spec'
Proof/Parse.lean:6819:17: warning: Could not generate mvcgen spec for Submission.Q4.put_lit_spec: (kernel) constant has already been declared 'Submission.Q4.put_lit_spec.mvcgen_spec'
Proof/Parse.lean:6819:17: warning: Could not generate mvcgen spec for Submission.Q4.e_pieces_spec: (kernel) constant has already been declared 'Submission.Q4.e_pieces_spec.mvcgen_spec'
Proof/Parse.lean:6819:17: warning: Could not generate mvcgen spec for Submission.Q4.e_lens_spec: (kernel) constant has already been declared 'Submission.Q4.e_lens_spec.mvcgen_spec'
