[32m2026-10-07 16:44:20.133[0m | [34m[1mDEBUG   [0m | [36m__main__[0m:[36mmain[0m:[36m649[0m - [34m[1m[gate] benchmark sandbox: bwrap, 300s, 2048 MB, cpus=any[0m
[32m2026-10-07 16:44:20.141[0m | [34m[1mDEBUG   [0m | [36m__main__[0m:[36mstage_intake[0m:[36m261[0m - [34m[1m[gate] parse.rs df40d1156ccc26b7 -> slot/generated/parse.rs[0m
[32m2026-10-07 16:44:20.143[0m | [34m[1mDEBUG   [0m | [36m__main__[0m:[36mstage_intake[0m:[36m261[0m - [34m[1m[gate] Parse.lean f815bcb880d9da3c -> lean/Proof/Parse.lean[0m
[32m2026-10-07 16:44:20.288[0m | [34m[1mDEBUG   [0m | [36msandbox.bwrap[0m:[36mrun[0m:[36m110[0m - [34m[1m[bwrap] rustup exit=0 in 0.0s[0m
[32m2026-10-07 16:44:21.742[0m | [34m[1mDEBUG   [0m | [36msandbox.bwrap[0m:[36mrun[0m:[36m110[0m - [34m[1m[bwrap] extract.sh exit=0 in 1.4s[0m
[32m2026-10-07 16:46:27.695[0m | [34m[1mDEBUG   [0m | [36msandbox.bwrap[0m:[36mrun[0m:[36m110[0m - [34m[1m[bwrap] extract.sh exit=0 in 124.5s[0m
[32m2026-10-07 16:46:27.697[0m | [34m[1mDEBUG   [0m | [36m__main__[0m:[36mstage_extract[0m:[36m356[0m - [34m[1m[gate] extracted Types.lean 276d4089d337e0d7, Funs.lean e0287d7b0a4f7023, Constants.lean 4a083c4264c013f4[0m
[32m2026-10-07 16:46:30.688[0m | [34m[1mDEBUG   [0m | [36msandbox.bwrap[0m:[36mrun[0m:[36m110[0m - [34m[1m[bwrap] lake exit=0 in 3.0s[0m
[32m2026-10-07 16:47:47.188[0m | [34m[1mDEBUG   [0m | [36msandbox.bwrap[0m:[36mrun[0m:[36m110[0m - [34m[1m[bwrap] lake exit=0 in 76.5s[0m
[32m2026-10-07 16:56:16.389[0m | [34m[1mDEBUG   [0m | [36msandbox.bwrap[0m:[36mrun[0m:[36m110[0m - [34m[1m[bwrap] lake exit=0 in 509.2s[0m
[32m2026-10-07 16:56:20.061[0m | [34m[1mDEBUG   [0m | [36msandbox.bwrap[0m:[36mrun[0m:[36m110[0m - [34m[1m[bwrap] lake exit=0 in 3.7s[0m
[32m2026-10-07 16:56:22.685[0m | [34m[1mDEBUG   [0m | [36msandbox.bwrap[0m:[36mrun[0m:[36m110[0m - [34m[1m[bwrap] lake exit=0 in 2.6s[0m
[32m2026-10-07 16:56:22.686[0m | [34m[1mDEBUG   [0m | [36m__main__[0m:[36mstage_axioms[0m:[36m423[0m - [34m[1m[gate] axiom query stdout: "'accepted' depends on axioms: [propext, Classical.choice, Quot.sound]"[0m
[32m2026-10-07 16:56:22.690[0m | [1mINFO    [0m | [36m__main__[0m:[36mmain[0m:[36m703[0m - [1m[gate] verification accepted in 722.6s (bwrap, 900s, 16384 MB)[0m
[32m2026-10-07 16:56:22.754[0m | [34m[1mDEBUG   [0m | [36msandbox.bwrap[0m:[36mrun[0m:[36m110[0m - [34m[1m[bwrap] rustc exit=0 in 0.0s[0m
[32m2026-10-07 16:56:24.995[0m | [34m[1mDEBUG   [0m | [36msandbox.bwrap[0m:[36mrun[0m:[36m110[0m - [34m[1m[bwrap] cargo exit=0 in 2.2s[0m
[32m2026-10-07 16:56:24.996[0m | [34m[1mDEBUG   [0m | [36mbench.driver[0m:[36m_build[0m:[36m295[0m - [34m[1m[bench] built incumbent in 2.2s exit=0[0m
[32m2026-10-07 16:56:29.822[0m | [34m[1mDEBUG   [0m | [36msandbox.bwrap[0m:[36mrun[0m:[36m110[0m - [34m[1m[bwrap] cargo exit=0 in 4.8s[0m
[32m2026-10-07 16:56:29.823[0m | [34m[1mDEBUG   [0m | [36mbench.driver[0m:[36m_build[0m:[36m295[0m - [34m[1m[bench] built submission in 4.8s exit=0[0m
[32m2026-10-07 16:56:50.119[0m | [34m[1mDEBUG   [0m | [36msandbox.bwrap[0m:[36mrun[0m:[36m110[0m - [34m[1m[bwrap] measure exit=0 in 20.3s[0m
[32m2026-10-07 16:56:50.119[0m | [34m[1mDEBUG   [0m | [36mbench.driver[0m:[36m_measure[0m:[36m333[0m - [34m[1m[bench] measured submission in 20.3s exit=0[0m
verifying /home/runner/work/_temp/round4-receipts/input-r8-mid361-cost-full
workspace: /home/runner/work/_temp/deflate-upstream/data/verification-workspace/verify-y5xxobmd

0 intake      ok — input-r8-mid361-cost-full: parse.rs, Parse.lean
1 policy      ok — source prefilters passed
2 static      ok — resolved operations: alloc::alloc::Global::{impl}::drop_glue, alloc::vec::Vec::{impl}::drop_glue, alloc::vec::{impl}::deref, alloc::vec::{impl}::deref_mut, alloc::vec::{impl}::index, alloc::vec::{impl}::len, alloc::vec::{impl}::new, alloc::vec::{impl}::push, alloc::vec::{impl}::with_capacity, core::num::{impl}::leading_zeros, core::num::{impl}::saturating_add, core::num::{impl}::saturating_sub, core::num::{impl}::wrapping_add, core::num::{impl}::wrapping_mul, core::num::{impl}::wrapping_sub, core::slice::index::{impl}::get, core::slice::index::{impl}::get_mut, core::slice::index::{impl}::get_unchecked, core::slice::index::{impl}::get_unchecked_mut, core::slice::index::{impl}::index, core::slice::index::{impl}::index_mut, core::slice::{impl}::len
3 extract     ok — charon+aeneas re-run by the verifier, no new axioms
4 statement   ok — `LZ77.Obligation slot.parse` typechecks (bwrap, 900s, 16384 MB)
5 axioms      ok — ['Classical.choice', 'Quot.sound', 'propext']; extraction intact
6 score       running…

Corpus: corpus-stage1
file                       raw  incumbent  submission
-----------------------------------------------------
binary.db.bin           500000      76338       71753
bundle.min.js.txt      1000000     301618      289435
catalog.xml.txt         500000      62314       59054
compressed.bin          300000     300194      299566
config.yaml.txt         400000      85384       81510
docs.md.txt             800000     226973      217612
dump.sql.txt            150000      20817       16584
genome.fasta            900000     292479      256667
images.bin              250000     223767      223477
lean.txt               1000000     235059      223805
machine-code.bin        500000     167357      160512
metrics.csv.txt        1300000     287282      253113
multibyte.txt          1100000     273630      256473
page.html.txt           600000     103618       99721
prose.txt              1500000     579041      543397
records.json.txt        400000      72255       69384
server.log              300000      29404       26758
source.c.txt           1400000     354325      335102
source.py.txt           600000     132748      125929
source.rs.txt           700000     134069      126862
sourcemap.map.txt       350000      68389       65047
sparse.bin               40000       1234        1219
tiny-app.log             28000        965         880
tiny-config.json.txt     12000       2107        2079
weights-bf16.bin        450000     362200      354317
weights-f16.bin         250000     216274      212660
weights-f32.bin         350000     284747      279231
weights-q8.bin          250000     236246      235572
-----------------------------------------------------
TOTAL                 15930000    5130834     4887719

method        bytes     ratio    lz77  encode   total  slowdown
--------------------------------------------------------------------------------------------------------------
incumbent   5130834  1.00000x  0.549s  0.203s  0.752s     1.00x  the incumbent
submission  4887719  0.95262x  0.657s  0.215s  0.872s     1.16x  ACCEPTED — 4.738% smaller than the incumbent.

ACCEPTED — 4.738% smaller than the incumbent.
