warning: `cargo miri setup` failed for target `x86_64-unknown-linux-gnu`; falling back to rustc's default sysroot: error: 'cargo-miri' is not installed for the toolchain 'nightly-2026-08-18-x86_64-unknown-linux-gnu'.
help: run `rustup component add --toolchain nightly-2026-08-18-x86_64-unknown-linux-gnu miri` to install it
warning: type `Y_B_Params` should have an upper camel case name
   --> /home/runner/work/_temp/deflate-upstream/data/verification-workspace/verify-26f89lab/slot/generated/parse.rs:611:12
    |
611 | pub struct Y_B_Params {
    |            ^^^^^^^^^^ help: convert the identifier to upper camel case: `YBParams`
    |
    = note: `#[warn(non_camel_case_types)]` (part of `#[warn(nonstandard_style)]`) on by default

warning: type `U118_Y_B_Params` should have an upper camel case name
    --> /home/runner/work/_temp/deflate-upstream/data/verification-workspace/verify-26f89lab/slot/generated/parse.rs:1246:12
     |
1246 | pub struct U118_Y_B_Params {
     |            ^^^^^^^^^^^^^^^ help: convert the identifier to upper camel case: `U118YBParams`

warning: type `pr_Y_B_Params` should have an upper camel case name
    --> /home/runner/work/_temp/deflate-upstream/data/verification-workspace/verify-26f89lab/slot/generated/parse.rs:3181:12
     |
3181 | pub struct pr_Y_B_Params {
     |            ^^^^^^^^^^^^^ help: convert the identifier to upper camel case: `PrYBParams`

warning: type `pr_U118_Y_B_Params` should have an upper camel case name
    --> /home/runner/work/_temp/deflate-upstream/data/verification-workspace/verify-26f89lab/slot/generated/parse.rs:3245:12
     |
3245 | pub struct pr_U118_Y_B_Params {
     |            ^^^^^^^^^^^^^^^^^^ help: convert the identifier to upper camel case: `PrU118YBParams`

warning: type `dx1_Y_B_Params` should have an upper camel case name
    --> /home/runner/work/_temp/deflate-upstream/data/verification-workspace/verify-26f89lab/slot/generated/parse.rs:3653:12
     |
3653 | pub struct dx1_Y_B_Params {
     |            ^^^^^^^^^^^^^^ help: convert the identifier to upper camel case: `Dx1YBParams`

warning: type `dx1_U118_Y_B_Params` should have an upper camel case name
    --> /home/runner/work/_temp/deflate-upstream/data/verification-workspace/verify-26f89lab/slot/generated/parse.rs:4227:12
     |
4227 | pub struct dx1_U118_Y_B_Params {
     |            ^^^^^^^^^^^^^^^^^^^ help: convert the identifier to upper camel case: `Dx1U118YBParams`

warning: type `dx1_pr_Y_B_Params` should have an upper camel case name
    --> /home/runner/work/_temp/deflate-upstream/data/verification-workspace/verify-26f89lab/slot/generated/parse.rs:4566:12
     |
4566 | pub struct dx1_pr_Y_B_Params {
     |            ^^^^^^^^^^^^^^^^^ help: convert the identifier to upper camel case: `Dx1PrYBParams`

warning: type `dx1_pr_U118_Y_B_Params` should have an upper camel case name
    --> /home/runner/work/_temp/deflate-upstream/data/verification-workspace/verify-26f89lab/slot/generated/parse.rs:4630:12
     |
4630 | pub struct dx1_pr_U118_Y_B_Params {
     |            ^^^^^^^^^^^^^^^^^^^^^^ help: convert the identifier to upper camel case: `Dx1PrU118YBParams`

error[E0308]: mismatched types
    --> /home/runner/work/_temp/deflate-upstream/data/verification-workspace/verify-26f89lab/slot/generated/parse.rs:2193:30
     |
2193 |         pc_f_link::<H>(head, prev, a0, ins);
     |         --------------       ^^^^ expected `&mut [u16; 32768]`, found `&mut [u32; 32768]`
     |         |
     |         arguments to this function are incorrect
     |
     = note: expected mutable reference `&mut [u16; 32768]`
                found mutable reference `&mut [u32; 32768]`
note: function defined here
    --> /home/runner/work/_temp/deflate-upstream/data/verification-workspace/verify-26f89lab/slot/generated/parse.rs:1900:8
     |
1900 | pub fn pc_f_link<const H: usize>(head: &mut [u32; H], prev: &mut [u16; 32768], a: usize, i: usize) {
     |        ^^^^^^^^^                                      -----------------------

error[E0308]: mismatched types
    --> /home/runner/work/_temp/deflate-upstream/data/verification-workspace/verify-26f89lab/slot/generated/parse.rs:2198:30
     |
2198 |         pc_f_link::<H>(head, prev, a, ins);
     |         --------------       ^^^^ expected `&mut [u16; 32768]`, found `&mut [u32; 32768]`
     |         |
     |         arguments to this function are incorrect
     |
     = note: expected mutable reference `&mut [u16; 32768]`
                found mutable reference `&mut [u32; 32768]`
note: function defined here
    --> /home/runner/work/_temp/deflate-upstream/data/verification-workspace/verify-26f89lab/slot/generated/parse.rs:1900:8
     |
1900 | pub fn pc_f_link<const H: usize>(head: &mut [u32; H], prev: &mut [u16; 32768], a: usize, i: usize) {
     |        ^^^^^^^^^                                      -----------------------

error[E0308]: mismatched types
    --> /home/runner/work/_temp/deflate-upstream/data/verification-workspace/verify-26f89lab/slot/generated/parse.rs:2207:34
     |
2207 |             pc_f_link::<H>(head, prev, a, ins);
     |             --------------       ^^^^ expected `&mut [u16; 32768]`, found `&mut [u32; 32768]`
     |             |
     |             arguments to this function are incorrect
     |
     = note: expected mutable reference `&mut [u16; 32768]`
                found mutable reference `&mut [u32; 32768]`
note: function defined here
    --> /home/runner/work/_temp/deflate-upstream/data/verification-workspace/verify-26f89lab/slot/generated/parse.rs:1900:8
     |
1900 | pub fn pc_f_link<const H: usize>(head: &mut [u32; H], prev: &mut [u16; 32768], a: usize, i: usize) {
     |        ^^^^^^^^^                                      -----------------------

error[E0308]: mismatched types
    --> /home/runner/work/_temp/deflate-upstream/data/verification-workspace/verify-26f89lab/slot/generated/parse.rs:2215:34
     |
2215 |             pc_f_link::<H>(head, prev, a, ins);
     |             --------------       ^^^^ expected `&mut [u16; 32768]`, found `&mut [u32; 32768]`
     |             |
     |             arguments to this function are incorrect
     |
     = note: expected mutable reference `&mut [u16; 32768]`
                found mutable reference `&mut [u32; 32768]`
note: function defined here
    --> /home/runner/work/_temp/deflate-upstream/data/verification-workspace/verify-26f89lab/slot/generated/parse.rs:1900:8
     |
1900 | pub fn pc_f_link<const H: usize>(head: &mut [u32; H], prev: &mut [u16; 32768], a: usize, i: usize) {
     |        ^^^^^^^^^                                      -----------------------

error[E0308]: mismatched types
    --> /home/runner/work/_temp/deflate-upstream/data/verification-workspace/verify-26f89lab/slot/generated/parse.rs:2240:39
     |
2240 |             pc_f_link::<H>(&mut head, &mut prev, pre_slot, p);
     |             --------------            ^^^^^^^^^ expected `&mut [u16; 32768]`, found `&mut [u32; 32768]`
     |             |
     |             arguments to this function are incorrect
     |
     = note: expected mutable reference `&mut [u16; 32768]`
                found mutable reference `&mut [u32; 32768]`
note: function defined here
    --> /home/runner/work/_temp/deflate-upstream/data/verification-workspace/verify-26f89lab/slot/generated/parse.rs:1900:8
     |
1900 | pub fn pc_f_link<const H: usize>(head: &mut [u32; H], prev: &mut [u16; 32768], a: usize, i: usize) {
     |        ^^^^^^^^^                                      -----------------------

error[E0308]: mismatched types
    --> /home/runner/work/_temp/deflate-upstream/data/verification-workspace/verify-26f89lab/slot/generated/parse.rs:2248:44
     |
2248 |                 let g = pc_f_deepen(input, &prev, c, cl, p, f.0, f.1, dp, minl);
     |                         -----------        ^^^^^ expected `&[u16; 32768]`, found `&[u32; 32768]`
     |                         |
     |                         arguments to this function are incorrect
     |
     = note: expected reference `&[u16; 32768]`
                found reference `&[u32; 32768]`
note: function defined here
    --> /home/runner/work/_temp/deflate-upstream/data/verification-workspace/verify-26f89lab/slot/generated/parse.rs:1924:8
     |
1924 | pub fn pc_f_deepen(s: &[u8], prev: &[u16; 32768], c: usize, c2: usize, p: usize, l: usize, d: usize, dp: usize, minl: usize) -> (u...
     |        ^^^^^^^^^^^           -------------------

error[E0308]: mismatched types
    --> /home/runner/work/_temp/deflate-upstream/data/verification-workspace/verify-26f89lab/slot/generated/parse.rs:2257:47
     |
2257 |                     pc_f_link::<H>(&mut head, &mut prev, pre_slot, q);
     |                     --------------            ^^^^^^^^^ expected `&mut [u16; 32768]`, found `&mut [u32; 32768]`
     |                     |
     |                     arguments to this function are incorrect
     |
     = note: expected mutable reference `&mut [u16; 32768]`
                found mutable reference `&mut [u32; 32768]`
note: function defined here
    --> /home/runner/work/_temp/deflate-upstream/data/verification-workspace/verify-26f89lab/slot/generated/parse.rs:1900:8
     |
1900 | pub fn pc_f_link<const H: usize>(head: &mut [u32; H], prev: &mut [u16; 32768], a: usize, i: usize) {
     |        ^^^^^^^^^                                      -----------------------

warning: unused attribute
    --> /home/runner/work/_temp/deflate-upstream/data/verification-workspace/verify-26f89lab/slot/generated/parse.rs:2180:1
     |
2180 | #[inline(always)]
     | ^^^^^^^^^^^^^^^^^ help: remove this attribute
     |
note: attribute also specified here
    --> /home/runner/work/_temp/deflate-upstream/data/verification-workspace/verify-26f89lab/slot/generated/parse.rs:2179:1
     |
2179 | #[inline(always)]
     | ^^^^^^^^^^^^^^^^^
     = warning: this was previously accepted by the compiler but is being phased out; it will become a hard error in a future release!
     = note: `#[warn(unused_attributes)]` (part of `#[warn(unused)]`) on by default

warning: unused attribute
    --> /home/runner/work/_temp/deflate-upstream/data/verification-workspace/verify-26f89lab/slot/generated/parse.rs:2181:1
     |
2181 | #[inline(always)]
     | ^^^^^^^^^^^^^^^^^ help: remove this attribute
     |
note: attribute also specified here
    --> /home/runner/work/_temp/deflate-upstream/data/verification-workspace/verify-26f89lab/slot/generated/parse.rs:2179:1
     |
2179 | #[inline(always)]
     | ^^^^^^^^^^^^^^^^^
     = warning: this was previously accepted by the compiler but is being phased out; it will become a hard error in a future release!

warning: unused attribute
    --> /home/runner/work/_temp/deflate-upstream/data/verification-workspace/verify-26f89lab/slot/generated/parse.rs:2182:1
     |
2182 | #[inline(always)]
     | ^^^^^^^^^^^^^^^^^ help: remove this attribute
     |
note: attribute also specified here
    --> /home/runner/work/_temp/deflate-upstream/data/verification-workspace/verify-26f89lab/slot/generated/parse.rs:2179:1
     |
2179 | #[inline(always)]
     | ^^^^^^^^^^^^^^^^^
     = warning: this was previously accepted by the compiler but is being phased out; it will become a hard error in a future release!

warning: unused variable: `s`
    --> /home/runner/work/_temp/deflate-upstream/data/verification-workspace/verify-26f89lab/slot/generated/parse.rs:3899:27
     |
3899 | pub fn dx1_u118_put_match(s: &[u8], out: &mut [u32], nt: usize, p: usize, d: usize, l: usize) -> (usize, usize) {out[nt]=((d-1)as ...
     |                           ^ help: if this is intentional, prefix it with an underscore: `_s`
     |
     = note: `#[warn(unused_variables)]` (part of `#[warn(unused)]`) on by default

warning: unused variable: `s`
    --> /home/runner/work/_temp/deflate-upstream/data/verification-workspace/verify-26f89lab/slot/generated/parse.rs:2403:21
     |
2403 | pub fn q4_put_match(s: &[u8], out: &mut [u32], nt: usize, p: usize, d: usize, l: usize) -> (usize, usize) {out[nt]=((d-1)as u32).w...
     |                     ^ help: if this is intentional, prefix it with an underscore: `_s`

warning: unused variable: `m`
   --> /home/runner/work/_temp/deflate-upstream/data/verification-workspace/verify-26f89lab/slot/generated/parse.rs:594:143
    |
594 | ...input: &[u8], out: &mut [u32], m: usize, pos0: usize, ntok0: usize) -> usize {
    |                                   ^ help: if this is intentional, prefix it with an underscore: `_m`

warning: unused variable: `s`
    --> /home/runner/work/_temp/deflate-upstream/data/verification-workspace/verify-26f89lab/slot/generated/parse.rs:2069:47
     |
2069 | #[inline(always)] pub fn pc_put_match_wrapped(s:&[u8],out:&mut[u32],nt:usize,p:usize,d:usize,l:usize)->(usize,usize){
     |                                               ^ help: if this is intentional, prefix it with an underscore: `_s`

warning: unused variable: `s`
    --> /home/runner/work/_temp/deflate-upstream/data/verification-workspace/verify-26f89lab/slot/generated/parse.rs:1522:21
     |
1522 | pub fn pc_put_match(s:&[u8],out:&mut[u32],nt:usize,p:usize,d:usize,l:usize)->(usize,usize){
     |                     ^ help: if this is intentional, prefix it with an underscore: `_s`

warning: unused variable: `s`
   --> /home/runner/work/_temp/deflate-upstream/data/verification-workspace/verify-26f89lab/slot/generated/parse.rs:898:22
    |
898 | pub fn fx0_put_match(s: &[u8], out: &mut [u32], nt: usize, p: usize, d: usize, l: usize) -> (usize, usize) {out[nt]=((d-1)as u32).w...
    |                      ^ help: if this is intentional, prefix it with an underscore: `_s`

error: aborting due to 7 previous errors; 17 warnings emitted

For more information about this error, try `rustc --explain E0308`.
ERROR Code failed to compile
